2026-05-04 05:49:52,632  INFO      stock_analyzer starting … (channel=whatsapp, theme=light)
2026-05-04 05:49:52,632  INFO      stock_analyzer starting … (channel=whatsapp, theme=light)
2026-05-04 05:49:52,632  INFO      == Stock analyzer run starting ==
2026-05-04 05:49:52,632  INFO      Watchlist: 11 symbols from data/stock_watchlist.txt
2026-05-04 05:49:52,632  INFO      Universe: 107 symbols (total available: 107)
2026-05-04 05:49:53,449  INFO      [1/107] fetching TATAPOWER.NS …
2026-05-04 05:49:54,007  INFO      [2/107] fetching IRFC.NS …
2026-05-04 05:49:54,497  INFO      [3/107] fetching SUZLON.NS …
2026-05-04 05:49:54,981  INFO      [4/107] fetching IREDA.NS …
2026-05-04 05:49:55,462  INFO      [5/107] fetching BHEL.NS …
2026-05-04 05:49:56,041  INFO      [6/107] fetching KPITTECH.NS …
2026-05-04 05:49:56,562  INFO      [7/107] fetching POLYCAB.NS …
2026-05-04 05:49:57,047  INFO      [8/107] fetching PERSISTENT.NS …
2026-05-04 05:49:57,576  INFO      [9/107] fetching ITC.NS …
2026-05-04 05:49:58,089  INFO      [10/107] fetching POWERGRID.NS …
2026-05-04 05:49:58,599  INFO      [11/107] fetching COALINDIA.NS …
2026-05-04 05:49:59,101  INFO      [12/107] fetching RELIANCE.NS …
2026-05-04 05:49:59,631  INFO      [13/107] fetching TCS.NS …
2026-05-04 05:50:00,142  INFO      [14/107] fetching HDFCBANK.NS …
2026-05-04 05:50:00,655  INFO      [15/107] fetching INFY.NS …
2026-05-04 05:50:01,166  INFO      [16/107] fetching ICICIBANK.NS …
2026-05-04 05:50:01,680  INFO      [17/107] fetching HINDUNILVR.NS …
2026-05-04 05:50:02,196  INFO      [18/107] fetching SBIN.NS …
2026-05-04 05:50:02,715  INFO      [19/107] fetching BHARTIARTL.NS …
2026-05-04 05:50:03,213  INFO      [20/107] fetching KOTAKBANK.NS …
2026-05-04 05:50:03,735  INFO      [21/107] fetching LT.NS …
2026-05-04 05:50:04,236  INFO      [22/107] fetching AXISBANK.NS …
2026-05-04 05:50:04,784  INFO      [23/107] fetching BAJFINANCE.NS …
2026-05-04 05:50:05,296  INFO      [24/107] fetching ASIANPAINT.NS …
2026-05-04 05:50:05,808  INFO      [25/107] fetching MARUTI.NS …
2026-05-04 05:50:06,317  INFO      [26/107] fetching HCLTECH.NS …
2026-05-04 05:50:06,827  INFO      [27/107] fetching SUNPHARMA.NS …
2026-05-04 05:50:07,353  INFO      [28/107] fetching TITAN.NS …
2026-05-04 05:50:07,851  INFO      [29/107] fetching ULTRACEMCO.NS …
2026-05-04 05:50:08,347  INFO      [30/107] fetching WIPRO.NS …
2026-05-04 05:50:08,895  INFO      [31/107] fetching NESTLEIND.NS …
2026-05-04 05:50:09,408  INFO      [32/107] fetching ADANIENT.NS …
2026-05-04 05:50:09,920  INFO      [33/107] fetching NTPC.NS …
2026-05-04 05:50:10,423  INFO      [34/107] fetching TATAMOTORS.NS …
2026-05-04 05:50:12,476  WARNING   [TATAMOTORS.NS] insufficient history (0 rows)
2026-05-04 05:50:12,876  INFO      [35/107] fetching M&M.NS …
2026-05-04 05:50:13,392  INFO      [36/107] fetching TATASTEEL.NS …
2026-05-04 05:50:13,906  INFO      [37/107] fetching JSWSTEEL.NS …
2026-05-04 05:50:14,414  INFO      [38/107] fetching ONGC.NS …
2026-05-04 05:50:14,927  INFO      [39/107] fetching TECHM.NS …
2026-05-04 05:50:15,434  INFO      [40/107] fetching BAJAJFINSV.NS …
2026-05-04 05:50:15,939  INFO      [41/107] fetching HINDALCO.NS …
2026-05-04 05:50:16,484  INFO      [42/107] fetching GRASIM.NS …
2026-05-04 05:50:16,992  INFO      [43/107] fetching DRREDDY.NS …
2026-05-04 05:50:17,502  INFO      [44/107] fetching CIPLA.NS …
2026-05-04 05:50:18,017  INFO      [45/107] fetching DIVISLAB.NS …
2026-05-04 05:50:18,534  INFO      [46/107] fetching EICHERMOT.NS …
2026-05-04 05:50:19,039  INFO      [47/107] fetching BRITANNIA.NS …
2026-05-04 05:50:19,551  INFO      [48/107] fetching HEROMOTOCO.NS …
2026-05-04 05:50:20,074  INFO      [49/107] fetching BAJAJ-AUTO.NS …
2026-05-04 05:50:20,577  INFO      [50/107] fetching INDUSINDBK.NS …
2026-05-04 05:50:21,084  INFO      [51/107] fetching APOLLOHOSP.NS …
2026-05-04 05:50:21,600  INFO      [52/107] fetching TATACONSUM.NS …
2026-05-04 05:50:22,116  INFO      [53/107] fetching UPL.NS …
2026-05-04 05:50:22,622  INFO      [54/107] fetching BPCL.NS …
2026-05-04 05:50:23,131  INFO      [55/107] fetching SBILIFE.NS …
2026-05-04 05:50:23,623  INFO      [56/107] fetching HDFCLIFE.NS …
2026-05-04 05:50:24,111  INFO      [57/107] fetching ADANIPORTS.NS …
2026-05-04 05:50:24,610  INFO      [58/107] fetching LTIM.NS …
2026-05-04 05:50:25,759  WARNING   [LTIM.NS] insufficient history (0 rows)
2026-05-04 05:50:26,159  INFO      [59/107] fetching ABB.NS …
2026-05-04 05:50:26,678  INFO      [60/107] fetching ADANIGREEN.NS …
2026-05-04 05:50:27,159  INFO      [61/107] fetching ADANIPOWER.NS …
2026-05-04 05:50:27,639  INFO      [62/107] fetching AMBUJACEM.NS …
2026-05-04 05:50:28,245  INFO      [63/107] fetching DMART.NS …
2026-05-04 05:50:28,731  INFO      [64/107] fetching BAJAJHLDNG.NS …
2026-05-04 05:50:29,233  INFO      [65/107] fetching BANKBARODA.NS …
2026-05-04 05:50:29,754  INFO      [66/107] fetching BERGEPAINT.NS …
2026-05-04 05:50:30,262  INFO      [67/107] fetching BOSCHLTD.NS …
2026-05-04 05:50:30,767  INFO      [68/107] fetching CANBK.NS …
2026-05-04 05:50:31,277  INFO      [69/107] fetching CHOLAFIN.NS …
2026-05-04 05:50:31,785  INFO      [70/107] fetching COLPAL.NS …
2026-05-04 05:50:32,283  INFO      [71/107] fetching DABUR.NS …
2026-05-04 05:50:32,799  INFO      [72/107] fetching DLF.NS …
2026-05-04 05:50:33,305  INFO      [73/107] fetching GAIL.NS …
2026-05-04 05:50:33,816  INFO      [74/107] fetching GODREJCP.NS …
2026-05-04 05:50:34,317  INFO      [75/107] fetching HAVELLS.NS …
2026-05-04 05:50:34,849  INFO      [76/107] fetching HAL.NS …
2026-05-04 05:50:35,337  INFO      [77/107] fetching ICICIGI.NS …
2026-05-04 05:50:35,862  INFO      [78/107] fetching ICICIPRULI.NS …
2026-05-04 05:50:36,352  INFO      [79/107] fetching IOC.NS …
2026-05-04 05:50:36,865  INFO      [80/107] fetching IRCTC.NS …
2026-05-04 05:50:37,354  INFO      [81/107] fetching JINDALSTEL.NS …
2026-05-04 05:50:37,865  INFO      [82/107] fetching LICI.NS …
2026-05-04 05:50:38,363  INFO      [83/107] fetching MARICO.NS …
2026-05-04 05:50:38,882  INFO      [84/107] fetching MOTHERSON.NS …
2026-05-04 05:50:39,394  INFO      [85/107] fetching NAUKRI.NS …
2026-05-04 05:50:39,896  INFO      [86/107] fetching PIDILITIND.NS …
2026-05-04 05:50:40,402  INFO      [87/107] fetching PNB.NS …
2026-05-04 05:50:40,910  INFO      [88/107] fetching PFC.NS …
2026-05-04 05:50:41,409  INFO      [89/107] fetching RECLTD.NS …
2026-05-04 05:50:41,911  INFO      [90/107] fetching SIEMENS.NS …
2026-05-04 05:50:42,417  INFO      [91/107] fetching SRF.NS …
2026-05-04 05:50:42,914  INFO      [92/107] fetching SHREECEM.NS …
2026-05-04 05:50:43,453  INFO      [93/107] fetching SHRIRAMFIN.NS …
2026-05-04 05:50:43,965  INFO      [94/107] fetching TORNTPHARM.NS …
2026-05-04 05:50:44,476  INFO      [95/107] fetching TRENT.NS …
2026-05-04 05:50:44,977  INFO      [96/107] fetching TVSMOTOR.NS …
2026-05-04 05:50:45,479  INFO      [97/107] fetching VEDL.NS …
2026-05-04 05:50:45,987  INFO      [98/107] fetching VBL.NS …
2026-05-04 05:50:46,481  INFO      [99/107] fetching ZOMATO.NS …
2026-05-04 05:50:47,525  WARNING   [ZOMATO.NS] insufficient history (0 rows)
2026-05-04 05:50:47,925  INFO      [100/107] fetching ZYDUSLIFE.NS …
2026-05-04 05:50:48,435  INFO      [101/107] fetching INDIGO.NS …
2026-05-04 05:50:48,928  INFO      [102/107] fetching IDEA.NS …
2026-05-04 05:50:49,412  INFO      [103/107] fetching BANKINDIA.NS …
2026-05-04 05:50:49,926  INFO      [104/107] fetching PAGEIND.NS …
2026-05-04 05:50:50,465  INFO      [105/107] fetching MUTHOOTFIN.NS …
2026-05-04 05:50:50,965  INFO      [106/107] fetching TATAELXSI.NS …
2026-05-04 05:50:51,466  INFO      [107/107] fetching LUPIN.NS …
2026-05-04 05:50:51,571  INFO      Fetched 104/107 symbols successfully.
2026-05-04 05:50:56,006  INFO      Fetched 200 headlines from RSS (Indian + global/geopolitics).
2026-05-04 05:50:58,337  INFO      Macro regime: neutral | bias=-1 | geo-risk=40.7
2026-05-04 05:50:58,593  INFO      NSE corp announcements: 20 filings
2026-05-04 05:51:00,667  INFO      Angel One login successful.
2026-05-04 05:51:01,720  INFO      Saved report → data/stock_reports/2026-05-04_0551.json
2026-05-04 05:51:02,308  INFO      Report image saved → logs/stock_analyzer/2026-05-04/stock_report.png  [1920×1280]
2026-05-04 05:51:02,606  INFO      PDF report saved → logs/stock_analyzer/2026-05-04/stock_report.pdf
2026-05-04 05:51:02,606  INFO      Sending image to 919790967892 via Green API (stock_report.png, 298 KB, caption 794 chars) …
2026-05-04 05:51:03,544  INFO      Image sent (id: 3EB0A428F708DF6BC40FC1).
2026-05-04 05:51:03,545  INFO      Sending message to 919790967892 via Green API …
2026-05-04 05:51:03,913  INFO      Message sent (id: 3EB0E1CC278A3F7B535F5D).
2026-05-04 05:51:04,789  INFO      Document sent (id: 3EB039666A6AAC7EDC77A3): stock_report.pdf
2026-05-04 05:51:04,790  INFO      Sending image to 919789990096 via Green API (stock_report.png, 298 KB, caption 794 chars) …
2026-05-04 05:51:05,656  INFO      Image sent (id: 3EB0B5F47DC45D4C3C1A26).
2026-05-04 05:51:05,657  INFO      Sending message to 919789990096 via Green API …
2026-05-04 05:51:06,109  INFO      Message sent (id: 3EB095B879FAB1D8ECC21D).
2026-05-04 05:51:06,900  INFO      Document sent (id: 3EB0F82D28814B3CA8D53F): stock_report.pdf
2026-05-04 05:51:06,902  INFO      == Stock analyzer run complete ==
