2026-05-05 05:28:26,825  INFO      stock_analyzer starting … (channel=whatsapp, theme=light)
2026-05-05 05:28:26,825  INFO      stock_analyzer starting … (channel=whatsapp, theme=light)
2026-05-05 05:28:26,825  INFO      == Stock analyzer run starting ==
2026-05-05 05:28:26,825  INFO      Watchlist: 11 symbols from data/stock_watchlist.txt
2026-05-05 05:28:26,825  INFO      Universe: 107 symbols (total available: 107)
2026-05-05 05:28:27,812  INFO      [1/107] fetching TATAPOWER.NS …
2026-05-05 05:28:28,347  INFO      [2/107] fetching IRFC.NS …
2026-05-05 05:28:28,830  INFO      [3/107] fetching SUZLON.NS …
2026-05-05 05:28:29,311  INFO      [4/107] fetching IREDA.NS …
2026-05-05 05:28:29,801  INFO      [5/107] fetching BHEL.NS …
2026-05-05 05:28:30,348  INFO      [6/107] fetching KPITTECH.NS …
2026-05-05 05:28:30,833  INFO      [7/107] fetching POLYCAB.NS …
2026-05-05 05:28:31,316  INFO      [8/107] fetching PERSISTENT.NS …
2026-05-05 05:28:31,816  INFO      [9/107] fetching ITC.NS …
2026-05-05 05:28:32,330  INFO      [10/107] fetching POWERGRID.NS …
2026-05-05 05:28:32,828  INFO      [11/107] fetching COALINDIA.NS …
2026-05-05 05:28:33,325  INFO      [12/107] fetching RELIANCE.NS …
2026-05-05 05:28:33,837  INFO      [13/107] fetching TCS.NS …
2026-05-05 05:28:34,337  INFO      [14/107] fetching HDFCBANK.NS …
2026-05-05 05:28:34,899  INFO      [15/107] fetching INFY.NS …
2026-05-05 05:28:35,410  INFO      [16/107] fetching ICICIBANK.NS …
2026-05-05 05:28:35,911  INFO      [17/107] fetching HINDUNILVR.NS …
2026-05-05 05:28:36,464  INFO      [18/107] fetching SBIN.NS …
2026-05-05 05:28:36,979  INFO      [19/107] fetching BHARTIARTL.NS …
2026-05-05 05:28:37,532  INFO      [20/107] fetching KOTAKBANK.NS …
2026-05-05 05:28:38,039  INFO      [21/107] fetching LT.NS …
2026-05-05 05:28:38,531  INFO      [22/107] fetching AXISBANK.NS …
2026-05-05 05:28:39,096  INFO      [23/107] fetching BAJFINANCE.NS …
2026-05-05 05:28:39,614  INFO      [24/107] fetching ASIANPAINT.NS …
2026-05-05 05:28:40,121  INFO      [25/107] fetching MARUTI.NS …
2026-05-05 05:28:40,625  INFO      [26/107] fetching HCLTECH.NS …
2026-05-05 05:28:41,123  INFO      [27/107] fetching SUNPHARMA.NS …
2026-05-05 05:28:41,633  INFO      [28/107] fetching TITAN.NS …
2026-05-05 05:28:42,140  INFO      [29/107] fetching ULTRACEMCO.NS …
2026-05-05 05:28:42,640  INFO      [30/107] fetching WIPRO.NS …
2026-05-05 05:28:43,159  INFO      [31/107] fetching NESTLEIND.NS …
2026-05-05 05:28:43,664  INFO      [32/107] fetching ADANIENT.NS …
2026-05-05 05:28:44,164  INFO      [33/107] fetching NTPC.NS …
2026-05-05 05:28:44,663  INFO      [34/107] fetching TATAMOTORS.NS …
2026-05-05 05:28:46,491  WARNING   [TATAMOTORS.NS] insufficient history (0 rows)
2026-05-05 05:28:46,892  INFO      [35/107] fetching M&M.NS …
2026-05-05 05:28:47,410  INFO      [36/107] fetching TATASTEEL.NS …
2026-05-05 05:28:47,944  INFO      [37/107] fetching JSWSTEEL.NS …
2026-05-05 05:28:48,438  INFO      [38/107] fetching ONGC.NS …
2026-05-05 05:28:48,953  INFO      [39/107] fetching TECHM.NS …
2026-05-05 05:28:49,500  INFO      [40/107] fetching BAJAJFINSV.NS …
2026-05-05 05:28:50,064  INFO      [41/107] fetching HINDALCO.NS …
2026-05-05 05:28:50,577  INFO      [42/107] fetching GRASIM.NS …
2026-05-05 05:28:51,079  INFO      [43/107] fetching DRREDDY.NS …
2026-05-05 05:28:51,579  INFO      [44/107] fetching CIPLA.NS …
2026-05-05 05:28:52,094  INFO      [45/107] fetching DIVISLAB.NS …
2026-05-05 05:28:52,603  INFO      [46/107] fetching EICHERMOT.NS …
2026-05-05 05:28:53,171  INFO      [47/107] fetching BRITANNIA.NS …
2026-05-05 05:28:53,677  INFO      [48/107] fetching HEROMOTOCO.NS …
2026-05-05 05:28:54,191  INFO      [49/107] fetching BAJAJ-AUTO.NS …
2026-05-05 05:28:54,690  INFO      [50/107] fetching INDUSINDBK.NS …
2026-05-05 05:28:55,197  INFO      [51/107] fetching APOLLOHOSP.NS …
2026-05-05 05:28:55,756  INFO      [52/107] fetching TATACONSUM.NS …
2026-05-05 05:28:56,262  INFO      [53/107] fetching UPL.NS …
2026-05-05 05:28:56,818  INFO      [54/107] fetching BPCL.NS …
2026-05-05 05:28:57,319  INFO      [55/107] fetching SBILIFE.NS …
2026-05-05 05:28:57,854  INFO      [56/107] fetching HDFCLIFE.NS …
2026-05-05 05:28:58,338  INFO      [57/107] fetching ADANIPORTS.NS …
2026-05-05 05:28:58,832  INFO      [58/107] fetching LTIM.NS …
2026-05-05 05:29:00,437  WARNING   [LTIM.NS] insufficient history (0 rows)
2026-05-05 05:29:00,838  INFO      [59/107] fetching ABB.NS …
2026-05-05 05:29:01,346  INFO      [60/107] fetching ADANIGREEN.NS …
2026-05-05 05:29:01,823  INFO      [61/107] fetching ADANIPOWER.NS …
2026-05-05 05:29:02,303  INFO      [62/107] fetching AMBUJACEM.NS …
2026-05-05 05:29:02,810  INFO      [63/107] fetching DMART.NS …
2026-05-05 05:29:03,287  INFO      [64/107] fetching BAJAJHLDNG.NS …
2026-05-05 05:29:03,790  INFO      [65/107] fetching BANKBARODA.NS …
2026-05-05 05:29:04,295  INFO      [66/107] fetching BERGEPAINT.NS …
2026-05-05 05:29:04,854  INFO      [67/107] fetching BOSCHLTD.NS …
2026-05-05 05:29:05,358  INFO      [68/107] fetching CANBK.NS …
2026-05-05 05:29:05,868  INFO      [69/107] fetching CHOLAFIN.NS …
2026-05-05 05:29:06,373  INFO      [70/107] fetching COLPAL.NS …
2026-05-05 05:29:06,879  INFO      [71/107] fetching DABUR.NS …
2026-05-05 05:29:07,385  INFO      [72/107] fetching DLF.NS …
2026-05-05 05:29:07,885  INFO      [73/107] fetching GAIL.NS …
2026-05-05 05:29:08,397  INFO      [74/107] fetching GODREJCP.NS …
2026-05-05 05:29:09,051  INFO      [75/107] fetching HAVELLS.NS …
2026-05-05 05:29:09,553  INFO      [76/107] fetching HAL.NS …
2026-05-05 05:29:10,037  INFO      [77/107] fetching ICICIGI.NS …
2026-05-05 05:29:10,524  INFO      [78/107] fetching ICICIPRULI.NS …
2026-05-05 05:29:11,012  INFO      [79/107] fetching IOC.NS …
2026-05-05 05:29:11,544  INFO      [80/107] fetching IRCTC.NS …
2026-05-05 05:29:12,078  INFO      [81/107] fetching JINDALSTEL.NS …
2026-05-05 05:29:12,584  INFO      [82/107] fetching LICI.NS …
2026-05-05 05:29:13,066  INFO      [83/107] fetching MARICO.NS …
2026-05-05 05:29:13,582  INFO      [84/107] fetching MOTHERSON.NS …
2026-05-05 05:29:14,096  INFO      [85/107] fetching NAUKRI.NS …
2026-05-05 05:29:14,600  INFO      [86/107] fetching PIDILITIND.NS …
2026-05-05 05:29:15,105  INFO      [87/107] fetching PNB.NS …
2026-05-05 05:29:15,615  INFO      [88/107] fetching PFC.NS …
2026-05-05 05:29:16,113  INFO      [89/107] fetching RECLTD.NS …
2026-05-05 05:29:16,663  INFO      [90/107] fetching SIEMENS.NS …
2026-05-05 05:29:17,169  INFO      [91/107] fetching SRF.NS …
2026-05-05 05:29:17,679  INFO      [92/107] fetching SHREECEM.NS …
2026-05-05 05:29:18,191  INFO      [93/107] fetching SHRIRAMFIN.NS …
2026-05-05 05:29:18,709  INFO      [94/107] fetching TORNTPHARM.NS …
2026-05-05 05:29:19,233  INFO      [95/107] fetching TRENT.NS …
2026-05-05 05:29:19,738  INFO      [96/107] fetching TVSMOTOR.NS …
2026-05-05 05:29:20,238  INFO      [97/107] fetching VEDL.NS …
2026-05-05 05:29:20,751  INFO      [98/107] fetching VBL.NS …
2026-05-05 05:29:21,239  INFO      [99/107] fetching ZOMATO.NS …
2026-05-05 05:29:22,979  WARNING   [ZOMATO.NS] insufficient history (0 rows)
2026-05-05 05:29:23,379  INFO      [100/107] fetching ZYDUSLIFE.NS …
2026-05-05 05:29:23,891  INFO      [101/107] fetching INDIGO.NS …
2026-05-05 05:29:24,376  INFO      [102/107] fetching IDEA.NS …
2026-05-05 05:29:24,859  INFO      [103/107] fetching BANKINDIA.NS …
2026-05-05 05:29:25,372  INFO      [104/107] fetching PAGEIND.NS …
2026-05-05 05:29:25,871  INFO      [105/107] fetching MUTHOOTFIN.NS …
2026-05-05 05:29:26,364  INFO      [106/107] fetching TATAELXSI.NS …
2026-05-05 05:29:26,865  INFO      [107/107] fetching LUPIN.NS …
2026-05-05 05:29:26,978  INFO      Fetched 104/107 symbols successfully.
2026-05-05 05:29:33,183  INFO      Fetched 200 headlines from RSS (Indian + global/geopolitics).
2026-05-05 05:29:35,814  INFO      Macro regime: neutral | bias=3 | geo-risk=48.5
2026-05-05 05:29:36,070  INFO      NSE corp announcements: 20 filings
2026-05-05 05:29:37,913  INFO      Angel One login successful.
2026-05-05 05:29:39,022  INFO      Saved report → data/stock_reports/2026-05-05_0529.json
2026-05-05 05:29:39,617  INFO      Report image saved → logs/stock_analyzer/2026-05-05/stock_report.png  [1920×1280]
2026-05-05 05:29:39,912  INFO      PDF report saved → logs/stock_analyzer/2026-05-05/stock_report.pdf
2026-05-05 05:29:39,912  INFO      Sending image to 919790967892 via Green API (stock_report.png, 297 KB, caption 784 chars) …
2026-05-05 05:29:41,332  INFO      Image sent (id: 3EB06C675AE940ABBD2241).
2026-05-05 05:29:41,333  INFO      Sending message to 919790967892 via Green API …
2026-05-05 05:29:41,997  INFO      Message sent (id: 3EB0B81CC3DF34022DE82F).
2026-05-05 05:29:43,320  INFO      Document sent (id: 3EB07855CD455E8D396A44): stock_report.pdf
2026-05-05 05:29:43,321  INFO      Sending image to 919789990096 via Green API (stock_report.png, 297 KB, caption 784 chars) …
2026-05-05 05:29:44,668  INFO      Image sent (id: 3EB0C05B5C181D200E11C1).
2026-05-05 05:29:44,670  INFO      Sending message to 919789990096 via Green API …
2026-05-05 05:29:45,299  INFO      Message sent (id: 3EB023C3687810C6180DCB).
2026-05-05 05:29:46,387  INFO      Document sent (id: 3EB00D0F824F22E6F0C418): stock_report.pdf
2026-05-05 05:29:46,389  INFO      == Stock analyzer run complete ==
