2026-04-30 05:56:01,070  INFO      stock_analyzer starting … (channel=whatsapp, theme=light)
2026-04-30 05:56:01,070  INFO      stock_analyzer starting … (channel=whatsapp, theme=light)
2026-04-30 05:56:01,074  INFO      angel_one starting … (cmd=paper-trade)
2026-04-30 05:56:01,074  INFO      angel_one starting … (cmd=paper-trade)
2026-04-30 05:56:01,074  INFO      angel_one starting … (cmd=paper-trade)
2026-04-30 05:56:01,080  INFO      refresh: generating today's picks via analyzer (dry-run, no PDF)
2026-04-30 05:56:01,080  INFO      refresh: generating today's picks via analyzer (dry-run, no PDF)
2026-04-30 05:56:01,080  INFO      refresh: generating today's picks via analyzer (dry-run, no PDF)
2026-04-30 05:56:01,080  INFO      == Stock analyzer run starting ==
2026-04-30 05:56:01,080  INFO      == Stock analyzer run starting ==
2026-04-30 05:56:01,080  INFO      Watchlist: 11 symbols from data/stock_watchlist.txt
2026-04-30 05:56:01,080  INFO      Watchlist: 11 symbols from data/stock_watchlist.txt
2026-04-30 05:56:01,081  INFO      Universe: 107 symbols (total available: 107)
2026-04-30 05:56:01,081  INFO      Universe: 107 symbols (total available: 107)
2026-04-30 05:56:02,396  INFO      [1/107] fetching TATAPOWER.NS …
2026-04-30 05:56:02,396  INFO      [1/107] fetching TATAPOWER.NS …
2026-04-30 05:56:03,144  INFO      [2/107] fetching IRFC.NS …
2026-04-30 05:56:03,144  INFO      [2/107] fetching IRFC.NS …
2026-04-30 05:56:03,732  INFO      [3/107] fetching SUZLON.NS …
2026-04-30 05:56:03,732  INFO      [3/107] fetching SUZLON.NS …
2026-04-30 05:56:04,299  INFO      [4/107] fetching IREDA.NS …
2026-04-30 05:56:04,299  INFO      [4/107] fetching IREDA.NS …
2026-04-30 05:56:04,863  INFO      [5/107] fetching BHEL.NS …
2026-04-30 05:56:04,863  INFO      [5/107] fetching BHEL.NS …
2026-04-30 05:56:05,459  INFO      [6/107] fetching KPITTECH.NS …
2026-04-30 05:56:05,459  INFO      [6/107] fetching KPITTECH.NS …
2026-04-30 05:56:06,033  INFO      [7/107] fetching POLYCAB.NS …
2026-04-30 05:56:06,033  INFO      [7/107] fetching POLYCAB.NS …
2026-04-30 05:56:06,603  INFO      [8/107] fetching PERSISTENT.NS …
2026-04-30 05:56:06,603  INFO      [8/107] fetching PERSISTENT.NS …
2026-04-30 05:56:07,187  INFO      [9/107] fetching ITC.NS …
2026-04-30 05:56:07,187  INFO      [9/107] fetching ITC.NS …
2026-04-30 05:56:07,793  INFO      [10/107] fetching POWERGRID.NS …
2026-04-30 05:56:07,793  INFO      [10/107] fetching POWERGRID.NS …
2026-04-30 05:56:08,453  INFO      [11/107] fetching COALINDIA.NS …
2026-04-30 05:56:08,453  INFO      [11/107] fetching COALINDIA.NS …
2026-04-30 05:56:09,030  INFO      [12/107] fetching RELIANCE.NS …
2026-04-30 05:56:09,030  INFO      [12/107] fetching RELIANCE.NS …
2026-04-30 05:56:09,638  INFO      [13/107] fetching TCS.NS …
2026-04-30 05:56:09,638  INFO      [13/107] fetching TCS.NS …
2026-04-30 05:56:10,231  INFO      [14/107] fetching HDFCBANK.NS …
2026-04-30 05:56:10,231  INFO      [14/107] fetching HDFCBANK.NS …
2026-04-30 05:56:10,824  INFO      [15/107] fetching INFY.NS …
2026-04-30 05:56:10,824  INFO      [15/107] fetching INFY.NS …
2026-04-30 05:56:11,431  INFO      [16/107] fetching ICICIBANK.NS …
2026-04-30 05:56:11,431  INFO      [16/107] fetching ICICIBANK.NS …
2026-04-30 05:56:12,029  INFO      [17/107] fetching HINDUNILVR.NS …
2026-04-30 05:56:12,029  INFO      [17/107] fetching HINDUNILVR.NS …
2026-04-30 05:56:12,609  INFO      [18/107] fetching SBIN.NS …
2026-04-30 05:56:12,609  INFO      [18/107] fetching SBIN.NS …
2026-04-30 05:56:13,208  INFO      [19/107] fetching BHARTIARTL.NS …
2026-04-30 05:56:13,208  INFO      [19/107] fetching BHARTIARTL.NS …
2026-04-30 05:56:13,836  INFO      [20/107] fetching KOTAKBANK.NS …
2026-04-30 05:56:13,836  INFO      [20/107] fetching KOTAKBANK.NS …
2026-04-30 05:56:14,572  INFO      [21/107] fetching LT.NS …
2026-04-30 05:56:14,572  INFO      [21/107] fetching LT.NS …
2026-04-30 05:56:15,232  INFO      [22/107] fetching AXISBANK.NS …
2026-04-30 05:56:15,232  INFO      [22/107] fetching AXISBANK.NS …
2026-04-30 05:56:15,824  INFO      [23/107] fetching BAJFINANCE.NS …
2026-04-30 05:56:15,824  INFO      [23/107] fetching BAJFINANCE.NS …
2026-04-30 05:56:16,458  INFO      [24/107] fetching ASIANPAINT.NS …
2026-04-30 05:56:16,458  INFO      [24/107] fetching ASIANPAINT.NS …
2026-04-30 05:56:17,051  INFO      [25/107] fetching MARUTI.NS …
2026-04-30 05:56:17,051  INFO      [25/107] fetching MARUTI.NS …
2026-04-30 05:56:17,726  INFO      [26/107] fetching HCLTECH.NS …
2026-04-30 05:56:17,726  INFO      [26/107] fetching HCLTECH.NS …
2026-04-30 05:56:18,404  INFO      [27/107] fetching SUNPHARMA.NS …
2026-04-30 05:56:18,404  INFO      [27/107] fetching SUNPHARMA.NS …
2026-04-30 05:56:18,998  INFO      [28/107] fetching TITAN.NS …
2026-04-30 05:56:18,998  INFO      [28/107] fetching TITAN.NS …
2026-04-30 05:56:19,583  INFO      [29/107] fetching ULTRACEMCO.NS …
2026-04-30 05:56:19,583  INFO      [29/107] fetching ULTRACEMCO.NS …
2026-04-30 05:56:20,168  INFO      [30/107] fetching WIPRO.NS …
2026-04-30 05:56:20,168  INFO      [30/107] fetching WIPRO.NS …
2026-04-30 05:56:20,821  INFO      [31/107] fetching NESTLEIND.NS …
2026-04-30 05:56:20,821  INFO      [31/107] fetching NESTLEIND.NS …
2026-04-30 05:56:21,400  INFO      [32/107] fetching ADANIENT.NS …
2026-04-30 05:56:21,400  INFO      [32/107] fetching ADANIENT.NS …
2026-04-30 05:56:22,061  INFO      [33/107] fetching NTPC.NS …
2026-04-30 05:56:22,061  INFO      [33/107] fetching NTPC.NS …
2026-04-30 05:56:22,648  INFO      [34/107] fetching TATAMOTORS.NS …
2026-04-30 05:56:22,648  INFO      [34/107] fetching TATAMOTORS.NS …
2026-04-30 05:56:24,039  WARNING   [TATAMOTORS.NS] insufficient history (0 rows)
2026-04-30 05:56:24,039  WARNING   [TATAMOTORS.NS] insufficient history (0 rows)
2026-04-30 05:56:24,439  INFO      [35/107] fetching M&M.NS …
2026-04-30 05:56:24,439  INFO      [35/107] fetching M&M.NS …
2026-04-30 05:56:25,044  INFO      [36/107] fetching TATASTEEL.NS …
2026-04-30 05:56:25,044  INFO      [36/107] fetching TATASTEEL.NS …
2026-04-30 05:56:25,635  INFO      [37/107] fetching JSWSTEEL.NS …
2026-04-30 05:56:25,635  INFO      [37/107] fetching JSWSTEEL.NS …
2026-04-30 05:56:26,321  INFO      [38/107] fetching ONGC.NS …
2026-04-30 05:56:26,321  INFO      [38/107] fetching ONGC.NS …
2026-04-30 05:56:26,967  INFO      [39/107] fetching TECHM.NS …
2026-04-30 05:56:26,967  INFO      [39/107] fetching TECHM.NS …
2026-04-30 05:56:27,594  INFO      [40/107] fetching BAJAJFINSV.NS …
2026-04-30 05:56:27,594  INFO      [40/107] fetching BAJAJFINSV.NS …
2026-04-30 05:56:28,217  INFO      [41/107] fetching HINDALCO.NS …
2026-04-30 05:56:28,217  INFO      [41/107] fetching HINDALCO.NS …
2026-04-30 05:56:28,893  INFO      [42/107] fetching GRASIM.NS …
2026-04-30 05:56:28,893  INFO      [42/107] fetching GRASIM.NS …
2026-04-30 05:56:29,564  INFO      [43/107] fetching DRREDDY.NS …
2026-04-30 05:56:29,564  INFO      [43/107] fetching DRREDDY.NS …
2026-04-30 05:56:30,227  INFO      [44/107] fetching CIPLA.NS …
2026-04-30 05:56:30,227  INFO      [44/107] fetching CIPLA.NS …
2026-04-30 05:56:30,886  INFO      [45/107] fetching DIVISLAB.NS …
2026-04-30 05:56:30,886  INFO      [45/107] fetching DIVISLAB.NS …
2026-04-30 05:56:31,545  INFO      [46/107] fetching EICHERMOT.NS …
2026-04-30 05:56:31,545  INFO      [46/107] fetching EICHERMOT.NS …
2026-04-30 05:56:32,186  INFO      [47/107] fetching BRITANNIA.NS …
2026-04-30 05:56:32,186  INFO      [47/107] fetching BRITANNIA.NS …
2026-04-30 05:56:32,858  INFO      [48/107] fetching HEROMOTOCO.NS …
2026-04-30 05:56:32,858  INFO      [48/107] fetching HEROMOTOCO.NS …
2026-04-30 05:56:33,454  INFO      [49/107] fetching BAJAJ-AUTO.NS …
2026-04-30 05:56:33,454  INFO      [49/107] fetching BAJAJ-AUTO.NS …
2026-04-30 05:56:34,084  INFO      [50/107] fetching INDUSINDBK.NS …
2026-04-30 05:56:34,084  INFO      [50/107] fetching INDUSINDBK.NS …
2026-04-30 05:56:34,680  INFO      [51/107] fetching APOLLOHOSP.NS …
2026-04-30 05:56:34,680  INFO      [51/107] fetching APOLLOHOSP.NS …
2026-04-30 05:56:35,325  INFO      [52/107] fetching TATACONSUM.NS …
2026-04-30 05:56:35,325  INFO      [52/107] fetching TATACONSUM.NS …
2026-04-30 05:56:35,985  INFO      [53/107] fetching UPL.NS …
2026-04-30 05:56:35,985  INFO      [53/107] fetching UPL.NS …
2026-04-30 05:56:36,621  INFO      [54/107] fetching BPCL.NS …
2026-04-30 05:56:36,621  INFO      [54/107] fetching BPCL.NS …
2026-04-30 05:56:37,220  INFO      [55/107] fetching SBILIFE.NS …
2026-04-30 05:56:37,220  INFO      [55/107] fetching SBILIFE.NS …
2026-04-30 05:56:37,812  INFO      [56/107] fetching HDFCLIFE.NS …
2026-04-30 05:56:37,812  INFO      [56/107] fetching HDFCLIFE.NS …
2026-04-30 05:56:38,469  INFO      [57/107] fetching ADANIPORTS.NS …
2026-04-30 05:56:38,469  INFO      [57/107] fetching ADANIPORTS.NS …
2026-04-30 05:56:39,095  INFO      [58/107] fetching LTIM.NS …
2026-04-30 05:56:39,095  INFO      [58/107] fetching LTIM.NS …
2026-04-30 05:56:39,675  INFO      [59/107] fetching ABB.NS …
2026-04-30 05:56:39,675  INFO      [59/107] fetching ABB.NS …
2026-04-30 05:56:40,331  INFO      [60/107] fetching ADANIGREEN.NS …
2026-04-30 05:56:40,331  INFO      [60/107] fetching ADANIGREEN.NS …
2026-04-30 05:56:40,965  INFO      [61/107] fetching ADANIPOWER.NS …
2026-04-30 05:56:40,965  INFO      [61/107] fetching ADANIPOWER.NS …
2026-04-30 05:56:41,543  INFO      [62/107] fetching AMBUJACEM.NS …
2026-04-30 05:56:41,543  INFO      [62/107] fetching AMBUJACEM.NS …
2026-04-30 05:56:42,199  INFO      [63/107] fetching DMART.NS …
2026-04-30 05:56:42,199  INFO      [63/107] fetching DMART.NS …
2026-04-30 05:56:42,835  INFO      [64/107] fetching BAJAJHLDNG.NS …
2026-04-30 05:56:42,835  INFO      [64/107] fetching BAJAJHLDNG.NS …
2026-04-30 05:56:43,491  INFO      [65/107] fetching BANKBARODA.NS …
2026-04-30 05:56:43,491  INFO      [65/107] fetching BANKBARODA.NS …
2026-04-30 05:56:44,122  INFO      [66/107] fetching BERGEPAINT.NS …
2026-04-30 05:56:44,122  INFO      [66/107] fetching BERGEPAINT.NS …
2026-04-30 05:56:44,746  INFO      [67/107] fetching BOSCHLTD.NS …
2026-04-30 05:56:44,746  INFO      [67/107] fetching BOSCHLTD.NS …
2026-04-30 05:56:45,378  INFO      [68/107] fetching CANBK.NS …
2026-04-30 05:56:45,378  INFO      [68/107] fetching CANBK.NS …
2026-04-30 05:56:45,965  INFO      [69/107] fetching CHOLAFIN.NS …
2026-04-30 05:56:45,965  INFO      [69/107] fetching CHOLAFIN.NS …
2026-04-30 05:56:46,558  INFO      [70/107] fetching COLPAL.NS …
2026-04-30 05:56:46,558  INFO      [70/107] fetching COLPAL.NS …
2026-04-30 05:56:47,201  INFO      [71/107] fetching DABUR.NS …
2026-04-30 05:56:47,201  INFO      [71/107] fetching DABUR.NS …
2026-04-30 05:56:47,964  INFO      [72/107] fetching DLF.NS …
2026-04-30 05:56:47,964  INFO      [72/107] fetching DLF.NS …
2026-04-30 05:56:48,618  INFO      [73/107] fetching GAIL.NS …
2026-04-30 05:56:48,618  INFO      [73/107] fetching GAIL.NS …
2026-04-30 05:56:49,276  INFO      [74/107] fetching GODREJCP.NS …
2026-04-30 05:56:49,276  INFO      [74/107] fetching GODREJCP.NS …
2026-04-30 05:56:49,857  INFO      [75/107] fetching HAVELLS.NS …
2026-04-30 05:56:49,857  INFO      [75/107] fetching HAVELLS.NS …
2026-04-30 05:56:50,443  INFO      [76/107] fetching HAL.NS …
2026-04-30 05:56:50,443  INFO      [76/107] fetching HAL.NS …
2026-04-30 05:56:51,017  INFO      [77/107] fetching ICICIGI.NS …
2026-04-30 05:56:51,017  INFO      [77/107] fetching ICICIGI.NS …
2026-04-30 05:56:51,583  INFO      [78/107] fetching ICICIPRULI.NS …
2026-04-30 05:56:51,583  INFO      [78/107] fetching ICICIPRULI.NS …
2026-04-30 05:56:52,206  INFO      [79/107] fetching IOC.NS …
2026-04-30 05:56:52,206  INFO      [79/107] fetching IOC.NS …
2026-04-30 05:56:52,908  INFO      [80/107] fetching IRCTC.NS …
2026-04-30 05:56:52,908  INFO      [80/107] fetching IRCTC.NS …
2026-04-30 05:56:53,601  INFO      [81/107] fetching JINDALSTEL.NS …
2026-04-30 05:56:53,601  INFO      [81/107] fetching JINDALSTEL.NS …
2026-04-30 05:56:54,270  INFO      [82/107] fetching LICI.NS …
2026-04-30 05:56:54,270  INFO      [82/107] fetching LICI.NS …
2026-04-30 05:56:54,906  INFO      [83/107] fetching MARICO.NS …
2026-04-30 05:56:54,906  INFO      [83/107] fetching MARICO.NS …
2026-04-30 05:56:55,557  INFO      [84/107] fetching MOTHERSON.NS …
2026-04-30 05:56:55,557  INFO      [84/107] fetching MOTHERSON.NS …
2026-04-30 05:56:56,198  INFO      [85/107] fetching NAUKRI.NS …
2026-04-30 05:56:56,198  INFO      [85/107] fetching NAUKRI.NS …
2026-04-30 05:56:56,802  INFO      [86/107] fetching PIDILITIND.NS …
2026-04-30 05:56:56,802  INFO      [86/107] fetching PIDILITIND.NS …
2026-04-30 05:56:57,409  INFO      [87/107] fetching PNB.NS …
2026-04-30 05:56:57,409  INFO      [87/107] fetching PNB.NS …
2026-04-30 05:56:58,065  INFO      [88/107] fetching PFC.NS …
2026-04-30 05:56:58,065  INFO      [88/107] fetching PFC.NS …
2026-04-30 05:56:58,668  INFO      [89/107] fetching RECLTD.NS …
2026-04-30 05:56:58,668  INFO      [89/107] fetching RECLTD.NS …
2026-04-30 05:56:59,317  INFO      [90/107] fetching SIEMENS.NS …
2026-04-30 05:56:59,317  INFO      [90/107] fetching SIEMENS.NS …
2026-04-30 05:56:59,922  INFO      [91/107] fetching SRF.NS …
2026-04-30 05:56:59,922  INFO      [91/107] fetching SRF.NS …
2026-04-30 05:57:00,535  INFO      [92/107] fetching SHREECEM.NS …
2026-04-30 05:57:00,535  INFO      [92/107] fetching SHREECEM.NS …
2026-04-30 05:57:01,185  INFO      [93/107] fetching SHRIRAMFIN.NS …
2026-04-30 05:57:01,185  INFO      [93/107] fetching SHRIRAMFIN.NS …
2026-04-30 05:57:01,835  INFO      [94/107] fetching TORNTPHARM.NS …
2026-04-30 05:57:01,835  INFO      [94/107] fetching TORNTPHARM.NS …
2026-04-30 05:57:02,421  INFO      [95/107] fetching TRENT.NS …
2026-04-30 05:57:02,421  INFO      [95/107] fetching TRENT.NS …
2026-04-30 05:57:03,004  INFO      [96/107] fetching TVSMOTOR.NS …
2026-04-30 05:57:03,004  INFO      [96/107] fetching TVSMOTOR.NS …
2026-04-30 05:57:03,594  INFO      [97/107] fetching VEDL.NS …
2026-04-30 05:57:03,594  INFO      [97/107] fetching VEDL.NS …
2026-04-30 05:57:04,200  INFO      [98/107] fetching VBL.NS …
2026-04-30 05:57:04,200  INFO      [98/107] fetching VBL.NS …
2026-04-30 05:57:04,818  INFO      [99/107] fetching ZOMATO.NS …
2026-04-30 05:57:04,818  INFO      [99/107] fetching ZOMATO.NS …
2026-04-30 05:57:06,148  WARNING   [ZOMATO.NS] insufficient history (0 rows)
2026-04-30 05:57:06,148  WARNING   [ZOMATO.NS] insufficient history (0 rows)
2026-04-30 05:57:06,549  INFO      [100/107] fetching ZYDUSLIFE.NS …
2026-04-30 05:57:06,549  INFO      [100/107] fetching ZYDUSLIFE.NS …
2026-04-30 05:57:07,150  INFO      [101/107] fetching INDIGO.NS …
2026-04-30 05:57:07,150  INFO      [101/107] fetching INDIGO.NS …
2026-04-30 05:57:07,721  INFO      [102/107] fetching IDEA.NS …
2026-04-30 05:57:07,721  INFO      [102/107] fetching IDEA.NS …
2026-04-30 05:57:08,285  INFO      [103/107] fetching BANKINDIA.NS …
2026-04-30 05:57:08,285  INFO      [103/107] fetching BANKINDIA.NS …
2026-04-30 05:57:08,984  INFO      [104/107] fetching PAGEIND.NS …
2026-04-30 05:57:08,984  INFO      [104/107] fetching PAGEIND.NS …
2026-04-30 05:57:09,642  INFO      [105/107] fetching MUTHOOTFIN.NS …
2026-04-30 05:57:09,642  INFO      [105/107] fetching MUTHOOTFIN.NS …
2026-04-30 05:57:10,244  INFO      [106/107] fetching TATAELXSI.NS …
2026-04-30 05:57:10,244  INFO      [106/107] fetching TATAELXSI.NS …
2026-04-30 05:57:10,879  INFO      [107/107] fetching LUPIN.NS …
2026-04-30 05:57:10,879  INFO      [107/107] fetching LUPIN.NS …
2026-04-30 05:57:11,174  INFO      Fetched 105/107 symbols successfully.
2026-04-30 05:57:11,174  INFO      Fetched 105/107 symbols successfully.
2026-04-30 05:57:16,914  INFO      Fetched 200 headlines from RSS (Indian + global/geopolitics).
2026-04-30 05:57:16,914  INFO      Fetched 200 headlines from RSS (Indian + global/geopolitics).
2026-04-30 05:57:22,016  INFO      Macro regime: neutral | bias=-1 | geo-risk=52.9
2026-04-30 05:57:22,016  INFO      Macro regime: neutral | bias=-1 | geo-risk=52.9
2026-04-30 05:57:22,266  INFO      NSE corp announcements: 20 filings
2026-04-30 05:57:22,266  INFO      NSE corp announcements: 20 filings
2026-04-30 05:57:24,008  INFO      Angel One login successful.
2026-04-30 05:57:24,008  INFO      Angel One login successful.
2026-04-30 05:57:24,930  INFO      Saved report → data/stock_reports/2026-04-30_0557.json
2026-04-30 05:57:24,930  INFO      Saved report → data/stock_reports/2026-04-30_0557.json
2026-04-30 05:57:25,404  INFO      Report image saved → logs/stock_analyzer/2026-04-30/stock_report.png  [1920×1280]
2026-04-30 05:57:25,404  INFO      Report image saved → logs/stock_analyzer/2026-04-30/stock_report.png  [1920×1280]
2026-04-30 05:57:25,405  INFO      Dry-run: skipping send. Image + PDF saved locally; console printed.
2026-04-30 05:57:25,405  INFO      Dry-run: skipping send. Image + PDF saved locally; console printed.
2026-04-30 05:57:25,405  INFO      == Stock analyzer run complete ==
2026-04-30 05:57:25,405  INFO      == Stock analyzer run complete ==
2026-04-30 05:57:25,408  INFO      📝 PAPER TRADING — virtual cash ₹100,000, max_positions=5 max_pct=10% buckets=('intraday', 'swing') state=data/paper_trader_state.json
2026-04-30 05:57:25,408  INFO      📝 PAPER TRADING — virtual cash ₹100,000, max_positions=5 max_pct=10% buckets=('intraday', 'swing') state=data/paper_trader_state.json
2026-04-30 05:57:25,408  INFO      📝 PAPER TRADING — virtual cash ₹100,000, max_positions=5 max_pct=10% buckets=('intraday', 'swing') state=data/paper_trader_state.json
2026-04-30 05:57:39,414  INFO      tick result: {'ok': True, 'actions': 0, 'open_trades': 0, 'closed_today': 0, 'realised_pnl': 0.0, 'cumulative_pnl': 0.0, 'halted': False, 'messages': []}
2026-04-30 05:57:39,414  INFO      tick result: {'ok': True, 'actions': 0, 'open_trades': 0, 'closed_today': 0, 'realised_pnl': 0.0, 'cumulative_pnl': 0.0, 'halted': False, 'messages': []}
2026-04-30 05:57:39,414  INFO      tick result: {'ok': True, 'actions': 0, 'open_trades': 0, 'closed_today': 0, 'realised_pnl': 0.0, 'cumulative_pnl': 0.0, 'halted': False, 'messages': []}
