2026-09-23 08:51:43,023  INFO      angel_one starting ... (cmd=paper-trade)
2026-09-23 08:51:43,023  INFO      angel_one starting ... (cmd=paper-trade)
2026-09-23 08:51:43,040  INFO      refresh: generating today's picks via analyzer (dry-run, no PDF)
2026-09-23 08:51:43,040  INFO      refresh: generating today's picks via analyzer (dry-run, no PDF)
2026-09-23 08:51:43,598  INFO      == Stock analyzer run starting ==
2026-09-23 08:51:43,598  INFO      Watchlist: 11 symbols from data/stock_watchlist.txt
2026-09-23 08:51:43,599  INFO      Universe: 107 symbols (total available: 107)
2026-09-23 08:51:43,990  INFO      [1/107] fetching TATAPOWER.NS …
2026-09-23 08:51:44,527  INFO      [2/107] fetching IRFC.NS …
2026-09-23 08:51:45,045  INFO      [3/107] fetching SUZLON.NS …
2026-09-23 08:51:45,525  INFO      [4/107] fetching IREDA.NS …
2026-09-23 08:51:46,003  INFO      [5/107] fetching BHEL.NS …
2026-09-23 08:51:46,499  INFO      [6/107] fetching KPITTECH.NS …
2026-09-23 08:51:47,050  INFO      [7/107] fetching POLYCAB.NS …
2026-09-23 08:51:47,537  INFO      [8/107] fetching PERSISTENT.NS …
2026-09-23 08:51:48,028  INFO      [9/107] fetching ITC.NS …
2026-09-23 08:51:48,524  INFO      [10/107] fetching POWERGRID.NS …
2026-09-23 08:51:49,025  INFO      [11/107] fetching COALINDIA.NS …
2026-09-23 08:51:49,515  INFO      [12/107] fetching RELIANCE.NS …
2026-09-23 08:51:50,024  INFO      [13/107] fetching TCS.NS …
2026-09-23 08:51:50,520  INFO      [14/107] fetching HDFCBANK.NS …
2026-09-23 08:51:51,024  INFO      [15/107] fetching INFY.NS …
2026-09-23 08:51:51,537  INFO      [16/107] fetching ICICIBANK.NS …
2026-09-23 08:51:52,040  INFO      [17/107] fetching HINDUNILVR.NS …
2026-09-23 08:51:52,544  INFO      [18/107] fetching SBIN.NS …
2026-09-23 08:51:53,040  INFO      [19/107] fetching BHARTIARTL.NS …
2026-09-23 08:51:53,541  INFO      [20/107] fetching KOTAKBANK.NS …
2026-09-23 08:51:54,037  INFO      [21/107] fetching LT.NS …
2026-09-23 08:51:54,534  INFO      [22/107] fetching AXISBANK.NS …
2026-09-23 08:51:55,037  INFO      [23/107] fetching BAJFINANCE.NS …
2026-09-23 08:51:55,532  INFO      [24/107] fetching ASIANPAINT.NS …
2026-09-23 08:51:56,034  INFO      [25/107] fetching MARUTI.NS …
2026-09-23 08:51:56,600  INFO      [26/107] fetching HCLTECH.NS …
2026-09-23 08:51:57,107  INFO      [27/107] fetching SUNPHARMA.NS …
2026-09-23 08:51:57,616  INFO      [28/107] fetching TITAN.NS …
2026-09-23 08:51:58,111  INFO      [29/107] fetching ULTRACEMCO.NS …
2026-09-23 08:51:58,609  INFO      [30/107] fetching WIPRO.NS …
2026-09-23 08:51:59,117  INFO      [31/107] fetching NESTLEIND.NS …
2026-09-23 08:51:59,632  INFO      [32/107] fetching ADANIENT.NS …
2026-09-23 08:52:00,131  INFO      [33/107] fetching NTPC.NS …
2026-09-23 08:52:00,625  INFO      [34/107] fetching TATAMOTORS.NS …
2026-09-23 08:52:01,765  WARNING   [TATAMOTORS.NS] insufficient history (0 rows)
2026-09-23 08:52:02,166  INFO      [35/107] fetching M&M.NS …
2026-09-23 08:52:02,670  INFO      [36/107] fetching TATASTEEL.NS …
2026-09-23 08:52:03,204  INFO      [37/107] fetching JSWSTEEL.NS …
2026-09-23 08:52:03,701  INFO      [38/107] fetching ONGC.NS …
2026-09-23 08:52:04,219  INFO      [39/107] fetching TECHM.NS …
2026-09-23 08:52:04,790  INFO      [40/107] fetching BAJAJFINSV.NS …
2026-09-23 08:52:05,293  INFO      [41/107] fetching HINDALCO.NS …
2026-09-23 08:52:05,819  INFO      [42/107] fetching GRASIM.NS …
2026-09-23 08:52:06,317  INFO      [43/107] fetching DRREDDY.NS …
2026-09-23 08:52:06,814  INFO      [44/107] fetching CIPLA.NS …
2026-09-23 08:52:07,319  INFO      [45/107] fetching DIVISLAB.NS …
2026-09-23 08:52:07,816  INFO      [46/107] fetching EICHERMOT.NS …
2026-09-23 08:52:08,341  INFO      [47/107] fetching BRITANNIA.NS …
2026-09-23 08:52:08,856  INFO      [48/107] fetching HEROMOTOCO.NS …
2026-09-23 08:52:09,355  INFO      [49/107] fetching BAJAJ-AUTO.NS …
2026-09-23 08:52:09,848  INFO      [50/107] fetching INDUSINDBK.NS …
2026-09-23 08:52:10,347  INFO      [51/107] fetching APOLLOHOSP.NS …
2026-09-23 08:52:10,928  INFO      [52/107] fetching TATACONSUM.NS …
2026-09-23 08:52:11,431  INFO      [53/107] fetching UPL.NS …
2026-09-23 08:52:11,929  INFO      [54/107] fetching BPCL.NS …
2026-09-23 08:52:12,431  INFO      [55/107] fetching SBILIFE.NS …
2026-09-23 08:52:12,917  INFO      [56/107] fetching HDFCLIFE.NS …
2026-09-23 08:52:13,399  INFO      [57/107] fetching ADANIPORTS.NS …
2026-09-23 08:52:13,894  INFO      [58/107] fetching LTIM.NS …
2026-09-23 08:52:14,538  WARNING   [LTIM.NS] insufficient history (0 rows)
2026-09-23 08:52:14,938  INFO      [59/107] fetching ABB.NS …
2026-09-23 08:52:15,473  INFO      [60/107] fetching ADANIGREEN.NS …
2026-09-23 08:52:15,951  INFO      [61/107] fetching ADANIPOWER.NS …
2026-09-23 08:52:16,430  INFO      [62/107] fetching AMBUJACEM.NS …
2026-09-23 08:52:16,927  INFO      [63/107] fetching DMART.NS …
2026-09-23 08:52:17,408  INFO      [64/107] fetching BAJAJHLDNG.NS …
2026-09-23 08:52:17,908  INFO      [65/107] fetching BANKBARODA.NS …
2026-09-23 08:52:18,408  INFO      [66/107] fetching BERGEPAINT.NS …
2026-09-23 08:52:18,909  INFO      [67/107] fetching BOSCHLTD.NS …
2026-09-23 08:52:19,404  INFO      [68/107] fetching CANBK.NS …
2026-09-23 08:52:19,907  INFO      [69/107] fetching CHOLAFIN.NS …
2026-09-23 08:52:20,409  INFO      [70/107] fetching COLPAL.NS …
2026-09-23 08:52:20,896  INFO      [71/107] fetching DABUR.NS …
2026-09-23 08:52:21,398  INFO      [72/107] fetching DLF.NS …
2026-09-23 08:52:21,925  INFO      [73/107] fetching GAIL.NS …
2026-09-23 08:52:22,429  INFO      [74/107] fetching GODREJCP.NS …
2026-09-23 08:52:22,936  INFO      [75/107] fetching HAVELLS.NS …
2026-09-23 08:52:23,431  INFO      [76/107] fetching HAL.NS …
2026-09-23 08:52:23,916  INFO      [77/107] fetching ICICIGI.NS …
2026-09-23 08:52:24,415  INFO      [78/107] fetching ICICIPRULI.NS …
2026-09-23 08:52:24,903  INFO      [79/107] fetching IOC.NS …
2026-09-23 08:52:25,401  INFO      [80/107] fetching IRCTC.NS …
2026-09-23 08:52:25,881  INFO      [81/107] fetching JINDALSTEL.NS …
2026-09-23 08:52:26,386  INFO      [82/107] fetching LICI.NS …
2026-09-23 08:52:26,896  INFO      [83/107] fetching MARICO.NS …
2026-09-23 08:52:27,392  INFO      [84/107] fetching MOTHERSON.NS …
2026-09-23 08:52:27,887  INFO      [85/107] fetching NAUKRI.NS …
2026-09-23 08:52:28,383  INFO      [86/107] fetching PIDILITIND.NS …
2026-09-23 08:52:28,891  INFO      [87/107] fetching PNB.NS …
2026-09-23 08:52:29,382  INFO      [88/107] fetching PFC.NS …
2026-09-23 08:52:29,890  INFO      [89/107] fetching RECLTD.NS …
2026-09-23 08:52:30,384  INFO      [90/107] fetching SIEMENS.NS …
2026-09-23 08:52:30,891  INFO      [91/107] fetching SRF.NS …
2026-09-23 08:52:31,394  INFO      [92/107] fetching SHREECEM.NS …
2026-09-23 08:52:31,928  INFO      [93/107] fetching SHRIRAMFIN.NS …
2026-09-23 08:52:32,422  INFO      [94/107] fetching TORNTPHARM.NS …
2026-09-23 08:52:32,918  INFO      [95/107] fetching TRENT.NS …
2026-09-23 08:52:33,413  INFO      [96/107] fetching TVSMOTOR.NS …
2026-09-23 08:52:33,906  INFO      [97/107] fetching VEDL.NS …
2026-09-23 08:52:34,409  INFO      [98/107] fetching VBL.NS …
2026-09-23 08:52:34,929  INFO      [99/107] fetching ZOMATO.NS …
2026-09-23 08:52:35,446  WARNING   [ZOMATO.NS] insufficient history (0 rows)
2026-09-23 08:52:35,847  INFO      [100/107] fetching ZYDUSLIFE.NS …
2026-09-23 08:52:36,351  INFO      [101/107] fetching INDIGO.NS …
2026-09-23 08:52:36,842  INFO      [102/107] fetching IDEA.NS …
2026-09-23 08:52:37,331  INFO      [103/107] fetching BANKINDIA.NS …
2026-09-23 08:52:37,834  INFO      [104/107] fetching PAGEIND.NS …
2026-09-23 08:52:38,326  INFO      [105/107] fetching MUTHOOTFIN.NS …
2026-09-23 08:52:38,824  INFO      [106/107] fetching TATAELXSI.NS …
2026-09-23 08:52:39,321  INFO      [107/107] fetching LUPIN.NS …
2026-09-23 08:52:39,470  INFO      Fetched 104/107 symbols successfully.
2026-09-23 08:52:56,385  INFO      Fetched 200 headlines from RSS (Indian + global/geopolitics).
2026-09-23 08:52:59,185  INFO      Macro regime: risk-on | bias=4 | geo-risk=56.7
2026-09-23 08:52:59,453  INFO      NSE corp announcements: 20 filings
2026-09-23 08:53:02,065  INFO      Angel One login successful.
2026-09-23 08:53:03,204  INFO      Saved report → data/stock_reports/2026-09-23_0853.json
2026-09-23 08:53:03,707  INFO      Report image saved → logs/stock_analyzer/2026-09-23/stock_report.png  [1920×1280]
2026-09-23 08:53:03,707  INFO      Dry-run: skipping send. Image + PDF saved locally; console printed.
2026-09-23 08:53:03,708  INFO      == Stock analyzer run complete ==
2026-09-23 08:53:03,712  INFO      [Note] PAPER TRADING -- virtual cash Rs 100,000, max_positions=6 max_pct=15% buckets=('intraday', 'swing') state=data/paper_trader_state.json
2026-09-23 08:53:03,712  INFO      [Note] PAPER TRADING -- virtual cash Rs 100,000, max_positions=6 max_pct=15% buckets=('intraday', 'swing') state=data/paper_trader_state.json
2026-09-23 08:53:03,713  INFO      paper-trader: new day, archived 4 trades (cumulative ₹-5,742)
2026-09-23 08:53:16,636  INFO      [DRY] Angel order would be: {'variety': 'NORMAL', 'tradingsymbol': 'JINDALSTEL-EQ', 'symboltoken': '6733', 'transactiontype': 'BUY', 'exchange': 'NSE', 'ordertype': 'MARKET', 'producttype': 'INTRADAY', 'duration': 'DAY', 'price': '0', 'squareoff': '0', 'stoploss': '0', 'quantity': '10'}
2026-09-23 08:53:16,637  INFO      [OPEN] [DRY] JINDALSTEL.NS qty=10 @ Rs 1177.40 SL Rs 1147.76 TGT Rs 1194.01 (order=None)
2026-09-23 08:53:16,637  INFO      [DRY] Angel order would be: {'variety': 'NORMAL', 'tradingsymbol': 'TATASTEEL-EQ', 'symboltoken': '3499', 'transactiontype': 'BUY', 'exchange': 'NSE', 'ordertype': 'MARKET', 'producttype': 'INTRADAY', 'duration': 'DAY', 'price': '0', 'squareoff': '0', 'stoploss': '0', 'quantity': '54'}
2026-09-23 08:53:16,637  INFO      [OPEN] [DRY] TATASTEEL.NS qty=54 @ Rs 190.94 SL Rs 186.53 TGT Rs 192.91 (order=None)
2026-09-23 08:53:16,637  INFO      [DRY] Angel order would be: {'variety': 'NORMAL', 'tradingsymbol': 'VEDL-EQ', 'symboltoken': '3063', 'transactiontype': 'BUY', 'exchange': 'NSE', 'ordertype': 'MARKET', 'producttype': 'INTRADAY', 'duration': 'DAY', 'price': '0', 'squareoff': '0', 'stoploss': '0', 'quantity': '32'}
2026-09-23 08:53:16,637  INFO      [OPEN] [DRY] VEDL.NS qty=32 @ Rs 269.65 SL Rs 265.67 TGT Rs 275.20 (order=None)
2026-09-23 08:53:16,637  INFO      [DRY] Angel order would be: {'variety': 'NORMAL', 'tradingsymbol': 'MUTHOOTFIN-EQ', 'symboltoken': '23650', 'transactiontype': 'BUY', 'exchange': 'NSE', 'ordertype': 'MARKET', 'producttype': 'INTRADAY', 'duration': 'DAY', 'price': '0', 'squareoff': '0', 'stoploss': '0', 'quantity': '2'}
2026-09-23 08:53:16,637  INFO      [OPEN] [DRY] MUTHOOTFIN.NS qty=2 @ Rs 2849.90 SL Rs 2825.80 TGT Rs 2957.07 (order=None)
2026-09-23 08:53:16,645  INFO      tick result: {'ok': True, 'actions': 4, 'open_trades': 6, 'closed_today': 0, 'realised_pnl': 0.0, 'cumulative_pnl': -5741.7, 'halted': False, 'messages': ['[OPEN] [DRY] JINDALSTEL.NS qty=10 @ Rs 1177.40 SL Rs 1147.76 TGT Rs 1194.01 (order=None)', '[OPEN] [DRY] TATASTEEL.NS qty=54 @ Rs 190.94 SL Rs 186.53 TGT Rs 192.91 (order=None)', '[OPEN] [DRY] VEDL.NS qty=32 @ Rs 269.65 SL Rs 265.67 TGT Rs 275.20 (order=None)', '[OPEN] [DRY] MUTHOOTFIN.NS qty=2 @ Rs 2849.90 SL Rs 2825.80 TGT Rs 2957.07 (order=None)']}
2026-09-23 08:53:16,645  INFO      tick result: {'ok': True, 'actions': 4, 'open_trades': 6, 'closed_today': 0, 'realised_pnl': 0.0, 'cumulative_pnl': -5741.7, 'halted': False, 'messages': ['[OPEN] [DRY] JINDALSTEL.NS qty=10 @ Rs 1177.40 SL Rs 1147.76 TGT Rs 1194.01 (order=None)', '[OPEN] [DRY] TATASTEEL.NS qty=54 @ Rs 190.94 SL Rs 186.53 TGT Rs 192.91 (order=None)', '[OPEN] [DRY] VEDL.NS qty=32 @ Rs 269.65 SL Rs 265.67 TGT Rs 275.20 (order=None)', '[OPEN] [DRY] MUTHOOTFIN.NS qty=2 @ Rs 2849.90 SL Rs 2825.80 TGT Rs 2957.07 (order=None)']}
