2026-07-16 06:07:46,579  INFO      angel_one starting ... (cmd=paper-trade)
2026-07-16 06:07:46,579  INFO      angel_one starting ... (cmd=paper-trade)
2026-07-16 06:07:46,595  INFO      refresh: generating today's picks via analyzer (dry-run, no PDF)
2026-07-16 06:07:46,595  INFO      refresh: generating today's picks via analyzer (dry-run, no PDF)
2026-07-16 06:07:47,308  INFO      == Stock analyzer run starting ==
2026-07-16 06:07:47,309  INFO      Watchlist: 11 symbols from data/stock_watchlist.txt
2026-07-16 06:07:47,309  INFO      Universe: 107 symbols (total available: 107)
2026-07-16 06:07:47,817  INFO      [1/107] fetching TATAPOWER.NS …
2026-07-16 06:07:48,433  INFO      [2/107] fetching IRFC.NS …
2026-07-16 06:07:48,902  INFO      [3/107] fetching SUZLON.NS …
2026-07-16 06:07:49,486  INFO      [4/107] fetching IREDA.NS …
2026-07-16 06:07:50,071  INFO      [5/107] fetching BHEL.NS …
2026-07-16 06:07:50,642  INFO      [6/107] fetching KPITTECH.NS …
2026-07-16 06:07:51,114  INFO      [7/107] fetching POLYCAB.NS …
2026-07-16 06:07:51,651  INFO      [8/107] fetching PERSISTENT.NS …
2026-07-16 06:07:52,222  INFO      [9/107] fetching ITC.NS …
2026-07-16 06:07:52,805  INFO      [10/107] fetching POWERGRID.NS …
2026-07-16 06:07:53,379  INFO      [11/107] fetching COALINDIA.NS …
2026-07-16 06:07:54,000  INFO      [12/107] fetching RELIANCE.NS …
2026-07-16 06:07:54,504  INFO      [13/107] fetching TCS.NS …
2026-07-16 06:07:55,138  INFO      [14/107] fetching HDFCBANK.NS …
2026-07-16 06:07:55,731  INFO      [15/107] fetching INFY.NS …
2026-07-16 06:07:56,232  INFO      [16/107] fetching ICICIBANK.NS …
2026-07-16 06:07:56,813  INFO      [17/107] fetching HINDUNILVR.NS …
2026-07-16 06:07:57,308  INFO      [18/107] fetching SBIN.NS …
2026-07-16 06:07:57,806  INFO      [19/107] fetching BHARTIARTL.NS …
2026-07-16 06:07:58,372  INFO      [20/107] fetching KOTAKBANK.NS …
2026-07-16 06:07:58,868  INFO      [21/107] fetching LT.NS …
2026-07-16 06:07:59,424  INFO      [22/107] fetching AXISBANK.NS …
2026-07-16 06:07:59,918  INFO      [23/107] fetching BAJFINANCE.NS …
2026-07-16 06:08:00,405  INFO      [24/107] fetching ASIANPAINT.NS …
2026-07-16 06:08:01,016  INFO      [25/107] fetching MARUTI.NS …
2026-07-16 06:08:01,621  INFO      [26/107] fetching HCLTECH.NS …
2026-07-16 06:08:02,119  INFO      [27/107] fetching SUNPHARMA.NS …
2026-07-16 06:08:02,679  INFO      [28/107] fetching TITAN.NS …
2026-07-16 06:08:03,255  INFO      [29/107] fetching ULTRACEMCO.NS …
2026-07-16 06:08:03,834  INFO      [30/107] fetching WIPRO.NS …
2026-07-16 06:08:04,380  INFO      [31/107] fetching NESTLEIND.NS …
2026-07-16 06:08:04,876  INFO      [32/107] fetching ADANIENT.NS …
2026-07-16 06:08:05,452  INFO      [33/107] fetching NTPC.NS …
2026-07-16 06:08:05,940  INFO      [34/107] fetching TATAMOTORS.NS …
2026-07-16 06:08:07,055  WARNING   [TATAMOTORS.NS] insufficient history (0 rows)
2026-07-16 06:08:07,455  INFO      [35/107] fetching M&M.NS …
2026-07-16 06:08:07,961  INFO      [36/107] fetching TATASTEEL.NS …
2026-07-16 06:08:08,555  INFO      [37/107] fetching JSWSTEEL.NS …
2026-07-16 06:08:09,213  INFO      [38/107] fetching ONGC.NS …
2026-07-16 06:08:09,720  INFO      [39/107] fetching TECHM.NS …
2026-07-16 06:08:10,294  INFO      [40/107] fetching BAJAJFINSV.NS …
2026-07-16 06:08:10,876  INFO      [41/107] fetching HINDALCO.NS …
2026-07-16 06:08:11,375  INFO      [42/107] fetching GRASIM.NS …
2026-07-16 06:08:11,875  INFO      [43/107] fetching DRREDDY.NS …
2026-07-16 06:08:12,486  INFO      [44/107] fetching CIPLA.NS …
2026-07-16 06:08:12,985  INFO      [45/107] fetching DIVISLAB.NS …
2026-07-16 06:08:13,475  INFO      [46/107] fetching EICHERMOT.NS …
2026-07-16 06:08:14,116  INFO      [47/107] fetching BRITANNIA.NS …
2026-07-16 06:08:14,615  INFO      [48/107] fetching HEROMOTOCO.NS …
2026-07-16 06:08:15,108  INFO      [49/107] fetching BAJAJ-AUTO.NS …
2026-07-16 06:08:15,694  INFO      [50/107] fetching INDUSINDBK.NS …
2026-07-16 06:08:16,304  INFO      [51/107] fetching APOLLOHOSP.NS …
2026-07-16 06:08:16,797  INFO      [52/107] fetching TATACONSUM.NS …
2026-07-16 06:08:17,386  INFO      [53/107] fetching UPL.NS …
2026-07-16 06:08:18,002  INFO      [54/107] fetching BPCL.NS …
2026-07-16 06:08:18,511  INFO      [55/107] fetching SBILIFE.NS …
2026-07-16 06:08:18,989  INFO      [56/107] fetching HDFCLIFE.NS …
2026-07-16 06:08:19,557  INFO      [57/107] fetching ADANIPORTS.NS …
2026-07-16 06:08:20,099  INFO      [58/107] fetching LTIM.NS …
2026-07-16 06:08:20,844  WARNING   [LTIM.NS] insufficient history (0 rows)
2026-07-16 06:08:21,245  INFO      [59/107] fetching ABB.NS …
2026-07-16 06:08:21,852  INFO      [60/107] fetching ADANIGREEN.NS …
2026-07-16 06:08:22,414  INFO      [61/107] fetching ADANIPOWER.NS …
2026-07-16 06:08:22,935  INFO      [62/107] fetching AMBUJACEM.NS …
2026-07-16 06:08:23,430  INFO      [63/107] fetching DMART.NS …
2026-07-16 06:08:24,002  INFO      [64/107] fetching BAJAJHLDNG.NS …
2026-07-16 06:08:24,498  INFO      [65/107] fetching BANKBARODA.NS …
2026-07-16 06:08:25,052  INFO      [66/107] fetching BERGEPAINT.NS …
2026-07-16 06:08:25,633  INFO      [67/107] fetching BOSCHLTD.NS …
2026-07-16 06:08:26,118  INFO      [68/107] fetching CANBK.NS …
2026-07-16 06:08:26,616  INFO      [69/107] fetching CHOLAFIN.NS …
2026-07-16 06:08:27,106  INFO      [70/107] fetching COLPAL.NS …
2026-07-16 06:08:27,652  INFO      [71/107] fetching DABUR.NS …
2026-07-16 06:08:28,240  INFO      [72/107] fetching DLF.NS …
2026-07-16 06:08:28,809  INFO      [73/107] fetching GAIL.NS …
2026-07-16 06:08:29,421  INFO      [74/107] fetching GODREJCP.NS …
2026-07-16 06:08:29,965  INFO      [75/107] fetching HAVELLS.NS …
2026-07-16 06:08:30,579  INFO      [76/107] fetching HAL.NS …
2026-07-16 06:08:31,153  INFO      [77/107] fetching ICICIGI.NS …
2026-07-16 06:08:31,707  INFO      [78/107] fetching ICICIPRULI.NS …
2026-07-16 06:08:32,243  INFO      [79/107] fetching IOC.NS …
2026-07-16 06:08:32,829  INFO      [80/107] fetching IRCTC.NS …
2026-07-16 06:08:33,398  INFO      [81/107] fetching JINDALSTEL.NS …
2026-07-16 06:08:33,996  INFO      [82/107] fetching LICI.NS …
2026-07-16 06:08:34,555  INFO      [83/107] fetching MARICO.NS …
2026-07-16 06:08:35,104  INFO      [84/107] fetching MOTHERSON.NS …
2026-07-16 06:08:35,673  INFO      [85/107] fetching NAUKRI.NS …
2026-07-16 06:08:36,244  INFO      [86/107] fetching PIDILITIND.NS …
2026-07-16 06:08:36,769  INFO      [87/107] fetching PNB.NS …
2026-07-16 06:08:37,374  INFO      [88/107] fetching PFC.NS …
2026-07-16 06:08:37,964  INFO      [89/107] fetching RECLTD.NS …
2026-07-16 06:08:38,451  INFO      [90/107] fetching SIEMENS.NS …
2026-07-16 06:08:39,004  INFO      [91/107] fetching SRF.NS …
2026-07-16 06:08:39,612  INFO      [92/107] fetching SHREECEM.NS …
2026-07-16 06:08:40,101  INFO      [93/107] fetching SHRIRAMFIN.NS …
2026-07-16 06:08:40,709  INFO      [94/107] fetching TORNTPHARM.NS …
2026-07-16 06:08:41,327  INFO      [95/107] fetching TRENT.NS …
2026-07-16 06:08:41,940  INFO      [96/107] fetching TVSMOTOR.NS …
2026-07-16 06:08:42,548  INFO      [97/107] fetching VEDL.NS …
2026-07-16 06:08:43,161  INFO      [98/107] fetching VBL.NS …
2026-07-16 06:08:43,633  INFO      [99/107] fetching ZOMATO.NS …
2026-07-16 06:08:44,251  WARNING   [ZOMATO.NS] insufficient history (0 rows)
2026-07-16 06:08:44,651  INFO      [100/107] fetching ZYDUSLIFE.NS …
2026-07-16 06:08:45,140  INFO      [101/107] fetching INDIGO.NS …
2026-07-16 06:08:45,667  INFO      [102/107] fetching IDEA.NS …
2026-07-16 06:08:46,221  INFO      [103/107] fetching BANKINDIA.NS …
2026-07-16 06:08:46,797  INFO      [104/107] fetching PAGEIND.NS …
2026-07-16 06:08:47,400  INFO      [105/107] fetching MUTHOOTFIN.NS …
2026-07-16 06:08:48,003  INFO      [106/107] fetching TATAELXSI.NS …
2026-07-16 06:08:48,604  INFO      [107/107] fetching LUPIN.NS …
2026-07-16 06:08:48,695  INFO      Fetched 104/107 symbols successfully.
2026-07-16 06:08:54,443  INFO      Fetched 200 headlines from RSS (Indian + global/geopolitics).
2026-07-16 06:08:58,467  INFO      Macro regime: neutral | bias=-1 | geo-risk=37.5
2026-07-16 06:08:58,768  INFO      NSE corp announcements: 20 filings
2026-07-16 06:09:00,358  INFO      Angel One login successful.
2026-07-16 06:09:01,419  INFO      Saved report → data/stock_reports/2026-07-16_0609.json
2026-07-16 06:09:01,998  INFO      Report image saved → logs/stock_analyzer/2026-07-16/stock_report.png  [1920×1280]
2026-07-16 06:09:01,998  INFO      Dry-run: skipping send. Image + PDF saved locally; console printed.
2026-07-16 06:09:01,999  INFO      == Stock analyzer run complete ==
2026-07-16 06:09:02,003  INFO      [Note] PAPER TRADING -- virtual cash Rs 100,000, max_positions=6 max_pct=15% buckets=('intraday', 'swing') state=data/paper_trader_state.json
2026-07-16 06:09:02,003  INFO      [Note] PAPER TRADING -- virtual cash Rs 100,000, max_positions=6 max_pct=15% buckets=('intraday', 'swing') state=data/paper_trader_state.json
2026-07-16 06:09:02,004  INFO      paper-trader: new day, archived 4 trades (cumulative ₹-3,350)
2026-07-16 06:09:43,657  INFO      [DRY] Angel order would be: {'variety': 'NORMAL', 'tradingsymbol': 'ABB-EQ', 'symboltoken': '13', 'transactiontype': 'BUY', 'exchange': 'NSE', 'ordertype': 'MARKET', 'producttype': 'INTRADAY', 'duration': 'DAY', 'price': '0', 'squareoff': '0', 'stoploss': '0', 'quantity': '1'}
2026-07-16 06:09:43,657  INFO      [OPEN] [DRY] ABB.NS qty=1 @ Rs 7792.50 SL Rs 7553.44 TGT Rs 8162.62 (order=None)
2026-07-16 06:09:43,657  INFO      [DRY] Angel order would be: {'variety': 'NORMAL', 'tradingsymbol': 'SIEMENS-EQ', 'symboltoken': '3150', 'transactiontype': 'BUY', 'exchange': 'NSE', 'ordertype': 'MARKET', 'producttype': 'INTRADAY', 'duration': 'DAY', 'price': '0', 'squareoff': '0', 'stoploss': '0', 'quantity': '3'}
2026-07-16 06:09:43,657  INFO      [OPEN] [DRY] SIEMENS.NS qty=3 @ Rs 3690.60 SL Rs 3621.40 TGT Rs 3717.05 (order=None)
2026-07-16 06:09:43,657  INFO      [DRY] Angel order would be: {'variety': 'NORMAL', 'tradingsymbol': 'SRF-EQ', 'symboltoken': '3273', 'transactiontype': 'BUY', 'exchange': 'NSE', 'ordertype': 'MARKET', 'producttype': 'INTRADAY', 'duration': 'DAY', 'price': '0', 'squareoff': '0', 'stoploss': '0', 'quantity': '3'}
2026-07-16 06:09:43,658  INFO      [OPEN] [DRY] SRF.NS qty=3 @ Rs 2866.70 SL Rs 2794.06 TGT Rs 3002.23 (order=None)
2026-07-16 06:09:43,658  INFO      [DRY] Angel order would be: {'variety': 'NORMAL', 'tradingsymbol': 'ICICIPRULI-EQ', 'symboltoken': '18652', 'transactiontype': 'BUY', 'exchange': 'NSE', 'ordertype': 'MARKET', 'producttype': 'INTRADAY', 'duration': 'DAY', 'price': '0', 'squareoff': '0', 'stoploss': '0', 'quantity': '16'}
2026-07-16 06:09:43,658  INFO      [OPEN] [DRY] ICICIPRULI.NS qty=16 @ Rs 510.80 SL Rs 495.79 TGT Rs 522.85 (order=None)
2026-07-16 06:09:43,662  INFO      tick result: {'ok': True, 'actions': 4, 'open_trades': 6, 'closed_today': 0, 'realised_pnl': 0.0, 'cumulative_pnl': -3350.1, 'halted': False, 'messages': ['[OPEN] [DRY] ABB.NS qty=1 @ Rs 7792.50 SL Rs 7553.44 TGT Rs 8162.62 (order=None)', '[OPEN] [DRY] SIEMENS.NS qty=3 @ Rs 3690.60 SL Rs 3621.40 TGT Rs 3717.05 (order=None)', '[OPEN] [DRY] SRF.NS qty=3 @ Rs 2866.70 SL Rs 2794.06 TGT Rs 3002.23 (order=None)', '[OPEN] [DRY] ICICIPRULI.NS qty=16 @ Rs 510.80 SL Rs 495.79 TGT Rs 522.85 (order=None)']}
2026-07-16 06:09:43,662  INFO      tick result: {'ok': True, 'actions': 4, 'open_trades': 6, 'closed_today': 0, 'realised_pnl': 0.0, 'cumulative_pnl': -3350.1, 'halted': False, 'messages': ['[OPEN] [DRY] ABB.NS qty=1 @ Rs 7792.50 SL Rs 7553.44 TGT Rs 8162.62 (order=None)', '[OPEN] [DRY] SIEMENS.NS qty=3 @ Rs 3690.60 SL Rs 3621.40 TGT Rs 3717.05 (order=None)', '[OPEN] [DRY] SRF.NS qty=3 @ Rs 2866.70 SL Rs 2794.06 TGT Rs 3002.23 (order=None)', '[OPEN] [DRY] ICICIPRULI.NS qty=16 @ Rs 510.80 SL Rs 495.79 TGT Rs 522.85 (order=None)']}
