2026-07-08 06:19:19,293  INFO      angel_one starting ... (cmd=paper-trade)
2026-07-08 06:19:19,293  INFO      angel_one starting ... (cmd=paper-trade)
2026-07-08 06:19:19,310  INFO      refresh: generating today's picks via analyzer (dry-run, no PDF)
2026-07-08 06:19:19,310  INFO      refresh: generating today's picks via analyzer (dry-run, no PDF)
2026-07-08 06:19:20,034  INFO      == Stock analyzer run starting ==
2026-07-08 06:19:20,034  INFO      Watchlist: 11 symbols from data/stock_watchlist.txt
2026-07-08 06:19:20,034  INFO      Universe: 107 symbols (total available: 107)
2026-07-08 06:19:20,612  INFO      [1/107] fetching TATAPOWER.NS …
2026-07-08 06:19:21,153  INFO      [2/107] fetching IRFC.NS …
2026-07-08 06:19:21,641  INFO      [3/107] fetching SUZLON.NS …
2026-07-08 06:19:22,121  INFO      [4/107] fetching IREDA.NS …
2026-07-08 06:19:22,602  INFO      [5/107] fetching BHEL.NS …
2026-07-08 06:19:23,110  INFO      [6/107] fetching KPITTECH.NS …
2026-07-08 06:19:23,598  INFO      [7/107] fetching POLYCAB.NS …
2026-07-08 06:19:24,084  INFO      [8/107] fetching PERSISTENT.NS …
2026-07-08 06:19:24,584  INFO      [9/107] fetching ITC.NS …
2026-07-08 06:19:25,110  INFO      [10/107] fetching POWERGRID.NS …
2026-07-08 06:19:25,617  INFO      [11/107] fetching COALINDIA.NS …
2026-07-08 06:19:26,113  INFO      [12/107] fetching RELIANCE.NS …
2026-07-08 06:19:26,639  INFO      [13/107] fetching TCS.NS …
2026-07-08 06:19:27,141  INFO      [14/107] fetching HDFCBANK.NS …
2026-07-08 06:19:27,651  INFO      [15/107] fetching INFY.NS …
2026-07-08 06:19:28,164  INFO      [16/107] fetching ICICIBANK.NS …
2026-07-08 06:19:28,679  INFO      [17/107] fetching HINDUNILVR.NS …
2026-07-08 06:19:29,197  INFO      [18/107] fetching SBIN.NS …
2026-07-08 06:19:29,716  INFO      [19/107] fetching BHARTIARTL.NS …
2026-07-08 06:19:30,263  INFO      [20/107] fetching KOTAKBANK.NS …
2026-07-08 06:19:30,834  INFO      [21/107] fetching LT.NS …
2026-07-08 06:19:31,341  INFO      [22/107] fetching AXISBANK.NS …
2026-07-08 06:19:31,860  INFO      [23/107] fetching BAJFINANCE.NS …
2026-07-08 06:19:32,365  INFO      [24/107] fetching ASIANPAINT.NS …
2026-07-08 06:19:32,926  INFO      [25/107] fetching MARUTI.NS …
2026-07-08 06:19:33,430  INFO      [26/107] fetching HCLTECH.NS …
2026-07-08 06:19:33,938  INFO      [27/107] fetching SUNPHARMA.NS …
2026-07-08 06:19:34,448  INFO      [28/107] fetching TITAN.NS …
2026-07-08 06:19:34,952  INFO      [29/107] fetching ULTRACEMCO.NS …
2026-07-08 06:19:35,469  INFO      [30/107] fetching WIPRO.NS …
2026-07-08 06:19:36,034  INFO      [31/107] fetching NESTLEIND.NS …
2026-07-08 06:19:36,541  INFO      [32/107] fetching ADANIENT.NS …
2026-07-08 06:19:37,046  INFO      [33/107] fetching NTPC.NS …
2026-07-08 06:19:37,561  INFO      [34/107] fetching TATAMOTORS.NS …
2026-07-08 06:19:38,748  WARNING   [TATAMOTORS.NS] insufficient history (0 rows)
2026-07-08 06:19:39,148  INFO      [35/107] fetching M&M.NS …
2026-07-08 06:19:39,667  INFO      [36/107] fetching TATASTEEL.NS …
2026-07-08 06:19:40,187  INFO      [37/107] fetching JSWSTEEL.NS …
2026-07-08 06:19:40,700  INFO      [38/107] fetching ONGC.NS …
2026-07-08 06:19:41,292  INFO      [39/107] fetching TECHM.NS …
2026-07-08 06:19:41,792  INFO      [40/107] fetching BAJAJFINSV.NS …
2026-07-08 06:19:42,309  INFO      [41/107] fetching HINDALCO.NS …
2026-07-08 06:19:42,833  INFO      [42/107] fetching GRASIM.NS …
2026-07-08 06:19:43,355  INFO      [43/107] fetching DRREDDY.NS …
2026-07-08 06:19:43,869  INFO      [44/107] fetching CIPLA.NS …
2026-07-08 06:19:44,385  INFO      [45/107] fetching DIVISLAB.NS …
2026-07-08 06:19:44,991  INFO      [46/107] fetching EICHERMOT.NS …
2026-07-08 06:19:45,504  INFO      [47/107] fetching BRITANNIA.NS …
2026-07-08 06:19:46,024  INFO      [48/107] fetching HEROMOTOCO.NS …
2026-07-08 06:19:46,536  INFO      [49/107] fetching BAJAJ-AUTO.NS …
2026-07-08 06:19:47,037  INFO      [50/107] fetching INDUSINDBK.NS …
2026-07-08 06:19:47,537  INFO      [51/107] fetching APOLLOHOSP.NS …
2026-07-08 06:19:48,044  INFO      [52/107] fetching TATACONSUM.NS …
2026-07-08 06:19:48,561  INFO      [53/107] fetching UPL.NS …
2026-07-08 06:19:49,075  INFO      [54/107] fetching BPCL.NS …
2026-07-08 06:19:49,592  INFO      [55/107] fetching SBILIFE.NS …
2026-07-08 06:19:50,082  INFO      [56/107] fetching HDFCLIFE.NS …
2026-07-08 06:19:50,568  INFO      [57/107] fetching ADANIPORTS.NS …
2026-07-08 06:19:51,068  INFO      [58/107] fetching LTIM.NS …
2026-07-08 06:19:51,605  WARNING   [LTIM.NS] insufficient history (0 rows)
2026-07-08 06:19:52,006  INFO      [59/107] fetching ABB.NS …
2026-07-08 06:19:52,509  INFO      [60/107] fetching ADANIGREEN.NS …
2026-07-08 06:19:52,991  INFO      [61/107] fetching ADANIPOWER.NS …
2026-07-08 06:19:53,478  INFO      [62/107] fetching AMBUJACEM.NS …
2026-07-08 06:19:53,996  INFO      [63/107] fetching DMART.NS …
2026-07-08 06:19:54,479  INFO      [64/107] fetching BAJAJHLDNG.NS …
2026-07-08 06:19:54,981  INFO      [65/107] fetching BANKBARODA.NS …
2026-07-08 06:19:55,489  INFO      [66/107] fetching BERGEPAINT.NS …
2026-07-08 06:19:56,041  INFO      [67/107] fetching BOSCHLTD.NS …
2026-07-08 06:19:56,542  INFO      [68/107] fetching CANBK.NS …
2026-07-08 06:19:57,045  INFO      [69/107] fetching CHOLAFIN.NS …
2026-07-08 06:19:57,555  INFO      [70/107] fetching COLPAL.NS …
2026-07-08 06:19:58,110  INFO      [71/107] fetching DABUR.NS …
2026-07-08 06:19:58,644  INFO      [72/107] fetching DLF.NS …
2026-07-08 06:19:59,148  INFO      [73/107] fetching GAIL.NS …
2026-07-08 06:19:59,682  INFO      [74/107] fetching GODREJCP.NS …
2026-07-08 06:20:00,189  INFO      [75/107] fetching HAVELLS.NS …
2026-07-08 06:20:00,705  INFO      [76/107] fetching HAL.NS …
2026-07-08 06:20:01,191  INFO      [77/107] fetching ICICIGI.NS …
2026-07-08 06:20:01,679  INFO      [78/107] fetching ICICIPRULI.NS …
2026-07-08 06:20:02,171  INFO      [79/107] fetching IOC.NS …
2026-07-08 06:20:02,729  INFO      [80/107] fetching IRCTC.NS …
2026-07-08 06:20:03,230  INFO      [81/107] fetching JINDALSTEL.NS …
2026-07-08 06:20:03,743  INFO      [82/107] fetching LICI.NS …
2026-07-08 06:20:04,230  INFO      [83/107] fetching MARICO.NS …
2026-07-08 06:20:04,739  INFO      [84/107] fetching MOTHERSON.NS …
2026-07-08 06:20:05,244  INFO      [85/107] fetching NAUKRI.NS …
2026-07-08 06:20:05,747  INFO      [86/107] fetching PIDILITIND.NS …
2026-07-08 06:20:06,254  INFO      [87/107] fetching PNB.NS …
2026-07-08 06:20:06,769  INFO      [88/107] fetching PFC.NS …
2026-07-08 06:20:07,279  INFO      [89/107] fetching RECLTD.NS …
2026-07-08 06:20:07,780  INFO      [90/107] fetching SIEMENS.NS …
2026-07-08 06:20:08,287  INFO      [91/107] fetching SRF.NS …
2026-07-08 06:20:08,799  INFO      [92/107] fetching SHREECEM.NS …
2026-07-08 06:20:09,303  INFO      [93/107] fetching SHRIRAMFIN.NS …
2026-07-08 06:20:09,812  INFO      [94/107] fetching TORNTPHARM.NS …
2026-07-08 06:20:10,314  INFO      [95/107] fetching TRENT.NS …
2026-07-08 06:20:10,819  INFO      [96/107] fetching TVSMOTOR.NS …
2026-07-08 06:20:11,330  INFO      [97/107] fetching VEDL.NS …
2026-07-08 06:20:11,846  INFO      [98/107] fetching VBL.NS …
2026-07-08 06:20:12,343  INFO      [99/107] fetching ZOMATO.NS …
2026-07-08 06:20:12,940  WARNING   [ZOMATO.NS] insufficient history (0 rows)
2026-07-08 06:20:13,340  INFO      [100/107] fetching ZYDUSLIFE.NS …
2026-07-08 06:20:13,849  INFO      [101/107] fetching INDIGO.NS …
2026-07-08 06:20:14,369  INFO      [102/107] fetching IDEA.NS …
2026-07-08 06:20:14,853  INFO      [103/107] fetching BANKINDIA.NS …
2026-07-08 06:20:15,423  INFO      [104/107] fetching PAGEIND.NS …
2026-07-08 06:20:15,929  INFO      [105/107] fetching MUTHOOTFIN.NS …
2026-07-08 06:20:16,488  INFO      [106/107] fetching TATAELXSI.NS …
2026-07-08 06:20:16,990  INFO      [107/107] fetching LUPIN.NS …
2026-07-08 06:20:17,109  INFO      Fetched 104/107 symbols successfully.
2026-07-08 06:20:19,588  WARNING   [MF 120503] fetch failed: HTTPSConnectionPool(host='api.mfapi.in', port=443): Read timed out. (read timeout=2)
2026-07-08 06:20:22,041  INFO      Fetched 200 headlines from RSS (Indian + global/geopolitics).
2026-07-08 06:20:24,619  INFO      Macro regime: neutral | bias=-1 | geo-risk=52.9
2026-07-08 06:20:24,637  INFO      NSE corp announcements: 20 filings
2026-07-08 06:20:26,353  INFO      Angel One login successful.
2026-07-08 06:20:27,452  INFO      Saved report → data/stock_reports/2026-07-08_0620.json
2026-07-08 06:20:28,010  INFO      Report image saved → logs/stock_analyzer/2026-07-08/stock_report.png  [1920×1280]
2026-07-08 06:20:28,010  INFO      Dry-run: skipping send. Image + PDF saved locally; console printed.
2026-07-08 06:20:28,011  INFO      == Stock analyzer run complete ==
2026-07-08 06:20:28,013  INFO      [Note] PAPER TRADING -- virtual cash Rs 100,000, max_positions=6 max_pct=15% buckets=('intraday', 'swing') state=data/paper_trader_state.json
2026-07-08 06:20:28,013  INFO      [Note] PAPER TRADING -- virtual cash Rs 100,000, max_positions=6 max_pct=15% buckets=('intraday', 'swing') state=data/paper_trader_state.json
2026-07-08 06:20:28,014  INFO      paper-trader: new day, archived 4 trades (cumulative ₹-1,765)
2026-07-08 06:20:42,246  INFO      [DRY] Angel order would be: {'variety': 'NORMAL', 'tradingsymbol': 'AXISBANK-EQ', 'symboltoken': '5900', 'transactiontype': 'SELL', 'exchange': 'NSE', 'ordertype': 'MARKET', 'producttype': 'INTRADAY', 'duration': 'DAY', 'price': '0', 'squareoff': '0', 'stoploss': '0', 'quantity': '6'}
2026-07-08 06:20:42,247  INFO      [SL] [DRY] CLOSE AXISBANK.NS qty=6 @ Rs 1318.90 P&L Rs -259 (gross Rs -247, cost Rs 12; SL hit @ 1318.90)
2026-07-08 06:20:42,247  INFO      [DRY] Angel order would be: {'variety': 'NORMAL', 'tradingsymbol': 'NAUKRI-EQ', 'symboltoken': '13751', 'transactiontype': 'BUY', 'exchange': 'NSE', 'ordertype': 'MARKET', 'producttype': 'INTRADAY', 'duration': 'DAY', 'price': '0', 'squareoff': '0', 'stoploss': '0', 'quantity': '10'}
2026-07-08 06:20:42,247  INFO      [OPEN] [DRY] NAUKRI.NS qty=10 @ Rs 1194.00 SL Rs 1154.90 TGT Rs 1251.35 (order=None)
2026-07-08 06:20:42,247  INFO      [DRY] Angel order would be: {'variety': 'NORMAL', 'tradingsymbol': 'ZYDUSLIFE-EQ', 'symboltoken': '7929', 'transactiontype': 'BUY', 'exchange': 'NSE', 'ordertype': 'MARKET', 'producttype': 'INTRADAY', 'duration': 'DAY', 'price': '0', 'squareoff': '0', 'stoploss': '0', 'quantity': '9'}
2026-07-08 06:20:42,247  INFO      [OPEN] [DRY] ZYDUSLIFE.NS qty=9 @ Rs 1170.00 SL Rs 1145.12 TGT Rs 1226.04 (order=None)
2026-07-08 06:20:42,247  INFO      [DRY] Angel order would be: {'variety': 'NORMAL', 'tradingsymbol': 'INDUSINDBK-EQ', 'symboltoken': '5258', 'transactiontype': 'BUY', 'exchange': 'NSE', 'ordertype': 'MARKET', 'producttype': 'INTRADAY', 'duration': 'DAY', 'price': '0', 'squareoff': '0', 'stoploss': '0', 'quantity': '9'}
2026-07-08 06:20:42,247  INFO      [OPEN] [DRY] INDUSINDBK.NS qty=9 @ Rs 1020.50 SL Rs 995.86 TGT Rs 1069.23 (order=None)
2026-07-08 06:20:42,247  INFO      [DRY] Angel order would be: {'variety': 'NORMAL', 'tradingsymbol': 'ICICIGI-EQ', 'symboltoken': '21770', 'transactiontype': 'BUY', 'exchange': 'NSE', 'ordertype': 'MARKET', 'producttype': 'INTRADAY', 'duration': 'DAY', 'price': '0', 'squareoff': '0', 'stoploss': '0', 'quantity': '4'}
2026-07-08 06:20:42,247  INFO      [OPEN] [DRY] ICICIGI.NS qty=4 @ Rs 1824.90 SL Rs 1787.25 TGT Rs 1853.09 (order=None)
2026-07-08 06:20:42,251  INFO      tick result: {'ok': True, 'actions': 5, 'open_trades': 5, 'closed_today': 1, 'realised_pnl': -258.66, 'cumulative_pnl': -2023.66, 'halted': False, 'messages': ['[SL] [DRY] CLOSE AXISBANK.NS qty=6 @ Rs 1318.90 P&L Rs -259 (gross Rs -247, cost Rs 12; SL hit @ 1318.90)', '[OPEN] [DRY] NAUKRI.NS qty=10 @ Rs 1194.00 SL Rs 1154.90 TGT Rs 1251.35 (order=None)', '[OPEN] [DRY] ZYDUSLIFE.NS qty=9 @ Rs 1170.00 SL Rs 1145.12 TGT Rs 1226.04 (order=None)', '[OPEN] [DRY] INDUSINDBK.NS qty=9 @ Rs 1020.50 SL Rs 995.86 TGT Rs 1069.23 (order=None)', '[OPEN] [DRY] ICICIGI.NS qty=4 @ Rs 1824.90 SL Rs 1787.25 TGT Rs 1853.09 (order=None)']}
2026-07-08 06:20:42,251  INFO      tick result: {'ok': True, 'actions': 5, 'open_trades': 5, 'closed_today': 1, 'realised_pnl': -258.66, 'cumulative_pnl': -2023.66, 'halted': False, 'messages': ['[SL] [DRY] CLOSE AXISBANK.NS qty=6 @ Rs 1318.90 P&L Rs -259 (gross Rs -247, cost Rs 12; SL hit @ 1318.90)', '[OPEN] [DRY] NAUKRI.NS qty=10 @ Rs 1194.00 SL Rs 1154.90 TGT Rs 1251.35 (order=None)', '[OPEN] [DRY] ZYDUSLIFE.NS qty=9 @ Rs 1170.00 SL Rs 1145.12 TGT Rs 1226.04 (order=None)', '[OPEN] [DRY] INDUSINDBK.NS qty=9 @ Rs 1020.50 SL Rs 995.86 TGT Rs 1069.23 (order=None)', '[OPEN] [DRY] ICICIGI.NS qty=4 @ Rs 1824.90 SL Rs 1787.25 TGT Rs 1853.09 (order=None)']}
