2026-05-26 07:33:35,516  INFO      angel_one starting ... (cmd=paper-trade)
2026-05-26 07:33:35,516  INFO      angel_one starting ... (cmd=paper-trade)
2026-05-26 07:33:35,533  INFO      refresh: generating today's picks via analyzer (dry-run, no PDF)
2026-05-26 07:33:35,533  INFO      refresh: generating today's picks via analyzer (dry-run, no PDF)
2026-05-26 07:33:36,313  INFO      == Stock analyzer run starting ==
2026-05-26 07:33:36,313  INFO      Watchlist: 11 symbols from data/stock_watchlist.txt
2026-05-26 07:33:36,314  INFO      Universe: 107 symbols (total available: 107)
2026-05-26 07:33:37,644  INFO      [1/107] fetching TATAPOWER.NS …
2026-05-26 07:33:38,204  INFO      [2/107] fetching IRFC.NS …
2026-05-26 07:33:38,691  INFO      [3/107] fetching SUZLON.NS …
2026-05-26 07:33:39,187  INFO      [4/107] fetching IREDA.NS …
2026-05-26 07:33:39,670  INFO      [5/107] fetching BHEL.NS …
2026-05-26 07:33:40,174  INFO      [6/107] fetching KPITTECH.NS …
2026-05-26 07:33:40,666  INFO      [7/107] fetching POLYCAB.NS …
2026-05-26 07:33:41,168  INFO      [8/107] fetching PERSISTENT.NS …
2026-05-26 07:33:41,663  INFO      [9/107] fetching ITC.NS …
2026-05-26 07:33:42,181  INFO      [10/107] fetching POWERGRID.NS …
2026-05-26 07:33:42,716  INFO      [11/107] fetching COALINDIA.NS …
2026-05-26 07:33:43,211  INFO      [12/107] fetching RELIANCE.NS …
2026-05-26 07:33:43,731  INFO      [13/107] fetching TCS.NS …
2026-05-26 07:33:44,244  INFO      [14/107] fetching HDFCBANK.NS …
2026-05-26 07:33:44,762  INFO      [15/107] fetching INFY.NS …
2026-05-26 07:33:45,313  INFO      [16/107] fetching ICICIBANK.NS …
2026-05-26 07:33:45,826  INFO      [17/107] fetching HINDUNILVR.NS …
2026-05-26 07:33:46,337  INFO      [18/107] fetching SBIN.NS …
2026-05-26 07:33:46,867  INFO      [19/107] fetching BHARTIARTL.NS …
2026-05-26 07:33:47,370  INFO      [20/107] fetching KOTAKBANK.NS …
2026-05-26 07:33:47,907  INFO      [21/107] fetching LT.NS …
2026-05-26 07:33:48,411  INFO      [22/107] fetching AXISBANK.NS …
2026-05-26 07:33:48,926  INFO      [23/107] fetching BAJFINANCE.NS …
2026-05-26 07:33:49,438  INFO      [24/107] fetching ASIANPAINT.NS …
2026-05-26 07:33:49,951  INFO      [25/107] fetching MARUTI.NS …
2026-05-26 07:33:50,466  INFO      [26/107] fetching HCLTECH.NS …
2026-05-26 07:33:50,988  INFO      [27/107] fetching SUNPHARMA.NS …
2026-05-26 07:33:51,508  INFO      [28/107] fetching TITAN.NS …
2026-05-26 07:33:52,015  INFO      [29/107] fetching ULTRACEMCO.NS …
2026-05-26 07:33:52,563  INFO      [30/107] fetching WIPRO.NS …
2026-05-26 07:33:53,077  INFO      [31/107] fetching NESTLEIND.NS …
2026-05-26 07:33:53,585  INFO      [32/107] fetching ADANIENT.NS …
2026-05-26 07:33:54,095  INFO      [33/107] fetching NTPC.NS …
2026-05-26 07:33:54,601  INFO      [34/107] fetching TATAMOTORS.NS …
2026-05-26 07:33:56,207  WARNING   [TATAMOTORS.NS] insufficient history (0 rows)
2026-05-26 07:33:56,607  INFO      [35/107] fetching M&M.NS …
2026-05-26 07:33:57,119  INFO      [36/107] fetching TATASTEEL.NS …
2026-05-26 07:33:57,628  INFO      [37/107] fetching JSWSTEEL.NS …
2026-05-26 07:33:58,138  INFO      [38/107] fetching ONGC.NS …
2026-05-26 07:33:58,650  INFO      [39/107] fetching TECHM.NS …
2026-05-26 07:33:59,156  INFO      [40/107] fetching BAJAJFINSV.NS …
2026-05-26 07:33:59,664  INFO      [41/107] fetching HINDALCO.NS …
2026-05-26 07:34:00,180  INFO      [42/107] fetching GRASIM.NS …
2026-05-26 07:34:00,692  INFO      [43/107] fetching DRREDDY.NS …
2026-05-26 07:34:01,213  INFO      [44/107] fetching CIPLA.NS …
2026-05-26 07:34:01,732  INFO      [45/107] fetching DIVISLAB.NS …
2026-05-26 07:34:02,237  INFO      [46/107] fetching EICHERMOT.NS …
2026-05-26 07:34:02,745  INFO      [47/107] fetching BRITANNIA.NS …
2026-05-26 07:34:03,263  INFO      [48/107] fetching HEROMOTOCO.NS …
2026-05-26 07:34:03,774  INFO      [49/107] fetching BAJAJ-AUTO.NS …
2026-05-26 07:34:04,276  INFO      [50/107] fetching INDUSINDBK.NS …
2026-05-26 07:34:04,786  INFO      [51/107] fetching APOLLOHOSP.NS …
2026-05-26 07:34:05,294  INFO      [52/107] fetching TATACONSUM.NS …
2026-05-26 07:34:05,814  INFO      [53/107] fetching UPL.NS …
2026-05-26 07:34:06,314  INFO      [54/107] fetching BPCL.NS …
2026-05-26 07:34:06,827  INFO      [55/107] fetching SBILIFE.NS …
2026-05-26 07:34:07,310  INFO      [56/107] fetching HDFCLIFE.NS …
2026-05-26 07:34:07,798  INFO      [57/107] fetching ADANIPORTS.NS …
2026-05-26 07:34:08,302  INFO      [58/107] fetching LTIM.NS …
2026-05-26 07:34:09,724  WARNING   [LTIM.NS] insufficient history (0 rows)
2026-05-26 07:34:10,124  INFO      [59/107] fetching ABB.NS …
2026-05-26 07:34:10,634  INFO      [60/107] fetching ADANIGREEN.NS …
2026-05-26 07:34:11,115  INFO      [61/107] fetching ADANIPOWER.NS …
2026-05-26 07:34:11,596  INFO      [62/107] fetching AMBUJACEM.NS …
2026-05-26 07:34:12,112  INFO      [63/107] fetching DMART.NS …
2026-05-26 07:34:12,603  INFO      [64/107] fetching BAJAJHLDNG.NS …
2026-05-26 07:34:13,106  INFO      [65/107] fetching BANKBARODA.NS …
2026-05-26 07:34:13,609  INFO      [66/107] fetching BERGEPAINT.NS …
2026-05-26 07:34:14,126  INFO      [67/107] fetching BOSCHLTD.NS …
2026-05-26 07:34:14,641  INFO      [68/107] fetching CANBK.NS …
2026-05-26 07:34:15,147  INFO      [69/107] fetching CHOLAFIN.NS …
2026-05-26 07:34:15,657  INFO      [70/107] fetching COLPAL.NS …
2026-05-26 07:34:16,157  INFO      [71/107] fetching DABUR.NS …
2026-05-26 07:34:16,667  INFO      [72/107] fetching DLF.NS …
2026-05-26 07:34:17,185  INFO      [73/107] fetching GAIL.NS …
2026-05-26 07:34:17,702  INFO      [74/107] fetching GODREJCP.NS …
2026-05-26 07:34:18,220  INFO      [75/107] fetching HAVELLS.NS …
2026-05-26 07:34:18,730  INFO      [76/107] fetching HAL.NS …
2026-05-26 07:34:19,222  INFO      [77/107] fetching ICICIGI.NS …
2026-05-26 07:34:19,711  INFO      [78/107] fetching ICICIPRULI.NS …
2026-05-26 07:34:20,215  INFO      [79/107] fetching IOC.NS …
2026-05-26 07:34:20,724  INFO      [80/107] fetching IRCTC.NS …
2026-05-26 07:34:21,215  INFO      [81/107] fetching JINDALSTEL.NS …
2026-05-26 07:34:21,729  INFO      [82/107] fetching LICI.NS …
2026-05-26 07:34:22,219  INFO      [83/107] fetching MARICO.NS …
2026-05-26 07:34:22,737  INFO      [84/107] fetching MOTHERSON.NS …
2026-05-26 07:34:23,288  INFO      [85/107] fetching NAUKRI.NS …
2026-05-26 07:34:23,797  INFO      [86/107] fetching PIDILITIND.NS …
2026-05-26 07:34:24,304  INFO      [87/107] fetching PNB.NS …
2026-05-26 07:34:24,808  INFO      [88/107] fetching PFC.NS …
2026-05-26 07:34:25,307  INFO      [89/107] fetching RECLTD.NS …
2026-05-26 07:34:25,810  INFO      [90/107] fetching SIEMENS.NS …
2026-05-26 07:34:26,323  INFO      [91/107] fetching SRF.NS …
2026-05-26 07:34:26,840  INFO      [92/107] fetching SHREECEM.NS …
2026-05-26 07:34:27,353  INFO      [93/107] fetching SHRIRAMFIN.NS …
2026-05-26 07:34:27,868  INFO      [94/107] fetching TORNTPHARM.NS …
2026-05-26 07:34:28,371  INFO      [95/107] fetching TRENT.NS …
2026-05-26 07:34:28,882  INFO      [96/107] fetching TVSMOTOR.NS …
2026-05-26 07:34:29,396  INFO      [97/107] fetching VEDL.NS …
2026-05-26 07:34:29,928  INFO      [98/107] fetching VBL.NS …
2026-05-26 07:34:30,425  INFO      [99/107] fetching ZOMATO.NS …
2026-05-26 07:34:31,484  WARNING   [ZOMATO.NS] insufficient history (0 rows)
2026-05-26 07:34:31,884  INFO      [100/107] fetching ZYDUSLIFE.NS …
2026-05-26 07:34:32,394  INFO      [101/107] fetching INDIGO.NS …
2026-05-26 07:34:32,890  INFO      [102/107] fetching IDEA.NS …
2026-05-26 07:34:33,380  INFO      [103/107] fetching BANKINDIA.NS …
2026-05-26 07:34:33,900  INFO      [104/107] fetching PAGEIND.NS …
2026-05-26 07:34:34,401  INFO      [105/107] fetching MUTHOOTFIN.NS …
2026-05-26 07:34:34,897  INFO      [106/107] fetching TATAELXSI.NS …
2026-05-26 07:34:35,399  INFO      [107/107] fetching LUPIN.NS …
2026-05-26 07:34:35,538  INFO      Fetched 104/107 symbols successfully.
2026-05-26 07:34:39,467  INFO      Fetched 200 headlines from RSS (Indian + global/geopolitics).
2026-05-26 07:34:42,638  INFO      Macro regime: risk-on | bias=5 | geo-risk=51.2
2026-05-26 07:34:42,921  INFO      NSE corp announcements: 20 filings
2026-05-26 07:34:44,542  INFO      Angel One login successful.
2026-05-26 07:34:45,332  INFO      Saved report → data/stock_reports/2026-05-26_0734.json
2026-05-26 07:34:45,871  INFO      Report image saved → logs/stock_analyzer/2026-05-26/stock_report.png  [1920×1280]
2026-05-26 07:34:45,871  INFO      Dry-run: skipping send. Image + PDF saved locally; console printed.
2026-05-26 07:34:45,872  INFO      == Stock analyzer run complete ==
2026-05-26 07:34:45,876  INFO      [Note] PAPER TRADING -- virtual cash Rs 100,000, max_positions=6 max_pct=15% buckets=('intraday', 'swing') state=data/paper_trader_state.json
2026-05-26 07:34:45,876  INFO      [Note] PAPER TRADING -- virtual cash Rs 100,000, max_positions=6 max_pct=15% buckets=('intraday', 'swing') state=data/paper_trader_state.json
2026-05-26 07:34:45,877  INFO      paper-trader: new day, archived 4 trades (cumulative ₹+416)
2026-05-26 07:34:59,728  INFO      [DRY] Angel order would be: {'variety': 'NORMAL', 'tradingsymbol': 'NAUKRI-EQ', 'symboltoken': '13751', 'transactiontype': 'BUY', 'exchange': 'NSE', 'ordertype': 'MARKET', 'producttype': 'INTRADAY', 'duration': 'DAY', 'price': '0', 'squareoff': '0', 'stoploss': '0', 'quantity': '13'}
2026-05-26 07:34:59,728  INFO      [OPEN] [DRY] NAUKRI.NS qty=13 @ Rs 978.75 SL Rs 961.97 TGT Rs 994.01 (order=None)
2026-05-26 07:34:59,728  INFO      [DRY] Angel order would be: {'variety': 'NORMAL', 'tradingsymbol': 'ADANIPOWER-EQ', 'symboltoken': '17388', 'transactiontype': 'BUY', 'exchange': 'NSE', 'ordertype': 'MARKET', 'producttype': 'INTRADAY', 'duration': 'DAY', 'price': '0', 'squareoff': '0', 'stoploss': '0', 'quantity': '45'}
2026-05-26 07:34:59,728  INFO      [OPEN] [DRY] ADANIPOWER.NS qty=45 @ Rs 243.76 SL Rs 234.98 TGT Rs 255.37 (order=None)
2026-05-26 07:34:59,728  INFO      [DRY] Angel order would be: {'variety': 'NORMAL', 'tradingsymbol': 'LICI-EQ', 'symboltoken': '9480', 'transactiontype': 'BUY', 'exchange': 'NSE', 'ordertype': 'MARKET', 'producttype': 'INTRADAY', 'duration': 'DAY', 'price': '0', 'squareoff': '0', 'stoploss': '0', 'quantity': '11'}
2026-05-26 07:34:59,728  INFO      [OPEN] [DRY] LICI.NS qty=11 @ Rs 850.75 SL Rs 831.87 TGT Rs 854.64 (order=None)
2026-05-26 07:34:59,728  INFO      [DRY] Angel order would be: {'variety': 'NORMAL', 'tradingsymbol': 'AMBUJACEM-EQ', 'symboltoken': '1270', 'transactiontype': 'BUY', 'exchange': 'NSE', 'ordertype': 'MARKET', 'producttype': 'INTRADAY', 'duration': 'DAY', 'price': '0', 'squareoff': '0', 'stoploss': '0', 'quantity': '17'}
2026-05-26 07:34:59,728  INFO      [OPEN] [DRY] AMBUJACEM.NS qty=17 @ Rs 447.20 SL Rs 441.03 TGT Rs 450.65 (order=None)
2026-05-26 07:34:59,731  INFO      tick result: {'ok': True, 'actions': 4, 'open_trades': 6, 'closed_today': 0, 'realised_pnl': 0.0, 'cumulative_pnl': 415.65, 'halted': False, 'messages': ['[OPEN] [DRY] NAUKRI.NS qty=13 @ Rs 978.75 SL Rs 961.97 TGT Rs 994.01 (order=None)', '[OPEN] [DRY] ADANIPOWER.NS qty=45 @ Rs 243.76 SL Rs 234.98 TGT Rs 255.37 (order=None)', '[OPEN] [DRY] LICI.NS qty=11 @ Rs 850.75 SL Rs 831.87 TGT Rs 854.64 (order=None)', '[OPEN] [DRY] AMBUJACEM.NS qty=17 @ Rs 447.20 SL Rs 441.03 TGT Rs 450.65 (order=None)']}
2026-05-26 07:34:59,731  INFO      tick result: {'ok': True, 'actions': 4, 'open_trades': 6, 'closed_today': 0, 'realised_pnl': 0.0, 'cumulative_pnl': 415.65, 'halted': False, 'messages': ['[OPEN] [DRY] NAUKRI.NS qty=13 @ Rs 978.75 SL Rs 961.97 TGT Rs 994.01 (order=None)', '[OPEN] [DRY] ADANIPOWER.NS qty=45 @ Rs 243.76 SL Rs 234.98 TGT Rs 255.37 (order=None)', '[OPEN] [DRY] LICI.NS qty=11 @ Rs 850.75 SL Rs 831.87 TGT Rs 854.64 (order=None)', '[OPEN] [DRY] AMBUJACEM.NS qty=17 @ Rs 447.20 SL Rs 441.03 TGT Rs 450.65 (order=None)']}
