2026-05-25 08:09:11,884  INFO      angel_one starting ... (cmd=paper-trade)
2026-05-25 08:09:11,884  INFO      angel_one starting ... (cmd=paper-trade)
2026-05-25 08:09:11,900  INFO      refresh: generating today's picks via analyzer (dry-run, no PDF)
2026-05-25 08:09:11,900  INFO      refresh: generating today's picks via analyzer (dry-run, no PDF)
2026-05-25 08:09:12,950  INFO      == Stock analyzer run starting ==
2026-05-25 08:09:12,950  INFO      Watchlist: 11 symbols from data/stock_watchlist.txt
2026-05-25 08:09:12,950  INFO      Universe: 107 symbols (total available: 107)
2026-05-25 08:09:13,628  INFO      [1/107] fetching TATAPOWER.NS …
2026-05-25 08:09:14,164  INFO      [2/107] fetching IRFC.NS …
2026-05-25 08:09:14,649  INFO      [3/107] fetching SUZLON.NS …
2026-05-25 08:09:15,130  INFO      [4/107] fetching IREDA.NS …
2026-05-25 08:09:15,605  INFO      [5/107] fetching BHEL.NS …
2026-05-25 08:09:16,109  INFO      [6/107] fetching KPITTECH.NS …
2026-05-25 08:09:16,590  INFO      [7/107] fetching POLYCAB.NS …
2026-05-25 08:09:17,074  INFO      [8/107] fetching PERSISTENT.NS …
2026-05-25 08:09:17,572  INFO      [9/107] fetching ITC.NS …
2026-05-25 08:09:18,086  INFO      [10/107] fetching POWERGRID.NS …
2026-05-25 08:09:18,613  INFO      [11/107] fetching COALINDIA.NS …
2026-05-25 08:09:19,102  INFO      [12/107] fetching RELIANCE.NS …
2026-05-25 08:09:19,636  INFO      [13/107] fetching TCS.NS …
2026-05-25 08:09:20,138  INFO      [14/107] fetching HDFCBANK.NS …
2026-05-25 08:09:20,639  INFO      [15/107] fetching INFY.NS …
2026-05-25 08:09:21,151  INFO      [16/107] fetching ICICIBANK.NS …
2026-05-25 08:09:21,653  INFO      [17/107] fetching HINDUNILVR.NS …
2026-05-25 08:09:22,152  INFO      [18/107] fetching SBIN.NS …
2026-05-25 08:09:22,671  INFO      [19/107] fetching BHARTIARTL.NS …
2026-05-25 08:09:23,162  INFO      [20/107] fetching KOTAKBANK.NS …
2026-05-25 08:09:23,657  INFO      [21/107] fetching LT.NS …
2026-05-25 08:09:24,160  INFO      [22/107] fetching AXISBANK.NS …
2026-05-25 08:09:24,660  INFO      [23/107] fetching BAJFINANCE.NS …
2026-05-25 08:09:25,154  INFO      [24/107] fetching ASIANPAINT.NS …
2026-05-25 08:09:25,666  INFO      [25/107] fetching MARUTI.NS …
2026-05-25 08:09:26,181  INFO      [26/107] fetching HCLTECH.NS …
2026-05-25 08:09:26,728  INFO      [27/107] fetching SUNPHARMA.NS …
2026-05-25 08:09:27,236  INFO      [28/107] fetching TITAN.NS …
2026-05-25 08:09:27,741  INFO      [29/107] fetching ULTRACEMCO.NS …
2026-05-25 08:09:28,241  INFO      [30/107] fetching WIPRO.NS …
2026-05-25 08:09:28,747  INFO      [31/107] fetching NESTLEIND.NS …
2026-05-25 08:09:29,262  INFO      [32/107] fetching ADANIENT.NS …
2026-05-25 08:09:29,768  INFO      [33/107] fetching NTPC.NS …
2026-05-25 08:09:30,263  INFO      [34/107] fetching TATAMOTORS.NS …
2026-05-25 08:09:31,243  WARNING   [TATAMOTORS.NS] insufficient history (0 rows)
2026-05-25 08:09:31,643  INFO      [35/107] fetching M&M.NS …
2026-05-25 08:09:32,152  INFO      [36/107] fetching TATASTEEL.NS …
2026-05-25 08:09:32,659  INFO      [37/107] fetching JSWSTEEL.NS …
2026-05-25 08:09:33,161  INFO      [38/107] fetching ONGC.NS …
2026-05-25 08:09:33,671  INFO      [39/107] fetching TECHM.NS …
2026-05-25 08:09:34,169  INFO      [40/107] fetching BAJAJFINSV.NS …
2026-05-25 08:09:34,667  INFO      [41/107] fetching HINDALCO.NS …
2026-05-25 08:09:35,171  INFO      [42/107] fetching GRASIM.NS …
2026-05-25 08:09:35,681  INFO      [43/107] fetching DRREDDY.NS …
2026-05-25 08:09:36,238  INFO      [44/107] fetching CIPLA.NS …
2026-05-25 08:09:36,740  INFO      [45/107] fetching DIVISLAB.NS …
2026-05-25 08:09:37,240  INFO      [46/107] fetching EICHERMOT.NS …
2026-05-25 08:09:37,762  INFO      [47/107] fetching BRITANNIA.NS …
2026-05-25 08:09:38,302  INFO      [48/107] fetching HEROMOTOCO.NS …
2026-05-25 08:09:38,806  INFO      [49/107] fetching BAJAJ-AUTO.NS …
2026-05-25 08:09:39,322  INFO      [50/107] fetching INDUSINDBK.NS …
2026-05-25 08:09:39,821  INFO      [51/107] fetching APOLLOHOSP.NS …
2026-05-25 08:09:40,324  INFO      [52/107] fetching TATACONSUM.NS …
2026-05-25 08:09:40,833  INFO      [53/107] fetching UPL.NS …
2026-05-25 08:09:41,325  INFO      [54/107] fetching BPCL.NS …
2026-05-25 08:09:41,842  INFO      [55/107] fetching SBILIFE.NS …
2026-05-25 08:09:42,324  INFO      [56/107] fetching HDFCLIFE.NS …
2026-05-25 08:09:42,805  INFO      [57/107] fetching ADANIPORTS.NS …
2026-05-25 08:09:43,293  INFO      [58/107] fetching LTIM.NS …
2026-05-25 08:09:43,866  WARNING   [LTIM.NS] insufficient history (0 rows)
2026-05-25 08:09:44,267  INFO      [59/107] fetching ABB.NS …
2026-05-25 08:09:44,776  INFO      [60/107] fetching ADANIGREEN.NS …
2026-05-25 08:09:45,253  INFO      [61/107] fetching ADANIPOWER.NS …
2026-05-25 08:09:45,730  INFO      [62/107] fetching AMBUJACEM.NS …
2026-05-25 08:09:46,344  INFO      [63/107] fetching DMART.NS …
2026-05-25 08:09:46,820  INFO      [64/107] fetching BAJAJHLDNG.NS …
2026-05-25 08:09:47,330  INFO      [65/107] fetching BANKBARODA.NS …
2026-05-25 08:09:47,830  INFO      [66/107] fetching BERGEPAINT.NS …
2026-05-25 08:09:48,339  INFO      [67/107] fetching BOSCHLTD.NS …
2026-05-25 08:09:48,835  INFO      [68/107] fetching CANBK.NS …
2026-05-25 08:09:49,336  INFO      [69/107] fetching CHOLAFIN.NS …
2026-05-25 08:09:49,843  INFO      [70/107] fetching COLPAL.NS …
2026-05-25 08:09:50,341  INFO      [71/107] fetching DABUR.NS …
2026-05-25 08:09:50,847  INFO      [72/107] fetching DLF.NS …
2026-05-25 08:09:51,347  INFO      [73/107] fetching GAIL.NS …
2026-05-25 08:09:51,905  INFO      [74/107] fetching GODREJCP.NS …
2026-05-25 08:09:52,416  INFO      [75/107] fetching HAVELLS.NS …
2026-05-25 08:09:52,919  INFO      [76/107] fetching HAL.NS …
2026-05-25 08:09:53,400  INFO      [77/107] fetching ICICIGI.NS …
2026-05-25 08:09:53,884  INFO      [78/107] fetching ICICIPRULI.NS …
2026-05-25 08:09:54,366  INFO      [79/107] fetching IOC.NS …
2026-05-25 08:09:54,911  INFO      [80/107] fetching IRCTC.NS …
2026-05-25 08:09:55,390  INFO      [81/107] fetching JINDALSTEL.NS …
2026-05-25 08:09:55,892  INFO      [82/107] fetching LICI.NS …
2026-05-25 08:09:56,368  INFO      [83/107] fetching MARICO.NS …
2026-05-25 08:09:56,868  INFO      [84/107] fetching MOTHERSON.NS …
2026-05-25 08:09:57,366  INFO      [85/107] fetching NAUKRI.NS …
2026-05-25 08:09:57,861  INFO      [86/107] fetching PIDILITIND.NS …
2026-05-25 08:09:58,376  INFO      [87/107] fetching PNB.NS …
2026-05-25 08:09:58,877  INFO      [88/107] fetching PFC.NS …
2026-05-25 08:09:59,377  INFO      [89/107] fetching RECLTD.NS …
2026-05-25 08:09:59,877  INFO      [90/107] fetching SIEMENS.NS …
2026-05-25 08:10:00,386  INFO      [91/107] fetching SRF.NS …
2026-05-25 08:10:00,880  INFO      [92/107] fetching SHREECEM.NS …
2026-05-25 08:10:01,378  INFO      [93/107] fetching SHRIRAMFIN.NS …
2026-05-25 08:10:01,884  INFO      [94/107] fetching TORNTPHARM.NS …
2026-05-25 08:10:02,385  INFO      [95/107] fetching TRENT.NS …
2026-05-25 08:10:02,894  INFO      [96/107] fetching TVSMOTOR.NS …
2026-05-25 08:10:03,393  INFO      [97/107] fetching VEDL.NS …
2026-05-25 08:10:03,907  INFO      [98/107] fetching VBL.NS …
2026-05-25 08:10:04,395  INFO      [99/107] fetching ZOMATO.NS …
2026-05-25 08:10:04,909  WARNING   [ZOMATO.NS] insufficient history (0 rows)
2026-05-25 08:10:05,310  INFO      [100/107] fetching ZYDUSLIFE.NS …
2026-05-25 08:10:05,819  INFO      [101/107] fetching INDIGO.NS …
2026-05-25 08:10:06,309  INFO      [102/107] fetching IDEA.NS …
2026-05-25 08:10:06,794  INFO      [103/107] fetching BANKINDIA.NS …
2026-05-25 08:10:07,320  INFO      [104/107] fetching PAGEIND.NS …
2026-05-25 08:10:07,814  INFO      [105/107] fetching MUTHOOTFIN.NS …
2026-05-25 08:10:08,340  INFO      [106/107] fetching TATAELXSI.NS …
2026-05-25 08:10:08,839  INFO      [107/107] fetching LUPIN.NS …
2026-05-25 08:10:08,949  INFO      Fetched 104/107 symbols successfully.
2026-05-25 08:10:12,766  INFO      Fetched 200 headlines from RSS (Indian + global/geopolitics).
2026-05-25 08:10:15,523  INFO      Macro regime: risk-on | bias=1 | geo-risk=38.8
2026-05-25 08:10:15,794  INFO      NSE corp announcements: 20 filings
2026-05-25 08:10:17,435  INFO      Angel One login successful.
2026-05-25 08:10:18,236  INFO      Saved report → data/stock_reports/2026-05-25_0810.json
2026-05-25 08:10:18,734  INFO      Report image saved → logs/stock_analyzer/2026-05-25/stock_report.png  [1920×1280]
2026-05-25 08:10:18,734  INFO      Dry-run: skipping send. Image + PDF saved locally; console printed.
2026-05-25 08:10:18,735  INFO      == Stock analyzer run complete ==
2026-05-25 08:10:18,738  INFO      [Note] PAPER TRADING -- virtual cash Rs 100,000, max_positions=6 max_pct=15% buckets=('intraday', 'swing') state=data/paper_trader_state.json
2026-05-25 08:10:18,738  INFO      [Note] PAPER TRADING -- virtual cash Rs 100,000, max_positions=6 max_pct=15% buckets=('intraday', 'swing') state=data/paper_trader_state.json
2026-05-25 08:10:18,739  INFO      paper-trader: new day, archived 4 trades (cumulative ₹+486)
2026-05-25 08:10:32,500  INFO      [DRY] Angel order would be: {'variety': 'NORMAL', 'tradingsymbol': 'EICHERMOT-EQ', 'symboltoken': '910', 'transactiontype': 'BUY', 'exchange': 'NSE', 'ordertype': 'MARKET', 'producttype': 'INTRADAY', 'duration': 'DAY', 'price': '0', 'squareoff': '0', 'stoploss': '0', 'quantity': '1'}
2026-05-25 08:10:32,500  INFO      [OPEN] [DRY] EICHERMOT.NS qty=1 @ Rs 7370.00 SL Rs 7172.83 TGT Rs 7420.63 (order=None)
2026-05-25 08:10:32,500  INFO      [DRY] Angel order would be: {'variety': 'NORMAL', 'tradingsymbol': 'TORNTPHARM-EQ', 'symboltoken': '3518', 'transactiontype': 'BUY', 'exchange': 'NSE', 'ordertype': 'MARKET', 'producttype': 'INTRADAY', 'duration': 'DAY', 'price': '0', 'squareoff': '0', 'stoploss': '0', 'quantity': '2'}
2026-05-25 08:10:32,501  INFO      [OPEN] [DRY] TORNTPHARM.NS qty=2 @ Rs 4562.90 SL Rs 4452.12 TGT Rs 4785.97 (order=None)
2026-05-25 08:10:32,501  INFO      [DRY] Angel order would be: {'variety': 'NORMAL', 'tradingsymbol': 'WIPRO-EQ', 'symboltoken': '3787', 'transactiontype': 'BUY', 'exchange': 'NSE', 'ordertype': 'MARKET', 'producttype': 'INTRADAY', 'duration': 'DAY', 'price': '0', 'squareoff': '0', 'stoploss': '0', 'quantity': '50'}
2026-05-25 08:10:32,501  INFO      [OPEN] [DRY] WIPRO.NS qty=50 @ Rs 208.81 SL Rs 204.51 TGT Rs 208.58 (order=None)
2026-05-25 08:10:32,501  INFO      [DRY] Angel order would be: {'variety': 'NORMAL', 'tradingsymbol': 'LICI-EQ', 'symboltoken': '9480', 'transactiontype': 'BUY', 'exchange': 'NSE', 'ordertype': 'MARKET', 'producttype': 'INTRADAY', 'duration': 'DAY', 'price': '0', 'squareoff': '0', 'stoploss': '0', 'quantity': '10'}
2026-05-25 08:10:32,501  INFO      [OPEN] [DRY] LICI.NS qty=10 @ Rs 835.55 SL Rs 816.64 TGT Rs 854.64 (order=None)
2026-05-25 08:10:32,503  INFO      tick result: {'ok': True, 'actions': 4, 'open_trades': 6, 'closed_today': 0, 'realised_pnl': 0.0, 'cumulative_pnl': 485.68, 'halted': False, 'messages': ['[OPEN] [DRY] EICHERMOT.NS qty=1 @ Rs 7370.00 SL Rs 7172.83 TGT Rs 7420.63 (order=None)', '[OPEN] [DRY] TORNTPHARM.NS qty=2 @ Rs 4562.90 SL Rs 4452.12 TGT Rs 4785.97 (order=None)', '[OPEN] [DRY] WIPRO.NS qty=50 @ Rs 208.81 SL Rs 204.51 TGT Rs 208.58 (order=None)', '[OPEN] [DRY] LICI.NS qty=10 @ Rs 835.55 SL Rs 816.64 TGT Rs 854.64 (order=None)']}
2026-05-25 08:10:32,503  INFO      tick result: {'ok': True, 'actions': 4, 'open_trades': 6, 'closed_today': 0, 'realised_pnl': 0.0, 'cumulative_pnl': 485.68, 'halted': False, 'messages': ['[OPEN] [DRY] EICHERMOT.NS qty=1 @ Rs 7370.00 SL Rs 7172.83 TGT Rs 7420.63 (order=None)', '[OPEN] [DRY] TORNTPHARM.NS qty=2 @ Rs 4562.90 SL Rs 4452.12 TGT Rs 4785.97 (order=None)', '[OPEN] [DRY] WIPRO.NS qty=50 @ Rs 208.81 SL Rs 204.51 TGT Rs 208.58 (order=None)', '[OPEN] [DRY] LICI.NS qty=10 @ Rs 835.55 SL Rs 816.64 TGT Rs 854.64 (order=None)']}
