2026-05-29 07:43:28,746  INFO      angel_one starting ... (cmd=paper-trade)
2026-05-29 07:43:28,746  INFO      angel_one starting ... (cmd=paper-trade)
2026-05-29 07:43:28,763  INFO      refresh: generating today's picks via analyzer (dry-run, no PDF)
2026-05-29 07:43:28,763  INFO      refresh: generating today's picks via analyzer (dry-run, no PDF)
2026-05-29 07:43:29,377  INFO      == Stock analyzer run starting ==
2026-05-29 07:43:29,377  INFO      Watchlist: 11 symbols from data/stock_watchlist.txt
2026-05-29 07:43:29,378  INFO      Universe: 107 symbols (total available: 107)
2026-05-29 07:43:30,304  INFO      [1/107] fetching TATAPOWER.NS …
2026-05-29 07:43:30,898  INFO      [2/107] fetching IRFC.NS …
2026-05-29 07:43:31,385  INFO      [3/107] fetching SUZLON.NS …
2026-05-29 07:43:31,896  INFO      [4/107] fetching IREDA.NS …
2026-05-29 07:43:32,377  INFO      [5/107] fetching BHEL.NS …
2026-05-29 07:43:32,883  INFO      [6/107] fetching KPITTECH.NS …
2026-05-29 07:43:33,370  INFO      [7/107] fetching POLYCAB.NS …
2026-05-29 07:43:33,862  INFO      [8/107] fetching PERSISTENT.NS …
2026-05-29 07:43:34,368  INFO      [9/107] fetching ITC.NS …
2026-05-29 07:43:34,875  INFO      [10/107] fetching POWERGRID.NS …
2026-05-29 07:43:35,380  INFO      [11/107] fetching COALINDIA.NS …
2026-05-29 07:43:35,877  INFO      [12/107] fetching RELIANCE.NS …
2026-05-29 07:43:36,391  INFO      [13/107] fetching TCS.NS …
2026-05-29 07:43:36,929  INFO      [14/107] fetching HDFCBANK.NS …
2026-05-29 07:43:37,438  INFO      [15/107] fetching INFY.NS …
2026-05-29 07:43:37,956  INFO      [16/107] fetching ICICIBANK.NS …
2026-05-29 07:43:38,471  INFO      [17/107] fetching HINDUNILVR.NS …
2026-05-29 07:43:38,976  INFO      [18/107] fetching SBIN.NS …
2026-05-29 07:43:39,491  INFO      [19/107] fetching BHARTIARTL.NS …
2026-05-29 07:43:39,987  INFO      [20/107] fetching KOTAKBANK.NS …
2026-05-29 07:43:40,496  INFO      [21/107] fetching LT.NS …
2026-05-29 07:43:41,008  INFO      [22/107] fetching AXISBANK.NS …
2026-05-29 07:43:41,523  INFO      [23/107] fetching BAJFINANCE.NS …
2026-05-29 07:43:42,040  INFO      [24/107] fetching ASIANPAINT.NS …
2026-05-29 07:43:42,554  INFO      [25/107] fetching MARUTI.NS …
2026-05-29 07:43:43,066  INFO      [26/107] fetching HCLTECH.NS …
2026-05-29 07:43:43,607  INFO      [27/107] fetching SUNPHARMA.NS …
2026-05-29 07:43:44,133  INFO      [28/107] fetching TITAN.NS …
2026-05-29 07:43:44,641  INFO      [29/107] fetching ULTRACEMCO.NS …
2026-05-29 07:43:45,148  INFO      [30/107] fetching WIPRO.NS …
2026-05-29 07:43:45,657  INFO      [31/107] fetching NESTLEIND.NS …
2026-05-29 07:43:46,160  INFO      [32/107] fetching ADANIENT.NS …
2026-05-29 07:43:46,673  INFO      [33/107] fetching NTPC.NS …
2026-05-29 07:43:47,182  INFO      [34/107] fetching TATAMOTORS.NS …
2026-05-29 07:43:48,770  WARNING   [TATAMOTORS.NS] insufficient history (0 rows)
2026-05-29 07:43:49,170  INFO      [35/107] fetching M&M.NS …
2026-05-29 07:43:49,685  INFO      [36/107] fetching TATASTEEL.NS …
2026-05-29 07:43:50,200  INFO      [37/107] fetching JSWSTEEL.NS …
2026-05-29 07:43:50,709  INFO      [38/107] fetching ONGC.NS …
2026-05-29 07:43:51,225  INFO      [39/107] fetching TECHM.NS …
2026-05-29 07:43:51,731  INFO      [40/107] fetching BAJAJFINSV.NS …
2026-05-29 07:43:52,244  INFO      [41/107] fetching HINDALCO.NS …
2026-05-29 07:43:52,758  INFO      [42/107] fetching GRASIM.NS …
2026-05-29 07:43:53,271  INFO      [43/107] fetching DRREDDY.NS …
2026-05-29 07:43:53,777  INFO      [44/107] fetching CIPLA.NS …
2026-05-29 07:43:54,295  INFO      [45/107] fetching DIVISLAB.NS …
2026-05-29 07:43:54,805  INFO      [46/107] fetching EICHERMOT.NS …
2026-05-29 07:43:55,320  INFO      [47/107] fetching BRITANNIA.NS …
2026-05-29 07:43:55,840  INFO      [48/107] fetching HEROMOTOCO.NS …
2026-05-29 07:43:56,344  INFO      [49/107] fetching BAJAJ-AUTO.NS …
2026-05-29 07:43:56,844  INFO      [50/107] fetching INDUSINDBK.NS …
2026-05-29 07:43:57,357  INFO      [51/107] fetching APOLLOHOSP.NS …
2026-05-29 07:43:57,862  INFO      [52/107] fetching TATACONSUM.NS …
2026-05-29 07:43:58,382  INFO      [53/107] fetching UPL.NS …
2026-05-29 07:43:58,890  INFO      [54/107] fetching BPCL.NS …
2026-05-29 07:43:59,411  INFO      [55/107] fetching SBILIFE.NS …
2026-05-29 07:43:59,933  INFO      [56/107] fetching HDFCLIFE.NS …
2026-05-29 07:44:00,460  INFO      [57/107] fetching ADANIPORTS.NS …
2026-05-29 07:44:00,978  INFO      [58/107] fetching LTIM.NS …
2026-05-29 07:44:01,565  WARNING   [LTIM.NS] insufficient history (0 rows)
2026-05-29 07:44:01,965  INFO      [59/107] fetching ABB.NS …
2026-05-29 07:44:02,507  INFO      [60/107] fetching ADANIGREEN.NS …
2026-05-29 07:44:03,002  INFO      [61/107] fetching ADANIPOWER.NS …
2026-05-29 07:44:03,486  INFO      [62/107] fetching AMBUJACEM.NS …
2026-05-29 07:44:03,988  INFO      [63/107] fetching DMART.NS …
2026-05-29 07:44:04,466  INFO      [64/107] fetching BAJAJHLDNG.NS …
2026-05-29 07:44:04,973  INFO      [65/107] fetching BANKBARODA.NS …
2026-05-29 07:44:05,481  INFO      [66/107] fetching BERGEPAINT.NS …
2026-05-29 07:44:05,998  INFO      [67/107] fetching BOSCHLTD.NS …
2026-05-29 07:44:06,609  INFO      [68/107] fetching CANBK.NS …
2026-05-29 07:44:07,122  INFO      [69/107] fetching CHOLAFIN.NS …
2026-05-29 07:44:07,637  INFO      [70/107] fetching COLPAL.NS …
2026-05-29 07:44:08,149  INFO      [71/107] fetching DABUR.NS …
2026-05-29 07:44:08,653  INFO      [72/107] fetching DLF.NS …
2026-05-29 07:44:09,186  INFO      [73/107] fetching GAIL.NS …
2026-05-29 07:44:09,700  INFO      [74/107] fetching GODREJCP.NS …
2026-05-29 07:44:10,205  INFO      [75/107] fetching HAVELLS.NS …
2026-05-29 07:44:10,712  INFO      [76/107] fetching HAL.NS …
2026-05-29 07:44:11,201  INFO      [77/107] fetching ICICIGI.NS …
2026-05-29 07:44:11,693  INFO      [78/107] fetching ICICIPRULI.NS …
2026-05-29 07:44:12,186  INFO      [79/107] fetching IOC.NS …
2026-05-29 07:44:12,704  INFO      [80/107] fetching IRCTC.NS …
2026-05-29 07:44:13,190  INFO      [81/107] fetching JINDALSTEL.NS …
2026-05-29 07:44:13,701  INFO      [82/107] fetching LICI.NS …
2026-05-29 07:44:14,186  INFO      [83/107] fetching MARICO.NS …
2026-05-29 07:44:14,733  INFO      [84/107] fetching MOTHERSON.NS …
2026-05-29 07:44:15,279  INFO      [85/107] fetching NAUKRI.NS …
2026-05-29 07:44:15,794  INFO      [86/107] fetching PIDILITIND.NS …
2026-05-29 07:44:16,320  INFO      [87/107] fetching PNB.NS …
2026-05-29 07:44:16,822  INFO      [88/107] fetching PFC.NS …
2026-05-29 07:44:17,328  INFO      [89/107] fetching RECLTD.NS …
2026-05-29 07:44:17,832  INFO      [90/107] fetching SIEMENS.NS …
2026-05-29 07:44:18,338  INFO      [91/107] fetching SRF.NS …
2026-05-29 07:44:18,851  INFO      [92/107] fetching SHREECEM.NS …
2026-05-29 07:44:19,365  INFO      [93/107] fetching SHRIRAMFIN.NS …
2026-05-29 07:44:19,876  INFO      [94/107] fetching TORNTPHARM.NS …
2026-05-29 07:44:20,381  INFO      [95/107] fetching TRENT.NS …
2026-05-29 07:44:20,887  INFO      [96/107] fetching TVSMOTOR.NS …
2026-05-29 07:44:21,398  INFO      [97/107] fetching VEDL.NS …
2026-05-29 07:44:21,914  INFO      [98/107] fetching VBL.NS …
2026-05-29 07:44:22,436  INFO      [99/107] fetching ZOMATO.NS …
2026-05-29 07:44:23,009  WARNING   [ZOMATO.NS] insufficient history (0 rows)
2026-05-29 07:44:23,409  INFO      [100/107] fetching ZYDUSLIFE.NS …
2026-05-29 07:44:23,928  INFO      [101/107] fetching INDIGO.NS …
2026-05-29 07:44:24,420  INFO      [102/107] fetching IDEA.NS …
2026-05-29 07:44:24,904  INFO      [103/107] fetching BANKINDIA.NS …
2026-05-29 07:44:25,421  INFO      [104/107] fetching PAGEIND.NS …
2026-05-29 07:44:25,965  INFO      [105/107] fetching MUTHOOTFIN.NS …
2026-05-29 07:44:26,465  INFO      [106/107] fetching TATAELXSI.NS …
2026-05-29 07:44:26,983  INFO      [107/107] fetching LUPIN.NS …
2026-05-29 07:44:27,094  INFO      Fetched 104/107 symbols successfully.
2026-05-29 07:44:31,149  INFO      Fetched 200 headlines from RSS (Indian + global/geopolitics).
2026-05-29 07:44:34,394  INFO      Macro regime: neutral | bias=0 | geo-risk=41.9
2026-05-29 07:44:34,679  INFO      NSE corp announcements: 20 filings
2026-05-29 07:44:36,300  INFO      Angel One login successful.
2026-05-29 07:44:37,075  INFO      Saved report → data/stock_reports/2026-05-29_0744.json
2026-05-29 07:44:37,562  INFO      Report image saved → logs/stock_analyzer/2026-05-29/stock_report.png  [1920×1280]
2026-05-29 07:44:37,563  INFO      Dry-run: skipping send. Image + PDF saved locally; console printed.
2026-05-29 07:44:37,563  INFO      == Stock analyzer run complete ==
2026-05-29 07:44:37,567  INFO      [Note] PAPER TRADING -- virtual cash Rs 100,000, max_positions=6 max_pct=15% buckets=('intraday', 'swing') state=data/paper_trader_state.json
2026-05-29 07:44:37,567  INFO      [Note] PAPER TRADING -- virtual cash Rs 100,000, max_positions=6 max_pct=15% buckets=('intraday', 'swing') state=data/paper_trader_state.json
2026-05-29 07:44:37,568  INFO      paper-trader: new day, archived 4 trades (cumulative ₹+942)
2026-05-29 07:44:50,993  INFO      [DRY] Angel order would be: {'variety': 'NORMAL', 'tradingsymbol': 'WIPRO-EQ', 'symboltoken': '3787', 'transactiontype': 'BUY', 'exchange': 'NSE', 'ordertype': 'MARKET', 'producttype': 'INTRADAY', 'duration': 'DAY', 'price': '0', 'squareoff': '0', 'stoploss': '0', 'quantity': '63'}
2026-05-29 07:44:50,994  INFO      [OPEN] [DRY] WIPRO.NS qty=63 @ Rs 204.16 SL Rs 200.99 TGT Rs 205.27 (order=None)
2026-05-29 07:44:50,994  INFO      [DRY] Angel order would be: {'variety': 'NORMAL', 'tradingsymbol': 'INFY-EQ', 'symboltoken': '1594', 'transactiontype': 'BUY', 'exchange': 'NSE', 'ordertype': 'MARKET', 'producttype': 'INTRADAY', 'duration': 'DAY', 'price': '0', 'squareoff': '0', 'stoploss': '0', 'quantity': '9'}
2026-05-29 07:44:50,994  INFO      [OPEN] [DRY] INFY.NS qty=9 @ Rs 1199.50 SL Rs 1170.58 TGT Rs 1204.49 (order=None)
2026-05-29 07:44:50,994  INFO      [DRY] Angel order would be: {'variety': 'NORMAL', 'tradingsymbol': 'PERSISTENT-EQ', 'symboltoken': '18365', 'transactiontype': 'BUY', 'exchange': 'NSE', 'ordertype': 'MARKET', 'producttype': 'INTRADAY', 'duration': 'DAY', 'price': '0', 'squareoff': '0', 'stoploss': '0', 'quantity': '1'}
2026-05-29 07:44:50,994  INFO      [OPEN] [DRY] PERSISTENT.NS qty=1 @ Rs 5223.10 SL Rs 5066.51 TGT Rs 5594.19 (order=None)
2026-05-29 07:44:50,994  INFO      [DRY] Angel order would be: {'variety': 'NORMAL', 'tradingsymbol': 'SIEMENS-EQ', 'symboltoken': '3150', 'transactiontype': 'BUY', 'exchange': 'NSE', 'ordertype': 'MARKET', 'producttype': 'INTRADAY', 'duration': 'DAY', 'price': '0', 'squareoff': '0', 'stoploss': '0', 'quantity': '2'}
2026-05-29 07:44:50,994  INFO      [OPEN] [DRY] SIEMENS.NS qty=2 @ Rs 3870.20 SL Rs 3723.26 TGT Rs 3893.20 (order=None)
2026-05-29 07:44:50,996  INFO      tick result: {'ok': True, 'actions': 4, 'open_trades': 6, 'closed_today': 0, 'realised_pnl': 0.0, 'cumulative_pnl': 942.03, 'halted': False, 'messages': ['[OPEN] [DRY] WIPRO.NS qty=63 @ Rs 204.16 SL Rs 200.99 TGT Rs 205.27 (order=None)', '[OPEN] [DRY] INFY.NS qty=9 @ Rs 1199.50 SL Rs 1170.58 TGT Rs 1204.49 (order=None)', '[OPEN] [DRY] PERSISTENT.NS qty=1 @ Rs 5223.10 SL Rs 5066.51 TGT Rs 5594.19 (order=None)', '[OPEN] [DRY] SIEMENS.NS qty=2 @ Rs 3870.20 SL Rs 3723.26 TGT Rs 3893.20 (order=None)']}
2026-05-29 07:44:50,996  INFO      tick result: {'ok': True, 'actions': 4, 'open_trades': 6, 'closed_today': 0, 'realised_pnl': 0.0, 'cumulative_pnl': 942.03, 'halted': False, 'messages': ['[OPEN] [DRY] WIPRO.NS qty=63 @ Rs 204.16 SL Rs 200.99 TGT Rs 205.27 (order=None)', '[OPEN] [DRY] INFY.NS qty=9 @ Rs 1199.50 SL Rs 1170.58 TGT Rs 1204.49 (order=None)', '[OPEN] [DRY] PERSISTENT.NS qty=1 @ Rs 5223.10 SL Rs 5066.51 TGT Rs 5594.19 (order=None)', '[OPEN] [DRY] SIEMENS.NS qty=2 @ Rs 3870.20 SL Rs 3723.26 TGT Rs 3893.20 (order=None)']}
