2026-09-21 09:20:11,913  INFO      angel_one starting ... (cmd=paper-trade)
2026-09-21 09:20:11,913  INFO      angel_one starting ... (cmd=paper-trade)
2026-09-21 09:20:11,930  INFO      refresh: generating today's picks via analyzer (dry-run, no PDF)
2026-09-21 09:20:11,930  INFO      refresh: generating today's picks via analyzer (dry-run, no PDF)
2026-09-21 09:20:12,697  INFO      == Stock analyzer run starting ==
2026-09-21 09:20:12,697  INFO      Watchlist: 11 symbols from data/stock_watchlist.txt
2026-09-21 09:20:12,697  INFO      Universe: 107 symbols (total available: 107)
2026-09-21 09:20:13,176  INFO      [1/107] fetching TATAPOWER.NS …
2026-09-21 09:20:13,707  INFO      [2/107] fetching IRFC.NS …
2026-09-21 09:20:14,202  INFO      [3/107] fetching SUZLON.NS …
2026-09-21 09:20:14,678  INFO      [4/107] fetching IREDA.NS …
2026-09-21 09:20:15,181  INFO      [5/107] fetching BHEL.NS …
2026-09-21 09:20:15,694  INFO      [6/107] fetching KPITTECH.NS …
2026-09-21 09:20:16,264  INFO      [7/107] fetching POLYCAB.NS …
2026-09-21 09:20:16,767  INFO      [8/107] fetching PERSISTENT.NS …
2026-09-21 09:20:17,324  INFO      [9/107] fetching ITC.NS …
2026-09-21 09:20:17,825  INFO      [10/107] fetching POWERGRID.NS …
2026-09-21 09:20:18,378  INFO      [11/107] fetching COALINDIA.NS …
2026-09-21 09:20:18,864  INFO      [12/107] fetching RELIANCE.NS …
2026-09-21 09:20:19,374  INFO      [13/107] fetching TCS.NS …
2026-09-21 09:20:19,927  INFO      [14/107] fetching HDFCBANK.NS …
2026-09-21 09:20:20,505  INFO      [15/107] fetching INFY.NS …
2026-09-21 09:20:21,093  INFO      [16/107] fetching ICICIBANK.NS …
2026-09-21 09:20:21,601  INFO      [17/107] fetching HINDUNILVR.NS …
2026-09-21 09:20:22,154  INFO      [18/107] fetching SBIN.NS …
2026-09-21 09:20:22,724  INFO      [19/107] fetching BHARTIARTL.NS …
2026-09-21 09:20:23,301  INFO      [20/107] fetching KOTAKBANK.NS …
2026-09-21 09:20:23,795  INFO      [21/107] fetching LT.NS …
2026-09-21 09:20:24,357  INFO      [22/107] fetching AXISBANK.NS …
2026-09-21 09:20:24,890  INFO      [23/107] fetching BAJFINANCE.NS …
2026-09-21 09:20:25,385  INFO      [24/107] fetching ASIANPAINT.NS …
2026-09-21 09:20:25,900  INFO      [25/107] fetching MARUTI.NS …
2026-09-21 09:20:26,392  INFO      [26/107] fetching HCLTECH.NS …
2026-09-21 09:20:26,890  INFO      [27/107] fetching SUNPHARMA.NS …
2026-09-21 09:20:27,397  INFO      [28/107] fetching TITAN.NS …
2026-09-21 09:20:27,963  INFO      [29/107] fetching ULTRACEMCO.NS …
2026-09-21 09:20:28,516  INFO      [30/107] fetching WIPRO.NS …
2026-09-21 09:20:29,012  INFO      [31/107] fetching NESTLEIND.NS …
2026-09-21 09:20:29,547  INFO      [32/107] fetching ADANIENT.NS …
2026-09-21 09:20:30,088  INFO      [33/107] fetching NTPC.NS …
2026-09-21 09:20:30,661  INFO      [34/107] fetching TATAMOTORS.NS …
2026-09-21 09:20:32,006  WARNING   [TATAMOTORS.NS] insufficient history (0 rows)
2026-09-21 09:20:32,407  INFO      [35/107] fetching M&M.NS …
2026-09-21 09:20:32,966  INFO      [36/107] fetching TATASTEEL.NS …
2026-09-21 09:20:33,472  INFO      [37/107] fetching JSWSTEEL.NS …
2026-09-21 09:20:34,026  INFO      [38/107] fetching ONGC.NS …
2026-09-21 09:20:34,561  INFO      [39/107] fetching TECHM.NS …
2026-09-21 09:20:35,086  INFO      [40/107] fetching BAJAJFINSV.NS …
2026-09-21 09:20:35,685  INFO      [41/107] fetching HINDALCO.NS …
2026-09-21 09:20:36,195  INFO      [42/107] fetching GRASIM.NS …
2026-09-21 09:20:36,781  INFO      [43/107] fetching DRREDDY.NS …
2026-09-21 09:20:37,278  INFO      [44/107] fetching CIPLA.NS …
2026-09-21 09:20:37,869  INFO      [45/107] fetching DIVISLAB.NS …
2026-09-21 09:20:38,419  INFO      [46/107] fetching EICHERMOT.NS …
2026-09-21 09:20:39,016  INFO      [47/107] fetching BRITANNIA.NS …
2026-09-21 09:20:39,707  INFO      [48/107] fetching HEROMOTOCO.NS …
2026-09-21 09:20:40,299  INFO      [49/107] fetching BAJAJ-AUTO.NS …
2026-09-21 09:20:40,885  INFO      [50/107] fetching INDUSINDBK.NS …
2026-09-21 09:20:41,422  INFO      [51/107] fetching APOLLOHOSP.NS …
2026-09-21 09:20:41,985  INFO      [52/107] fetching TATACONSUM.NS …
2026-09-21 09:20:42,587  INFO      [53/107] fetching UPL.NS …
2026-09-21 09:20:43,162  INFO      [54/107] fetching BPCL.NS …
2026-09-21 09:20:43,665  INFO      [55/107] fetching SBILIFE.NS …
2026-09-21 09:20:44,149  INFO      [56/107] fetching HDFCLIFE.NS …
2026-09-21 09:20:44,662  INFO      [57/107] fetching ADANIPORTS.NS …
2026-09-21 09:20:45,164  INFO      [58/107] fetching LTIM.NS …
2026-09-21 09:20:45,740  WARNING   [LTIM.NS] insufficient history (0 rows)
2026-09-21 09:20:46,141  INFO      [59/107] fetching ABB.NS …
2026-09-21 09:20:46,642  INFO      [60/107] fetching ADANIGREEN.NS …
2026-09-21 09:20:47,121  INFO      [61/107] fetching ADANIPOWER.NS …
2026-09-21 09:20:47,670  INFO      [62/107] fetching AMBUJACEM.NS …
2026-09-21 09:20:48,166  INFO      [63/107] fetching DMART.NS …
2026-09-21 09:20:48,659  INFO      [64/107] fetching BAJAJHLDNG.NS …
2026-09-21 09:20:49,208  INFO      [65/107] fetching BANKBARODA.NS …
2026-09-21 09:20:49,770  INFO      [66/107] fetching BERGEPAINT.NS …
2026-09-21 09:20:50,269  INFO      [67/107] fetching BOSCHLTD.NS …
2026-09-21 09:20:50,799  INFO      [68/107] fetching CANBK.NS …
2026-09-21 09:20:51,411  INFO      [69/107] fetching CHOLAFIN.NS …
2026-09-21 09:20:51,927  INFO      [70/107] fetching COLPAL.NS …
2026-09-21 09:20:52,431  INFO      [71/107] fetching DABUR.NS …
2026-09-21 09:20:52,998  INFO      [72/107] fetching DLF.NS …
2026-09-21 09:20:53,531  INFO      [73/107] fetching GAIL.NS …
2026-09-21 09:20:54,093  INFO      [74/107] fetching GODREJCP.NS …
2026-09-21 09:20:54,592  INFO      [75/107] fetching HAVELLS.NS …
2026-09-21 09:20:55,095  INFO      [76/107] fetching HAL.NS …
2026-09-21 09:20:55,619  INFO      [77/107] fetching ICICIGI.NS …
2026-09-21 09:20:56,106  INFO      [78/107] fetching ICICIPRULI.NS …
2026-09-21 09:20:56,587  INFO      [79/107] fetching IOC.NS …
2026-09-21 09:20:57,133  INFO      [80/107] fetching IRCTC.NS …
2026-09-21 09:20:57,625  INFO      [81/107] fetching JINDALSTEL.NS …
2026-09-21 09:20:58,127  INFO      [82/107] fetching LICI.NS …
2026-09-21 09:20:58,675  INFO      [83/107] fetching MARICO.NS …
2026-09-21 09:20:59,234  INFO      [84/107] fetching MOTHERSON.NS …
2026-09-21 09:20:59,785  INFO      [85/107] fetching NAUKRI.NS …
2026-09-21 09:21:00,357  INFO      [86/107] fetching PIDILITIND.NS …
2026-09-21 09:21:00,855  INFO      [87/107] fetching PNB.NS …
2026-09-21 09:21:01,503  INFO      [88/107] fetching PFC.NS …
2026-09-21 09:21:02,054  INFO      [89/107] fetching RECLTD.NS …
2026-09-21 09:21:02,634  INFO      [90/107] fetching SIEMENS.NS …
2026-09-21 09:21:03,221  INFO      [91/107] fetching SRF.NS …
2026-09-21 09:21:03,780  INFO      [92/107] fetching SHREECEM.NS …
2026-09-21 09:21:04,275  INFO      [93/107] fetching SHRIRAMFIN.NS …
2026-09-21 09:21:04,785  INFO      [94/107] fetching TORNTPHARM.NS …
2026-09-21 09:21:05,279  INFO      [95/107] fetching TRENT.NS …
2026-09-21 09:21:05,815  INFO      [96/107] fetching TVSMOTOR.NS …
2026-09-21 09:21:06,314  INFO      [97/107] fetching VEDL.NS …
2026-09-21 09:21:06,815  INFO      [98/107] fetching VBL.NS …
2026-09-21 09:21:07,305  INFO      [99/107] fetching ZOMATO.NS …
2026-09-21 09:21:07,931  WARNING   [ZOMATO.NS] insufficient history (0 rows)
2026-09-21 09:21:08,331  INFO      [100/107] fetching ZYDUSLIFE.NS …
2026-09-21 09:21:08,897  INFO      [101/107] fetching INDIGO.NS …
2026-09-21 09:21:09,449  INFO      [102/107] fetching IDEA.NS …
2026-09-21 09:21:09,923  INFO      [103/107] fetching BANKINDIA.NS …
2026-09-21 09:21:10,419  INFO      [104/107] fetching PAGEIND.NS …
2026-09-21 09:21:10,915  INFO      [105/107] fetching MUTHOOTFIN.NS …
2026-09-21 09:21:11,400  INFO      [106/107] fetching TATAELXSI.NS …
2026-09-21 09:21:11,902  INFO      [107/107] fetching LUPIN.NS …
2026-09-21 09:21:11,993  INFO      Fetched 104/107 symbols successfully.
2026-09-21 09:21:16,785  INFO      Fetched 200 headlines from RSS (Indian + global/geopolitics).
2026-09-21 09:21:19,728  INFO      Macro regime: neutral | bias=3 | geo-risk=44.4
2026-09-21 09:21:20,012  INFO      NSE corp announcements: 20 filings
2026-09-21 09:21:21,713  INFO      Angel One login successful.
2026-09-21 09:21:22,789  INFO      Saved report → data/stock_reports/2026-09-21_0921.json
2026-09-21 09:21:23,357  INFO      Report image saved → logs/stock_analyzer/2026-09-21/stock_report.png  [1920×1280]
2026-09-21 09:21:23,358  INFO      Dry-run: skipping send. Image + PDF saved locally; console printed.
2026-09-21 09:21:23,358  INFO      == Stock analyzer run complete ==
2026-09-21 09:21:23,362  INFO      [Note] PAPER TRADING -- virtual cash Rs 100,000, max_positions=6 max_pct=15% buckets=('intraday', 'swing') state=data/paper_trader_state.json
2026-09-21 09:21:23,362  INFO      [Note] PAPER TRADING -- virtual cash Rs 100,000, max_positions=6 max_pct=15% buckets=('intraday', 'swing') state=data/paper_trader_state.json
2026-09-21 09:21:23,364  INFO      paper-trader: new day, archived 5 trades (cumulative ₹-5,772)
2026-09-21 09:21:36,425  INFO      [DRY] Angel order would be: {'variety': 'NORMAL', 'tradingsymbol': 'ADANIPORTS-EQ', 'symboltoken': '15083', 'transactiontype': 'SELL', 'exchange': 'NSE', 'ordertype': 'MARKET', 'producttype': 'INTRADAY', 'duration': 'DAY', 'price': '0', 'squareoff': '0', 'stoploss': '0', 'quantity': '4'}
2026-09-21 09:21:36,426  INFO      [SL] [DRY] CLOSE ADANIPORTS.NS qty=4 @ Rs 1792.90 P&L Rs +233 (gross Rs +244, cost Rs 11; trailing-SL hit @ 1792.90 (peak 1824.00))
2026-09-21 09:21:36,426  INFO      [DRY] Angel order would be: {'variety': 'NORMAL', 'tradingsymbol': 'ICICIGI-EQ', 'symboltoken': '21770', 'transactiontype': 'BUY', 'exchange': 'NSE', 'ordertype': 'MARKET', 'producttype': 'INTRADAY', 'duration': 'DAY', 'price': '0', 'squareoff': '0', 'stoploss': '0', 'quantity': '8'}
2026-09-21 09:21:36,426  INFO      [OPEN] [DRY] ICICIGI.NS qty=8 @ Rs 1512.00 SL Rs 1479.99 TGT Rs 1592.72 (order=None)
2026-09-21 09:21:36,426  INFO      [DRY] Angel order would be: {'variety': 'NORMAL', 'tradingsymbol': 'HDFCLIFE-EQ', 'symboltoken': '467', 'transactiontype': 'BUY', 'exchange': 'NSE', 'ordertype': 'MARKET', 'producttype': 'INTRADAY', 'duration': 'DAY', 'price': '0', 'squareoff': '0', 'stoploss': '0', 'quantity': '20'}
2026-09-21 09:21:36,426  INFO      [OPEN] [DRY] HDFCLIFE.NS qty=20 @ Rs 563.25 SL Rs 550.03 TGT Rs 562.37 (order=None)
2026-09-21 09:21:36,426  INFO      [DRY] Angel order would be: {'variety': 'NORMAL', 'tradingsymbol': 'DMART-EQ', 'symboltoken': '19913', 'transactiontype': 'BUY', 'exchange': 'NSE', 'ordertype': 'MARKET', 'producttype': 'INTRADAY', 'duration': 'DAY', 'price': '0', 'squareoff': '0', 'stoploss': '0', 'quantity': '2'}
2026-09-21 09:21:36,426  INFO      [OPEN] [DRY] DMART.NS qty=2 @ Rs 3808.70 SL Rs 3739.44 TGT Rs 3989.56 (order=None)
2026-09-21 09:21:36,426  INFO      [DRY] Angel order would be: {'variety': 'NORMAL', 'tradingsymbol': 'MARICO-EQ', 'symboltoken': '4067', 'transactiontype': 'BUY', 'exchange': 'NSE', 'ordertype': 'MARKET', 'producttype': 'INTRADAY', 'duration': 'DAY', 'price': '0', 'squareoff': '0', 'stoploss': '0', 'quantity': '10'}
2026-09-21 09:21:36,426  INFO      [OPEN] [DRY] MARICO.NS qty=10 @ Rs 826.85 SL Rs 810.09 TGT Rs 860.43 (order=None)
2026-09-21 09:21:36,426  INFO      [DRY] Angel order would be: {'variety': 'NORMAL', 'tradingsymbol': 'DRREDDY-EQ', 'symboltoken': '881', 'transactiontype': 'BUY', 'exchange': 'NSE', 'ordertype': 'MARKET', 'producttype': 'INTRADAY', 'duration': 'DAY', 'price': '0', 'squareoff': '0', 'stoploss': '0', 'quantity': '5'}
2026-09-21 09:21:36,426  INFO      [OPEN] [DRY] DRREDDY.NS qty=5 @ Rs 1201.50 SL Rs 1178.06 TGT Rs 1205.68 (order=None)
2026-09-21 09:21:36,435  INFO      tick result: {'ok': True, 'actions': 6, 'open_trades': 5, 'closed_today': 1, 'realised_pnl': 233.03, 'cumulative_pnl': -5538.75, 'halted': False, 'messages': ['[SL] [DRY] CLOSE ADANIPORTS.NS qty=4 @ Rs 1792.90 P&L Rs +233 (gross Rs +244, cost Rs 11; trailing-SL hit @ 1792.90 (peak 1824.00))', '[OPEN] [DRY] ICICIGI.NS qty=8 @ Rs 1512.00 SL Rs 1479.99 TGT Rs 1592.72 (order=None)', '[OPEN] [DRY] HDFCLIFE.NS qty=20 @ Rs 563.25 SL Rs 550.03 TGT Rs 562.37 (order=None)', '[OPEN] [DRY] DMART.NS qty=2 @ Rs 3808.70 SL Rs 3739.44 TGT Rs 3989.56 (order=None)', '[OPEN] [DRY] MARICO.NS qty=10 @ Rs 826.85 SL Rs 810.09 TGT Rs 860.43 (order=None)', '[OPEN] [DRY] DRREDDY.NS qty=5 @ Rs 1201.50 SL Rs 1178.06 TGT Rs 1205.68 (order=None)']}
2026-09-21 09:21:36,435  INFO      tick result: {'ok': True, 'actions': 6, 'open_trades': 5, 'closed_today': 1, 'realised_pnl': 233.03, 'cumulative_pnl': -5538.75, 'halted': False, 'messages': ['[SL] [DRY] CLOSE ADANIPORTS.NS qty=4 @ Rs 1792.90 P&L Rs +233 (gross Rs +244, cost Rs 11; trailing-SL hit @ 1792.90 (peak 1824.00))', '[OPEN] [DRY] ICICIGI.NS qty=8 @ Rs 1512.00 SL Rs 1479.99 TGT Rs 1592.72 (order=None)', '[OPEN] [DRY] HDFCLIFE.NS qty=20 @ Rs 563.25 SL Rs 550.03 TGT Rs 562.37 (order=None)', '[OPEN] [DRY] DMART.NS qty=2 @ Rs 3808.70 SL Rs 3739.44 TGT Rs 3989.56 (order=None)', '[OPEN] [DRY] MARICO.NS qty=10 @ Rs 826.85 SL Rs 810.09 TGT Rs 860.43 (order=None)', '[OPEN] [DRY] DRREDDY.NS qty=5 @ Rs 1201.50 SL Rs 1178.06 TGT Rs 1205.68 (order=None)']}
