2026-06-02 08:17:46,044  INFO      angel_one starting ... (cmd=paper-trade)
2026-06-02 08:17:46,044  INFO      angel_one starting ... (cmd=paper-trade)
2026-06-02 08:17:46,062  INFO      refresh: generating today's picks via analyzer (dry-run, no PDF)
2026-06-02 08:17:46,062  INFO      refresh: generating today's picks via analyzer (dry-run, no PDF)
2026-06-02 08:17:47,370  INFO      == Stock analyzer run starting ==
2026-06-02 08:17:47,370  INFO      Watchlist: 11 symbols from data/stock_watchlist.txt
2026-06-02 08:17:47,370  INFO      Universe: 107 symbols (total available: 107)
2026-06-02 08:17:48,553  INFO      [1/107] fetching TATAPOWER.NS …
2026-06-02 08:17:49,264  INFO      [2/107] fetching IRFC.NS …
2026-06-02 08:17:49,898  INFO      [3/107] fetching SUZLON.NS …
2026-06-02 08:17:50,481  INFO      [4/107] fetching IREDA.NS …
2026-06-02 08:17:50,992  INFO      [5/107] fetching BHEL.NS …
2026-06-02 08:17:51,552  INFO      [6/107] fetching KPITTECH.NS …
2026-06-02 08:17:52,108  INFO      [7/107] fetching POLYCAB.NS …
2026-06-02 08:17:52,722  INFO      [8/107] fetching PERSISTENT.NS …
2026-06-02 08:17:53,293  INFO      [9/107] fetching ITC.NS …
2026-06-02 08:17:53,905  INFO      [10/107] fetching POWERGRID.NS …
2026-06-02 08:17:54,546  INFO      [11/107] fetching COALINDIA.NS …
2026-06-02 08:17:55,077  INFO      [12/107] fetching RELIANCE.NS …
2026-06-02 08:17:55,720  INFO      [13/107] fetching TCS.NS …
2026-06-02 08:17:56,343  INFO      [14/107] fetching HDFCBANK.NS …
2026-06-02 08:17:56,958  INFO      [15/107] fetching INFY.NS …
2026-06-02 08:17:57,509  INFO      [16/107] fetching ICICIBANK.NS …
2026-06-02 08:17:58,124  INFO      [17/107] fetching HINDUNILVR.NS …
2026-06-02 08:17:58,699  INFO      [18/107] fetching SBIN.NS …
2026-06-02 08:17:59,306  INFO      [19/107] fetching BHARTIARTL.NS …
2026-06-02 08:17:59,900  INFO      [20/107] fetching KOTAKBANK.NS …
2026-06-02 08:18:00,530  INFO      [21/107] fetching LT.NS …
2026-06-02 08:18:01,100  INFO      [22/107] fetching AXISBANK.NS …
2026-06-02 08:18:01,772  INFO      [23/107] fetching BAJFINANCE.NS …
2026-06-02 08:18:02,406  INFO      [24/107] fetching ASIANPAINT.NS …
2026-06-02 08:18:03,016  INFO      [25/107] fetching MARUTI.NS …
2026-06-02 08:18:03,655  INFO      [26/107] fetching HCLTECH.NS …
2026-06-02 08:18:04,289  INFO      [27/107] fetching SUNPHARMA.NS …
2026-06-02 08:18:04,900  INFO      [28/107] fetching TITAN.NS …
2026-06-02 08:18:05,533  INFO      [29/107] fetching ULTRACEMCO.NS …
2026-06-02 08:18:06,066  INFO      [30/107] fetching WIPRO.NS …
2026-06-02 08:18:06,787  INFO      [31/107] fetching NESTLEIND.NS …
2026-06-02 08:18:07,385  INFO      [32/107] fetching ADANIENT.NS …
2026-06-02 08:18:07,926  INFO      [33/107] fetching NTPC.NS …
2026-06-02 08:18:08,475  INFO      [34/107] fetching TATAMOTORS.NS …
2026-06-02 08:18:10,310  WARNING   [TATAMOTORS.NS] insufficient history (0 rows)
2026-06-02 08:18:10,710  INFO      [35/107] fetching M&M.NS …
2026-06-02 08:18:11,296  INFO      [36/107] fetching TATASTEEL.NS …
2026-06-02 08:18:11,877  INFO      [37/107] fetching JSWSTEEL.NS …
2026-06-02 08:18:12,510  INFO      [38/107] fetching ONGC.NS …
2026-06-02 08:18:13,099  INFO      [39/107] fetching TECHM.NS …
2026-06-02 08:18:13,698  INFO      [40/107] fetching BAJAJFINSV.NS …
2026-06-02 08:18:14,237  INFO      [41/107] fetching HINDALCO.NS …
2026-06-02 08:18:14,881  INFO      [42/107] fetching GRASIM.NS …
2026-06-02 08:18:15,486  INFO      [43/107] fetching DRREDDY.NS …
2026-06-02 08:18:16,148  INFO      [44/107] fetching CIPLA.NS …
2026-06-02 08:18:16,790  INFO      [45/107] fetching DIVISLAB.NS …
2026-06-02 08:18:17,393  INFO      [46/107] fetching EICHERMOT.NS …
2026-06-02 08:18:18,059  INFO      [47/107] fetching BRITANNIA.NS …
2026-06-02 08:18:18,702  INFO      [48/107] fetching HEROMOTOCO.NS …
2026-06-02 08:18:19,332  INFO      [49/107] fetching BAJAJ-AUTO.NS …
2026-06-02 08:18:19,955  INFO      [50/107] fetching INDUSINDBK.NS …
2026-06-02 08:18:20,585  INFO      [51/107] fetching APOLLOHOSP.NS …
2026-06-02 08:18:21,221  INFO      [52/107] fetching TATACONSUM.NS …
2026-06-02 08:18:21,844  INFO      [53/107] fetching UPL.NS …
2026-06-02 08:18:22,456  INFO      [54/107] fetching BPCL.NS …
2026-06-02 08:18:23,091  INFO      [55/107] fetching SBILIFE.NS …
2026-06-02 08:18:23,669  INFO      [56/107] fetching HDFCLIFE.NS …
2026-06-02 08:18:24,295  INFO      [57/107] fetching ADANIPORTS.NS …
2026-06-02 08:18:24,861  INFO      [58/107] fetching LTIM.NS …
2026-06-02 08:18:26,071  WARNING   [LTIM.NS] insufficient history (0 rows)
2026-06-02 08:18:26,471  INFO      [59/107] fetching ABB.NS …
2026-06-02 08:18:27,120  INFO      [60/107] fetching ADANIGREEN.NS …
2026-06-02 08:18:27,697  INFO      [61/107] fetching ADANIPOWER.NS …
2026-06-02 08:18:28,251  INFO      [62/107] fetching AMBUJACEM.NS …
2026-06-02 08:18:28,886  INFO      [63/107] fetching DMART.NS …
2026-06-02 08:18:29,463  INFO      [64/107] fetching BAJAJHLDNG.NS …
2026-06-02 08:18:30,069  INFO      [65/107] fetching BANKBARODA.NS …
2026-06-02 08:18:30,694  INFO      [66/107] fetching BERGEPAINT.NS …
2026-06-02 08:18:31,346  INFO      [67/107] fetching BOSCHLTD.NS …
2026-06-02 08:18:31,891  INFO      [68/107] fetching CANBK.NS …
2026-06-02 08:18:32,538  INFO      [69/107] fetching CHOLAFIN.NS …
2026-06-02 08:18:33,151  INFO      [70/107] fetching COLPAL.NS …
2026-06-02 08:18:33,726  INFO      [71/107] fetching DABUR.NS …
2026-06-02 08:18:34,391  INFO      [72/107] fetching DLF.NS …
2026-06-02 08:18:35,002  INFO      [73/107] fetching GAIL.NS …
2026-06-02 08:18:35,657  INFO      [74/107] fetching GODREJCP.NS …
2026-06-02 08:18:36,197  INFO      [75/107] fetching HAVELLS.NS …
2026-06-02 08:18:36,737  INFO      [76/107] fetching HAL.NS …
2026-06-02 08:18:37,254  INFO      [77/107] fetching ICICIGI.NS …
2026-06-02 08:18:37,767  INFO      [78/107] fetching ICICIPRULI.NS …
2026-06-02 08:18:38,283  INFO      [79/107] fetching IOC.NS …
2026-06-02 08:18:38,934  INFO      [80/107] fetching IRCTC.NS …
2026-06-02 08:18:39,522  INFO      [81/107] fetching JINDALSTEL.NS …
2026-06-02 08:18:40,172  INFO      [82/107] fetching LICI.NS …
2026-06-02 08:18:40,696  INFO      [83/107] fetching MARICO.NS …
2026-06-02 08:18:41,323  INFO      [84/107] fetching MOTHERSON.NS …
2026-06-02 08:18:41,945  INFO      [85/107] fetching NAUKRI.NS …
2026-06-02 08:18:42,545  INFO      [86/107] fetching PIDILITIND.NS …
2026-06-02 08:18:43,187  INFO      [87/107] fetching PNB.NS …
2026-06-02 08:18:43,792  INFO      [88/107] fetching PFC.NS …
2026-06-02 08:18:44,339  INFO      [89/107] fetching RECLTD.NS …
2026-06-02 08:18:44,950  INFO      [90/107] fetching SIEMENS.NS …
2026-06-02 08:18:45,486  INFO      [91/107] fetching SRF.NS …
2026-06-02 08:18:46,130  INFO      [92/107] fetching SHREECEM.NS …
2026-06-02 08:18:46,753  INFO      [93/107] fetching SHRIRAMFIN.NS …
2026-06-02 08:18:47,343  INFO      [94/107] fetching TORNTPHARM.NS …
2026-06-02 08:18:47,952  INFO      [95/107] fetching TRENT.NS …
2026-06-02 08:18:48,532  INFO      [96/107] fetching TVSMOTOR.NS …
2026-06-02 08:18:49,159  INFO      [97/107] fetching VEDL.NS …
2026-06-02 08:18:49,700  INFO      [98/107] fetching VBL.NS …
2026-06-02 08:18:50,226  INFO      [99/107] fetching ZOMATO.NS …
2026-06-02 08:18:51,514  WARNING   [ZOMATO.NS] insufficient history (0 rows)
2026-06-02 08:18:51,915  INFO      [100/107] fetching ZYDUSLIFE.NS …
2026-06-02 08:18:52,507  INFO      [101/107] fetching INDIGO.NS …
2026-06-02 08:18:53,022  INFO      [102/107] fetching IDEA.NS …
2026-06-02 08:18:53,606  INFO      [103/107] fetching BANKINDIA.NS …
2026-06-02 08:18:54,156  INFO      [104/107] fetching PAGEIND.NS …
2026-06-02 08:18:54,701  INFO      [105/107] fetching MUTHOOTFIN.NS …
2026-06-02 08:18:55,227  INFO      [106/107] fetching TATAELXSI.NS …
2026-06-02 08:18:55,813  INFO      [107/107] fetching LUPIN.NS …
2026-06-02 08:18:55,950  INFO      Fetched 104/107 symbols successfully.
2026-06-02 08:19:01,988  INFO      Fetched 200 headlines from RSS (Indian + global/geopolitics).
2026-06-02 08:19:06,136  INFO      Macro regime: neutral | bias=-1 | geo-risk=42.5
2026-06-02 08:19:06,182  INFO      NSE corp announcements: 20 filings
2026-06-02 08:19:08,053  INFO      Angel One login successful.
2026-06-02 08:19:08,822  INFO      Saved report → data/stock_reports/2026-06-02_0819.json
2026-06-02 08:19:09,396  INFO      Report image saved → logs/stock_analyzer/2026-06-02/stock_report.png  [1920×1280]
2026-06-02 08:19:09,397  INFO      Dry-run: skipping send. Image + PDF saved locally; console printed.
2026-06-02 08:19:09,397  INFO      == Stock analyzer run complete ==
2026-06-02 08:19:09,401  INFO      [Note] PAPER TRADING -- virtual cash Rs 100,000, max_positions=6 max_pct=15% buckets=('intraday', 'swing') state=data/paper_trader_state.json
2026-06-02 08:19:09,401  INFO      [Note] PAPER TRADING -- virtual cash Rs 100,000, max_positions=6 max_pct=15% buckets=('intraday', 'swing') state=data/paper_trader_state.json
2026-06-02 08:19:09,401  INFO      paper-trader: new day, archived 5 trades (cumulative ₹-191)
2026-06-02 08:19:25,304  INFO      [DRY] Angel order would be: {'variety': 'NORMAL', 'tradingsymbol': 'TATAELXSI-EQ', 'symboltoken': '3411', 'transactiontype': 'BUY', 'exchange': 'NSE', 'ordertype': 'MARKET', 'producttype': 'INTRADAY', 'duration': 'DAY', 'price': '0', 'squareoff': '0', 'stoploss': '0', 'quantity': '3'}
2026-06-02 08:19:25,305  INFO      [OPEN] [DRY] TATAELXSI.NS qty=3 @ Rs 4494.80 SL Rs 4387.40 TGT Rs 4744.09 (order=None)
2026-06-02 08:19:25,305  INFO      [DRY] Angel order would be: {'variety': 'NORMAL', 'tradingsymbol': 'INFY-EQ', 'symboltoken': '1594', 'transactiontype': 'BUY', 'exchange': 'NSE', 'ordertype': 'MARKET', 'producttype': 'INTRADAY', 'duration': 'DAY', 'price': '0', 'squareoff': '0', 'stoploss': '0', 'quantity': '9'}
2026-06-02 08:19:25,305  INFO      [OPEN] [DRY] INFY.NS qty=9 @ Rs 1264.70 SL Rs 1236.79 TGT Rs 1288.22 (order=None)
2026-06-02 08:19:25,305  INFO      [DRY] Angel order would be: {'variety': 'NORMAL', 'tradingsymbol': 'TCS-EQ', 'symboltoken': '11536', 'transactiontype': 'BUY', 'exchange': 'NSE', 'ordertype': 'MARKET', 'producttype': 'INTRADAY', 'duration': 'DAY', 'price': '0', 'squareoff': '0', 'stoploss': '0', 'quantity': '4'}
2026-06-02 08:19:25,305  INFO      [OPEN] [DRY] TCS.NS qty=4 @ Rs 2441.30 SL Rs 2381.17 TGT Rs 2477.93 (order=None)
2026-06-02 08:19:25,305  INFO      [DRY] Angel order would be: {'variety': 'NORMAL', 'tradingsymbol': 'HCLTECH-EQ', 'symboltoken': '7229', 'transactiontype': 'BUY', 'exchange': 'NSE', 'ordertype': 'MARKET', 'producttype': 'INTRADAY', 'duration': 'DAY', 'price': '0', 'squareoff': '0', 'stoploss': '0', 'quantity': '7'}
2026-06-02 08:19:25,305  INFO      [OPEN] [DRY] HCLTECH.NS qty=7 @ Rs 1239.50 SL Rs 1210.58 TGT Rs 1311.11 (order=None)
2026-06-02 08:19:25,305  INFO      [DRY] Angel order would be: {'variety': 'NORMAL', 'tradingsymbol': 'PERSISTENT-EQ', 'symboltoken': '18365', 'transactiontype': 'BUY', 'exchange': 'NSE', 'ordertype': 'MARKET', 'producttype': 'INTRADAY', 'duration': 'DAY', 'price': '0', 'squareoff': '0', 'stoploss': '0', 'quantity': '1'}
2026-06-02 08:19:25,305  INFO      [OPEN] [DRY] PERSISTENT.NS qty=1 @ Rs 5448.50 SL Rs 5280.97 TGT Rs 5594.19 (order=None)
2026-06-02 08:19:25,307  INFO      tick result: {'ok': True, 'actions': 5, 'open_trades': 6, 'closed_today': 0, 'realised_pnl': 0.0, 'cumulative_pnl': -190.79, 'halted': False, 'messages': ['[OPEN] [DRY] TATAELXSI.NS qty=3 @ Rs 4494.80 SL Rs 4387.40 TGT Rs 4744.09 (order=None)', '[OPEN] [DRY] INFY.NS qty=9 @ Rs 1264.70 SL Rs 1236.79 TGT Rs 1288.22 (order=None)', '[OPEN] [DRY] TCS.NS qty=4 @ Rs 2441.30 SL Rs 2381.17 TGT Rs 2477.93 (order=None)', '[OPEN] [DRY] HCLTECH.NS qty=7 @ Rs 1239.50 SL Rs 1210.58 TGT Rs 1311.11 (order=None)', '[OPEN] [DRY] PERSISTENT.NS qty=1 @ Rs 5448.50 SL Rs 5280.97 TGT Rs 5594.19 (order=None)']}
2026-06-02 08:19:25,307  INFO      tick result: {'ok': True, 'actions': 5, 'open_trades': 6, 'closed_today': 0, 'realised_pnl': 0.0, 'cumulative_pnl': -190.79, 'halted': False, 'messages': ['[OPEN] [DRY] TATAELXSI.NS qty=3 @ Rs 4494.80 SL Rs 4387.40 TGT Rs 4744.09 (order=None)', '[OPEN] [DRY] INFY.NS qty=9 @ Rs 1264.70 SL Rs 1236.79 TGT Rs 1288.22 (order=None)', '[OPEN] [DRY] TCS.NS qty=4 @ Rs 2441.30 SL Rs 2381.17 TGT Rs 2477.93 (order=None)', '[OPEN] [DRY] HCLTECH.NS qty=7 @ Rs 1239.50 SL Rs 1210.58 TGT Rs 1311.11 (order=None)', '[OPEN] [DRY] PERSISTENT.NS qty=1 @ Rs 5448.50 SL Rs 5280.97 TGT Rs 5594.19 (order=None)']}
