2026-06-18 08:28:07,999  INFO      angel_one starting ... (cmd=paper-trade)
2026-06-18 08:28:07,999  INFO      angel_one starting ... (cmd=paper-trade)
2026-06-18 08:28:08,016  INFO      refresh: generating today's picks via analyzer (dry-run, no PDF)
2026-06-18 08:28:08,016  INFO      refresh: generating today's picks via analyzer (dry-run, no PDF)
2026-06-18 08:28:08,794  INFO      == Stock analyzer run starting ==
2026-06-18 08:28:08,794  INFO      Watchlist: 11 symbols from data/stock_watchlist.txt
2026-06-18 08:28:08,794  INFO      Universe: 107 symbols (total available: 107)
2026-06-18 08:28:09,578  INFO      [1/107] fetching TATAPOWER.NS …
2026-06-18 08:28:10,121  INFO      [2/107] fetching IRFC.NS …
2026-06-18 08:28:10,614  INFO      [3/107] fetching SUZLON.NS …
2026-06-18 08:28:11,106  INFO      [4/107] fetching IREDA.NS …
2026-06-18 08:28:11,598  INFO      [5/107] fetching BHEL.NS …
2026-06-18 08:28:12,122  INFO      [6/107] fetching KPITTECH.NS …
2026-06-18 08:28:12,610  INFO      [7/107] fetching POLYCAB.NS …
2026-06-18 08:28:13,100  INFO      [8/107] fetching PERSISTENT.NS …
2026-06-18 08:28:13,594  INFO      [9/107] fetching ITC.NS …
2026-06-18 08:28:14,108  INFO      [10/107] fetching POWERGRID.NS …
2026-06-18 08:28:14,607  INFO      [11/107] fetching COALINDIA.NS …
2026-06-18 08:28:15,106  INFO      [12/107] fetching RELIANCE.NS …
2026-06-18 08:28:15,644  INFO      [13/107] fetching TCS.NS …
2026-06-18 08:28:16,146  INFO      [14/107] fetching HDFCBANK.NS …
2026-06-18 08:28:16,661  INFO      [15/107] fetching INFY.NS …
2026-06-18 08:28:17,171  INFO      [16/107] fetching ICICIBANK.NS …
2026-06-18 08:28:17,681  INFO      [17/107] fetching HINDUNILVR.NS …
2026-06-18 08:28:18,189  INFO      [18/107] fetching SBIN.NS …
2026-06-18 08:28:18,701  INFO      [19/107] fetching BHARTIARTL.NS …
2026-06-18 08:28:19,196  INFO      [20/107] fetching KOTAKBANK.NS …
2026-06-18 08:28:19,702  INFO      [21/107] fetching LT.NS …
2026-06-18 08:28:20,206  INFO      [22/107] fetching AXISBANK.NS …
2026-06-18 08:28:20,715  INFO      [23/107] fetching BAJFINANCE.NS …
2026-06-18 08:28:21,219  INFO      [24/107] fetching ASIANPAINT.NS …
2026-06-18 08:28:21,736  INFO      [25/107] fetching MARUTI.NS …
2026-06-18 08:28:22,253  INFO      [26/107] fetching HCLTECH.NS …
2026-06-18 08:28:22,757  INFO      [27/107] fetching SUNPHARMA.NS …
2026-06-18 08:28:23,270  INFO      [28/107] fetching TITAN.NS …
2026-06-18 08:28:23,771  INFO      [29/107] fetching ULTRACEMCO.NS …
2026-06-18 08:28:24,272  INFO      [30/107] fetching WIPRO.NS …
2026-06-18 08:28:24,834  INFO      [31/107] fetching NESTLEIND.NS …
2026-06-18 08:28:25,337  INFO      [32/107] fetching ADANIENT.NS …
2026-06-18 08:28:25,844  INFO      [33/107] fetching NTPC.NS …
2026-06-18 08:28:26,353  INFO      [34/107] fetching TATAMOTORS.NS …
2026-06-18 08:28:27,956  WARNING   [TATAMOTORS.NS] insufficient history (0 rows)
2026-06-18 08:28:28,356  INFO      [35/107] fetching M&M.NS …
2026-06-18 08:28:28,866  INFO      [36/107] fetching TATASTEEL.NS …
2026-06-18 08:28:29,404  INFO      [37/107] fetching JSWSTEEL.NS …
2026-06-18 08:28:29,905  INFO      [38/107] fetching ONGC.NS …
2026-06-18 08:28:30,474  INFO      [39/107] fetching TECHM.NS …
2026-06-18 08:28:30,974  INFO      [40/107] fetching BAJAJFINSV.NS …
2026-06-18 08:28:31,479  INFO      [41/107] fetching HINDALCO.NS …
2026-06-18 08:28:31,997  INFO      [42/107] fetching GRASIM.NS …
2026-06-18 08:28:32,501  INFO      [43/107] fetching DRREDDY.NS …
2026-06-18 08:28:33,000  INFO      [44/107] fetching CIPLA.NS …
2026-06-18 08:28:33,512  INFO      [45/107] fetching DIVISLAB.NS …
2026-06-18 08:28:34,018  INFO      [46/107] fetching EICHERMOT.NS …
2026-06-18 08:28:34,532  INFO      [47/107] fetching BRITANNIA.NS …
2026-06-18 08:28:35,046  INFO      [48/107] fetching HEROMOTOCO.NS …
2026-06-18 08:28:35,554  INFO      [49/107] fetching BAJAJ-AUTO.NS …
2026-06-18 08:28:36,056  INFO      [50/107] fetching INDUSINDBK.NS …
2026-06-18 08:28:36,614  INFO      [51/107] fetching APOLLOHOSP.NS …
2026-06-18 08:28:37,116  INFO      [52/107] fetching TATACONSUM.NS …
2026-06-18 08:28:37,632  INFO      [53/107] fetching UPL.NS …
2026-06-18 08:28:38,139  INFO      [54/107] fetching BPCL.NS …
2026-06-18 08:28:38,652  INFO      [55/107] fetching SBILIFE.NS …
2026-06-18 08:28:39,143  INFO      [56/107] fetching HDFCLIFE.NS …
2026-06-18 08:28:39,648  INFO      [57/107] fetching ADANIPORTS.NS …
2026-06-18 08:28:40,155  INFO      [58/107] fetching LTIM.NS …
2026-06-18 08:28:41,177  WARNING   [LTIM.NS] insufficient history (0 rows)
2026-06-18 08:28:41,577  INFO      [59/107] fetching ABB.NS …
2026-06-18 08:28:42,080  INFO      [60/107] fetching ADANIGREEN.NS …
2026-06-18 08:28:42,565  INFO      [61/107] fetching ADANIPOWER.NS …
2026-06-18 08:28:43,049  INFO      [62/107] fetching AMBUJACEM.NS …
2026-06-18 08:28:43,556  INFO      [63/107] fetching DMART.NS …
2026-06-18 08:28:44,040  INFO      [64/107] fetching BAJAJHLDNG.NS …
2026-06-18 08:28:44,553  INFO      [65/107] fetching BANKBARODA.NS …
2026-06-18 08:28:45,067  INFO      [66/107] fetching BERGEPAINT.NS …
2026-06-18 08:28:45,571  INFO      [67/107] fetching BOSCHLTD.NS …
2026-06-18 08:28:46,081  INFO      [68/107] fetching CANBK.NS …
2026-06-18 08:28:46,585  INFO      [69/107] fetching CHOLAFIN.NS …
2026-06-18 08:28:47,098  INFO      [70/107] fetching COLPAL.NS …
2026-06-18 08:28:47,619  INFO      [71/107] fetching DABUR.NS …
2026-06-18 08:28:48,178  INFO      [72/107] fetching DLF.NS …
2026-06-18 08:28:48,673  INFO      [73/107] fetching GAIL.NS …
2026-06-18 08:28:49,186  INFO      [74/107] fetching GODREJCP.NS …
2026-06-18 08:28:49,712  INFO      [75/107] fetching HAVELLS.NS …
2026-06-18 08:28:50,218  INFO      [76/107] fetching HAL.NS …
2026-06-18 08:28:50,709  INFO      [77/107] fetching ICICIGI.NS …
2026-06-18 08:28:51,202  INFO      [78/107] fetching ICICIPRULI.NS …
2026-06-18 08:28:51,692  INFO      [79/107] fetching IOC.NS …
2026-06-18 08:28:52,208  INFO      [80/107] fetching IRCTC.NS …
2026-06-18 08:28:52,697  INFO      [81/107] fetching JINDALSTEL.NS …
2026-06-18 08:28:53,200  INFO      [82/107] fetching LICI.NS …
2026-06-18 08:28:53,684  INFO      [83/107] fetching MARICO.NS …
2026-06-18 08:28:54,248  INFO      [84/107] fetching MOTHERSON.NS …
2026-06-18 08:28:54,759  INFO      [85/107] fetching NAUKRI.NS …
2026-06-18 08:28:55,268  INFO      [86/107] fetching PIDILITIND.NS …
2026-06-18 08:28:55,776  INFO      [87/107] fetching PNB.NS …
2026-06-18 08:28:56,279  INFO      [88/107] fetching PFC.NS …
2026-06-18 08:28:56,782  INFO      [89/107] fetching RECLTD.NS …
2026-06-18 08:28:57,283  INFO      [90/107] fetching SIEMENS.NS …
2026-06-18 08:28:57,790  INFO      [91/107] fetching SRF.NS …
2026-06-18 08:28:58,292  INFO      [92/107] fetching SHREECEM.NS …
2026-06-18 08:28:58,797  INFO      [93/107] fetching SHRIRAMFIN.NS …
2026-06-18 08:28:59,299  INFO      [94/107] fetching TORNTPHARM.NS …
2026-06-18 08:28:59,806  INFO      [95/107] fetching TRENT.NS …
2026-06-18 08:29:00,305  INFO      [96/107] fetching TVSMOTOR.NS …
2026-06-18 08:29:00,820  INFO      [97/107] fetching VEDL.NS …
2026-06-18 08:29:01,340  INFO      [98/107] fetching VBL.NS …
2026-06-18 08:29:01,830  INFO      [99/107] fetching ZOMATO.NS …
2026-06-18 08:29:02,869  WARNING   [ZOMATO.NS] insufficient history (0 rows)
2026-06-18 08:29:03,269  INFO      [100/107] fetching ZYDUSLIFE.NS …
2026-06-18 08:29:03,779  INFO      [101/107] fetching INDIGO.NS …
2026-06-18 08:29:04,269  INFO      [102/107] fetching IDEA.NS …
2026-06-18 08:29:04,756  INFO      [103/107] fetching BANKINDIA.NS …
2026-06-18 08:29:05,265  INFO      [104/107] fetching PAGEIND.NS …
2026-06-18 08:29:05,777  INFO      [105/107] fetching MUTHOOTFIN.NS …
2026-06-18 08:29:06,323  INFO      [106/107] fetching TATAELXSI.NS …
2026-06-18 08:29:06,825  INFO      [107/107] fetching LUPIN.NS …
2026-06-18 08:29:06,936  INFO      Fetched 104/107 symbols successfully.
2026-06-18 08:29:09,211  WARNING   [MF 120503] fetch failed: HTTPSConnectionPool(host='api.mfapi.in', port=443): Read timed out. (read timeout=2)
2026-06-18 08:29:11,539  INFO      Fetched 200 headlines from RSS (Indian + global/geopolitics).
2026-06-18 08:29:13,592  INFO      Macro regime: risk-off | bias=-1 | geo-risk=20.5
2026-06-18 08:29:13,620  INFO      NSE corp announcements: 20 filings
2026-06-18 08:29:15,360  INFO      Angel One login successful.
2026-06-18 08:29:16,461  INFO      Saved report → data/stock_reports/2026-06-18_0829.json
2026-06-18 08:29:16,980  INFO      Report image saved → logs/stock_analyzer/2026-06-18/stock_report.png  [1920×1280]
2026-06-18 08:29:16,981  INFO      Dry-run: skipping send. Image + PDF saved locally; console printed.
2026-06-18 08:29:16,981  INFO      == Stock analyzer run complete ==
2026-06-18 08:29:16,983  INFO      [Note] PAPER TRADING -- virtual cash Rs 100,000, max_positions=6 max_pct=15% buckets=('intraday', 'swing') state=data/paper_trader_state.json
2026-06-18 08:29:16,983  INFO      [Note] PAPER TRADING -- virtual cash Rs 100,000, max_positions=6 max_pct=15% buckets=('intraday', 'swing') state=data/paper_trader_state.json
2026-06-18 08:29:16,984  INFO      paper-trader: new day, archived 6 trades (cumulative ₹-1,074)
2026-06-18 08:29:34,015  INFO      [DRY] Angel order would be: {'variety': 'NORMAL', 'tradingsymbol': 'TRENT-EQ', 'symboltoken': '1964', 'transactiontype': 'BUY', 'exchange': 'NSE', 'ordertype': 'MARKET', 'producttype': 'INTRADAY', 'duration': 'DAY', 'price': '0', 'squareoff': '0', 'stoploss': '0', 'quantity': '4'}
2026-06-18 08:29:34,016  INFO      [OPEN] [DRY] TRENT.NS qty=4 @ Rs 3180.00 SL Rs 3085.10 TGT Rs 3330.55 (order=None)
2026-06-18 08:29:34,016  INFO      [DRY] Angel order would be: {'variety': 'NORMAL', 'tradingsymbol': 'DLF-EQ', 'symboltoken': '14732', 'transactiontype': 'BUY', 'exchange': 'NSE', 'ordertype': 'MARKET', 'producttype': 'INTRADAY', 'duration': 'DAY', 'price': '0', 'squareoff': '0', 'stoploss': '0', 'quantity': '18'}
2026-06-18 08:29:34,016  INFO      [OPEN] [DRY] DLF.NS qty=18 @ Rs 638.45 SL Rs 620.71 TGT Rs 669.03 (order=None)
2026-06-18 08:29:34,016  INFO      [DRY] Angel order would be: {'variety': 'NORMAL', 'tradingsymbol': 'ICICIPRULI-EQ', 'symboltoken': '18652', 'transactiontype': 'BUY', 'exchange': 'NSE', 'ordertype': 'MARKET', 'producttype': 'INTRADAY', 'duration': 'DAY', 'price': '0', 'squareoff': '0', 'stoploss': '0', 'quantity': '19'}
2026-06-18 08:29:34,016  INFO      [OPEN] [DRY] ICICIPRULI.NS qty=19 @ Rs 519.10 SL Rs 508.94 TGT Rs 528.24 (order=None)
2026-06-18 08:29:34,016  INFO      [DRY] Angel order would be: {'variety': 'NORMAL', 'tradingsymbol': 'LICI-EQ', 'symboltoken': '9480', 'transactiontype': 'BUY', 'exchange': 'NSE', 'ordertype': 'MARKET', 'producttype': 'INTRADAY', 'duration': 'DAY', 'price': '0', 'squareoff': '0', 'stoploss': '0', 'quantity': '20'}
2026-06-18 08:29:34,016  INFO      [OPEN] [DRY] LICI.NS qty=20 @ Rs 429.10 SL Rs 419.57 TGT Rs 449.71 (order=None)
2026-06-18 08:29:34,016  INFO      [DRY] Angel order would be: {'variety': 'NORMAL', 'tradingsymbol': 'ABB-EQ', 'symboltoken': '13', 'transactiontype': 'BUY', 'exchange': 'NSE', 'ordertype': 'MARKET', 'producttype': 'INTRADAY', 'duration': 'DAY', 'price': '0', 'squareoff': '0', 'stoploss': '0', 'quantity': '1'}
2026-06-18 08:29:34,016  INFO      [OPEN] [DRY] ABB.NS qty=1 @ Rs 7187.00 SL Rs 7066.49 TGT Rs 7944.12 (order=None)
2026-06-18 08:29:34,019  INFO      tick result: {'ok': True, 'actions': 5, 'open_trades': 6, 'closed_today': 0, 'realised_pnl': 0.0, 'cumulative_pnl': -1073.55, 'halted': False, 'messages': ['[OPEN] [DRY] TRENT.NS qty=4 @ Rs 3180.00 SL Rs 3085.10 TGT Rs 3330.55 (order=None)', '[OPEN] [DRY] DLF.NS qty=18 @ Rs 638.45 SL Rs 620.71 TGT Rs 669.03 (order=None)', '[OPEN] [DRY] ICICIPRULI.NS qty=19 @ Rs 519.10 SL Rs 508.94 TGT Rs 528.24 (order=None)', '[OPEN] [DRY] LICI.NS qty=20 @ Rs 429.10 SL Rs 419.57 TGT Rs 449.71 (order=None)', '[OPEN] [DRY] ABB.NS qty=1 @ Rs 7187.00 SL Rs 7066.49 TGT Rs 7944.12 (order=None)']}
2026-06-18 08:29:34,019  INFO      tick result: {'ok': True, 'actions': 5, 'open_trades': 6, 'closed_today': 0, 'realised_pnl': 0.0, 'cumulative_pnl': -1073.55, 'halted': False, 'messages': ['[OPEN] [DRY] TRENT.NS qty=4 @ Rs 3180.00 SL Rs 3085.10 TGT Rs 3330.55 (order=None)', '[OPEN] [DRY] DLF.NS qty=18 @ Rs 638.45 SL Rs 620.71 TGT Rs 669.03 (order=None)', '[OPEN] [DRY] ICICIPRULI.NS qty=19 @ Rs 519.10 SL Rs 508.94 TGT Rs 528.24 (order=None)', '[OPEN] [DRY] LICI.NS qty=20 @ Rs 429.10 SL Rs 419.57 TGT Rs 449.71 (order=None)', '[OPEN] [DRY] ABB.NS qty=1 @ Rs 7187.00 SL Rs 7066.49 TGT Rs 7944.12 (order=None)']}
