2026-05-06 06:23:30,140  INFO      angel_one starting ... (cmd=paper-trade)
2026-05-06 06:23:30,140  INFO      angel_one starting ... (cmd=paper-trade)
2026-05-06 06:23:30,157  INFO      refresh: generating today's picks via analyzer (dry-run, no PDF)
2026-05-06 06:23:30,157  INFO      refresh: generating today's picks via analyzer (dry-run, no PDF)
2026-05-06 06:23:30,810  INFO      == Stock analyzer run starting ==
2026-05-06 06:23:30,810  INFO      Watchlist: 11 symbols from data/stock_watchlist.txt
2026-05-06 06:23:30,810  INFO      Universe: 107 symbols (total available: 107)
2026-05-06 06:23:31,941  INFO      [1/107] fetching TATAPOWER.NS …
2026-05-06 06:23:32,474  INFO      [2/107] fetching IRFC.NS …
2026-05-06 06:23:32,960  INFO      [3/107] fetching SUZLON.NS …
2026-05-06 06:23:33,441  INFO      [4/107] fetching IREDA.NS …
2026-05-06 06:23:33,919  INFO      [5/107] fetching BHEL.NS …
2026-05-06 06:23:34,426  INFO      [6/107] fetching KPITTECH.NS …
2026-05-06 06:23:34,910  INFO      [7/107] fetching POLYCAB.NS …
2026-05-06 06:23:35,396  INFO      [8/107] fetching PERSISTENT.NS …
2026-05-06 06:23:35,898  INFO      [9/107] fetching ITC.NS …
2026-05-06 06:23:36,404  INFO      [10/107] fetching POWERGRID.NS …
2026-05-06 06:23:36,900  INFO      [11/107] fetching COALINDIA.NS …
2026-05-06 06:23:37,422  INFO      [12/107] fetching RELIANCE.NS …
2026-05-06 06:23:37,982  INFO      [13/107] fetching TCS.NS …
2026-05-06 06:23:38,480  INFO      [14/107] fetching HDFCBANK.NS …
2026-05-06 06:23:39,040  INFO      [15/107] fetching INFY.NS …
2026-05-06 06:23:39,555  INFO      [16/107] fetching ICICIBANK.NS …
2026-05-06 06:23:40,059  INFO      [17/107] fetching HINDUNILVR.NS …
2026-05-06 06:23:40,569  INFO      [18/107] fetching SBIN.NS …
2026-05-06 06:23:41,071  INFO      [19/107] fetching BHARTIARTL.NS …
2026-05-06 06:23:41,563  INFO      [20/107] fetching KOTAKBANK.NS …
2026-05-06 06:23:42,072  INFO      [21/107] fetching LT.NS …
2026-05-06 06:23:42,626  INFO      [22/107] fetching AXISBANK.NS …
2026-05-06 06:23:43,135  INFO      [23/107] fetching BAJFINANCE.NS …
2026-05-06 06:23:43,645  INFO      [24/107] fetching ASIANPAINT.NS …
2026-05-06 06:23:44,150  INFO      [25/107] fetching MARUTI.NS …
2026-05-06 06:23:44,654  INFO      [26/107] fetching HCLTECH.NS …
2026-05-06 06:23:45,209  INFO      [27/107] fetching SUNPHARMA.NS …
2026-05-06 06:23:45,723  INFO      [28/107] fetching TITAN.NS …
2026-05-06 06:23:46,222  INFO      [29/107] fetching ULTRACEMCO.NS …
2026-05-06 06:23:46,724  INFO      [30/107] fetching WIPRO.NS …
2026-05-06 06:23:47,243  INFO      [31/107] fetching NESTLEIND.NS …
2026-05-06 06:23:47,750  INFO      [32/107] fetching ADANIENT.NS …
2026-05-06 06:23:48,255  INFO      [33/107] fetching NTPC.NS …
2026-05-06 06:23:48,756  INFO      [34/107] fetching TATAMOTORS.NS …
2026-05-06 06:23:50,299  WARNING   [TATAMOTORS.NS] insufficient history (0 rows)
2026-05-06 06:23:50,699  INFO      [35/107] fetching M&M.NS …
2026-05-06 06:23:51,209  INFO      [36/107] fetching TATASTEEL.NS …
2026-05-06 06:23:51,713  INFO      [37/107] fetching JSWSTEEL.NS …
2026-05-06 06:23:52,226  INFO      [38/107] fetching ONGC.NS …
2026-05-06 06:23:52,741  INFO      [39/107] fetching TECHM.NS …
2026-05-06 06:23:53,313  INFO      [40/107] fetching BAJAJFINSV.NS …
2026-05-06 06:23:53,812  INFO      [41/107] fetching HINDALCO.NS …
2026-05-06 06:23:54,326  INFO      [42/107] fetching GRASIM.NS …
2026-05-06 06:23:54,834  INFO      [43/107] fetching DRREDDY.NS …
2026-05-06 06:23:55,338  INFO      [44/107] fetching CIPLA.NS …
2026-05-06 06:23:55,845  INFO      [45/107] fetching DIVISLAB.NS …
2026-05-06 06:23:56,347  INFO      [46/107] fetching EICHERMOT.NS …
2026-05-06 06:23:56,862  INFO      [47/107] fetching BRITANNIA.NS …
2026-05-06 06:23:57,368  INFO      [48/107] fetching HEROMOTOCO.NS …
2026-05-06 06:23:57,873  INFO      [49/107] fetching BAJAJ-AUTO.NS …
2026-05-06 06:23:58,368  INFO      [50/107] fetching INDUSINDBK.NS …
2026-05-06 06:23:58,873  INFO      [51/107] fetching APOLLOHOSP.NS …
2026-05-06 06:23:59,375  INFO      [52/107] fetching TATACONSUM.NS …
2026-05-06 06:23:59,891  INFO      [53/107] fetching UPL.NS …
2026-05-06 06:24:00,394  INFO      [54/107] fetching BPCL.NS …
2026-05-06 06:24:00,900  INFO      [55/107] fetching SBILIFE.NS …
2026-05-06 06:24:01,437  INFO      [56/107] fetching HDFCLIFE.NS …
2026-05-06 06:24:01,923  INFO      [57/107] fetching ADANIPORTS.NS …
2026-05-06 06:24:02,415  INFO      [58/107] fetching LTIM.NS …
2026-05-06 06:24:03,619  WARNING   [LTIM.NS] insufficient history (0 rows)
2026-05-06 06:24:04,019  INFO      [59/107] fetching ABB.NS …
2026-05-06 06:24:04,526  INFO      [60/107] fetching ADANIGREEN.NS …
2026-05-06 06:24:05,002  INFO      [61/107] fetching ADANIPOWER.NS …
2026-05-06 06:24:05,492  INFO      [62/107] fetching AMBUJACEM.NS …
2026-05-06 06:24:06,003  INFO      [63/107] fetching DMART.NS …
2026-05-06 06:24:06,479  INFO      [64/107] fetching BAJAJHLDNG.NS …
2026-05-06 06:24:07,009  INFO      [65/107] fetching BANKBARODA.NS …
2026-05-06 06:24:07,570  INFO      [66/107] fetching BERGEPAINT.NS …
2026-05-06 06:24:08,079  INFO      [67/107] fetching BOSCHLTD.NS …
2026-05-06 06:24:08,585  INFO      [68/107] fetching CANBK.NS …
2026-05-06 06:24:09,092  INFO      [69/107] fetching CHOLAFIN.NS …
2026-05-06 06:24:09,592  INFO      [70/107] fetching COLPAL.NS …
2026-05-06 06:24:10,096  INFO      [71/107] fetching DABUR.NS …
2026-05-06 06:24:10,602  INFO      [72/107] fetching DLF.NS …
2026-05-06 06:24:11,094  INFO      [73/107] fetching GAIL.NS …
2026-05-06 06:24:11,600  INFO      [74/107] fetching GODREJCP.NS …
2026-05-06 06:24:12,101  INFO      [75/107] fetching HAVELLS.NS …
2026-05-06 06:24:12,606  INFO      [76/107] fetching HAL.NS …
2026-05-06 06:24:13,094  INFO      [77/107] fetching ICICIGI.NS …
2026-05-06 06:24:13,577  INFO      [78/107] fetching ICICIPRULI.NS …
2026-05-06 06:24:14,068  INFO      [79/107] fetching IOC.NS …
2026-05-06 06:24:14,605  INFO      [80/107] fetching IRCTC.NS …
2026-05-06 06:24:15,086  INFO      [81/107] fetching JINDALSTEL.NS …
2026-05-06 06:24:15,587  INFO      [82/107] fetching LICI.NS …
2026-05-06 06:24:16,100  INFO      [83/107] fetching MARICO.NS …
2026-05-06 06:24:16,607  INFO      [84/107] fetching MOTHERSON.NS …
2026-05-06 06:24:17,111  INFO      [85/107] fetching NAUKRI.NS …
2026-05-06 06:24:17,606  INFO      [86/107] fetching PIDILITIND.NS …
2026-05-06 06:24:18,109  INFO      [87/107] fetching PNB.NS …
2026-05-06 06:24:18,607  INFO      [88/107] fetching PFC.NS …
2026-05-06 06:24:19,112  INFO      [89/107] fetching RECLTD.NS …
2026-05-06 06:24:19,606  INFO      [90/107] fetching SIEMENS.NS …
2026-05-06 06:24:20,118  INFO      [91/107] fetching SRF.NS …
2026-05-06 06:24:20,626  INFO      [92/107] fetching SHREECEM.NS …
2026-05-06 06:24:21,125  INFO      [93/107] fetching SHRIRAMFIN.NS …
2026-05-06 06:24:21,632  INFO      [94/107] fetching TORNTPHARM.NS …
2026-05-06 06:24:22,134  INFO      [95/107] fetching TRENT.NS …
2026-05-06 06:24:22,634  INFO      [96/107] fetching TVSMOTOR.NS …
2026-05-06 06:24:23,136  INFO      [97/107] fetching VEDL.NS …
2026-05-06 06:24:23,648  INFO      [98/107] fetching VBL.NS …
2026-05-06 06:24:24,140  INFO      [99/107] fetching ZOMATO.NS …
2026-05-06 06:24:25,493  WARNING   [ZOMATO.NS] insufficient history (0 rows)
2026-05-06 06:24:25,894  INFO      [100/107] fetching ZYDUSLIFE.NS …
2026-05-06 06:24:26,414  INFO      [101/107] fetching INDIGO.NS …
2026-05-06 06:24:26,898  INFO      [102/107] fetching IDEA.NS …
2026-05-06 06:24:27,380  INFO      [103/107] fetching BANKINDIA.NS …
2026-05-06 06:24:27,886  INFO      [104/107] fetching PAGEIND.NS …
2026-05-06 06:24:28,388  INFO      [105/107] fetching MUTHOOTFIN.NS …
2026-05-06 06:24:28,880  INFO      [106/107] fetching TATAELXSI.NS …
2026-05-06 06:24:29,381  INFO      [107/107] fetching LUPIN.NS …
2026-05-06 06:24:29,483  INFO      Fetched 104/107 symbols successfully.
2026-05-06 06:24:35,857  INFO      Fetched 200 headlines from RSS (Indian + global/geopolitics).
2026-05-06 06:24:38,455  INFO      Macro regime: risk-on | bias=1 | geo-risk=39.5
2026-05-06 06:24:38,667  INFO      NSE corp announcements: 20 filings
2026-05-06 06:24:40,501  INFO      Angel One login successful.
2026-05-06 06:24:41,606  INFO      Saved report → data/stock_reports/2026-05-06_0624.json
2026-05-06 06:24:42,122  INFO      Report image saved → logs/stock_analyzer/2026-05-06/stock_report.png  [1920×1280]
2026-05-06 06:24:42,123  INFO      Dry-run: skipping send. Image + PDF saved locally; console printed.
2026-05-06 06:24:42,123  INFO      == Stock analyzer run complete ==
2026-05-06 06:24:42,127  INFO      [Note] PAPER TRADING -- virtual cash Rs 100,000, max_positions=6 max_pct=15% buckets=('intraday', 'swing') state=data/paper_trader_state.json
2026-05-06 06:24:42,127  INFO      [Note] PAPER TRADING -- virtual cash Rs 100,000, max_positions=6 max_pct=15% buckets=('intraday', 'swing') state=data/paper_trader_state.json
2026-05-06 06:24:42,128  INFO      paper-trader: new day, archived 1 trades (cumulative ₹+561)
2026-05-06 06:25:01,390  INFO      [DRY] Angel order would be: {'variety': 'NORMAL', 'tradingsymbol': 'IDEA-EQ', 'symboltoken': '14366', 'transactiontype': 'SELL', 'exchange': 'NSE', 'ordertype': 'MARKET', 'producttype': 'INTRADAY', 'duration': 'DAY', 'price': '0', 'squareoff': '0', 'stoploss': '0', 'quantity': '870'}
2026-05-06 06:25:01,390  INFO      [TGT] [DRY] CLOSE IDEA.NS qty=870 @ Rs 11.26 P&L Rs +595 (gross Rs +609, cost Rs 14; target @ 11.26)
2026-05-06 06:25:01,390  INFO      [DRY] Angel order would be: {'variety': 'NORMAL', 'tradingsymbol': 'SRF-EQ', 'symboltoken': '3273', 'transactiontype': 'BUY', 'exchange': 'NSE', 'ordertype': 'MARKET', 'producttype': 'INTRADAY', 'duration': 'DAY', 'price': '0', 'squareoff': '0', 'stoploss': '0', 'quantity': '3'}
2026-05-06 06:25:01,390  INFO      [OPEN] [DRY] SRF.NS qty=3 @ Rs 2720.40 SL Rs 2639.80 TGT Rs 2920.51 (order=None)
2026-05-06 06:25:01,392  INFO      tick result: {'ok': True, 'actions': 2, 'open_trades': 5, 'closed_today': 1, 'realised_pnl': 594.76, 'cumulative_pnl': 1155.96, 'halted': False, 'messages': ['[TGT] [DRY] CLOSE IDEA.NS qty=870 @ Rs 11.26 P&L Rs +595 (gross Rs +609, cost Rs 14; target @ 11.26)', '[OPEN] [DRY] SRF.NS qty=3 @ Rs 2720.40 SL Rs 2639.80 TGT Rs 2920.51 (order=None)']}
2026-05-06 06:25:01,392  INFO      tick result: {'ok': True, 'actions': 2, 'open_trades': 5, 'closed_today': 1, 'realised_pnl': 594.76, 'cumulative_pnl': 1155.96, 'halted': False, 'messages': ['[TGT] [DRY] CLOSE IDEA.NS qty=870 @ Rs 11.26 P&L Rs +595 (gross Rs +609, cost Rs 14; target @ 11.26)', '[OPEN] [DRY] SRF.NS qty=3 @ Rs 2720.40 SL Rs 2639.80 TGT Rs 2920.51 (order=None)']}
