2026-06-25 07:30:41,941  INFO      angel_one starting ... (cmd=paper-trade)
2026-06-25 07:30:41,941  INFO      angel_one starting ... (cmd=paper-trade)
2026-06-25 07:30:41,958  INFO      refresh: generating today's picks via analyzer (dry-run, no PDF)
2026-06-25 07:30:41,958  INFO      refresh: generating today's picks via analyzer (dry-run, no PDF)
2026-06-25 07:30:43,187  INFO      == Stock analyzer run starting ==
2026-06-25 07:30:43,187  INFO      Watchlist: 11 symbols from data/stock_watchlist.txt
2026-06-25 07:30:43,187  INFO      Universe: 107 symbols (total available: 107)
2026-06-25 07:30:44,452  INFO      [1/107] fetching TATAPOWER.NS …
2026-06-25 07:30:44,998  INFO      [2/107] fetching IRFC.NS …
2026-06-25 07:30:45,487  INFO      [3/107] fetching SUZLON.NS …
2026-06-25 07:30:45,975  INFO      [4/107] fetching IREDA.NS …
2026-06-25 07:30:46,462  INFO      [5/107] fetching BHEL.NS …
2026-06-25 07:30:46,970  INFO      [6/107] fetching KPITTECH.NS …
2026-06-25 07:30:47,464  INFO      [7/107] fetching POLYCAB.NS …
2026-06-25 07:30:47,952  INFO      [8/107] fetching PERSISTENT.NS …
2026-06-25 07:30:48,447  INFO      [9/107] fetching ITC.NS …
2026-06-25 07:30:48,969  INFO      [10/107] fetching POWERGRID.NS …
2026-06-25 07:30:49,467  INFO      [11/107] fetching COALINDIA.NS …
2026-06-25 07:30:49,971  INFO      [12/107] fetching RELIANCE.NS …
2026-06-25 07:30:50,481  INFO      [13/107] fetching TCS.NS …
2026-06-25 07:30:51,042  INFO      [14/107] fetching HDFCBANK.NS …
2026-06-25 07:30:51,560  INFO      [15/107] fetching INFY.NS …
2026-06-25 07:30:52,086  INFO      [16/107] fetching ICICIBANK.NS …
2026-06-25 07:30:52,594  INFO      [17/107] fetching HINDUNILVR.NS …
2026-06-25 07:30:53,140  INFO      [18/107] fetching SBIN.NS …
2026-06-25 07:30:53,660  INFO      [19/107] fetching BHARTIARTL.NS …
2026-06-25 07:30:54,164  INFO      [20/107] fetching KOTAKBANK.NS …
2026-06-25 07:30:54,716  INFO      [21/107] fetching LT.NS …
2026-06-25 07:30:55,231  INFO      [22/107] fetching AXISBANK.NS …
2026-06-25 07:30:55,747  INFO      [23/107] fetching BAJFINANCE.NS …
2026-06-25 07:30:56,250  INFO      [24/107] fetching ASIANPAINT.NS …
2026-06-25 07:30:56,770  INFO      [25/107] fetching MARUTI.NS …
2026-06-25 07:30:57,275  INFO      [26/107] fetching HCLTECH.NS …
2026-06-25 07:30:57,784  INFO      [27/107] fetching SUNPHARMA.NS …
2026-06-25 07:30:58,296  INFO      [28/107] fetching TITAN.NS …
2026-06-25 07:30:58,798  INFO      [29/107] fetching ULTRACEMCO.NS …
2026-06-25 07:30:59,349  INFO      [30/107] fetching WIPRO.NS …
2026-06-25 07:30:59,874  INFO      [31/107] fetching NESTLEIND.NS …
2026-06-25 07:31:00,380  INFO      [32/107] fetching ADANIENT.NS …
2026-06-25 07:31:00,893  INFO      [33/107] fetching NTPC.NS …
2026-06-25 07:31:01,453  INFO      [34/107] fetching TATAMOTORS.NS …
2026-06-25 07:31:02,711  WARNING   [TATAMOTORS.NS] insufficient history (0 rows)
2026-06-25 07:31:03,111  INFO      [35/107] fetching M&M.NS …
2026-06-25 07:31:03,626  INFO      [36/107] fetching TATASTEEL.NS …
2026-06-25 07:31:04,135  INFO      [37/107] fetching JSWSTEEL.NS …
2026-06-25 07:31:04,643  INFO      [38/107] fetching ONGC.NS …
2026-06-25 07:31:05,166  INFO      [39/107] fetching TECHM.NS …
2026-06-25 07:31:05,669  INFO      [40/107] fetching BAJAJFINSV.NS …
2026-06-25 07:31:06,175  INFO      [41/107] fetching HINDALCO.NS …
2026-06-25 07:31:06,692  INFO      [42/107] fetching GRASIM.NS …
2026-06-25 07:31:07,227  INFO      [43/107] fetching DRREDDY.NS …
2026-06-25 07:31:07,739  INFO      [44/107] fetching CIPLA.NS …
2026-06-25 07:31:08,256  INFO      [45/107] fetching DIVISLAB.NS …
2026-06-25 07:31:08,759  INFO      [46/107] fetching EICHERMOT.NS …
2026-06-25 07:31:09,275  INFO      [47/107] fetching BRITANNIA.NS …
2026-06-25 07:31:09,790  INFO      [48/107] fetching HEROMOTOCO.NS …
2026-06-25 07:31:10,293  INFO      [49/107] fetching BAJAJ-AUTO.NS …
2026-06-25 07:31:10,793  INFO      [50/107] fetching INDUSINDBK.NS …
2026-06-25 07:31:11,301  INFO      [51/107] fetching APOLLOHOSP.NS …
2026-06-25 07:31:11,818  INFO      [52/107] fetching TATACONSUM.NS …
2026-06-25 07:31:12,333  INFO      [53/107] fetching UPL.NS …
2026-06-25 07:31:12,852  INFO      [54/107] fetching BPCL.NS …
2026-06-25 07:31:13,369  INFO      [55/107] fetching SBILIFE.NS …
2026-06-25 07:31:13,860  INFO      [56/107] fetching HDFCLIFE.NS …
2026-06-25 07:31:14,352  INFO      [57/107] fetching ADANIPORTS.NS …
2026-06-25 07:31:14,856  INFO      [58/107] fetching LTIM.NS …
2026-06-25 07:31:15,344  WARNING   [LTIM.NS] insufficient history (0 rows)
2026-06-25 07:31:15,744  INFO      [59/107] fetching ABB.NS …
2026-06-25 07:31:16,258  INFO      [60/107] fetching ADANIGREEN.NS …
2026-06-25 07:31:16,740  INFO      [61/107] fetching ADANIPOWER.NS …
2026-06-25 07:31:17,224  INFO      [62/107] fetching AMBUJACEM.NS …
2026-06-25 07:31:17,796  INFO      [63/107] fetching DMART.NS …
2026-06-25 07:31:18,279  INFO      [64/107] fetching BAJAJHLDNG.NS …
2026-06-25 07:31:18,788  INFO      [65/107] fetching BANKBARODA.NS …
2026-06-25 07:31:19,318  INFO      [66/107] fetching BERGEPAINT.NS …
2026-06-25 07:31:19,835  INFO      [67/107] fetching BOSCHLTD.NS …
2026-06-25 07:31:20,355  INFO      [68/107] fetching CANBK.NS …
2026-06-25 07:31:20,858  INFO      [69/107] fetching CHOLAFIN.NS …
2026-06-25 07:31:21,366  INFO      [70/107] fetching COLPAL.NS …
2026-06-25 07:31:21,873  INFO      [71/107] fetching DABUR.NS …
2026-06-25 07:31:22,382  INFO      [72/107] fetching DLF.NS …
2026-06-25 07:31:22,879  INFO      [73/107] fetching GAIL.NS …
2026-06-25 07:31:23,394  INFO      [74/107] fetching GODREJCP.NS …
2026-06-25 07:31:23,909  INFO      [75/107] fetching HAVELLS.NS …
2026-06-25 07:31:24,426  INFO      [76/107] fetching HAL.NS …
2026-06-25 07:31:24,920  INFO      [77/107] fetching ICICIGI.NS …
2026-06-25 07:31:25,423  INFO      [78/107] fetching ICICIPRULI.NS …
2026-06-25 07:31:25,916  INFO      [79/107] fetching IOC.NS …
2026-06-25 07:31:26,455  INFO      [80/107] fetching IRCTC.NS …
2026-06-25 07:31:26,948  INFO      [81/107] fetching JINDALSTEL.NS …
2026-06-25 07:31:27,470  INFO      [82/107] fetching LICI.NS …
2026-06-25 07:31:27,982  INFO      [83/107] fetching MARICO.NS …
2026-06-25 07:31:28,495  INFO      [84/107] fetching MOTHERSON.NS …
2026-06-25 07:31:29,009  INFO      [85/107] fetching NAUKRI.NS …
2026-06-25 07:31:29,518  INFO      [86/107] fetching PIDILITIND.NS …
2026-06-25 07:31:30,033  INFO      [87/107] fetching PNB.NS …
2026-06-25 07:31:30,549  INFO      [88/107] fetching PFC.NS …
2026-06-25 07:31:31,058  INFO      [89/107] fetching RECLTD.NS …
2026-06-25 07:31:31,559  INFO      [90/107] fetching SIEMENS.NS …
2026-06-25 07:31:32,071  INFO      [91/107] fetching SRF.NS …
2026-06-25 07:31:32,580  INFO      [92/107] fetching SHREECEM.NS …
2026-06-25 07:31:33,141  INFO      [93/107] fetching SHRIRAMFIN.NS …
2026-06-25 07:31:33,708  INFO      [94/107] fetching TORNTPHARM.NS …
2026-06-25 07:31:34,213  INFO      [95/107] fetching TRENT.NS …
2026-06-25 07:31:34,719  INFO      [96/107] fetching TVSMOTOR.NS …
2026-06-25 07:31:35,224  INFO      [97/107] fetching VEDL.NS …
2026-06-25 07:31:35,731  INFO      [98/107] fetching VBL.NS …
2026-06-25 07:31:36,221  INFO      [99/107] fetching ZOMATO.NS …
2026-06-25 07:31:36,772  WARNING   [ZOMATO.NS] insufficient history (0 rows)
2026-06-25 07:31:37,173  INFO      [100/107] fetching ZYDUSLIFE.NS …
2026-06-25 07:31:37,689  INFO      [101/107] fetching INDIGO.NS …
2026-06-25 07:31:38,184  INFO      [102/107] fetching IDEA.NS …
2026-06-25 07:31:38,668  INFO      [103/107] fetching BANKINDIA.NS …
2026-06-25 07:31:39,187  INFO      [104/107] fetching PAGEIND.NS …
2026-06-25 07:31:39,697  INFO      [105/107] fetching MUTHOOTFIN.NS …
2026-06-25 07:31:40,194  INFO      [106/107] fetching TATAELXSI.NS …
2026-06-25 07:31:40,715  INFO      [107/107] fetching LUPIN.NS …
2026-06-25 07:31:40,881  INFO      Fetched 104/107 symbols successfully.
2026-06-25 07:31:43,155  WARNING   [MF 120503] fetch failed: HTTPSConnectionPool(host='api.mfapi.in', port=443): Read timed out. (read timeout=2)
2026-06-25 07:31:44,878  INFO      Fetched 200 headlines from RSS (Indian + global/geopolitics).
2026-06-25 07:31:47,688  INFO      Macro regime: neutral | bias=-1 | geo-risk=53.3
2026-06-25 07:31:47,881  INFO      NSE corp announcements: 20 filings
2026-06-25 07:31:49,620  INFO      Angel One login successful.
2026-06-25 07:31:50,743  INFO      Saved report → data/stock_reports/2026-06-25_0731.json
2026-06-25 07:31:51,297  INFO      Report image saved → logs/stock_analyzer/2026-06-25/stock_report.png  [1920×1280]
2026-06-25 07:31:51,297  INFO      Dry-run: skipping send. Image + PDF saved locally; console printed.
2026-06-25 07:31:51,298  INFO      == Stock analyzer run complete ==
2026-06-25 07:31:51,301  INFO      [Note] PAPER TRADING -- virtual cash Rs 100,000, max_positions=6 max_pct=15% buckets=('intraday', 'swing') state=data/paper_trader_state.json
2026-06-25 07:31:51,301  INFO      [Note] PAPER TRADING -- virtual cash Rs 100,000, max_positions=6 max_pct=15% buckets=('intraday', 'swing') state=data/paper_trader_state.json
2026-06-25 07:31:51,302  INFO      paper-trader: new day, archived 5 trades (cumulative ₹-1,478)
2026-06-25 07:32:06,583  INFO      [DRY] Angel order would be: {'variety': 'NORMAL', 'tradingsymbol': 'LUPIN-EQ', 'symboltoken': '10440', 'transactiontype': 'SELL', 'exchange': 'NSE', 'ordertype': 'MARKET', 'producttype': 'INTRADAY', 'duration': 'DAY', 'price': '0', 'squareoff': '0', 'stoploss': '0', 'quantity': '3'}
2026-06-25 07:32:06,583  INFO      [SL] [DRY] CLOSE LUPIN.NS qty=3 @ Rs 2361.50 P&L Rs +231 (gross Rs +242, cost Rs 10; trailing-SL hit @ 2361.50 (peak 2383.60))
2026-06-25 07:32:06,583  INFO      [DRY] Angel order would be: {'variety': 'NORMAL', 'tradingsymbol': 'TVSMOTOR-EQ', 'symboltoken': '8479', 'transactiontype': 'BUY', 'exchange': 'NSE', 'ordertype': 'MARKET', 'producttype': 'INTRADAY', 'duration': 'DAY', 'price': '0', 'squareoff': '0', 'stoploss': '0', 'quantity': '3'}
2026-06-25 07:32:06,584  INFO      [OPEN] [DRY] TVSMOTOR.NS qty=3 @ Rs 3580.80 SL Rs 3494.09 TGT Rs 3594.80 (order=None)
2026-06-25 07:32:06,584  INFO      [DRY] Angel order would be: {'variety': 'NORMAL', 'tradingsymbol': 'INDIGO-EQ', 'symboltoken': '11195', 'transactiontype': 'BUY', 'exchange': 'NSE', 'ordertype': 'MARKET', 'producttype': 'INTRADAY', 'duration': 'DAY', 'price': '0', 'squareoff': '0', 'stoploss': '0', 'quantity': '2'}
2026-06-25 07:32:06,584  INFO      [OPEN] [DRY] INDIGO.NS qty=2 @ Rs 5433.10 SL Rs 5294.49 TGT Rs 5695.45 (order=None)
2026-06-25 07:32:06,584  INFO      [DRY] Angel order would be: {'variety': 'NORMAL', 'tradingsymbol': 'M&M-EQ', 'symboltoken': '2031', 'transactiontype': 'BUY', 'exchange': 'NSE', 'ordertype': 'MARKET', 'producttype': 'INTRADAY', 'duration': 'DAY', 'price': '0', 'squareoff': '0', 'stoploss': '0', 'quantity': '2'}
2026-06-25 07:32:06,584  INFO      [OPEN] [DRY] M&M.NS qty=2 @ Rs 3191.00 SL Rs 3114.13 TGT Rs 3185.62 (order=None)
2026-06-25 07:32:06,584  INFO      [DRY] Angel order would be: {'variety': 'NORMAL', 'tradingsymbol': 'TITAN-EQ', 'symboltoken': '3506', 'transactiontype': 'BUY', 'exchange': 'NSE', 'ordertype': 'MARKET', 'producttype': 'INTRADAY', 'duration': 'DAY', 'price': '0', 'squareoff': '0', 'stoploss': '0', 'quantity': '1'}
2026-06-25 07:32:06,584  INFO      [OPEN] [DRY] TITAN.NS qty=1 @ Rs 4267.20 SL Rs 4090.64 TGT Rs 4661.82 (order=None)
2026-06-25 07:32:06,587  INFO      tick result: {'ok': True, 'actions': 5, 'open_trades': 5, 'closed_today': 1, 'realised_pnl': 231.05, 'cumulative_pnl': -1247.34, 'halted': False, 'messages': ['[SL] [DRY] CLOSE LUPIN.NS qty=3 @ Rs 2361.50 P&L Rs +231 (gross Rs +242, cost Rs 10; trailing-SL hit @ 2361.50 (peak 2383.60))', '[OPEN] [DRY] TVSMOTOR.NS qty=3 @ Rs 3580.80 SL Rs 3494.09 TGT Rs 3594.80 (order=None)', '[OPEN] [DRY] INDIGO.NS qty=2 @ Rs 5433.10 SL Rs 5294.49 TGT Rs 5695.45 (order=None)', '[OPEN] [DRY] M&M.NS qty=2 @ Rs 3191.00 SL Rs 3114.13 TGT Rs 3185.62 (order=None)', '[OPEN] [DRY] TITAN.NS qty=1 @ Rs 4267.20 SL Rs 4090.64 TGT Rs 4661.82 (order=None)']}
2026-06-25 07:32:06,587  INFO      tick result: {'ok': True, 'actions': 5, 'open_trades': 5, 'closed_today': 1, 'realised_pnl': 231.05, 'cumulative_pnl': -1247.34, 'halted': False, 'messages': ['[SL] [DRY] CLOSE LUPIN.NS qty=3 @ Rs 2361.50 P&L Rs +231 (gross Rs +242, cost Rs 10; trailing-SL hit @ 2361.50 (peak 2383.60))', '[OPEN] [DRY] TVSMOTOR.NS qty=3 @ Rs 3580.80 SL Rs 3494.09 TGT Rs 3594.80 (order=None)', '[OPEN] [DRY] INDIGO.NS qty=2 @ Rs 5433.10 SL Rs 5294.49 TGT Rs 5695.45 (order=None)', '[OPEN] [DRY] M&M.NS qty=2 @ Rs 3191.00 SL Rs 3114.13 TGT Rs 3185.62 (order=None)', '[OPEN] [DRY] TITAN.NS qty=1 @ Rs 4267.20 SL Rs 4090.64 TGT Rs 4661.82 (order=None)']}
