2026-08-25 04:25:29,655  INFO      angel_one starting ... (cmd=paper-trade)
2026-08-25 04:25:29,655  INFO      angel_one starting ... (cmd=paper-trade)
2026-08-25 04:25:29,671  INFO      refresh: generating today's picks via analyzer (dry-run, no PDF)
2026-08-25 04:25:29,671  INFO      refresh: generating today's picks via analyzer (dry-run, no PDF)
2026-08-25 04:25:30,484  INFO      == Stock analyzer run starting ==
2026-08-25 04:25:30,484  INFO      Watchlist: 11 symbols from data/stock_watchlist.txt
2026-08-25 04:25:30,484  INFO      Universe: 107 symbols (total available: 107)
2026-08-25 04:25:30,939  INFO      [1/107] fetching TATAPOWER.NS …
2026-08-25 04:25:31,482  INFO      [2/107] fetching IRFC.NS …
2026-08-25 04:25:31,989  INFO      [3/107] fetching SUZLON.NS …
2026-08-25 04:25:32,492  INFO      [4/107] fetching IREDA.NS …
2026-08-25 04:25:33,036  INFO      [5/107] fetching BHEL.NS …
2026-08-25 04:25:33,577  INFO      [6/107] fetching KPITTECH.NS …
2026-08-25 04:25:34,077  INFO      [7/107] fetching POLYCAB.NS …
2026-08-25 04:25:34,602  INFO      [8/107] fetching PERSISTENT.NS …
2026-08-25 04:25:35,111  INFO      [9/107] fetching ITC.NS …
2026-08-25 04:25:35,638  INFO      [10/107] fetching POWERGRID.NS …
2026-08-25 04:25:36,146  INFO      [11/107] fetching COALINDIA.NS …
2026-08-25 04:25:36,654  INFO      [12/107] fetching RELIANCE.NS …
2026-08-25 04:25:37,168  INFO      [13/107] fetching TCS.NS …
2026-08-25 04:25:37,677  INFO      [14/107] fetching HDFCBANK.NS …
2026-08-25 04:25:38,206  INFO      [15/107] fetching INFY.NS …
2026-08-25 04:25:38,726  INFO      [16/107] fetching ICICIBANK.NS …
2026-08-25 04:25:39,241  INFO      [17/107] fetching HINDUNILVR.NS …
2026-08-25 04:25:39,754  INFO      [18/107] fetching SBIN.NS …
2026-08-25 04:25:40,271  INFO      [19/107] fetching BHARTIARTL.NS …
2026-08-25 04:25:40,776  INFO      [20/107] fetching KOTAKBANK.NS …
2026-08-25 04:25:41,298  INFO      [21/107] fetching LT.NS …
2026-08-25 04:25:41,804  INFO      [22/107] fetching AXISBANK.NS …
2026-08-25 04:25:42,347  INFO      [23/107] fetching BAJFINANCE.NS …
2026-08-25 04:25:42,868  INFO      [24/107] fetching ASIANPAINT.NS …
2026-08-25 04:25:43,382  INFO      [25/107] fetching MARUTI.NS …
2026-08-25 04:25:43,893  INFO      [26/107] fetching HCLTECH.NS …
2026-08-25 04:25:44,441  INFO      [27/107] fetching SUNPHARMA.NS …
2026-08-25 04:25:44,954  INFO      [28/107] fetching TITAN.NS …
2026-08-25 04:25:45,465  INFO      [29/107] fetching ULTRACEMCO.NS …
2026-08-25 04:25:46,010  INFO      [30/107] fetching WIPRO.NS …
2026-08-25 04:25:46,534  INFO      [31/107] fetching NESTLEIND.NS …
2026-08-25 04:25:47,092  INFO      [32/107] fetching ADANIENT.NS …
2026-08-25 04:25:47,612  INFO      [33/107] fetching NTPC.NS …
2026-08-25 04:25:48,121  INFO      [34/107] fetching TATAMOTORS.NS …
2026-08-25 04:25:50,372  WARNING   [TATAMOTORS.NS] insufficient history (0 rows)
2026-08-25 04:25:50,773  INFO      [35/107] fetching M&M.NS …
2026-08-25 04:25:51,281  INFO      [36/107] fetching TATASTEEL.NS …
2026-08-25 04:25:51,792  INFO      [37/107] fetching JSWSTEEL.NS …
2026-08-25 04:25:52,300  INFO      [38/107] fetching ONGC.NS …
2026-08-25 04:25:52,884  INFO      [39/107] fetching TECHM.NS …
2026-08-25 04:25:53,391  INFO      [40/107] fetching BAJAJFINSV.NS …
2026-08-25 04:25:53,900  INFO      [41/107] fetching HINDALCO.NS …
2026-08-25 04:25:54,418  INFO      [42/107] fetching GRASIM.NS …
2026-08-25 04:25:54,930  INFO      [43/107] fetching DRREDDY.NS …
2026-08-25 04:25:55,437  INFO      [44/107] fetching CIPLA.NS …
2026-08-25 04:25:55,953  INFO      [45/107] fetching DIVISLAB.NS …
2026-08-25 04:25:56,460  INFO      [46/107] fetching EICHERMOT.NS …
2026-08-25 04:25:56,975  INFO      [47/107] fetching BRITANNIA.NS …
2026-08-25 04:25:57,487  INFO      [48/107] fetching HEROMOTOCO.NS …
2026-08-25 04:25:57,997  INFO      [49/107] fetching BAJAJ-AUTO.NS …
2026-08-25 04:25:58,502  INFO      [50/107] fetching INDUSINDBK.NS …
2026-08-25 04:25:59,014  INFO      [51/107] fetching APOLLOHOSP.NS …
2026-08-25 04:25:59,528  INFO      [52/107] fetching TATACONSUM.NS …
2026-08-25 04:26:00,049  INFO      [53/107] fetching UPL.NS …
2026-08-25 04:26:00,561  INFO      [54/107] fetching BPCL.NS …
2026-08-25 04:26:01,122  INFO      [55/107] fetching SBILIFE.NS …
2026-08-25 04:26:01,637  INFO      [56/107] fetching HDFCLIFE.NS …
2026-08-25 04:26:02,139  INFO      [57/107] fetching ADANIPORTS.NS …
2026-08-25 04:26:02,649  INFO      [58/107] fetching LTIM.NS …
2026-08-25 04:26:03,226  WARNING   [LTIM.NS] insufficient history (0 rows)
2026-08-25 04:26:03,626  INFO      [59/107] fetching ABB.NS …
2026-08-25 04:26:04,142  INFO      [60/107] fetching ADANIGREEN.NS …
2026-08-25 04:26:04,646  INFO      [61/107] fetching ADANIPOWER.NS …
2026-08-25 04:26:05,147  INFO      [62/107] fetching AMBUJACEM.NS …
2026-08-25 04:26:05,661  INFO      [63/107] fetching DMART.NS …
2026-08-25 04:26:06,154  INFO      [64/107] fetching BAJAJHLDNG.NS …
2026-08-25 04:26:06,693  INFO      [65/107] fetching BANKBARODA.NS …
2026-08-25 04:26:07,218  INFO      [66/107] fetching BERGEPAINT.NS …
2026-08-25 04:26:07,763  INFO      [67/107] fetching BOSCHLTD.NS …
2026-08-25 04:26:08,275  INFO      [68/107] fetching CANBK.NS …
2026-08-25 04:26:08,801  INFO      [69/107] fetching CHOLAFIN.NS …
2026-08-25 04:26:09,311  INFO      [70/107] fetching COLPAL.NS …
2026-08-25 04:26:09,832  INFO      [71/107] fetching DABUR.NS …
2026-08-25 04:26:10,357  INFO      [72/107] fetching DLF.NS …
2026-08-25 04:26:10,874  INFO      [73/107] fetching GAIL.NS …
2026-08-25 04:26:11,398  INFO      [74/107] fetching GODREJCP.NS …
2026-08-25 04:26:11,911  INFO      [75/107] fetching HAVELLS.NS …
2026-08-25 04:26:12,429  INFO      [76/107] fetching HAL.NS …
2026-08-25 04:26:12,928  INFO      [77/107] fetching ICICIGI.NS …
2026-08-25 04:26:13,434  INFO      [78/107] fetching ICICIPRULI.NS …
2026-08-25 04:26:13,937  INFO      [79/107] fetching IOC.NS …
2026-08-25 04:26:14,452  INFO      [80/107] fetching IRCTC.NS …
2026-08-25 04:26:14,954  INFO      [81/107] fetching JINDALSTEL.NS …
2026-08-25 04:26:15,475  INFO      [82/107] fetching LICI.NS …
2026-08-25 04:26:15,980  INFO      [83/107] fetching MARICO.NS …
2026-08-25 04:26:16,498  INFO      [84/107] fetching MOTHERSON.NS …
2026-08-25 04:26:17,016  INFO      [85/107] fetching NAUKRI.NS …
2026-08-25 04:26:17,523  INFO      [86/107] fetching PIDILITIND.NS …
2026-08-25 04:26:18,084  INFO      [87/107] fetching PNB.NS …
2026-08-25 04:26:18,594  INFO      [88/107] fetching PFC.NS …
2026-08-25 04:26:19,104  INFO      [89/107] fetching RECLTD.NS …
2026-08-25 04:26:19,615  INFO      [90/107] fetching SIEMENS.NS …
2026-08-25 04:26:20,131  INFO      [91/107] fetching SRF.NS …
2026-08-25 04:26:20,681  INFO      [92/107] fetching SHREECEM.NS …
2026-08-25 04:26:21,192  INFO      [93/107] fetching SHRIRAMFIN.NS …
2026-08-25 04:26:21,705  INFO      [94/107] fetching TORNTPHARM.NS …
2026-08-25 04:26:22,216  INFO      [95/107] fetching TRENT.NS …
2026-08-25 04:26:22,731  INFO      [96/107] fetching TVSMOTOR.NS …
2026-08-25 04:26:23,266  INFO      [97/107] fetching VEDL.NS …
2026-08-25 04:26:23,848  INFO      [98/107] fetching VBL.NS …
2026-08-25 04:26:24,350  INFO      [99/107] fetching ZOMATO.NS …
2026-08-25 04:26:25,029  WARNING   [ZOMATO.NS] insufficient history (0 rows)
2026-08-25 04:26:25,429  INFO      [100/107] fetching ZYDUSLIFE.NS …
2026-08-25 04:26:25,946  INFO      [101/107] fetching INDIGO.NS …
2026-08-25 04:26:26,446  INFO      [102/107] fetching IDEA.NS …
2026-08-25 04:26:26,949  INFO      [103/107] fetching BANKINDIA.NS …
2026-08-25 04:26:27,460  INFO      [104/107] fetching PAGEIND.NS …
2026-08-25 04:26:27,972  INFO      [105/107] fetching MUTHOOTFIN.NS …
2026-08-25 04:26:28,485  INFO      [106/107] fetching TATAELXSI.NS …
2026-08-25 04:26:28,998  INFO      [107/107] fetching LUPIN.NS …
2026-08-25 04:26:29,114  INFO      Fetched 104/107 symbols successfully.
2026-08-25 04:26:33,014  INFO      Fetched 200 headlines from RSS (Indian + global/geopolitics).
2026-08-25 04:26:36,125  INFO      Macro regime: neutral | bias=2 | geo-risk=42.3
2026-08-25 04:26:36,452  INFO      NSE corp announcements: 20 filings
2026-08-25 04:26:38,033  INFO      Angel One login successful.
2026-08-25 04:26:39,157  INFO      Saved report → data/stock_reports/2026-08-25_0426.json
2026-08-25 04:26:39,667  INFO      Report image saved → logs/stock_analyzer/2026-08-25/stock_report.png  [1920×1280]
2026-08-25 04:26:39,668  INFO      Dry-run: skipping send. Image + PDF saved locally; console printed.
2026-08-25 04:26:39,668  INFO      == Stock analyzer run complete ==
2026-08-25 04:26:39,673  INFO      [Note] PAPER TRADING -- virtual cash Rs 100,000, max_positions=6 max_pct=15% buckets=('intraday', 'swing') state=data/paper_trader_state.json
2026-08-25 04:26:39,673  INFO      [Note] PAPER TRADING -- virtual cash Rs 100,000, max_positions=6 max_pct=15% buckets=('intraday', 'swing') state=data/paper_trader_state.json
2026-08-25 04:26:39,674  INFO      paper-trader: new day, archived 6 trades (cumulative ₹-4,675)
2026-08-25 04:26:51,568  INFO      [DRY] Angel order would be: {'variety': 'NORMAL', 'tradingsymbol': 'IDEA-EQ', 'symboltoken': '14366', 'transactiontype': 'BUY', 'exchange': 'NSE', 'ordertype': 'MARKET', 'producttype': 'INTRADAY', 'duration': 'DAY', 'price': '0', 'squareoff': '0', 'stoploss': '0', 'quantity': '877'}
2026-08-25 04:26:51,569  INFO      [OPEN] [DRY] IDEA.NS qty=877 @ Rs 14.65 SL Rs 14.17 TGT Rs 14.82 (order=None)
2026-08-25 04:26:51,569  INFO      [DRY] Angel order would be: {'variety': 'NORMAL', 'tradingsymbol': 'UPL-EQ', 'symboltoken': '11287', 'transactiontype': 'BUY', 'exchange': 'NSE', 'ordertype': 'MARKET', 'producttype': 'INTRADAY', 'duration': 'DAY', 'price': '0', 'squareoff': '0', 'stoploss': '0', 'quantity': '18'}
2026-08-25 04:26:51,569  INFO      [OPEN] [DRY] UPL.NS qty=18 @ Rs 575.20 SL Rs 563.43 TGT Rs 603.93 (order=None)
2026-08-25 04:26:51,569  INFO      [DRY] Angel order would be: {'variety': 'NORMAL', 'tradingsymbol': 'BANKINDIA-EQ', 'symboltoken': '4745', 'transactiontype': 'BUY', 'exchange': 'NSE', 'ordertype': 'MARKET', 'producttype': 'INTRADAY', 'duration': 'DAY', 'price': '0', 'squareoff': '0', 'stoploss': '0', 'quantity': '65'}
2026-08-25 04:26:51,569  INFO      [OPEN] [DRY] BANKINDIA.NS qty=65 @ Rs 142.58 SL Rs 140.29 TGT Rs 145.96 (order=None)
2026-08-25 04:26:51,569  INFO      [DRY] Angel order would be: {'variety': 'NORMAL', 'tradingsymbol': 'LICI-EQ', 'symboltoken': '9480', 'transactiontype': 'BUY', 'exchange': 'NSE', 'ordertype': 'MARKET', 'producttype': 'INTRADAY', 'duration': 'DAY', 'price': '0', 'squareoff': '0', 'stoploss': '0', 'quantity': '18'}
2026-08-25 04:26:51,569  INFO      [OPEN] [DRY] LICI.NS qty=18 @ Rs 425.35 SL Rs 418.30 TGT Rs 428.04 (order=None)
2026-08-25 04:26:51,576  INFO      tick result: {'ok': True, 'actions': 4, 'open_trades': 6, 'closed_today': 0, 'realised_pnl': 0.0, 'cumulative_pnl': -4674.55, 'halted': False, 'messages': ['[OPEN] [DRY] IDEA.NS qty=877 @ Rs 14.65 SL Rs 14.17 TGT Rs 14.82 (order=None)', '[OPEN] [DRY] UPL.NS qty=18 @ Rs 575.20 SL Rs 563.43 TGT Rs 603.93 (order=None)', '[OPEN] [DRY] BANKINDIA.NS qty=65 @ Rs 142.58 SL Rs 140.29 TGT Rs 145.96 (order=None)', '[OPEN] [DRY] LICI.NS qty=18 @ Rs 425.35 SL Rs 418.30 TGT Rs 428.04 (order=None)']}
2026-08-25 04:26:51,576  INFO      tick result: {'ok': True, 'actions': 4, 'open_trades': 6, 'closed_today': 0, 'realised_pnl': 0.0, 'cumulative_pnl': -4674.55, 'halted': False, 'messages': ['[OPEN] [DRY] IDEA.NS qty=877 @ Rs 14.65 SL Rs 14.17 TGT Rs 14.82 (order=None)', '[OPEN] [DRY] UPL.NS qty=18 @ Rs 575.20 SL Rs 563.43 TGT Rs 603.93 (order=None)', '[OPEN] [DRY] BANKINDIA.NS qty=65 @ Rs 142.58 SL Rs 140.29 TGT Rs 145.96 (order=None)', '[OPEN] [DRY] LICI.NS qty=18 @ Rs 425.35 SL Rs 418.30 TGT Rs 428.04 (order=None)']}
