2026-09-01 08:56:19,085  INFO      angel_one starting ... (cmd=paper-trade)
2026-09-01 08:56:19,085  INFO      angel_one starting ... (cmd=paper-trade)
2026-09-01 08:56:19,102  INFO      refresh: generating today's picks via analyzer (dry-run, no PDF)
2026-09-01 08:56:19,102  INFO      refresh: generating today's picks via analyzer (dry-run, no PDF)
2026-09-01 08:56:19,696  INFO      == Stock analyzer run starting ==
2026-09-01 08:56:19,697  INFO      Watchlist: 11 symbols from data/stock_watchlist.txt
2026-09-01 08:56:19,697  INFO      Universe: 107 symbols (total available: 107)
2026-09-01 08:56:20,314  INFO      [1/107] fetching TATAPOWER.NS …
2026-09-01 08:56:20,853  INFO      [2/107] fetching IRFC.NS …
2026-09-01 08:56:21,339  INFO      [3/107] fetching SUZLON.NS …
2026-09-01 08:56:21,827  INFO      [4/107] fetching IREDA.NS …
2026-09-01 08:56:22,310  INFO      [5/107] fetching BHEL.NS …
2026-09-01 08:56:22,813  INFO      [6/107] fetching KPITTECH.NS …
2026-09-01 08:56:23,303  INFO      [7/107] fetching POLYCAB.NS …
2026-09-01 08:56:23,795  INFO      [8/107] fetching PERSISTENT.NS …
2026-09-01 08:56:24,298  INFO      [9/107] fetching ITC.NS …
2026-09-01 08:56:24,809  INFO      [10/107] fetching POWERGRID.NS …
2026-09-01 08:56:25,310  INFO      [11/107] fetching COALINDIA.NS …
2026-09-01 08:56:25,810  INFO      [12/107] fetching RELIANCE.NS …
2026-09-01 08:56:26,319  INFO      [13/107] fetching TCS.NS …
2026-09-01 08:56:26,873  INFO      [14/107] fetching HDFCBANK.NS …
2026-09-01 08:56:27,380  INFO      [15/107] fetching INFY.NS …
2026-09-01 08:56:27,896  INFO      [16/107] fetching ICICIBANK.NS …
2026-09-01 08:56:28,406  INFO      [17/107] fetching HINDUNILVR.NS …
2026-09-01 08:56:28,919  INFO      [18/107] fetching SBIN.NS …
2026-09-01 08:56:29,431  INFO      [19/107] fetching BHARTIARTL.NS …
2026-09-01 08:56:29,934  INFO      [20/107] fetching KOTAKBANK.NS …
2026-09-01 08:56:30,497  INFO      [21/107] fetching LT.NS …
2026-09-01 08:56:30,998  INFO      [22/107] fetching AXISBANK.NS …
2026-09-01 08:56:31,550  INFO      [23/107] fetching BAJFINANCE.NS …
2026-09-01 08:56:32,047  INFO      [24/107] fetching ASIANPAINT.NS …
2026-09-01 08:56:32,549  INFO      [25/107] fetching MARUTI.NS …
2026-09-01 08:56:33,121  INFO      [26/107] fetching HCLTECH.NS …
2026-09-01 08:56:33,618  INFO      [27/107] fetching SUNPHARMA.NS …
2026-09-01 08:56:34,137  INFO      [28/107] fetching TITAN.NS …
2026-09-01 08:56:34,644  INFO      [29/107] fetching ULTRACEMCO.NS …
2026-09-01 08:56:35,141  INFO      [30/107] fetching WIPRO.NS …
2026-09-01 08:56:35,662  INFO      [31/107] fetching NESTLEIND.NS …
2026-09-01 08:56:36,162  INFO      [32/107] fetching ADANIENT.NS …
2026-09-01 08:56:36,670  INFO      [33/107] fetching NTPC.NS …
2026-09-01 08:56:37,176  INFO      [34/107] fetching TATAMOTORS.NS …
2026-09-01 08:56:38,325  WARNING   [TATAMOTORS.NS] insufficient history (0 rows)
2026-09-01 08:56:38,725  INFO      [35/107] fetching M&M.NS …
2026-09-01 08:56:39,234  INFO      [36/107] fetching TATASTEEL.NS …
2026-09-01 08:56:39,755  INFO      [37/107] fetching JSWSTEEL.NS …
2026-09-01 08:56:40,263  INFO      [38/107] fetching ONGC.NS …
2026-09-01 08:56:40,777  INFO      [39/107] fetching TECHM.NS …
2026-09-01 08:56:41,278  INFO      [40/107] fetching BAJAJFINSV.NS …
2026-09-01 08:56:41,774  INFO      [41/107] fetching HINDALCO.NS …
2026-09-01 08:56:42,281  INFO      [42/107] fetching GRASIM.NS …
2026-09-01 08:56:42,787  INFO      [43/107] fetching DRREDDY.NS …
2026-09-01 08:56:43,291  INFO      [44/107] fetching CIPLA.NS …
2026-09-01 08:56:43,795  INFO      [45/107] fetching DIVISLAB.NS …
2026-09-01 08:56:44,295  INFO      [46/107] fetching EICHERMOT.NS …
2026-09-01 08:56:44,807  INFO      [47/107] fetching BRITANNIA.NS …
2026-09-01 08:56:45,308  INFO      [48/107] fetching HEROMOTOCO.NS …
2026-09-01 08:56:45,809  INFO      [49/107] fetching BAJAJ-AUTO.NS …
2026-09-01 08:56:46,308  INFO      [50/107] fetching INDUSINDBK.NS …
2026-09-01 08:56:46,809  INFO      [51/107] fetching APOLLOHOSP.NS …
2026-09-01 08:56:47,364  INFO      [52/107] fetching TATACONSUM.NS …
2026-09-01 08:56:47,873  INFO      [53/107] fetching UPL.NS …
2026-09-01 08:56:48,381  INFO      [54/107] fetching BPCL.NS …
2026-09-01 08:56:48,893  INFO      [55/107] fetching SBILIFE.NS …
2026-09-01 08:56:49,381  INFO      [56/107] fetching HDFCLIFE.NS …
2026-09-01 08:56:49,870  INFO      [57/107] fetching ADANIPORTS.NS …
2026-09-01 08:56:50,316  INFO      [58/107] fetching LTIM.NS …
2026-09-01 08:56:50,893  WARNING   [LTIM.NS] insufficient history (0 rows)
2026-09-01 08:56:51,293  INFO      [59/107] fetching ABB.NS …
2026-09-01 08:56:51,844  INFO      [60/107] fetching ADANIGREEN.NS …
2026-09-01 08:56:52,328  INFO      [61/107] fetching ADANIPOWER.NS …
2026-09-01 08:56:52,813  INFO      [62/107] fetching AMBUJACEM.NS …
2026-09-01 08:56:53,322  INFO      [63/107] fetching DMART.NS …
2026-09-01 08:56:53,804  INFO      [64/107] fetching BAJAJHLDNG.NS …
2026-09-01 08:56:54,307  INFO      [65/107] fetching BANKBARODA.NS …
2026-09-01 08:56:54,822  INFO      [66/107] fetching BERGEPAINT.NS …
2026-09-01 08:56:55,322  INFO      [67/107] fetching BOSCHLTD.NS …
2026-09-01 08:56:55,823  INFO      [68/107] fetching CANBK.NS …
2026-09-01 08:56:56,322  INFO      [69/107] fetching CHOLAFIN.NS …
2026-09-01 08:56:56,833  INFO      [70/107] fetching COLPAL.NS …
2026-09-01 08:56:57,333  INFO      [71/107] fetching DABUR.NS …
2026-09-01 08:56:57,845  INFO      [72/107] fetching DLF.NS …
2026-09-01 08:56:58,346  INFO      [73/107] fetching GAIL.NS …
2026-09-01 08:56:58,847  INFO      [74/107] fetching GODREJCP.NS …
2026-09-01 08:56:59,357  INFO      [75/107] fetching HAVELLS.NS …
2026-09-01 08:56:59,874  INFO      [76/107] fetching HAL.NS …
2026-09-01 08:57:00,426  INFO      [77/107] fetching ICICIGI.NS …
2026-09-01 08:57:00,938  INFO      [78/107] fetching ICICIPRULI.NS …
2026-09-01 08:57:01,431  INFO      [79/107] fetching IOC.NS …
2026-09-01 08:57:01,942  INFO      [80/107] fetching IRCTC.NS …
2026-09-01 08:57:02,436  INFO      [81/107] fetching JINDALSTEL.NS …
2026-09-01 08:57:02,944  INFO      [82/107] fetching LICI.NS …
2026-09-01 08:57:03,446  INFO      [83/107] fetching MARICO.NS …
2026-09-01 08:57:03,964  INFO      [84/107] fetching MOTHERSON.NS …
2026-09-01 08:57:04,474  INFO      [85/107] fetching NAUKRI.NS …
2026-09-01 08:57:04,974  INFO      [86/107] fetching PIDILITIND.NS …
2026-09-01 08:57:05,483  INFO      [87/107] fetching PNB.NS …
2026-09-01 08:57:05,995  INFO      [88/107] fetching PFC.NS …
2026-09-01 08:57:06,497  INFO      [89/107] fetching RECLTD.NS …
2026-09-01 08:57:07,002  INFO      [90/107] fetching SIEMENS.NS …
2026-09-01 08:57:07,525  INFO      [91/107] fetching SRF.NS …
2026-09-01 08:57:08,028  INFO      [92/107] fetching SHREECEM.NS …
2026-09-01 08:57:08,525  INFO      [93/107] fetching SHRIRAMFIN.NS …
2026-09-01 08:57:09,079  INFO      [94/107] fetching TORNTPHARM.NS …
2026-09-01 08:57:09,585  INFO      [95/107] fetching TRENT.NS …
2026-09-01 08:57:10,089  INFO      [96/107] fetching TVSMOTOR.NS …
2026-09-01 08:57:10,588  INFO      [97/107] fetching VEDL.NS …
2026-09-01 08:57:11,099  INFO      [98/107] fetching VBL.NS …
2026-09-01 08:57:11,589  INFO      [99/107] fetching ZOMATO.NS …
2026-09-01 08:57:12,182  WARNING   [ZOMATO.NS] insufficient history (0 rows)
2026-09-01 08:57:12,583  INFO      [100/107] fetching ZYDUSLIFE.NS …
2026-09-01 08:57:13,089  INFO      [101/107] fetching INDIGO.NS …
2026-09-01 08:57:13,576  INFO      [102/107] fetching IDEA.NS …
2026-09-01 08:57:14,061  INFO      [103/107] fetching BANKINDIA.NS …
2026-09-01 08:57:14,569  INFO      [104/107] fetching PAGEIND.NS …
2026-09-01 08:57:15,063  INFO      [105/107] fetching MUTHOOTFIN.NS …
2026-09-01 08:57:15,574  INFO      [106/107] fetching TATAELXSI.NS …
2026-09-01 08:57:16,086  INFO      [107/107] fetching LUPIN.NS …
2026-09-01 08:57:16,190  INFO      Fetched 104/107 symbols successfully.
2026-09-01 08:57:21,492  INFO      Fetched 200 headlines from RSS (Indian + global/geopolitics).
2026-09-01 08:57:25,426  INFO      Macro regime: neutral | bias=0 | geo-risk=33.3
2026-09-01 08:57:25,452  INFO      NSE corp announcements: 20 filings
2026-09-01 08:57:27,094  INFO      Angel One login successful.
2026-09-01 08:57:28,209  INFO      Saved report → data/stock_reports/2026-09-01_0857.json
2026-09-01 08:57:28,723  INFO      Report image saved → logs/stock_analyzer/2026-09-01/stock_report.png  [1920×1280]
2026-09-01 08:57:28,723  INFO      Dry-run: skipping send. Image + PDF saved locally; console printed.
2026-09-01 08:57:28,724  INFO      == Stock analyzer run complete ==
2026-09-01 08:57:28,727  INFO      [Note] PAPER TRADING -- virtual cash Rs 100,000, max_positions=6 max_pct=15% buckets=('intraday', 'swing') state=data/paper_trader_state.json
2026-09-01 08:57:28,727  INFO      [Note] PAPER TRADING -- virtual cash Rs 100,000, max_positions=6 max_pct=15% buckets=('intraday', 'swing') state=data/paper_trader_state.json
2026-09-01 08:57:28,729  INFO      paper-trader: new day, archived 1 trades (cumulative ₹-4,611)
2026-09-01 08:57:41,299  INFO      [DRY] Angel order would be: {'variety': 'NORMAL', 'tradingsymbol': 'ADANIPOWER-EQ', 'symboltoken': '17388', 'transactiontype': 'BUY', 'exchange': 'NSE', 'ordertype': 'MARKET', 'producttype': 'INTRADAY', 'duration': 'DAY', 'price': '0', 'squareoff': '0', 'stoploss': '0', 'quantity': '70'}
2026-09-01 08:57:41,299  INFO      [OPEN] [DRY] ADANIPOWER.NS qty=70 @ Rs 202.85 SL Rs 200.76 TGT Rs 213.37 (order=None)
2026-09-01 08:57:41,299  INFO      [DRY] Angel order would be: {'variety': 'NORMAL', 'tradingsymbol': 'HCLTECH-EQ', 'symboltoken': '7229', 'transactiontype': 'BUY', 'exchange': 'NSE', 'ordertype': 'MARKET', 'producttype': 'INTRADAY', 'duration': 'DAY', 'price': '0', 'squareoff': '0', 'stoploss': '0', 'quantity': '9'}
2026-09-01 08:57:41,300  INFO      [OPEN] [DRY] HCLTECH.NS qty=9 @ Rs 1353.00 SL Rs 1321.54 TGT Rs 1374.25 (order=None)
2026-09-01 08:57:41,300  INFO      [DRY] Angel order would be: {'variety': 'NORMAL', 'tradingsymbol': 'ZYDUSLIFE-EQ', 'symboltoken': '7929', 'transactiontype': 'BUY', 'exchange': 'NSE', 'ordertype': 'MARKET', 'producttype': 'INTRADAY', 'duration': 'DAY', 'price': '0', 'squareoff': '0', 'stoploss': '0', 'quantity': '8'}
2026-09-01 08:57:41,300  INFO      [OPEN] [DRY] ZYDUSLIFE.NS qty=8 @ Rs 1172.30 SL Rs 1141.63 TGT Rs 1179.14 (order=None)
2026-09-01 08:57:41,300  INFO      [DRY] Angel order would be: {'variety': 'NORMAL', 'tradingsymbol': 'PERSISTENT-EQ', 'symboltoken': '18365', 'transactiontype': 'BUY', 'exchange': 'NSE', 'ordertype': 'MARKET', 'producttype': 'INTRADAY', 'duration': 'DAY', 'price': '0', 'squareoff': '0', 'stoploss': '0', 'quantity': '1'}
2026-09-01 08:57:41,300  INFO      [OPEN] [DRY] PERSISTENT.NS qty=1 @ Rs 5756.00 SL Rs 5592.46 TGT Rs 6033.29 (order=None)
2026-09-01 08:57:41,300  INFO      [DRY] Angel order would be: {'variety': 'NORMAL', 'tradingsymbol': 'IDEA-EQ', 'symboltoken': '14366', 'transactiontype': 'BUY', 'exchange': 'NSE', 'ordertype': 'MARKET', 'producttype': 'INTRADAY', 'duration': 'DAY', 'price': '0', 'squareoff': '0', 'stoploss': '0', 'quantity': '577'}
2026-09-01 08:57:41,300  INFO      [OPEN] [DRY] IDEA.NS qty=577 @ Rs 14.00 SL Rs 13.76 TGT Rs 15.87 (order=None)
2026-09-01 08:57:41,300  INFO      [DRY] Angel order would be: {'variety': 'NORMAL', 'tradingsymbol': 'BHEL-EQ', 'symboltoken': '438', 'transactiontype': 'BUY', 'exchange': 'NSE', 'ordertype': 'MARKET', 'producttype': 'INTRADAY', 'duration': 'DAY', 'price': '0', 'squareoff': '0', 'stoploss': '0', 'quantity': '16'}
2026-09-01 08:57:41,300  INFO      [OPEN] [DRY] BHEL.NS qty=16 @ Rs 424.90 SL Rs 406.11 TGT Rs 474.68 (order=None)
2026-09-01 08:57:41,307  INFO      tick result: {'ok': True, 'actions': 6, 'open_trades': 6, 'closed_today': 0, 'realised_pnl': 0.0, 'cumulative_pnl': -4611.11, 'halted': False, 'messages': ['[OPEN] [DRY] ADANIPOWER.NS qty=70 @ Rs 202.85 SL Rs 200.76 TGT Rs 213.37 (order=None)', '[OPEN] [DRY] HCLTECH.NS qty=9 @ Rs 1353.00 SL Rs 1321.54 TGT Rs 1374.25 (order=None)', '[OPEN] [DRY] ZYDUSLIFE.NS qty=8 @ Rs 1172.30 SL Rs 1141.63 TGT Rs 1179.14 (order=None)', '[OPEN] [DRY] PERSISTENT.NS qty=1 @ Rs 5756.00 SL Rs 5592.46 TGT Rs 6033.29 (order=None)', '[OPEN] [DRY] IDEA.NS qty=577 @ Rs 14.00 SL Rs 13.76 TGT Rs 15.87 (order=None)', '[OPEN] [DRY] BHEL.NS qty=16 @ Rs 424.90 SL Rs 406.11 TGT Rs 474.68 (order=None)']}
2026-09-01 08:57:41,307  INFO      tick result: {'ok': True, 'actions': 6, 'open_trades': 6, 'closed_today': 0, 'realised_pnl': 0.0, 'cumulative_pnl': -4611.11, 'halted': False, 'messages': ['[OPEN] [DRY] ADANIPOWER.NS qty=70 @ Rs 202.85 SL Rs 200.76 TGT Rs 213.37 (order=None)', '[OPEN] [DRY] HCLTECH.NS qty=9 @ Rs 1353.00 SL Rs 1321.54 TGT Rs 1374.25 (order=None)', '[OPEN] [DRY] ZYDUSLIFE.NS qty=8 @ Rs 1172.30 SL Rs 1141.63 TGT Rs 1179.14 (order=None)', '[OPEN] [DRY] PERSISTENT.NS qty=1 @ Rs 5756.00 SL Rs 5592.46 TGT Rs 6033.29 (order=None)', '[OPEN] [DRY] IDEA.NS qty=577 @ Rs 14.00 SL Rs 13.76 TGT Rs 15.87 (order=None)', '[OPEN] [DRY] BHEL.NS qty=16 @ Rs 424.90 SL Rs 406.11 TGT Rs 474.68 (order=None)']}
