2026-10-02 10:05:10,903  INFO      angel_one starting ... (cmd=paper-trade)
2026-10-02 10:05:10,903  INFO      angel_one starting ... (cmd=paper-trade)
2026-10-02 10:05:10,920  INFO      refresh: generating today's picks via analyzer (dry-run, no PDF)
2026-10-02 10:05:10,920  INFO      refresh: generating today's picks via analyzer (dry-run, no PDF)
2026-10-02 10:05:11,540  INFO      == Stock analyzer run starting ==
2026-10-02 10:05:11,540  INFO      Watchlist: 11 symbols from data/stock_watchlist.txt
2026-10-02 10:05:11,540  INFO      Universe: 107 symbols (total available: 107)
2026-10-02 10:05:12,174  INFO      [1/107] fetching TATAPOWER.NS …
2026-10-02 10:05:12,751  INFO      [2/107] fetching IRFC.NS …
2026-10-02 10:05:13,241  INFO      [3/107] fetching SUZLON.NS …
2026-10-02 10:05:13,730  INFO      [4/107] fetching IREDA.NS …
2026-10-02 10:05:14,224  INFO      [5/107] fetching BHEL.NS …
2026-10-02 10:05:14,726  INFO      [6/107] fetching KPITTECH.NS …
2026-10-02 10:05:15,225  INFO      [7/107] fetching POLYCAB.NS …
2026-10-02 10:05:15,733  INFO      [8/107] fetching PERSISTENT.NS …
2026-10-02 10:05:16,237  INFO      [9/107] fetching ITC.NS …
2026-10-02 10:05:16,749  INFO      [10/107] fetching POWERGRID.NS …
2026-10-02 10:05:17,253  INFO      [11/107] fetching COALINDIA.NS …
2026-10-02 10:05:17,766  INFO      [12/107] fetching RELIANCE.NS …
2026-10-02 10:05:18,294  INFO      [13/107] fetching TCS.NS …
2026-10-02 10:05:18,847  INFO      [14/107] fetching HDFCBANK.NS …
2026-10-02 10:05:19,365  INFO      [15/107] fetching INFY.NS …
2026-10-02 10:05:19,890  INFO      [16/107] fetching ICICIBANK.NS …
2026-10-02 10:05:20,408  INFO      [17/107] fetching HINDUNILVR.NS …
2026-10-02 10:05:20,931  INFO      [18/107] fetching SBIN.NS …
2026-10-02 10:05:21,466  INFO      [19/107] fetching BHARTIARTL.NS …
2026-10-02 10:05:21,983  INFO      [20/107] fetching KOTAKBANK.NS …
2026-10-02 10:05:22,505  INFO      [21/107] fetching LT.NS …
2026-10-02 10:05:23,045  INFO      [22/107] fetching AXISBANK.NS …
2026-10-02 10:05:23,562  INFO      [23/107] fetching BAJFINANCE.NS …
2026-10-02 10:05:24,073  INFO      [24/107] fetching ASIANPAINT.NS …
2026-10-02 10:05:24,585  INFO      [25/107] fetching MARUTI.NS …
2026-10-02 10:05:25,092  INFO      [26/107] fetching HCLTECH.NS …
2026-10-02 10:05:25,614  INFO      [27/107] fetching SUNPHARMA.NS …
2026-10-02 10:05:26,130  INFO      [28/107] fetching TITAN.NS …
2026-10-02 10:05:26,641  INFO      [29/107] fetching ULTRACEMCO.NS …
2026-10-02 10:05:27,156  INFO      [30/107] fetching WIPRO.NS …
2026-10-02 10:05:27,680  INFO      [31/107] fetching NESTLEIND.NS …
2026-10-02 10:05:28,225  INFO      [32/107] fetching ADANIENT.NS …
2026-10-02 10:05:28,747  INFO      [33/107] fetching NTPC.NS …
2026-10-02 10:05:29,257  INFO      [34/107] fetching TATAMOTORS.NS …
2026-10-02 10:05:30,325  WARNING   [TATAMOTORS.NS] insufficient history (0 rows)
2026-10-02 10:05:30,725  INFO      [35/107] fetching M&M.NS …
2026-10-02 10:05:31,238  INFO      [36/107] fetching TATASTEEL.NS …
2026-10-02 10:05:31,742  INFO      [37/107] fetching JSWSTEEL.NS …
2026-10-02 10:05:32,242  INFO      [38/107] fetching ONGC.NS …
2026-10-02 10:05:32,759  INFO      [39/107] fetching TECHM.NS …
2026-10-02 10:05:33,269  INFO      [40/107] fetching BAJAJFINSV.NS …
2026-10-02 10:05:33,776  INFO      [41/107] fetching HINDALCO.NS …
2026-10-02 10:05:34,295  INFO      [42/107] fetching GRASIM.NS …
2026-10-02 10:05:34,806  INFO      [43/107] fetching DRREDDY.NS …
2026-10-02 10:05:35,315  INFO      [44/107] fetching CIPLA.NS …
2026-10-02 10:05:35,836  INFO      [45/107] fetching DIVISLAB.NS …
2026-10-02 10:05:36,342  INFO      [46/107] fetching EICHERMOT.NS …
2026-10-02 10:05:36,857  INFO      [47/107] fetching BRITANNIA.NS …
2026-10-02 10:05:37,363  INFO      [48/107] fetching HEROMOTOCO.NS …
2026-10-02 10:05:37,871  INFO      [49/107] fetching BAJAJ-AUTO.NS …
2026-10-02 10:05:38,385  INFO      [50/107] fetching INDUSINDBK.NS …
2026-10-02 10:05:38,897  INFO      [51/107] fetching APOLLOHOSP.NS …
2026-10-02 10:05:39,405  INFO      [52/107] fetching TATACONSUM.NS …
2026-10-02 10:05:39,916  INFO      [53/107] fetching UPL.NS …
2026-10-02 10:05:40,455  INFO      [54/107] fetching BPCL.NS …
2026-10-02 10:05:41,005  INFO      [55/107] fetching SBILIFE.NS …
2026-10-02 10:05:41,534  INFO      [56/107] fetching HDFCLIFE.NS …
2026-10-02 10:05:42,029  INFO      [57/107] fetching ADANIPORTS.NS …
2026-10-02 10:05:42,532  INFO      [58/107] fetching LTIM.NS …
2026-10-02 10:05:43,119  WARNING   [LTIM.NS] insufficient history (0 rows)
2026-10-02 10:05:43,519  INFO      [59/107] fetching ABB.NS …
2026-10-02 10:05:44,058  INFO      [60/107] fetching ADANIGREEN.NS …
2026-10-02 10:05:44,547  INFO      [61/107] fetching ADANIPOWER.NS …
2026-10-02 10:05:45,036  INFO      [62/107] fetching AMBUJACEM.NS …
2026-10-02 10:05:45,547  INFO      [63/107] fetching DMART.NS …
2026-10-02 10:05:46,032  INFO      [64/107] fetching BAJAJHLDNG.NS …
2026-10-02 10:05:46,540  INFO      [65/107] fetching BANKBARODA.NS …
2026-10-02 10:05:47,082  INFO      [66/107] fetching BERGEPAINT.NS …
2026-10-02 10:05:47,592  INFO      [67/107] fetching BOSCHLTD.NS …
2026-10-02 10:05:48,096  INFO      [68/107] fetching CANBK.NS …
2026-10-02 10:05:48,606  INFO      [69/107] fetching CHOLAFIN.NS …
2026-10-02 10:05:49,119  INFO      [70/107] fetching COLPAL.NS …
2026-10-02 10:05:49,627  INFO      [71/107] fetching DABUR.NS …
2026-10-02 10:05:50,161  INFO      [72/107] fetching DLF.NS …
2026-10-02 10:05:50,684  INFO      [73/107] fetching GAIL.NS …
2026-10-02 10:05:51,204  INFO      [74/107] fetching GODREJCP.NS …
2026-10-02 10:05:51,712  INFO      [75/107] fetching HAVELLS.NS …
2026-10-02 10:05:52,228  INFO      [76/107] fetching HAL.NS …
2026-10-02 10:05:52,787  INFO      [77/107] fetching ICICIGI.NS …
2026-10-02 10:05:53,285  INFO      [78/107] fetching ICICIPRULI.NS …
2026-10-02 10:05:53,793  INFO      [79/107] fetching IOC.NS …
2026-10-02 10:05:54,322  INFO      [80/107] fetching IRCTC.NS …
2026-10-02 10:05:54,853  INFO      [81/107] fetching JINDALSTEL.NS …
2026-10-02 10:05:55,358  INFO      [82/107] fetching LICI.NS …
2026-10-02 10:05:55,847  INFO      [83/107] fetching MARICO.NS …
2026-10-02 10:05:56,369  INFO      [84/107] fetching MOTHERSON.NS …
2026-10-02 10:05:56,885  INFO      [85/107] fetching NAUKRI.NS …
2026-10-02 10:05:57,405  INFO      [86/107] fetching PIDILITIND.NS …
2026-10-02 10:05:57,914  INFO      [87/107] fetching PNB.NS …
2026-10-02 10:05:58,433  INFO      [88/107] fetching PFC.NS …
2026-10-02 10:05:58,937  INFO      [89/107] fetching RECLTD.NS …
2026-10-02 10:05:59,450  INFO      [90/107] fetching SIEMENS.NS …
2026-10-02 10:05:59,995  INFO      [91/107] fetching SRF.NS …
2026-10-02 10:06:00,499  INFO      [92/107] fetching SHREECEM.NS …
2026-10-02 10:06:01,008  INFO      [93/107] fetching SHRIRAMFIN.NS …
2026-10-02 10:06:01,523  INFO      [94/107] fetching TORNTPHARM.NS …
2026-10-02 10:06:02,040  INFO      [95/107] fetching TRENT.NS …
2026-10-02 10:06:02,575  INFO      [96/107] fetching TVSMOTOR.NS …
2026-10-02 10:06:03,083  INFO      [97/107] fetching VEDL.NS …
2026-10-02 10:06:03,600  INFO      [98/107] fetching VBL.NS …
2026-10-02 10:06:04,094  INFO      [99/107] fetching ZOMATO.NS …
2026-10-02 10:06:04,878  WARNING   [ZOMATO.NS] insufficient history (0 rows)
2026-10-02 10:06:05,278  INFO      [100/107] fetching ZYDUSLIFE.NS …
2026-10-02 10:06:05,787  INFO      [101/107] fetching INDIGO.NS …
2026-10-02 10:06:06,313  INFO      [102/107] fetching IDEA.NS …
2026-10-02 10:06:06,810  INFO      [103/107] fetching BANKINDIA.NS …
2026-10-02 10:06:07,377  INFO      [104/107] fetching PAGEIND.NS …
2026-10-02 10:06:07,888  INFO      [105/107] fetching MUTHOOTFIN.NS …
2026-10-02 10:06:08,432  INFO      [106/107] fetching TATAELXSI.NS …
2026-10-02 10:06:08,939  INFO      [107/107] fetching LUPIN.NS …
2026-10-02 10:06:09,086  INFO      Fetched 104/107 symbols successfully.
2026-10-02 10:06:13,283  INFO      Fetched 200 headlines from RSS (Indian + global/geopolitics).
2026-10-02 10:06:17,231  INFO      Macro regime: neutral | bias=0 | geo-risk=39.3
2026-10-02 10:06:17,504  INFO      NSE corp announcements: 20 filings
2026-10-02 10:06:19,222  INFO      Angel One login successful.
2026-10-02 10:06:20,008  INFO      Saved report → data/stock_reports/2026-10-02_1006.json
2026-10-02 10:06:20,492  INFO      Report image saved → logs/stock_analyzer/2026-10-02/stock_report.png  [1920×1280]
2026-10-02 10:06:20,493  INFO      Dry-run: skipping send. Image + PDF saved locally; console printed.
2026-10-02 10:06:20,493  INFO      == Stock analyzer run complete ==
2026-10-02 10:06:20,497  INFO      [Note] PAPER TRADING -- virtual cash Rs 100,000, max_positions=6 max_pct=15% buckets=('intraday', 'swing') state=data/paper_trader_state.json
2026-10-02 10:06:20,497  INFO      [Note] PAPER TRADING -- virtual cash Rs 100,000, max_positions=6 max_pct=15% buckets=('intraday', 'swing') state=data/paper_trader_state.json
2026-10-02 10:06:20,499  INFO      paper-trader: new day, archived 0 trades (cumulative ₹-5,782)
2026-10-02 10:06:32,904  INFO      tick result: {'ok': True, 'actions': 0, 'open_trades': 0, 'closed_today': 0, 'realised_pnl': 0.0, 'cumulative_pnl': -5781.86, 'halted': False, 'messages': []}
2026-10-02 10:06:32,904  INFO      tick result: {'ok': True, 'actions': 0, 'open_trades': 0, 'closed_today': 0, 'realised_pnl': 0.0, 'cumulative_pnl': -5781.86, 'halted': False, 'messages': []}
