2026-07-01 08:00:08,811  INFO      angel_one starting ... (cmd=paper-trade)
2026-07-01 08:00:08,811  INFO      angel_one starting ... (cmd=paper-trade)
2026-07-01 08:00:08,828  INFO      refresh: generating today's picks via analyzer (dry-run, no PDF)
2026-07-01 08:00:08,828  INFO      refresh: generating today's picks via analyzer (dry-run, no PDF)
2026-07-01 08:00:09,567  INFO      == Stock analyzer run starting ==
2026-07-01 08:00:09,567  INFO      Watchlist: 11 symbols from data/stock_watchlist.txt
2026-07-01 08:00:09,567  INFO      Universe: 107 symbols (total available: 107)
2026-07-01 08:00:10,130  INFO      [1/107] fetching TATAPOWER.NS …
2026-07-01 08:00:10,706  INFO      [2/107] fetching IRFC.NS …
2026-07-01 08:00:11,192  INFO      [3/107] fetching SUZLON.NS …
2026-07-01 08:00:11,677  INFO      [4/107] fetching IREDA.NS …
2026-07-01 08:00:12,167  INFO      [5/107] fetching BHEL.NS …
2026-07-01 08:00:12,679  INFO      [6/107] fetching KPITTECH.NS …
2026-07-01 08:00:13,215  INFO      [7/107] fetching POLYCAB.NS …
2026-07-01 08:00:13,708  INFO      [8/107] fetching PERSISTENT.NS …
2026-07-01 08:00:14,225  INFO      [9/107] fetching ITC.NS …
2026-07-01 08:00:14,761  INFO      [10/107] fetching POWERGRID.NS …
2026-07-01 08:00:15,263  INFO      [11/107] fetching COALINDIA.NS …
2026-07-01 08:00:15,771  INFO      [12/107] fetching RELIANCE.NS …
2026-07-01 08:00:16,302  INFO      [13/107] fetching TCS.NS …
2026-07-01 08:00:16,810  INFO      [14/107] fetching HDFCBANK.NS …
2026-07-01 08:00:17,338  INFO      [15/107] fetching INFY.NS …
2026-07-01 08:00:17,849  INFO      [16/107] fetching ICICIBANK.NS …
2026-07-01 08:00:18,359  INFO      [17/107] fetching HINDUNILVR.NS …
2026-07-01 08:00:18,886  INFO      [18/107] fetching SBIN.NS …
2026-07-01 08:00:19,413  INFO      [19/107] fetching BHARTIARTL.NS …
2026-07-01 08:00:19,919  INFO      [20/107] fetching KOTAKBANK.NS …
2026-07-01 08:00:20,437  INFO      [21/107] fetching LT.NS …
2026-07-01 08:00:20,944  INFO      [22/107] fetching AXISBANK.NS …
2026-07-01 08:00:21,459  INFO      [23/107] fetching BAJFINANCE.NS …
2026-07-01 08:00:21,971  INFO      [24/107] fetching ASIANPAINT.NS …
2026-07-01 08:00:22,485  INFO      [25/107] fetching MARUTI.NS …
2026-07-01 08:00:23,030  INFO      [26/107] fetching HCLTECH.NS …
2026-07-01 08:00:23,539  INFO      [27/107] fetching SUNPHARMA.NS …
2026-07-01 08:00:24,056  INFO      [28/107] fetching TITAN.NS …
2026-07-01 08:00:24,568  INFO      [29/107] fetching ULTRACEMCO.NS …
2026-07-01 08:00:25,071  INFO      [30/107] fetching WIPRO.NS …
2026-07-01 08:00:25,596  INFO      [31/107] fetching NESTLEIND.NS …
2026-07-01 08:00:26,102  INFO      [32/107] fetching ADANIENT.NS …
2026-07-01 08:00:26,613  INFO      [33/107] fetching NTPC.NS …
2026-07-01 08:00:27,125  INFO      [34/107] fetching TATAMOTORS.NS …
2026-07-01 08:00:28,103  WARNING   [TATAMOTORS.NS] insufficient history (0 rows)
2026-07-01 08:00:28,504  INFO      [35/107] fetching M&M.NS …
2026-07-01 08:00:29,031  INFO      [36/107] fetching TATASTEEL.NS …
2026-07-01 08:00:29,544  INFO      [37/107] fetching JSWSTEEL.NS …
2026-07-01 08:00:30,058  INFO      [38/107] fetching ONGC.NS …
2026-07-01 08:00:30,581  INFO      [39/107] fetching TECHM.NS …
2026-07-01 08:00:31,092  INFO      [40/107] fetching BAJAJFINSV.NS …
2026-07-01 08:00:31,595  INFO      [41/107] fetching HINDALCO.NS …
2026-07-01 08:00:32,115  INFO      [42/107] fetching GRASIM.NS …
2026-07-01 08:00:32,687  INFO      [43/107] fetching DRREDDY.NS …
2026-07-01 08:00:33,216  INFO      [44/107] fetching CIPLA.NS …
2026-07-01 08:00:33,727  INFO      [45/107] fetching DIVISLAB.NS …
2026-07-01 08:00:34,292  INFO      [46/107] fetching EICHERMOT.NS …
2026-07-01 08:00:34,840  INFO      [47/107] fetching BRITANNIA.NS …
2026-07-01 08:00:35,356  INFO      [48/107] fetching HEROMOTOCO.NS …
2026-07-01 08:00:35,863  INFO      [49/107] fetching BAJAJ-AUTO.NS …
2026-07-01 08:00:36,370  INFO      [50/107] fetching INDUSINDBK.NS …
2026-07-01 08:00:36,874  INFO      [51/107] fetching APOLLOHOSP.NS …
2026-07-01 08:00:37,392  INFO      [52/107] fetching TATACONSUM.NS …
2026-07-01 08:00:37,918  INFO      [53/107] fetching UPL.NS …
2026-07-01 08:00:38,424  INFO      [54/107] fetching BPCL.NS …
2026-07-01 08:00:38,945  INFO      [55/107] fetching SBILIFE.NS …
2026-07-01 08:00:39,440  INFO      [56/107] fetching HDFCLIFE.NS …
2026-07-01 08:00:39,931  INFO      [57/107] fetching ADANIPORTS.NS …
2026-07-01 08:00:40,433  INFO      [58/107] fetching LTIM.NS …
2026-07-01 08:00:40,966  WARNING   [LTIM.NS] insufficient history (0 rows)
2026-07-01 08:00:41,366  INFO      [59/107] fetching ABB.NS …
2026-07-01 08:00:41,886  INFO      [60/107] fetching ADANIGREEN.NS …
2026-07-01 08:00:42,371  INFO      [61/107] fetching ADANIPOWER.NS …
2026-07-01 08:00:42,855  INFO      [62/107] fetching AMBUJACEM.NS …
2026-07-01 08:00:43,363  INFO      [63/107] fetching DMART.NS …
2026-07-01 08:00:43,879  INFO      [64/107] fetching BAJAJHLDNG.NS …
2026-07-01 08:00:44,399  INFO      [65/107] fetching BANKBARODA.NS …
2026-07-01 08:00:44,909  INFO      [66/107] fetching BERGEPAINT.NS …
2026-07-01 08:00:45,435  INFO      [67/107] fetching BOSCHLTD.NS …
2026-07-01 08:00:45,948  INFO      [68/107] fetching CANBK.NS …
2026-07-01 08:00:46,453  INFO      [69/107] fetching CHOLAFIN.NS …
2026-07-01 08:00:46,985  INFO      [70/107] fetching COLPAL.NS …
2026-07-01 08:00:47,499  INFO      [71/107] fetching DABUR.NS …
2026-07-01 08:00:48,007  INFO      [72/107] fetching DLF.NS …
2026-07-01 08:00:48,524  INFO      [73/107] fetching GAIL.NS …
2026-07-01 08:00:49,066  INFO      [74/107] fetching GODREJCP.NS …
2026-07-01 08:00:49,573  INFO      [75/107] fetching HAVELLS.NS …
2026-07-01 08:00:50,104  INFO      [76/107] fetching HAL.NS …
2026-07-01 08:00:50,600  INFO      [77/107] fetching ICICIGI.NS …
2026-07-01 08:00:51,094  INFO      [78/107] fetching ICICIPRULI.NS …
2026-07-01 08:00:51,621  INFO      [79/107] fetching IOC.NS …
2026-07-01 08:00:52,154  INFO      [80/107] fetching IRCTC.NS …
2026-07-01 08:00:52,644  INFO      [81/107] fetching JINDALSTEL.NS …
2026-07-01 08:00:53,171  INFO      [82/107] fetching LICI.NS …
2026-07-01 08:00:53,659  INFO      [83/107] fetching MARICO.NS …
2026-07-01 08:00:54,171  INFO      [84/107] fetching MOTHERSON.NS …
2026-07-01 08:00:54,680  INFO      [85/107] fetching NAUKRI.NS …
2026-07-01 08:00:55,188  INFO      [86/107] fetching PIDILITIND.NS …
2026-07-01 08:00:55,710  INFO      [87/107] fetching PNB.NS …
2026-07-01 08:00:56,265  INFO      [88/107] fetching PFC.NS …
2026-07-01 08:00:56,768  INFO      [89/107] fetching RECLTD.NS …
2026-07-01 08:00:57,278  INFO      [90/107] fetching SIEMENS.NS …
2026-07-01 08:00:57,816  INFO      [91/107] fetching SRF.NS …
2026-07-01 08:00:58,330  INFO      [92/107] fetching SHREECEM.NS …
2026-07-01 08:00:58,842  INFO      [93/107] fetching SHRIRAMFIN.NS …
2026-07-01 08:00:59,382  INFO      [94/107] fetching TORNTPHARM.NS …
2026-07-01 08:00:59,891  INFO      [95/107] fetching TRENT.NS …
2026-07-01 08:01:00,406  INFO      [96/107] fetching TVSMOTOR.NS …
2026-07-01 08:01:00,913  INFO      [97/107] fetching VEDL.NS …
2026-07-01 08:01:01,437  INFO      [98/107] fetching VBL.NS …
2026-07-01 08:01:01,934  INFO      [99/107] fetching ZOMATO.NS …
2026-07-01 08:01:02,755  WARNING   [ZOMATO.NS] insufficient history (0 rows)
2026-07-01 08:01:03,156  INFO      [100/107] fetching ZYDUSLIFE.NS …
2026-07-01 08:01:03,671  INFO      [101/107] fetching INDIGO.NS …
2026-07-01 08:01:04,164  INFO      [102/107] fetching IDEA.NS …
2026-07-01 08:01:04,656  INFO      [103/107] fetching BANKINDIA.NS …
2026-07-01 08:01:05,169  INFO      [104/107] fetching PAGEIND.NS …
2026-07-01 08:01:05,687  INFO      [105/107] fetching MUTHOOTFIN.NS …
2026-07-01 08:01:06,181  INFO      [106/107] fetching TATAELXSI.NS …
2026-07-01 08:01:06,698  INFO      [107/107] fetching LUPIN.NS …
2026-07-01 08:01:06,816  INFO      Fetched 104/107 symbols successfully.
2026-07-01 08:01:14,842  INFO      Fetched 200 headlines from RSS (Indian + global/geopolitics).
2026-07-01 08:01:17,544  INFO      Macro regime: risk-on | bias=1 | geo-risk=41.9
2026-07-01 08:01:17,816  INFO      NSE corp announcements: 20 filings
2026-07-01 08:01:19,540  INFO      Angel One login successful.
2026-07-01 08:01:20,365  INFO      Saved report → data/stock_reports/2026-07-01_0801.json
2026-07-01 08:01:20,871  INFO      Report image saved → logs/stock_analyzer/2026-07-01/stock_report.png  [1920×1280]
2026-07-01 08:01:20,871  INFO      Dry-run: skipping send. Image + PDF saved locally; console printed.
2026-07-01 08:01:20,872  INFO      == Stock analyzer run complete ==
2026-07-01 08:01:20,876  INFO      [Note] PAPER TRADING -- virtual cash Rs 100,000, max_positions=6 max_pct=15% buckets=('intraday', 'swing') state=data/paper_trader_state.json
2026-07-01 08:01:20,876  INFO      [Note] PAPER TRADING -- virtual cash Rs 100,000, max_positions=6 max_pct=15% buckets=('intraday', 'swing') state=data/paper_trader_state.json
2026-07-01 08:01:20,878  INFO      paper-trader: new day, archived 2 trades (cumulative ₹-1,437)
2026-07-01 08:01:34,756  INFO      [DRY] Angel order would be: {'variety': 'NORMAL', 'tradingsymbol': 'DMART-EQ', 'symboltoken': '19913', 'transactiontype': 'SELL', 'exchange': 'NSE', 'ordertype': 'MARKET', 'producttype': 'INTRADAY', 'duration': 'DAY', 'price': '0', 'squareoff': '0', 'stoploss': '0', 'quantity': '2'}
2026-07-01 08:01:34,757  INFO      [SL] [DRY] CLOSE DMART.NS qty=2 @ Rs 4327.50 P&L Rs +31 (gross Rs +44, cost Rs 13; trailing-SL hit @ 4327.50 (peak 4380.70))
2026-07-01 08:01:34,757  INFO      [DRY] Angel order would be: {'variety': 'NORMAL', 'tradingsymbol': 'DABUR-EQ', 'symboltoken': '772', 'transactiontype': 'BUY', 'exchange': 'NSE', 'ordertype': 'MARKET', 'producttype': 'INTRADAY', 'duration': 'DAY', 'price': '0', 'squareoff': '0', 'stoploss': '0', 'quantity': '23'}
2026-07-01 08:01:34,757  INFO      [OPEN] [DRY] DABUR.NS qty=23 @ Rs 441.90 SL Rs 438.15 TGT Rs 454.09 (order=None)
2026-07-01 08:01:34,757  INFO      [DRY] Angel order would be: {'variety': 'NORMAL', 'tradingsymbol': 'NESTLEIND-EQ', 'symboltoken': '17963', 'transactiontype': 'BUY', 'exchange': 'NSE', 'ordertype': 'MARKET', 'producttype': 'INTRADAY', 'duration': 'DAY', 'price': '0', 'squareoff': '0', 'stoploss': '0', 'quantity': '6'}
2026-07-01 08:01:34,757  INFO      [OPEN] [DRY] NESTLEIND.NS qty=6 @ Rs 1450.70 SL Rs 1420.63 TGT Rs 1451.99 (order=None)
2026-07-01 08:01:34,760  INFO      tick result: {'ok': True, 'actions': 3, 'open_trades': 5, 'closed_today': 1, 'realised_pnl': 31.45, 'cumulative_pnl': -1405.46, 'halted': False, 'messages': ['[SL] [DRY] CLOSE DMART.NS qty=2 @ Rs 4327.50 P&L Rs +31 (gross Rs +44, cost Rs 13; trailing-SL hit @ 4327.50 (peak 4380.70))', '[OPEN] [DRY] DABUR.NS qty=23 @ Rs 441.90 SL Rs 438.15 TGT Rs 454.09 (order=None)', '[OPEN] [DRY] NESTLEIND.NS qty=6 @ Rs 1450.70 SL Rs 1420.63 TGT Rs 1451.99 (order=None)']}
2026-07-01 08:01:34,760  INFO      tick result: {'ok': True, 'actions': 3, 'open_trades': 5, 'closed_today': 1, 'realised_pnl': 31.45, 'cumulative_pnl': -1405.46, 'halted': False, 'messages': ['[SL] [DRY] CLOSE DMART.NS qty=2 @ Rs 4327.50 P&L Rs +31 (gross Rs +44, cost Rs 13; trailing-SL hit @ 4327.50 (peak 4380.70))', '[OPEN] [DRY] DABUR.NS qty=23 @ Rs 441.90 SL Rs 438.15 TGT Rs 454.09 (order=None)', '[OPEN] [DRY] NESTLEIND.NS qty=6 @ Rs 1450.70 SL Rs 1420.63 TGT Rs 1451.99 (order=None)']}
