2026-06-09 07:34:39,206  INFO      angel_one starting ... (cmd=paper-trade)
2026-06-09 07:34:39,206  INFO      angel_one starting ... (cmd=paper-trade)
2026-06-09 07:34:39,223  INFO      refresh: generating today's picks via analyzer (dry-run, no PDF)
2026-06-09 07:34:39,223  INFO      refresh: generating today's picks via analyzer (dry-run, no PDF)
2026-06-09 07:34:39,896  INFO      == Stock analyzer run starting ==
2026-06-09 07:34:39,896  INFO      Watchlist: 11 symbols from data/stock_watchlist.txt
2026-06-09 07:34:39,896  INFO      Universe: 107 symbols (total available: 107)
2026-06-09 07:34:40,382  INFO      [1/107] fetching TATAPOWER.NS …
2026-06-09 07:34:40,913  INFO      [2/107] fetching IRFC.NS …
2026-06-09 07:34:41,390  INFO      [3/107] fetching SUZLON.NS …
2026-06-09 07:34:41,866  INFO      [4/107] fetching IREDA.NS …
2026-06-09 07:34:42,340  INFO      [5/107] fetching BHEL.NS …
2026-06-09 07:34:42,842  INFO      [6/107] fetching KPITTECH.NS …
2026-06-09 07:34:43,322  INFO      [7/107] fetching POLYCAB.NS …
2026-06-09 07:34:43,802  INFO      [8/107] fetching PERSISTENT.NS …
2026-06-09 07:34:44,297  INFO      [9/107] fetching ITC.NS …
2026-06-09 07:34:44,800  INFO      [10/107] fetching POWERGRID.NS …
2026-06-09 07:34:45,298  INFO      [11/107] fetching COALINDIA.NS …
2026-06-09 07:34:45,790  INFO      [12/107] fetching RELIANCE.NS …
2026-06-09 07:34:46,296  INFO      [13/107] fetching TCS.NS …
2026-06-09 07:34:46,794  INFO      [14/107] fetching HDFCBANK.NS …
2026-06-09 07:34:47,342  INFO      [15/107] fetching INFY.NS …
2026-06-09 07:34:47,844  INFO      [16/107] fetching ICICIBANK.NS …
2026-06-09 07:34:48,358  INFO      [17/107] fetching HINDUNILVR.NS …
2026-06-09 07:34:48,867  INFO      [18/107] fetching SBIN.NS …
2026-06-09 07:34:49,390  INFO      [19/107] fetching BHARTIARTL.NS …
2026-06-09 07:34:49,882  INFO      [20/107] fetching KOTAKBANK.NS …
2026-06-09 07:34:50,385  INFO      [21/107] fetching LT.NS …
2026-06-09 07:34:50,887  INFO      [22/107] fetching AXISBANK.NS …
2026-06-09 07:34:51,400  INFO      [23/107] fetching BAJFINANCE.NS …
2026-06-09 07:34:51,896  INFO      [24/107] fetching ASIANPAINT.NS …
2026-06-09 07:34:52,403  INFO      [25/107] fetching MARUTI.NS …
2026-06-09 07:34:52,907  INFO      [26/107] fetching HCLTECH.NS …
2026-06-09 07:34:53,404  INFO      [27/107] fetching SUNPHARMA.NS …
2026-06-09 07:34:53,919  INFO      [28/107] fetching TITAN.NS …
2026-06-09 07:34:54,410  INFO      [29/107] fetching ULTRACEMCO.NS …
2026-06-09 07:34:54,911  INFO      [30/107] fetching WIPRO.NS …
2026-06-09 07:34:55,425  INFO      [31/107] fetching NESTLEIND.NS …
2026-06-09 07:34:55,922  INFO      [32/107] fetching ADANIENT.NS …
2026-06-09 07:34:56,422  INFO      [33/107] fetching NTPC.NS …
2026-06-09 07:34:56,922  INFO      [34/107] fetching TATAMOTORS.NS …
2026-06-09 07:34:57,918  WARNING   [TATAMOTORS.NS] insufficient history (0 rows)
2026-06-09 07:34:58,319  INFO      [35/107] fetching M&M.NS …
2026-06-09 07:34:58,830  INFO      [36/107] fetching TATASTEEL.NS …
2026-06-09 07:34:59,347  INFO      [37/107] fetching JSWSTEEL.NS …
2026-06-09 07:34:59,840  INFO      [38/107] fetching ONGC.NS …
2026-06-09 07:35:00,346  INFO      [39/107] fetching TECHM.NS …
2026-06-09 07:35:00,841  INFO      [40/107] fetching BAJAJFINSV.NS …
2026-06-09 07:35:01,328  INFO      [41/107] fetching HINDALCO.NS …
2026-06-09 07:35:01,832  INFO      [42/107] fetching GRASIM.NS …
2026-06-09 07:35:02,332  INFO      [43/107] fetching DRREDDY.NS …
2026-06-09 07:35:02,830  INFO      [44/107] fetching CIPLA.NS …
2026-06-09 07:35:03,364  INFO      [45/107] fetching DIVISLAB.NS …
2026-06-09 07:35:03,868  INFO      [46/107] fetching EICHERMOT.NS …
2026-06-09 07:35:04,375  INFO      [47/107] fetching BRITANNIA.NS …
2026-06-09 07:35:04,878  INFO      [48/107] fetching HEROMOTOCO.NS …
2026-06-09 07:35:05,379  INFO      [49/107] fetching BAJAJ-AUTO.NS …
2026-06-09 07:35:05,872  INFO      [50/107] fetching INDUSINDBK.NS …
2026-06-09 07:35:06,372  INFO      [51/107] fetching APOLLOHOSP.NS …
2026-06-09 07:35:06,871  INFO      [52/107] fetching TATACONSUM.NS …
2026-06-09 07:35:07,384  INFO      [53/107] fetching UPL.NS …
2026-06-09 07:35:07,885  INFO      [54/107] fetching BPCL.NS …
2026-06-09 07:35:08,401  INFO      [55/107] fetching SBILIFE.NS …
2026-06-09 07:35:08,884  INFO      [56/107] fetching HDFCLIFE.NS …
2026-06-09 07:35:09,373  INFO      [57/107] fetching ADANIPORTS.NS …
2026-06-09 07:35:09,883  INFO      [58/107] fetching LTIM.NS …
2026-06-09 07:35:10,679  WARNING   [LTIM.NS] insufficient history (0 rows)
2026-06-09 07:35:11,079  INFO      [59/107] fetching ABB.NS …
2026-06-09 07:35:11,609  INFO      [60/107] fetching ADANIGREEN.NS …
2026-06-09 07:35:12,079  INFO      [61/107] fetching ADANIPOWER.NS …
2026-06-09 07:35:12,591  INFO      [62/107] fetching AMBUJACEM.NS …
2026-06-09 07:35:13,089  INFO      [63/107] fetching DMART.NS …
2026-06-09 07:35:13,562  INFO      [64/107] fetching BAJAJHLDNG.NS …
2026-06-09 07:35:14,066  INFO      [65/107] fetching BANKBARODA.NS …
2026-06-09 07:35:14,565  INFO      [66/107] fetching BERGEPAINT.NS …
2026-06-09 07:35:15,067  INFO      [67/107] fetching BOSCHLTD.NS …
2026-06-09 07:35:15,561  INFO      [68/107] fetching CANBK.NS …
2026-06-09 07:35:16,059  INFO      [69/107] fetching CHOLAFIN.NS …
2026-06-09 07:35:16,566  INFO      [70/107] fetching COLPAL.NS …
2026-06-09 07:35:17,062  INFO      [71/107] fetching DABUR.NS …
2026-06-09 07:35:17,556  INFO      [72/107] fetching DLF.NS …
2026-06-09 07:35:18,045  INFO      [73/107] fetching GAIL.NS …
2026-06-09 07:35:18,558  INFO      [74/107] fetching GODREJCP.NS …
2026-06-09 07:35:19,060  INFO      [75/107] fetching HAVELLS.NS …
2026-06-09 07:35:19,637  INFO      [76/107] fetching HAL.NS …
2026-06-09 07:35:20,121  INFO      [77/107] fetching ICICIGI.NS …
2026-06-09 07:35:20,607  INFO      [78/107] fetching ICICIPRULI.NS …
2026-06-09 07:35:21,092  INFO      [79/107] fetching IOC.NS …
2026-06-09 07:35:21,594  INFO      [80/107] fetching IRCTC.NS …
2026-06-09 07:35:22,074  INFO      [81/107] fetching JINDALSTEL.NS …
2026-06-09 07:35:22,574  INFO      [82/107] fetching LICI.NS …
2026-06-09 07:35:23,053  INFO      [83/107] fetching MARICO.NS …
2026-06-09 07:35:23,574  INFO      [84/107] fetching MOTHERSON.NS …
2026-06-09 07:35:24,069  INFO      [85/107] fetching NAUKRI.NS …
2026-06-09 07:35:24,566  INFO      [86/107] fetching PIDILITIND.NS …
2026-06-09 07:35:25,070  INFO      [87/107] fetching PNB.NS …
2026-06-09 07:35:25,601  INFO      [88/107] fetching PFC.NS …
2026-06-09 07:35:26,091  INFO      [89/107] fetching RECLTD.NS …
2026-06-09 07:35:26,588  INFO      [90/107] fetching SIEMENS.NS …
2026-06-09 07:35:27,095  INFO      [91/107] fetching SRF.NS …
2026-06-09 07:35:27,592  INFO      [92/107] fetching SHREECEM.NS …
2026-06-09 07:35:28,092  INFO      [93/107] fetching SHRIRAMFIN.NS …
2026-06-09 07:35:28,595  INFO      [94/107] fetching TORNTPHARM.NS …
2026-06-09 07:35:29,098  INFO      [95/107] fetching TRENT.NS …
2026-06-09 07:35:29,593  INFO      [96/107] fetching TVSMOTOR.NS …
2026-06-09 07:35:30,092  INFO      [97/107] fetching VEDL.NS …
2026-06-09 07:35:30,605  INFO      [98/107] fetching VBL.NS …
2026-06-09 07:35:31,090  INFO      [99/107] fetching ZOMATO.NS …
2026-06-09 07:35:31,700  WARNING   [ZOMATO.NS] insufficient history (0 rows)
2026-06-09 07:35:32,100  INFO      [100/107] fetching ZYDUSLIFE.NS …
2026-06-09 07:35:32,601  INFO      [101/107] fetching INDIGO.NS …
2026-06-09 07:35:33,078  INFO      [102/107] fetching IDEA.NS …
2026-06-09 07:35:33,554  INFO      [103/107] fetching BANKINDIA.NS …
2026-06-09 07:35:34,054  INFO      [104/107] fetching PAGEIND.NS …
2026-06-09 07:35:34,558  INFO      [105/107] fetching MUTHOOTFIN.NS …
2026-06-09 07:35:35,054  INFO      [106/107] fetching TATAELXSI.NS …
2026-06-09 07:35:35,557  INFO      [107/107] fetching LUPIN.NS …
2026-06-09 07:35:35,659  INFO      Fetched 104/107 symbols successfully.
2026-06-09 07:35:37,953  WARNING   [MF 120503] fetch failed: HTTPSConnectionPool(host='api.mfapi.in', port=443): Read timed out. (read timeout=2)
2026-06-09 07:35:38,917  INFO      Fetched 200 headlines from RSS (Indian + global/geopolitics).
2026-06-09 07:35:42,072  INFO      Macro regime: neutral | bias=-1 | geo-risk=44.4
2026-06-09 07:35:42,295  INFO      NSE corp announcements: 20 filings
2026-06-09 07:35:43,781  INFO      Angel One login successful.
2026-06-09 07:35:44,557  INFO      Saved report → data/stock_reports/2026-06-09_0735.json
2026-06-09 07:35:45,022  INFO      Report image saved → logs/stock_analyzer/2026-06-09/stock_report.png  [1920×1280]
2026-06-09 07:35:45,023  INFO      Dry-run: skipping send. Image + PDF saved locally; console printed.
2026-06-09 07:35:45,023  INFO      == Stock analyzer run complete ==
2026-06-09 07:35:45,025  INFO      [Note] PAPER TRADING -- virtual cash Rs 100,000, max_positions=6 max_pct=15% buckets=('intraday', 'swing') state=data/paper_trader_state.json
2026-06-09 07:35:45,025  INFO      [Note] PAPER TRADING -- virtual cash Rs 100,000, max_positions=6 max_pct=15% buckets=('intraday', 'swing') state=data/paper_trader_state.json
2026-06-09 07:35:45,026  INFO      paper-trader: new day, archived 6 trades (cumulative ₹-782)
2026-06-09 07:35:58,096  INFO      [DRY] Angel order would be: {'variety': 'NORMAL', 'tradingsymbol': 'BANKBARODA-EQ', 'symboltoken': '4668', 'transactiontype': 'BUY', 'exchange': 'NSE', 'ordertype': 'MARKET', 'producttype': 'INTRADAY', 'duration': 'DAY', 'price': '0', 'squareoff': '0', 'stoploss': '0', 'quantity': '50'}
2026-06-09 07:35:58,096  INFO      [OPEN] [DRY] BANKBARODA.NS qty=50 @ Rs 270.60 SL Rs 265.37 TGT Rs 271.36 (order=None)
2026-06-09 07:35:58,097  INFO      [DRY] Angel order would be: {'variety': 'NORMAL', 'tradingsymbol': 'CANBK-EQ', 'symboltoken': '10794', 'transactiontype': 'BUY', 'exchange': 'NSE', 'ordertype': 'MARKET', 'producttype': 'INTRADAY', 'duration': 'DAY', 'price': '0', 'squareoff': '0', 'stoploss': '0', 'quantity': '86'}
2026-06-09 07:35:58,097  INFO      [OPEN] [DRY] CANBK.NS qty=86 @ Rs 136.27 SL Rs 133.93 TGT Rs 139.12 (order=None)
2026-06-09 07:35:58,097  INFO      [DRY] Angel order would be: {'variety': 'NORMAL', 'tradingsymbol': 'BANKINDIA-EQ', 'symboltoken': '4745', 'transactiontype': 'BUY', 'exchange': 'NSE', 'ordertype': 'MARKET', 'producttype': 'INTRADAY', 'duration': 'DAY', 'price': '0', 'squareoff': '0', 'stoploss': '0', 'quantity': '68'}
2026-06-09 07:35:58,097  INFO      [OPEN] [DRY] BANKINDIA.NS qty=68 @ Rs 144.80 SL Rs 142.29 TGT Rs 145.80 (order=None)
2026-06-09 07:35:58,097  INFO      [DRY] Angel order would be: {'variety': 'NORMAL', 'tradingsymbol': 'PNB-EQ', 'symboltoken': '10666', 'transactiontype': 'BUY', 'exchange': 'NSE', 'ordertype': 'MARKET', 'producttype': 'INTRADAY', 'duration': 'DAY', 'price': '0', 'squareoff': '0', 'stoploss': '0', 'quantity': '78'}
2026-06-09 07:35:58,097  INFO      [OPEN] [DRY] PNB.NS qty=78 @ Rs 108.85 SL Rs 107.28 TGT Rs 111.52 (order=None)
2026-06-09 07:35:58,097  INFO      [DRY] Angel order would be: {'variety': 'NORMAL', 'tradingsymbol': 'INDIGO-EQ', 'symboltoken': '11195', 'transactiontype': 'BUY', 'exchange': 'NSE', 'ordertype': 'MARKET', 'producttype': 'INTRADAY', 'duration': 'DAY', 'price': '0', 'squareoff': '0', 'stoploss': '0', 'quantity': '1'}
2026-06-09 07:35:58,097  INFO      [OPEN] [DRY] INDIGO.NS qty=1 @ Rs 4509.90 SL Rs 4379.12 TGT Rs 4556.47 (order=None)
2026-06-09 07:35:58,100  INFO      tick result: {'ok': True, 'actions': 5, 'open_trades': 6, 'closed_today': 0, 'realised_pnl': 0.0, 'cumulative_pnl': -782.5, 'halted': False, 'messages': ['[OPEN] [DRY] BANKBARODA.NS qty=50 @ Rs 270.60 SL Rs 265.37 TGT Rs 271.36 (order=None)', '[OPEN] [DRY] CANBK.NS qty=86 @ Rs 136.27 SL Rs 133.93 TGT Rs 139.12 (order=None)', '[OPEN] [DRY] BANKINDIA.NS qty=68 @ Rs 144.80 SL Rs 142.29 TGT Rs 145.80 (order=None)', '[OPEN] [DRY] PNB.NS qty=78 @ Rs 108.85 SL Rs 107.28 TGT Rs 111.52 (order=None)', '[OPEN] [DRY] INDIGO.NS qty=1 @ Rs 4509.90 SL Rs 4379.12 TGT Rs 4556.47 (order=None)']}
2026-06-09 07:35:58,100  INFO      tick result: {'ok': True, 'actions': 5, 'open_trades': 6, 'closed_today': 0, 'realised_pnl': 0.0, 'cumulative_pnl': -782.5, 'halted': False, 'messages': ['[OPEN] [DRY] BANKBARODA.NS qty=50 @ Rs 270.60 SL Rs 265.37 TGT Rs 271.36 (order=None)', '[OPEN] [DRY] CANBK.NS qty=86 @ Rs 136.27 SL Rs 133.93 TGT Rs 139.12 (order=None)', '[OPEN] [DRY] BANKINDIA.NS qty=68 @ Rs 144.80 SL Rs 142.29 TGT Rs 145.80 (order=None)', '[OPEN] [DRY] PNB.NS qty=78 @ Rs 108.85 SL Rs 107.28 TGT Rs 111.52 (order=None)', '[OPEN] [DRY] INDIGO.NS qty=1 @ Rs 4509.90 SL Rs 4379.12 TGT Rs 4556.47 (order=None)']}
