2026-10-05 19:07:52,217  INFO      angel_one starting ... (cmd=paper-trade-and-report)
2026-10-05 19:07:52,217  INFO      angel_one starting ... (cmd=paper-trade-and-report)
2026-10-05 19:07:52,231  INFO      refresh: generating today's picks via analyzer (dry-run, no PDF)
2026-10-05 19:07:52,231  INFO      refresh: generating today's picks via analyzer (dry-run, no PDF)
2026-10-05 19:07:52,650  INFO      == Stock analyzer run starting ==
2026-10-05 19:07:52,650  INFO      Watchlist: 11 symbols from data/stock_watchlist.txt
2026-10-05 19:07:52,650  INFO      Universe: 107 symbols (total available: 107)
2026-10-05 19:07:53,334  INFO      [1/107] fetching TATAPOWER.NS …
2026-10-05 19:07:54,165  INFO      [2/107] fetching IRFC.NS …
2026-10-05 19:07:54,824  INFO      [3/107] fetching SUZLON.NS …
2026-10-05 19:07:55,412  INFO      [4/107] fetching IREDA.NS …
2026-10-05 19:07:55,992  INFO      [5/107] fetching BHEL.NS …
2026-10-05 19:07:56,679  INFO      [6/107] fetching KPITTECH.NS …
2026-10-05 19:07:57,247  INFO      [7/107] fetching POLYCAB.NS …
2026-10-05 19:07:57,832  INFO      [8/107] fetching PERSISTENT.NS …
2026-10-05 19:07:58,429  INFO      [9/107] fetching ITC.NS …
2026-10-05 19:07:59,032  INFO      [10/107] fetching POWERGRID.NS …
2026-10-05 19:07:59,634  INFO      [11/107] fetching COALINDIA.NS …
2026-10-05 19:08:00,220  INFO      [12/107] fetching RELIANCE.NS …
2026-10-05 19:08:00,815  INFO      [13/107] fetching TCS.NS …
2026-10-05 19:08:01,422  INFO      [14/107] fetching HDFCBANK.NS …
2026-10-05 19:08:02,023  INFO      [15/107] fetching INFY.NS …
2026-10-05 19:08:02,628  INFO      [16/107] fetching ICICIBANK.NS …
2026-10-05 19:08:03,223  INFO      [17/107] fetching HINDUNILVR.NS …
2026-10-05 19:08:03,843  INFO      [18/107] fetching SBIN.NS …
2026-10-05 19:08:04,478  INFO      [19/107] fetching BHARTIARTL.NS …
2026-10-05 19:08:05,137  INFO      [20/107] fetching KOTAKBANK.NS …
2026-10-05 19:08:05,744  INFO      [21/107] fetching LT.NS …
2026-10-05 19:08:06,351  INFO      [22/107] fetching AXISBANK.NS …
2026-10-05 19:08:06,959  INFO      [23/107] fetching BAJFINANCE.NS …
2026-10-05 19:08:07,557  INFO      [24/107] fetching ASIANPAINT.NS …
2026-10-05 19:08:08,163  INFO      [25/107] fetching MARUTI.NS …
2026-10-05 19:08:08,751  INFO      [26/107] fetching HCLTECH.NS …
2026-10-05 19:08:09,355  INFO      [27/107] fetching SUNPHARMA.NS …
2026-10-05 19:08:09,957  INFO      [28/107] fetching TITAN.NS …
2026-10-05 19:08:10,557  INFO      [29/107] fetching ULTRACEMCO.NS …
2026-10-05 19:08:11,156  INFO      [30/107] fetching WIPRO.NS …
2026-10-05 19:08:11,764  INFO      [31/107] fetching NESTLEIND.NS …
2026-10-05 19:08:12,359  INFO      [32/107] fetching ADANIENT.NS …
2026-10-05 19:08:12,976  INFO      [33/107] fetching NTPC.NS …
2026-10-05 19:08:13,560  INFO      [34/107] fetching TATAMOTORS.NS …
2026-10-05 19:08:15,554  WARNING   [TATAMOTORS.NS] insufficient history (0 rows)
2026-10-05 19:08:15,954  INFO      [35/107] fetching M&M.NS …
2026-10-05 19:08:16,627  INFO      [36/107] fetching TATASTEEL.NS …
2026-10-05 19:08:17,242  INFO      [37/107] fetching JSWSTEEL.NS …
2026-10-05 19:08:17,824  INFO      [38/107] fetching ONGC.NS …
2026-10-05 19:08:18,446  INFO      [39/107] fetching TECHM.NS …
2026-10-05 19:08:19,043  INFO      [40/107] fetching BAJAJFINSV.NS …
2026-10-05 19:08:19,661  INFO      [41/107] fetching HINDALCO.NS …
2026-10-05 19:08:20,261  INFO      [42/107] fetching GRASIM.NS …
2026-10-05 19:08:20,940  INFO      [43/107] fetching DRREDDY.NS …
2026-10-05 19:08:21,555  INFO      [44/107] fetching CIPLA.NS …
2026-10-05 19:08:22,157  INFO      [45/107] fetching DIVISLAB.NS …
2026-10-05 19:08:22,742  INFO      [46/107] fetching EICHERMOT.NS …
2026-10-05 19:08:23,347  INFO      [47/107] fetching BRITANNIA.NS …
2026-10-05 19:08:24,040  INFO      [48/107] fetching HEROMOTOCO.NS …
2026-10-05 19:08:24,662  INFO      [49/107] fetching BAJAJ-AUTO.NS …
2026-10-05 19:08:25,339  INFO      [50/107] fetching INDUSINDBK.NS …
2026-10-05 19:08:25,934  INFO      [51/107] fetching APOLLOHOSP.NS …
2026-10-05 19:08:26,523  INFO      [52/107] fetching TATACONSUM.NS …
2026-10-05 19:08:27,124  INFO      [53/107] fetching UPL.NS …
2026-10-05 19:08:27,721  INFO      [54/107] fetching BPCL.NS …
2026-10-05 19:08:28,333  INFO      [55/107] fetching SBILIFE.NS …
2026-10-05 19:08:28,995  INFO      [56/107] fetching HDFCLIFE.NS …
2026-10-05 19:08:29,651  INFO      [57/107] fetching ADANIPORTS.NS …
2026-10-05 19:08:30,250  INFO      [58/107] fetching LTIM.NS …
2026-10-05 19:08:30,826  WARNING   [LTIM.NS] insufficient history (0 rows)
2026-10-05 19:08:31,226  INFO      [59/107] fetching ABB.NS …
2026-10-05 19:08:31,883  INFO      [60/107] fetching ADANIGREEN.NS …
2026-10-05 19:08:32,460  INFO      [61/107] fetching ADANIPOWER.NS …
2026-10-05 19:08:33,045  INFO      [62/107] fetching AMBUJACEM.NS …
2026-10-05 19:08:33,667  INFO      [63/107] fetching DMART.NS …
2026-10-05 19:08:34,245  INFO      [64/107] fetching BAJAJHLDNG.NS …
2026-10-05 19:08:34,848  INFO      [65/107] fetching BANKBARODA.NS …
2026-10-05 19:08:35,453  INFO      [66/107] fetching BERGEPAINT.NS …
2026-10-05 19:08:36,061  INFO      [67/107] fetching BOSCHLTD.NS …
2026-10-05 19:08:36,653  INFO      [68/107] fetching CANBK.NS …
2026-10-05 19:08:37,236  INFO      [69/107] fetching CHOLAFIN.NS …
2026-10-05 19:08:37,841  INFO      [70/107] fetching COLPAL.NS …
2026-10-05 19:08:38,452  INFO      [71/107] fetching DABUR.NS …
2026-10-05 19:08:39,120  INFO      [72/107] fetching DLF.NS …
2026-10-05 19:08:39,707  INFO      [73/107] fetching GAIL.NS …
2026-10-05 19:08:40,312  INFO      [74/107] fetching GODREJCP.NS …
2026-10-05 19:08:40,943  INFO      [75/107] fetching HAVELLS.NS …
2026-10-05 19:08:41,617  INFO      [76/107] fetching HAL.NS …
2026-10-05 19:08:42,243  INFO      [77/107] fetching ICICIGI.NS …
2026-10-05 19:08:42,862  INFO      [78/107] fetching ICICIPRULI.NS …
2026-10-05 19:08:43,528  INFO      [79/107] fetching IOC.NS …
2026-10-05 19:08:44,127  INFO      [80/107] fetching IRCTC.NS …
2026-10-05 19:08:44,714  INFO      [81/107] fetching JINDALSTEL.NS …
2026-10-05 19:08:45,331  INFO      [82/107] fetching LICI.NS …
2026-10-05 19:08:45,909  INFO      [83/107] fetching MARICO.NS …
2026-10-05 19:08:46,515  INFO      [84/107] fetching MOTHERSON.NS …
2026-10-05 19:08:47,187  INFO      [85/107] fetching NAUKRI.NS …
2026-10-05 19:08:47,787  INFO      [86/107] fetching PIDILITIND.NS …
2026-10-05 19:08:48,516  INFO      [87/107] fetching PNB.NS …
2026-10-05 19:08:49,125  INFO      [88/107] fetching PFC.NS …
2026-10-05 19:08:49,718  INFO      [89/107] fetching RECLTD.NS …
2026-10-05 19:08:50,409  INFO      [90/107] fetching SIEMENS.NS …
2026-10-05 19:08:51,010  INFO      [91/107] fetching SRF.NS …
2026-10-05 19:08:51,623  INFO      [92/107] fetching SHREECEM.NS …
2026-10-05 19:08:52,235  INFO      [93/107] fetching SHRIRAMFIN.NS …
2026-10-05 19:08:52,853  INFO      [94/107] fetching TORNTPHARM.NS …
2026-10-05 19:08:53,463  INFO      [95/107] fetching TRENT.NS …
2026-10-05 19:08:54,143  INFO      [96/107] fetching TVSMOTOR.NS …
2026-10-05 19:08:54,732  INFO      [97/107] fetching VEDL.NS …
2026-10-05 19:08:55,360  INFO      [98/107] fetching VBL.NS …
2026-10-05 19:08:56,015  INFO      [99/107] fetching ZOMATO.NS …
2026-10-05 19:08:56,708  WARNING   [ZOMATO.NS] insufficient history (0 rows)
2026-10-05 19:08:57,109  INFO      [100/107] fetching ZYDUSLIFE.NS …
2026-10-05 19:08:57,783  INFO      [101/107] fetching INDIGO.NS …
2026-10-05 19:08:58,439  INFO      [102/107] fetching IDEA.NS …
2026-10-05 19:08:59,039  INFO      [103/107] fetching BANKINDIA.NS …
2026-10-05 19:08:59,656  INFO      [104/107] fetching PAGEIND.NS …
2026-10-05 19:09:00,244  INFO      [105/107] fetching MUTHOOTFIN.NS …
2026-10-05 19:09:00,823  INFO      [106/107] fetching TATAELXSI.NS …
2026-10-05 19:09:01,421  INFO      [107/107] fetching LUPIN.NS …
2026-10-05 19:09:01,621  INFO      Fetched 104/107 symbols successfully.
2026-10-05 19:09:06,431  INFO      Fetched 200 headlines from RSS (Indian + global/geopolitics).
2026-10-05 19:09:10,500  INFO      Macro regime: risk-on | bias=1 | geo-risk=39.3
2026-10-05 19:09:10,785  INFO      NSE corp announcements: 20 filings
2026-10-05 19:09:12,386  INFO      Angel One login successful.
2026-10-05 19:09:13,109  INFO      Saved report → data/stock_reports/2026-10-05_1909.json
2026-10-05 19:09:13,445  INFO      Report image saved → logs/stock_analyzer/2026-10-06/stock_report.png  [1920×1280]
2026-10-05 19:09:13,446  INFO      Dry-run: skipping send. Image + PDF saved locally; console printed.
2026-10-05 19:09:13,446  INFO      == Stock analyzer run complete ==
2026-10-05 19:09:13,449  INFO      [Note] PAPER TRADING -- virtual cash Rs 100,000, max_positions=6 max_pct=15% buckets=('intraday', 'swing') state=data/paper_trader_state.json
2026-10-05 19:09:13,449  INFO      [Note] PAPER TRADING -- virtual cash Rs 100,000, max_positions=6 max_pct=15% buckets=('intraday', 'swing') state=data/paper_trader_state.json
2026-10-05 19:09:13,451  INFO      paper-trader: new day, archived 0 trades (cumulative ₹-5,782)
2026-10-05 19:09:25,489  INFO      tick result: {'ok': True, 'actions': 0, 'open_trades': 0, 'closed_today': 0, 'realised_pnl': 0.0, 'cumulative_pnl': -5781.86, 'halted': False, 'messages': []}
2026-10-05 19:09:25,489  INFO      tick result: {'ok': True, 'actions': 0, 'open_trades': 0, 'closed_today': 0, 'realised_pnl': 0.0, 'cumulative_pnl': -5781.86, 'halted': False, 'messages': []}
2026-10-05 19:09:25,501  INFO      paper report saved to data/paper_reports/2026-10-06_0039.txt
2026-10-05 19:09:25,501  INFO      paper report saved to data/paper_reports/2026-10-06_0039.txt
2026-10-05 19:09:25,597  INFO      paper report image saved to data/paper_reports/2026-10-06_0039.png
2026-10-05 19:09:25,597  INFO      paper report image saved to data/paper_reports/2026-10-06_0039.png
2026-10-05 19:09:25,597  INFO      Sending image to 919790967892 via Green API (2026-10-06_0039.png, 59 KB, caption 108 chars) …
2026-10-05 19:09:26,355  INFO      Image sent (id: 3EB0168D10AE7E7DF42F1F).
2026-10-05 19:09:26,356  INFO      Sending image to 919789990096 via Green API (2026-10-06_0039.png, 59 KB, caption 108 chars) …
2026-10-05 19:09:27,156  INFO      Image sent (id: 3EB047E72E95F784AA2507).
2026-10-05 19:09:27,157  INFO      paper report sent via whatsapp: image+caption (2 image / 0 text of 2 recipient(s))
2026-10-05 19:09:27,157  INFO      paper report sent via whatsapp: image+caption (2 image / 0 text of 2 recipient(s))
