2026-05-12 06:30:29,209  INFO      angel_one starting ... (cmd=paper-trade)
2026-05-12 06:30:29,209  INFO      angel_one starting ... (cmd=paper-trade)
2026-05-12 06:30:29,226  INFO      refresh: generating today's picks via analyzer (dry-run, no PDF)
2026-05-12 06:30:29,226  INFO      refresh: generating today's picks via analyzer (dry-run, no PDF)
2026-05-12 06:30:30,488  INFO      == Stock analyzer run starting ==
2026-05-12 06:30:30,488  INFO      Watchlist: 11 symbols from data/stock_watchlist.txt
2026-05-12 06:30:30,488  INFO      Universe: 107 symbols (total available: 107)
2026-05-12 06:30:31,272  INFO      [1/107] fetching TATAPOWER.NS …
2026-05-12 06:30:31,809  INFO      [2/107] fetching IRFC.NS …
2026-05-12 06:30:32,289  INFO      [3/107] fetching SUZLON.NS …
2026-05-12 06:30:32,770  INFO      [4/107] fetching IREDA.NS …
2026-05-12 06:30:33,247  INFO      [5/107] fetching BHEL.NS …
2026-05-12 06:30:33,741  INFO      [6/107] fetching KPITTECH.NS …
2026-05-12 06:30:34,225  INFO      [7/107] fetching POLYCAB.NS …
2026-05-12 06:30:34,709  INFO      [8/107] fetching PERSISTENT.NS …
2026-05-12 06:30:35,203  INFO      [9/107] fetching ITC.NS …
2026-05-12 06:30:35,715  INFO      [10/107] fetching POWERGRID.NS …
2026-05-12 06:30:36,211  INFO      [11/107] fetching COALINDIA.NS …
2026-05-12 06:30:36,734  INFO      [12/107] fetching RELIANCE.NS …
2026-05-12 06:30:37,242  INFO      [13/107] fetching TCS.NS …
2026-05-12 06:30:37,755  INFO      [14/107] fetching HDFCBANK.NS …
2026-05-12 06:30:38,261  INFO      [15/107] fetching INFY.NS …
2026-05-12 06:30:38,807  INFO      [16/107] fetching ICICIBANK.NS …
2026-05-12 06:30:39,312  INFO      [17/107] fetching HINDUNILVR.NS …
2026-05-12 06:30:39,825  INFO      [18/107] fetching SBIN.NS …
2026-05-12 06:30:40,343  INFO      [19/107] fetching BHARTIARTL.NS …
2026-05-12 06:30:40,870  INFO      [20/107] fetching KOTAKBANK.NS …
2026-05-12 06:30:41,370  INFO      [21/107] fetching LT.NS …
2026-05-12 06:30:41,867  INFO      [22/107] fetching AXISBANK.NS …
2026-05-12 06:30:42,367  INFO      [23/107] fetching BAJFINANCE.NS …
2026-05-12 06:30:42,869  INFO      [24/107] fetching ASIANPAINT.NS …
2026-05-12 06:30:43,369  INFO      [25/107] fetching MARUTI.NS …
2026-05-12 06:30:43,890  INFO      [26/107] fetching HCLTECH.NS …
2026-05-12 06:30:44,397  INFO      [27/107] fetching SUNPHARMA.NS …
2026-05-12 06:30:44,937  INFO      [28/107] fetching TITAN.NS …
2026-05-12 06:30:45,439  INFO      [29/107] fetching ULTRACEMCO.NS …
2026-05-12 06:30:45,981  INFO      [30/107] fetching WIPRO.NS …
2026-05-12 06:30:46,496  INFO      [31/107] fetching NESTLEIND.NS …
2026-05-12 06:30:46,993  INFO      [32/107] fetching ADANIENT.NS …
2026-05-12 06:30:47,522  INFO      [33/107] fetching NTPC.NS …
2026-05-12 06:30:48,021  INFO      [34/107] fetching TATAMOTORS.NS …
2026-05-12 06:30:49,372  WARNING   [TATAMOTORS.NS] insufficient history (0 rows)
2026-05-12 06:30:49,772  INFO      [35/107] fetching M&M.NS …
2026-05-12 06:30:50,278  INFO      [36/107] fetching TATASTEEL.NS …
2026-05-12 06:30:50,783  INFO      [37/107] fetching JSWSTEEL.NS …
2026-05-12 06:30:51,285  INFO      [38/107] fetching ONGC.NS …
2026-05-12 06:30:51,830  INFO      [39/107] fetching TECHM.NS …
2026-05-12 06:30:52,325  INFO      [40/107] fetching BAJAJFINSV.NS …
2026-05-12 06:30:52,825  INFO      [41/107] fetching HINDALCO.NS …
2026-05-12 06:30:53,376  INFO      [42/107] fetching GRASIM.NS …
2026-05-12 06:30:53,883  INFO      [43/107] fetching DRREDDY.NS …
2026-05-12 06:30:54,385  INFO      [44/107] fetching CIPLA.NS …
2026-05-12 06:30:54,892  INFO      [45/107] fetching DIVISLAB.NS …
2026-05-12 06:30:55,385  INFO      [46/107] fetching EICHERMOT.NS …
2026-05-12 06:30:55,897  INFO      [47/107] fetching BRITANNIA.NS …
2026-05-12 06:30:56,451  INFO      [48/107] fetching HEROMOTOCO.NS …
2026-05-12 06:30:56,943  INFO      [49/107] fetching BAJAJ-AUTO.NS …
2026-05-12 06:30:57,447  INFO      [50/107] fetching INDUSINDBK.NS …
2026-05-12 06:30:57,950  INFO      [51/107] fetching APOLLOHOSP.NS …
2026-05-12 06:30:58,460  INFO      [52/107] fetching TATACONSUM.NS …
2026-05-12 06:30:58,956  INFO      [53/107] fetching UPL.NS …
2026-05-12 06:30:59,583  INFO      [54/107] fetching BPCL.NS …
2026-05-12 06:31:00,097  INFO      [55/107] fetching SBILIFE.NS …
2026-05-12 06:31:00,576  INFO      [56/107] fetching HDFCLIFE.NS …
2026-05-12 06:31:01,061  INFO      [57/107] fetching ADANIPORTS.NS …
2026-05-12 06:31:01,554  INFO      [58/107] fetching LTIM.NS …
2026-05-12 06:31:02,161  WARNING   [LTIM.NS] insufficient history (0 rows)
2026-05-12 06:31:02,561  INFO      [59/107] fetching ABB.NS …
2026-05-12 06:31:03,074  INFO      [60/107] fetching ADANIGREEN.NS …
2026-05-12 06:31:03,548  INFO      [61/107] fetching ADANIPOWER.NS …
2026-05-12 06:31:04,022  INFO      [62/107] fetching AMBUJACEM.NS …
2026-05-12 06:31:04,519  INFO      [63/107] fetching DMART.NS …
2026-05-12 06:31:04,994  INFO      [64/107] fetching BAJAJHLDNG.NS …
2026-05-12 06:31:05,526  INFO      [65/107] fetching BANKBARODA.NS …
2026-05-12 06:31:06,029  INFO      [66/107] fetching BERGEPAINT.NS …
2026-05-12 06:31:06,541  INFO      [67/107] fetching BOSCHLTD.NS …
2026-05-12 06:31:07,048  INFO      [68/107] fetching CANBK.NS …
2026-05-12 06:31:07,574  INFO      [69/107] fetching CHOLAFIN.NS …
2026-05-12 06:31:08,085  INFO      [70/107] fetching COLPAL.NS …
2026-05-12 06:31:08,580  INFO      [71/107] fetching DABUR.NS …
2026-05-12 06:31:09,083  INFO      [72/107] fetching DLF.NS …
2026-05-12 06:31:09,613  INFO      [73/107] fetching GAIL.NS …
2026-05-12 06:31:10,118  INFO      [74/107] fetching GODREJCP.NS …
2026-05-12 06:31:10,619  INFO      [75/107] fetching HAVELLS.NS …
2026-05-12 06:31:11,120  INFO      [76/107] fetching HAL.NS …
2026-05-12 06:31:11,604  INFO      [77/107] fetching ICICIGI.NS …
2026-05-12 06:31:12,086  INFO      [78/107] fetching ICICIPRULI.NS …
2026-05-12 06:31:12,568  INFO      [79/107] fetching IOC.NS …
2026-05-12 06:31:13,083  INFO      [80/107] fetching IRCTC.NS …
2026-05-12 06:31:13,563  INFO      [81/107] fetching JINDALSTEL.NS …
2026-05-12 06:31:14,064  INFO      [82/107] fetching LICI.NS …
2026-05-12 06:31:14,540  INFO      [83/107] fetching MARICO.NS …
2026-05-12 06:31:15,048  INFO      [84/107] fetching MOTHERSON.NS …
2026-05-12 06:31:15,547  INFO      [85/107] fetching NAUKRI.NS …
2026-05-12 06:31:16,039  INFO      [86/107] fetching PIDILITIND.NS …
2026-05-12 06:31:16,536  INFO      [87/107] fetching PNB.NS …
2026-05-12 06:31:17,031  INFO      [88/107] fetching PFC.NS …
2026-05-12 06:31:17,523  INFO      [89/107] fetching RECLTD.NS …
2026-05-12 06:31:18,020  INFO      [90/107] fetching SIEMENS.NS …
2026-05-12 06:31:18,527  INFO      [91/107] fetching SRF.NS …
2026-05-12 06:31:19,022  INFO      [92/107] fetching SHREECEM.NS …
2026-05-12 06:31:19,534  INFO      [93/107] fetching SHRIRAMFIN.NS …
2026-05-12 06:31:20,034  INFO      [94/107] fetching TORNTPHARM.NS …
2026-05-12 06:31:20,539  INFO      [95/107] fetching TRENT.NS …
2026-05-12 06:31:21,036  INFO      [96/107] fetching TVSMOTOR.NS …
2026-05-12 06:31:21,540  INFO      [97/107] fetching VEDL.NS …
2026-05-12 06:31:22,058  INFO      [98/107] fetching VBL.NS …
2026-05-12 06:31:22,540  INFO      [99/107] fetching ZOMATO.NS …
2026-05-12 06:31:23,311  WARNING   [ZOMATO.NS] insufficient history (0 rows)
2026-05-12 06:31:23,711  INFO      [100/107] fetching ZYDUSLIFE.NS …
2026-05-12 06:31:24,235  INFO      [101/107] fetching INDIGO.NS …
2026-05-12 06:31:24,721  INFO      [102/107] fetching IDEA.NS …
2026-05-12 06:31:25,198  INFO      [103/107] fetching BANKINDIA.NS …
2026-05-12 06:31:25,732  INFO      [104/107] fetching PAGEIND.NS …
2026-05-12 06:31:26,229  INFO      [105/107] fetching MUTHOOTFIN.NS …
2026-05-12 06:31:26,721  INFO      [106/107] fetching TATAELXSI.NS …
2026-05-12 06:31:27,253  INFO      [107/107] fetching LUPIN.NS …
2026-05-12 06:31:27,360  INFO      Fetched 104/107 symbols successfully.
2026-05-12 06:31:37,053  INFO      Fetched 200 headlines from RSS (Indian + global/geopolitics).
2026-05-12 06:31:39,940  INFO      Macro regime: neutral | bias=-1 | geo-risk=48.5
2026-05-12 06:31:40,240  INFO      NSE corp announcements: 20 filings
2026-05-12 06:31:41,828  INFO      Angel One login successful.
2026-05-12 06:31:42,924  INFO      Saved report → data/stock_reports/2026-05-12_0631.json
2026-05-12 06:31:43,446  INFO      Report image saved → logs/stock_analyzer/2026-05-12/stock_report.png  [1920×1280]
2026-05-12 06:31:43,447  INFO      Dry-run: skipping send. Image + PDF saved locally; console printed.
2026-05-12 06:31:43,448  INFO      == Stock analyzer run complete ==
2026-05-12 06:31:43,451  INFO      [Note] PAPER TRADING -- virtual cash Rs 100,000, max_positions=6 max_pct=15% buckets=('intraday', 'swing') state=data/paper_trader_state.json
2026-05-12 06:31:43,451  INFO      [Note] PAPER TRADING -- virtual cash Rs 100,000, max_positions=6 max_pct=15% buckets=('intraday', 'swing') state=data/paper_trader_state.json
2026-05-12 06:31:43,451  INFO      paper-trader: new day, archived 6 trades (cumulative ₹+2,222)
2026-05-12 06:31:57,120  INFO      [DRY] Angel order would be: {'variety': 'NORMAL', 'tradingsymbol': 'ONGC-EQ', 'symboltoken': '2475', 'transactiontype': 'BUY', 'exchange': 'NSE', 'ordertype': 'MARKET', 'producttype': 'INTRADAY', 'duration': 'DAY', 'price': '0', 'squareoff': '0', 'stoploss': '0', 'quantity': '47'}
2026-05-12 06:31:57,120  INFO      [OPEN] [DRY] ONGC.NS qty=47 @ Rs 297.15 SL Rs 289.47 TGT Rs 306.88 (order=None)
2026-05-12 06:31:57,120  INFO      [DRY] Angel order would be: {'variety': 'NORMAL', 'tradingsymbol': 'PIDILITIND-EQ', 'symboltoken': '2664', 'transactiontype': 'BUY', 'exchange': 'NSE', 'ordertype': 'MARKET', 'producttype': 'INTRADAY', 'duration': 'DAY', 'price': '0', 'squareoff': '0', 'stoploss': '0', 'quantity': '8'}
2026-05-12 06:31:57,120  INFO      [OPEN] [DRY] PIDILITIND.NS qty=8 @ Rs 1479.90 SL Rs 1452.70 TGT Rs 1502.99 (order=None)
2026-05-12 06:31:57,121  INFO      [DRY] Angel order would be: {'variety': 'NORMAL', 'tradingsymbol': 'TATACONSUM-EQ', 'symboltoken': '3432', 'transactiontype': 'BUY', 'exchange': 'NSE', 'ordertype': 'MARKET', 'producttype': 'INTRADAY', 'duration': 'DAY', 'price': '0', 'squareoff': '0', 'stoploss': '0', 'quantity': '8'}
2026-05-12 06:31:57,121  INFO      [OPEN] [DRY] TATACONSUM.NS qty=8 @ Rs 1260.00 SL Rs 1227.63 TGT Rs 1320.03 (order=None)
2026-05-12 06:31:57,121  INFO      [DRY] Angel order would be: {'variety': 'NORMAL', 'tradingsymbol': 'IDEA-EQ', 'symboltoken': '14366', 'transactiontype': 'BUY', 'exchange': 'NSE', 'ordertype': 'MARKET', 'producttype': 'INTRADAY', 'duration': 'DAY', 'price': '0', 'squareoff': '0', 'stoploss': '0', 'quantity': '742'}
2026-05-12 06:31:57,121  INFO      [OPEN] [DRY] IDEA.NS qty=742 @ Rs 11.81 SL Rs 11.36 TGT Rs 12.39 (order=None)
2026-05-12 06:31:57,121  INFO      [DRY] Angel order would be: {'variety': 'NORMAL', 'tradingsymbol': 'UPL-EQ', 'symboltoken': '11287', 'transactiontype': 'BUY', 'exchange': 'NSE', 'ordertype': 'MARKET', 'producttype': 'INTRADAY', 'duration': 'DAY', 'price': '0', 'squareoff': '0', 'stoploss': '0', 'quantity': '11'}
2026-05-12 06:31:57,121  INFO      [OPEN] [DRY] UPL.NS qty=11 @ Rs 643.60 SL Rs 626.80 TGT Rs 670.36 (order=None)
2026-05-12 06:31:57,123  INFO      tick result: {'ok': True, 'actions': 5, 'open_trades': 6, 'closed_today': 0, 'realised_pnl': 0.0, 'cumulative_pnl': 2221.87, 'halted': False, 'messages': ['[OPEN] [DRY] ONGC.NS qty=47 @ Rs 297.15 SL Rs 289.47 TGT Rs 306.88 (order=None)', '[OPEN] [DRY] PIDILITIND.NS qty=8 @ Rs 1479.90 SL Rs 1452.70 TGT Rs 1502.99 (order=None)', '[OPEN] [DRY] TATACONSUM.NS qty=8 @ Rs 1260.00 SL Rs 1227.63 TGT Rs 1320.03 (order=None)', '[OPEN] [DRY] IDEA.NS qty=742 @ Rs 11.81 SL Rs 11.36 TGT Rs 12.39 (order=None)', '[OPEN] [DRY] UPL.NS qty=11 @ Rs 643.60 SL Rs 626.80 TGT Rs 670.36 (order=None)']}
2026-05-12 06:31:57,123  INFO      tick result: {'ok': True, 'actions': 5, 'open_trades': 6, 'closed_today': 0, 'realised_pnl': 0.0, 'cumulative_pnl': 2221.87, 'halted': False, 'messages': ['[OPEN] [DRY] ONGC.NS qty=47 @ Rs 297.15 SL Rs 289.47 TGT Rs 306.88 (order=None)', '[OPEN] [DRY] PIDILITIND.NS qty=8 @ Rs 1479.90 SL Rs 1452.70 TGT Rs 1502.99 (order=None)', '[OPEN] [DRY] TATACONSUM.NS qty=8 @ Rs 1260.00 SL Rs 1227.63 TGT Rs 1320.03 (order=None)', '[OPEN] [DRY] IDEA.NS qty=742 @ Rs 11.81 SL Rs 11.36 TGT Rs 12.39 (order=None)', '[OPEN] [DRY] UPL.NS qty=11 @ Rs 643.60 SL Rs 626.80 TGT Rs 670.36 (order=None)']}
