2026-07-17 06:07:00,746  INFO      angel_one starting ... (cmd=paper-trade)
2026-07-17 06:07:00,746  INFO      angel_one starting ... (cmd=paper-trade)
2026-07-17 06:07:00,762  INFO      refresh: generating today's picks via analyzer (dry-run, no PDF)
2026-07-17 06:07:00,762  INFO      refresh: generating today's picks via analyzer (dry-run, no PDF)
2026-07-17 06:07:01,455  INFO      == Stock analyzer run starting ==
2026-07-17 06:07:01,455  INFO      Watchlist: 11 symbols from data/stock_watchlist.txt
2026-07-17 06:07:01,455  INFO      Universe: 107 symbols (total available: 107)
2026-07-17 06:07:02,189  INFO      [1/107] fetching TATAPOWER.NS …
2026-07-17 06:07:02,810  INFO      [2/107] fetching IRFC.NS …
2026-07-17 06:07:03,391  INFO      [3/107] fetching SUZLON.NS …
2026-07-17 06:07:03,938  INFO      [4/107] fetching IREDA.NS …
2026-07-17 06:07:04,449  INFO      [5/107] fetching BHEL.NS …
2026-07-17 06:07:05,051  INFO      [6/107] fetching KPITTECH.NS …
2026-07-17 06:07:05,609  INFO      [7/107] fetching POLYCAB.NS …
2026-07-17 06:07:06,162  INFO      [8/107] fetching PERSISTENT.NS …
2026-07-17 06:07:06,722  INFO      [9/107] fetching ITC.NS …
2026-07-17 06:07:07,281  INFO      [10/107] fetching POWERGRID.NS …
2026-07-17 06:07:07,810  INFO      [11/107] fetching COALINDIA.NS …
2026-07-17 06:07:08,339  INFO      [12/107] fetching RELIANCE.NS …
2026-07-17 06:07:08,895  INFO      [13/107] fetching TCS.NS …
2026-07-17 06:07:09,462  INFO      [14/107] fetching HDFCBANK.NS …
2026-07-17 06:07:10,028  INFO      [15/107] fetching INFY.NS …
2026-07-17 06:07:10,631  INFO      [16/107] fetching ICICIBANK.NS …
2026-07-17 06:07:11,241  INFO      [17/107] fetching HINDUNILVR.NS …
2026-07-17 06:07:11,788  INFO      [18/107] fetching SBIN.NS …
2026-07-17 06:07:12,389  INFO      [19/107] fetching BHARTIARTL.NS …
2026-07-17 06:07:12,967  INFO      [20/107] fetching KOTAKBANK.NS …
2026-07-17 06:07:13,539  INFO      [21/107] fetching LT.NS …
2026-07-17 06:07:14,141  INFO      [22/107] fetching AXISBANK.NS …
2026-07-17 06:07:14,676  INFO      [23/107] fetching BAJFINANCE.NS …
2026-07-17 06:07:15,208  INFO      [24/107] fetching ASIANPAINT.NS …
2026-07-17 06:07:15,749  INFO      [25/107] fetching MARUTI.NS …
2026-07-17 06:07:16,330  INFO      [26/107] fetching HCLTECH.NS …
2026-07-17 06:07:16,905  INFO      [27/107] fetching SUNPHARMA.NS …
2026-07-17 06:07:17,511  INFO      [28/107] fetching TITAN.NS …
2026-07-17 06:07:18,068  INFO      [29/107] fetching ULTRACEMCO.NS …
2026-07-17 06:07:18,634  INFO      [30/107] fetching WIPRO.NS …
2026-07-17 06:07:19,212  INFO      [31/107] fetching NESTLEIND.NS …
2026-07-17 06:07:19,798  INFO      [32/107] fetching ADANIENT.NS …
2026-07-17 06:07:20,407  INFO      [33/107] fetching NTPC.NS …
2026-07-17 06:07:20,996  INFO      [34/107] fetching TATAMOTORS.NS …
2026-07-17 06:07:22,430  WARNING   [TATAMOTORS.NS] insufficient history (0 rows)
2026-07-17 06:07:22,831  INFO      [35/107] fetching M&M.NS …
2026-07-17 06:07:23,430  INFO      [36/107] fetching TATASTEEL.NS …
2026-07-17 06:07:24,027  INFO      [37/107] fetching JSWSTEEL.NS …
2026-07-17 06:07:24,590  INFO      [38/107] fetching ONGC.NS …
2026-07-17 06:07:25,170  INFO      [39/107] fetching TECHM.NS …
2026-07-17 06:07:25,781  INFO      [40/107] fetching BAJAJFINSV.NS …
2026-07-17 06:07:26,310  INFO      [41/107] fetching HINDALCO.NS …
2026-07-17 06:07:26,871  INFO      [42/107] fetching GRASIM.NS …
2026-07-17 06:07:27,482  INFO      [43/107] fetching DRREDDY.NS …
2026-07-17 06:07:28,056  INFO      [44/107] fetching CIPLA.NS …
2026-07-17 06:07:28,629  INFO      [45/107] fetching DIVISLAB.NS …
2026-07-17 06:07:29,244  INFO      [46/107] fetching EICHERMOT.NS …
2026-07-17 06:07:29,810  INFO      [47/107] fetching BRITANNIA.NS …
2026-07-17 06:07:30,430  INFO      [48/107] fetching HEROMOTOCO.NS …
2026-07-17 06:07:31,021  INFO      [49/107] fetching BAJAJ-AUTO.NS …
2026-07-17 06:07:31,606  INFO      [50/107] fetching INDUSINDBK.NS …
2026-07-17 06:07:32,176  INFO      [51/107] fetching APOLLOHOSP.NS …
2026-07-17 06:07:32,736  INFO      [52/107] fetching TATACONSUM.NS …
2026-07-17 06:07:33,285  INFO      [53/107] fetching UPL.NS …
2026-07-17 06:07:33,848  INFO      [54/107] fetching BPCL.NS …
2026-07-17 06:07:34,444  INFO      [55/107] fetching SBILIFE.NS …
2026-07-17 06:07:34,988  INFO      [56/107] fetching HDFCLIFE.NS …
2026-07-17 06:07:35,508  INFO      [57/107] fetching ADANIPORTS.NS …
2026-07-17 06:07:36,085  INFO      [58/107] fetching LTIM.NS …
2026-07-17 06:07:36,756  WARNING   [LTIM.NS] insufficient history (0 rows)
2026-07-17 06:07:37,157  INFO      [59/107] fetching ABB.NS …
2026-07-17 06:07:37,723  INFO      [60/107] fetching ADANIGREEN.NS …
2026-07-17 06:07:38,228  INFO      [61/107] fetching ADANIPOWER.NS …
2026-07-17 06:07:38,742  INFO      [62/107] fetching AMBUJACEM.NS …
2026-07-17 06:07:39,334  INFO      [63/107] fetching DMART.NS …
2026-07-17 06:07:39,868  INFO      [64/107] fetching BAJAJHLDNG.NS …
2026-07-17 06:07:40,435  INFO      [65/107] fetching BANKBARODA.NS …
2026-07-17 06:07:40,989  INFO      [66/107] fetching BERGEPAINT.NS …
2026-07-17 06:07:41,549  INFO      [67/107] fetching BOSCHLTD.NS …
2026-07-17 06:07:42,110  INFO      [68/107] fetching CANBK.NS …
2026-07-17 06:07:42,638  INFO      [69/107] fetching CHOLAFIN.NS …
2026-07-17 06:07:43,206  INFO      [70/107] fetching COLPAL.NS …
2026-07-17 06:07:43,777  INFO      [71/107] fetching DABUR.NS …
2026-07-17 06:07:44,348  INFO      [72/107] fetching DLF.NS …
2026-07-17 06:07:44,917  INFO      [73/107] fetching GAIL.NS …
2026-07-17 06:07:45,493  INFO      [74/107] fetching GODREJCP.NS …
2026-07-17 06:07:46,056  INFO      [75/107] fetching HAVELLS.NS …
2026-07-17 06:07:46,595  INFO      [76/107] fetching HAL.NS …
2026-07-17 06:07:47,108  INFO      [77/107] fetching ICICIGI.NS …
2026-07-17 06:07:47,624  INFO      [78/107] fetching ICICIPRULI.NS …
2026-07-17 06:07:48,211  INFO      [79/107] fetching IOC.NS …
2026-07-17 06:07:48,764  INFO      [80/107] fetching IRCTC.NS …
2026-07-17 06:07:49,278  INFO      [81/107] fetching JINDALSTEL.NS …
2026-07-17 06:07:49,810  INFO      [82/107] fetching LICI.NS …
2026-07-17 06:07:50,356  INFO      [83/107] fetching MARICO.NS …
2026-07-17 06:07:50,920  INFO      [84/107] fetching MOTHERSON.NS …
2026-07-17 06:07:51,466  INFO      [85/107] fetching NAUKRI.NS …
2026-07-17 06:07:52,030  INFO      [86/107] fetching PIDILITIND.NS …
2026-07-17 06:07:52,601  INFO      [87/107] fetching PNB.NS …
2026-07-17 06:07:53,164  INFO      [88/107] fetching PFC.NS …
2026-07-17 06:07:53,723  INFO      [89/107] fetching RECLTD.NS …
2026-07-17 06:07:54,285  INFO      [90/107] fetching SIEMENS.NS …
2026-07-17 06:07:54,856  INFO      [91/107] fetching SRF.NS …
2026-07-17 06:07:55,391  INFO      [92/107] fetching SHREECEM.NS …
2026-07-17 06:07:55,953  INFO      [93/107] fetching SHRIRAMFIN.NS …
2026-07-17 06:07:56,514  INFO      [94/107] fetching TORNTPHARM.NS …
2026-07-17 06:07:57,117  INFO      [95/107] fetching TRENT.NS …
2026-07-17 06:07:57,683  INFO      [96/107] fetching TVSMOTOR.NS …
2026-07-17 06:07:58,275  INFO      [97/107] fetching VEDL.NS …
2026-07-17 06:07:58,821  INFO      [98/107] fetching VBL.NS …
2026-07-17 06:07:59,367  INFO      [99/107] fetching ZOMATO.NS …
2026-07-17 06:08:00,114  WARNING   [ZOMATO.NS] insufficient history (0 rows)
2026-07-17 06:08:00,515  INFO      [100/107] fetching ZYDUSLIFE.NS …
2026-07-17 06:08:01,082  INFO      [101/107] fetching INDIGO.NS …
2026-07-17 06:08:01,628  INFO      [102/107] fetching IDEA.NS …
2026-07-17 06:08:02,173  INFO      [103/107] fetching BANKINDIA.NS …
2026-07-17 06:08:02,715  INFO      [104/107] fetching PAGEIND.NS …
2026-07-17 06:08:03,255  INFO      [105/107] fetching MUTHOOTFIN.NS …
2026-07-17 06:08:03,838  INFO      [106/107] fetching TATAELXSI.NS …
2026-07-17 06:08:04,413  INFO      [107/107] fetching LUPIN.NS …
2026-07-17 06:08:04,573  INFO      Fetched 104/107 symbols successfully.
2026-07-17 06:08:06,867  WARNING   [MF 120503] fetch failed: HTTPSConnectionPool(host='api.mfapi.in', port=443): Read timed out. (read timeout=2)
2026-07-17 06:08:07,800  INFO      Fetched 200 headlines from RSS (Indian + global/geopolitics).
2026-07-17 06:08:12,702  INFO      Macro regime: neutral | bias=-1 | geo-risk=42.9
2026-07-17 06:08:12,903  INFO      NSE corp announcements: 20 filings
2026-07-17 06:08:14,646  INFO      Angel One login successful.
2026-07-17 06:08:15,795  INFO      Saved report → data/stock_reports/2026-07-17_0608.json
2026-07-17 06:08:16,280  INFO      Report image saved → logs/stock_analyzer/2026-07-17/stock_report.png  [1920×1280]
2026-07-17 06:08:16,280  INFO      Dry-run: skipping send. Image + PDF saved locally; console printed.
2026-07-17 06:08:16,281  INFO      == Stock analyzer run complete ==
2026-07-17 06:08:16,283  INFO      [Note] PAPER TRADING -- virtual cash Rs 100,000, max_positions=6 max_pct=15% buckets=('intraday', 'swing') state=data/paper_trader_state.json
2026-07-17 06:08:16,283  INFO      [Note] PAPER TRADING -- virtual cash Rs 100,000, max_positions=6 max_pct=15% buckets=('intraday', 'swing') state=data/paper_trader_state.json
2026-07-17 06:08:16,284  INFO      paper-trader: new day, archived 5 trades (cumulative ₹-3,386)
2026-07-17 06:10:12,538  INFO      [DRY] Angel order would be: {'variety': 'NORMAL', 'tradingsymbol': 'TECHM-EQ', 'symboltoken': '13538', 'transactiontype': 'BUY', 'exchange': 'NSE', 'ordertype': 'MARKET', 'producttype': 'INTRADAY', 'duration': 'DAY', 'price': '0', 'squareoff': '0', 'stoploss': '0', 'quantity': '7'}
2026-07-17 06:10:12,538  INFO      [OPEN] [DRY] TECHM.NS qty=7 @ Rs 1543.00 SL Rs 1495.65 TGT Rs 1585.82 (order=None)
2026-07-17 06:10:12,538  INFO      [DRY] Angel order would be: {'variety': 'NORMAL', 'tradingsymbol': 'BHEL-EQ', 'symboltoken': '438', 'transactiontype': 'BUY', 'exchange': 'NSE', 'ordertype': 'MARKET', 'producttype': 'INTRADAY', 'duration': 'DAY', 'price': '0', 'squareoff': '0', 'stoploss': '0', 'quantity': '24'}
2026-07-17 06:10:12,538  INFO      [OPEN] [DRY] BHEL.NS qty=24 @ Rs 433.60 SL Rs 416.37 TGT Rs 452.48 (order=None)
2026-07-17 06:10:12,538  INFO      [DRY] Angel order would be: {'variety': 'NORMAL', 'tradingsymbol': 'BAJFINANCE-EQ', 'symboltoken': '317', 'transactiontype': 'BUY', 'exchange': 'NSE', 'ordertype': 'MARKET', 'producttype': 'INTRADAY', 'duration': 'DAY', 'price': '0', 'squareoff': '0', 'stoploss': '0', 'quantity': '8'}
2026-07-17 06:10:12,539  INFO      [OPEN] [DRY] BAJFINANCE.NS qty=8 @ Rs 1051.10 SL Rs 1026.04 TGT Rs 1050.79 (order=None)
2026-07-17 06:10:12,539  INFO      [DRY] Angel order would be: {'variety': 'NORMAL', 'tradingsymbol': 'HCLTECH-EQ', 'symboltoken': '7229', 'transactiontype': 'BUY', 'exchange': 'NSE', 'ordertype': 'MARKET', 'producttype': 'INTRADAY', 'duration': 'DAY', 'price': '0', 'squareoff': '0', 'stoploss': '0', 'quantity': '6'}
2026-07-17 06:10:12,539  INFO      [OPEN] [DRY] HCLTECH.NS qty=6 @ Rs 1205.70 SL Rs 1178.08 TGT Rs 1234.53 (order=None)
2026-07-17 06:10:12,543  INFO      tick result: {'ok': True, 'actions': 4, 'open_trades': 6, 'closed_today': 0, 'realised_pnl': 0.0, 'cumulative_pnl': -3385.63, 'halted': False, 'messages': ['[OPEN] [DRY] TECHM.NS qty=7 @ Rs 1543.00 SL Rs 1495.65 TGT Rs 1585.82 (order=None)', '[OPEN] [DRY] BHEL.NS qty=24 @ Rs 433.60 SL Rs 416.37 TGT Rs 452.48 (order=None)', '[OPEN] [DRY] BAJFINANCE.NS qty=8 @ Rs 1051.10 SL Rs 1026.04 TGT Rs 1050.79 (order=None)', '[OPEN] [DRY] HCLTECH.NS qty=6 @ Rs 1205.70 SL Rs 1178.08 TGT Rs 1234.53 (order=None)']}
2026-07-17 06:10:12,543  INFO      tick result: {'ok': True, 'actions': 4, 'open_trades': 6, 'closed_today': 0, 'realised_pnl': 0.0, 'cumulative_pnl': -3385.63, 'halted': False, 'messages': ['[OPEN] [DRY] TECHM.NS qty=7 @ Rs 1543.00 SL Rs 1495.65 TGT Rs 1585.82 (order=None)', '[OPEN] [DRY] BHEL.NS qty=24 @ Rs 433.60 SL Rs 416.37 TGT Rs 452.48 (order=None)', '[OPEN] [DRY] BAJFINANCE.NS qty=8 @ Rs 1051.10 SL Rs 1026.04 TGT Rs 1050.79 (order=None)', '[OPEN] [DRY] HCLTECH.NS qty=6 @ Rs 1205.70 SL Rs 1178.08 TGT Rs 1234.53 (order=None)']}
