2026-06-03 08:44:57,771  INFO      angel_one starting ... (cmd=paper-trade)
2026-06-03 08:44:57,771  INFO      angel_one starting ... (cmd=paper-trade)
2026-06-03 08:44:57,787  INFO      refresh: generating today's picks via analyzer (dry-run, no PDF)
2026-06-03 08:44:57,787  INFO      refresh: generating today's picks via analyzer (dry-run, no PDF)
2026-06-03 08:44:58,396  INFO      == Stock analyzer run starting ==
2026-06-03 08:44:58,396  INFO      Watchlist: 11 symbols from data/stock_watchlist.txt
2026-06-03 08:44:58,396  INFO      Universe: 107 symbols (total available: 107)
2026-06-03 08:44:59,133  INFO      [1/107] fetching TATAPOWER.NS …
2026-06-03 08:44:59,728  INFO      [2/107] fetching IRFC.NS …
2026-06-03 08:45:00,243  INFO      [3/107] fetching SUZLON.NS …
2026-06-03 08:45:00,807  INFO      [4/107] fetching IREDA.NS …
2026-06-03 08:45:01,343  INFO      [5/107] fetching BHEL.NS …
2026-06-03 08:45:01,940  INFO      [6/107] fetching KPITTECH.NS …
2026-06-03 08:45:02,417  INFO      [7/107] fetching POLYCAB.NS …
2026-06-03 08:45:02,966  INFO      [8/107] fetching PERSISTENT.NS …
2026-06-03 08:45:03,533  INFO      [9/107] fetching ITC.NS …
2026-06-03 08:45:04,102  INFO      [10/107] fetching POWERGRID.NS …
2026-06-03 08:45:04,595  INFO      [11/107] fetching COALINDIA.NS …
2026-06-03 08:45:05,181  INFO      [12/107] fetching RELIANCE.NS …
2026-06-03 08:45:05,680  INFO      [13/107] fetching TCS.NS …
2026-06-03 08:45:06,173  INFO      [14/107] fetching HDFCBANK.NS …
2026-06-03 08:45:06,669  INFO      [15/107] fetching INFY.NS …
2026-06-03 08:45:07,199  INFO      [16/107] fetching ICICIBANK.NS …
2026-06-03 08:45:07,767  INFO      [17/107] fetching HINDUNILVR.NS …
2026-06-03 08:45:08,305  INFO      [18/107] fetching SBIN.NS …
2026-06-03 08:45:08,803  INFO      [19/107] fetching BHARTIARTL.NS …
2026-06-03 08:45:09,353  INFO      [20/107] fetching KOTAKBANK.NS …
2026-06-03 08:45:09,894  INFO      [21/107] fetching LT.NS …
2026-06-03 08:45:10,430  INFO      [22/107] fetching AXISBANK.NS …
2026-06-03 08:45:11,016  INFO      [23/107] fetching BAJFINANCE.NS …
2026-06-03 08:45:11,587  INFO      [24/107] fetching ASIANPAINT.NS …
2026-06-03 08:45:12,163  INFO      [25/107] fetching MARUTI.NS …
2026-06-03 08:45:12,726  INFO      [26/107] fetching HCLTECH.NS …
2026-06-03 08:45:13,291  INFO      [27/107] fetching SUNPHARMA.NS …
2026-06-03 08:45:13,795  INFO      [28/107] fetching TITAN.NS …
2026-06-03 08:45:14,290  INFO      [29/107] fetching ULTRACEMCO.NS …
2026-06-03 08:45:14,780  INFO      [30/107] fetching WIPRO.NS …
2026-06-03 08:45:15,280  INFO      [31/107] fetching NESTLEIND.NS …
2026-06-03 08:45:15,775  INFO      [32/107] fetching ADANIENT.NS …
2026-06-03 08:45:16,302  INFO      [33/107] fetching NTPC.NS …
2026-06-03 08:45:16,806  INFO      [34/107] fetching TATAMOTORS.NS …
2026-06-03 08:45:18,025  WARNING   [TATAMOTORS.NS] insufficient history (0 rows)
2026-06-03 08:45:18,426  INFO      [35/107] fetching M&M.NS …
2026-06-03 08:45:18,929  INFO      [36/107] fetching TATASTEEL.NS …
2026-06-03 08:45:19,490  INFO      [37/107] fetching JSWSTEEL.NS …
2026-06-03 08:45:19,987  INFO      [38/107] fetching ONGC.NS …
2026-06-03 08:45:20,490  INFO      [39/107] fetching TECHM.NS …
2026-06-03 08:45:20,982  INFO      [40/107] fetching BAJAJFINSV.NS …
2026-06-03 08:45:21,510  INFO      [41/107] fetching HINDALCO.NS …
2026-06-03 08:45:22,072  INFO      [42/107] fetching GRASIM.NS …
2026-06-03 08:45:22,672  INFO      [43/107] fetching DRREDDY.NS …
2026-06-03 08:45:23,197  INFO      [44/107] fetching CIPLA.NS …
2026-06-03 08:45:23,773  INFO      [45/107] fetching DIVISLAB.NS …
2026-06-03 08:45:24,326  INFO      [46/107] fetching EICHERMOT.NS …
2026-06-03 08:45:24,828  INFO      [47/107] fetching BRITANNIA.NS …
2026-06-03 08:45:25,338  INFO      [48/107] fetching HEROMOTOCO.NS …
2026-06-03 08:45:25,838  INFO      [49/107] fetching BAJAJ-AUTO.NS …
2026-06-03 08:45:26,525  INFO      [50/107] fetching INDUSINDBK.NS …
2026-06-03 08:45:27,038  INFO      [51/107] fetching APOLLOHOSP.NS …
2026-06-03 08:45:27,596  INFO      [52/107] fetching TATACONSUM.NS …
2026-06-03 08:45:28,104  INFO      [53/107] fetching UPL.NS …
2026-06-03 08:45:28,638  INFO      [54/107] fetching BPCL.NS …
2026-06-03 08:45:29,136  INFO      [55/107] fetching SBILIFE.NS …
2026-06-03 08:45:29,618  INFO      [56/107] fetching HDFCLIFE.NS …
2026-06-03 08:45:30,093  INFO      [57/107] fetching ADANIPORTS.NS …
2026-06-03 08:45:30,644  INFO      [58/107] fetching LTIM.NS …
2026-06-03 08:45:31,256  WARNING   [LTIM.NS] insufficient history (0 rows)
2026-06-03 08:45:31,656  INFO      [59/107] fetching ABB.NS …
2026-06-03 08:45:32,249  INFO      [60/107] fetching ADANIGREEN.NS …
2026-06-03 08:45:32,719  INFO      [61/107] fetching ADANIPOWER.NS …
2026-06-03 08:45:33,245  INFO      [62/107] fetching AMBUJACEM.NS …
2026-06-03 08:45:33,821  INFO      [63/107] fetching DMART.NS …
2026-06-03 08:45:34,292  INFO      [64/107] fetching BAJAJHLDNG.NS …
2026-06-03 08:45:34,864  INFO      [65/107] fetching BANKBARODA.NS …
2026-06-03 08:45:35,370  INFO      [66/107] fetching BERGEPAINT.NS …
2026-06-03 08:45:35,962  INFO      [67/107] fetching BOSCHLTD.NS …
2026-06-03 08:45:36,532  INFO      [68/107] fetching CANBK.NS …
2026-06-03 08:45:37,059  INFO      [69/107] fetching CHOLAFIN.NS …
2026-06-03 08:45:37,624  INFO      [70/107] fetching COLPAL.NS …
2026-06-03 08:45:38,138  INFO      [71/107] fetching DABUR.NS …
2026-06-03 08:45:38,643  INFO      [72/107] fetching DLF.NS …
2026-06-03 08:45:39,189  INFO      [73/107] fetching GAIL.NS …
2026-06-03 08:45:39,744  INFO      [74/107] fetching GODREJCP.NS …
2026-06-03 08:45:40,297  INFO      [75/107] fetching HAVELLS.NS …
2026-06-03 08:45:40,797  INFO      [76/107] fetching HAL.NS …
2026-06-03 08:45:41,280  INFO      [77/107] fetching ICICIGI.NS …
2026-06-03 08:45:41,789  INFO      [78/107] fetching ICICIPRULI.NS …
2026-06-03 08:45:42,304  INFO      [79/107] fetching IOC.NS …
2026-06-03 08:45:42,820  INFO      [80/107] fetching IRCTC.NS …
2026-06-03 08:45:43,320  INFO      [81/107] fetching JINDALSTEL.NS …
2026-06-03 08:45:43,865  INFO      [82/107] fetching LICI.NS …
2026-06-03 08:45:44,342  INFO      [83/107] fetching MARICO.NS …
2026-06-03 08:45:44,944  INFO      [84/107] fetching MOTHERSON.NS …
2026-06-03 08:45:45,508  INFO      [85/107] fetching NAUKRI.NS …
2026-06-03 08:45:46,066  INFO      [86/107] fetching PIDILITIND.NS …
2026-06-03 08:45:46,687  INFO      [87/107] fetching PNB.NS …
2026-06-03 08:45:47,185  INFO      [88/107] fetching PFC.NS …
2026-06-03 08:45:47,724  INFO      [89/107] fetching RECLTD.NS …
2026-06-03 08:45:48,295  INFO      [90/107] fetching SIEMENS.NS …
2026-06-03 08:45:48,871  INFO      [91/107] fetching SRF.NS …
2026-06-03 08:45:49,365  INFO      [92/107] fetching SHREECEM.NS …
2026-06-03 08:45:49,884  INFO      [93/107] fetching SHRIRAMFIN.NS …
2026-06-03 08:45:50,392  INFO      [94/107] fetching TORNTPHARM.NS …
2026-06-03 08:45:50,892  INFO      [95/107] fetching TRENT.NS …
2026-06-03 08:45:51,454  INFO      [96/107] fetching TVSMOTOR.NS …
2026-06-03 08:45:52,017  INFO      [97/107] fetching VEDL.NS …
2026-06-03 08:45:52,586  INFO      [98/107] fetching VBL.NS …
2026-06-03 08:45:53,210  INFO      [99/107] fetching ZOMATO.NS …
2026-06-03 08:45:53,867  WARNING   [ZOMATO.NS] insufficient history (0 rows)
2026-06-03 08:45:54,268  INFO      [100/107] fetching ZYDUSLIFE.NS …
2026-06-03 08:45:54,771  INFO      [101/107] fetching INDIGO.NS …
2026-06-03 08:45:55,254  INFO      [102/107] fetching IDEA.NS …
2026-06-03 08:45:55,726  INFO      [103/107] fetching BANKINDIA.NS …
2026-06-03 08:45:56,219  INFO      [104/107] fetching PAGEIND.NS …
2026-06-03 08:45:56,782  INFO      [105/107] fetching MUTHOOTFIN.NS …
2026-06-03 08:45:57,287  INFO      [106/107] fetching TATAELXSI.NS …
2026-06-03 08:45:57,872  INFO      [107/107] fetching LUPIN.NS …
2026-06-03 08:45:57,961  INFO      Fetched 104/107 symbols successfully.
2026-06-03 08:46:00,271  WARNING   [MF 120503] fetch failed: HTTPSConnectionPool(host='api.mfapi.in', port=443): Read timed out. (read timeout=2)
2026-06-03 08:46:06,927  INFO      Fetched 200 headlines from RSS (Indian + global/geopolitics).
2026-06-03 08:46:10,650  INFO      Macro regime: neutral | bias=-1 | geo-risk=60.9
2026-06-03 08:46:10,986  INFO      NSE corp announcements: 20 filings
2026-06-03 08:46:12,449  INFO      Angel One login successful.
2026-06-03 08:46:13,530  INFO      Saved report → data/stock_reports/2026-06-03_0846.json
2026-06-03 08:46:14,013  INFO      Report image saved → logs/stock_analyzer/2026-06-03/stock_report.png  [1920×1280]
2026-06-03 08:46:14,014  INFO      Dry-run: skipping send. Image + PDF saved locally; console printed.
2026-06-03 08:46:14,014  INFO      == Stock analyzer run complete ==
2026-06-03 08:46:14,016  INFO      [Note] PAPER TRADING -- virtual cash Rs 100,000, max_positions=6 max_pct=15% buckets=('intraday', 'swing') state=data/paper_trader_state.json
2026-06-03 08:46:14,016  INFO      [Note] PAPER TRADING -- virtual cash Rs 100,000, max_positions=6 max_pct=15% buckets=('intraday', 'swing') state=data/paper_trader_state.json
2026-06-03 08:46:14,017  INFO      paper-trader: new day, archived 5 trades (cumulative ₹-30)
2026-06-03 08:46:26,501  INFO      [DRY] Angel order would be: {'variety': 'NORMAL', 'tradingsymbol': 'DRREDDY-EQ', 'symboltoken': '881', 'transactiontype': 'SELL', 'exchange': 'NSE', 'ordertype': 'MARKET', 'producttype': 'INTRADAY', 'duration': 'DAY', 'price': '0', 'squareoff': '0', 'stoploss': '0', 'quantity': '5'}
2026-06-03 08:46:26,502  INFO      [SL] [DRY] CLOSE DRREDDY.NS qty=5 @ Rs 1264.00 P&L Rs -316 (gross Rs -306, cost Rs 10; SL hit @ 1264.00)
2026-06-03 08:46:26,502  INFO      [DRY] Angel order would be: {'variety': 'NORMAL', 'tradingsymbol': 'IDEA-EQ', 'symboltoken': '14366', 'transactiontype': 'BUY', 'exchange': 'NSE', 'ordertype': 'MARKET', 'producttype': 'INTRADAY', 'duration': 'DAY', 'price': '0', 'squareoff': '0', 'stoploss': '0', 'quantity': '938'}
2026-06-03 08:46:26,502  INFO      [OPEN] [DRY] IDEA.NS qty=938 @ Rs 14.92 SL Rs 14.44 TGT Rs 15.64 (order=None)
2026-06-03 08:46:26,502  INFO      [DRY] Angel order would be: {'variety': 'NORMAL', 'tradingsymbol': 'BANKBARODA-EQ', 'symboltoken': '4668', 'transactiontype': 'BUY', 'exchange': 'NSE', 'ordertype': 'MARKET', 'producttype': 'INTRADAY', 'duration': 'DAY', 'price': '0', 'squareoff': '0', 'stoploss': '0', 'quantity': '44'}
2026-06-03 08:46:26,502  INFO      [OPEN] [DRY] BANKBARODA.NS qty=44 @ Rs 267.80 SL Rs 265.37 TGT Rs 269.71 (order=None)
2026-06-03 08:46:26,502  INFO      [DRY] Angel order would be: {'variety': 'NORMAL', 'tradingsymbol': 'DMART-EQ', 'symboltoken': '19913', 'transactiontype': 'BUY', 'exchange': 'NSE', 'ordertype': 'MARKET', 'producttype': 'INTRADAY', 'duration': 'DAY', 'price': '0', 'squareoff': '0', 'stoploss': '0', 'quantity': '2'}
2026-06-03 08:46:26,502  INFO      [OPEN] [DRY] DMART.NS qty=2 @ Rs 4175.00 SL Rs 4078.03 TGT Rs 4414.63 (order=None)
2026-06-03 08:46:26,502  INFO      [DRY] Angel order would be: {'variety': 'NORMAL', 'tradingsymbol': 'CANBK-EQ', 'symboltoken': '10794', 'transactiontype': 'BUY', 'exchange': 'NSE', 'ordertype': 'MARKET', 'producttype': 'INTRADAY', 'duration': 'DAY', 'price': '0', 'squareoff': '0', 'stoploss': '0', 'quantity': '68'}
2026-06-03 08:46:26,502  INFO      [OPEN] [DRY] CANBK.NS qty=68 @ Rs 130.21 SL Rs 128.37 TGT Rs 135.23 (order=None)
2026-06-03 08:46:26,502  INFO      [DRY] Angel order would be: {'variety': 'NORMAL', 'tradingsymbol': 'HINDALCO-EQ', 'symboltoken': '1363', 'transactiontype': 'BUY', 'exchange': 'NSE', 'ordertype': 'MARKET', 'producttype': 'INTRADAY', 'duration': 'DAY', 'price': '0', 'squareoff': '0', 'stoploss': '0', 'quantity': '6'}
2026-06-03 08:46:26,502  INFO      [OPEN] [DRY] HINDALCO.NS qty=6 @ Rs 1139.30 SL Rs 1086.60 TGT Rs 1257.37 (order=None)
2026-06-03 08:46:26,506  INFO      tick result: {'ok': True, 'actions': 6, 'open_trades': 5, 'closed_today': 1, 'realised_pnl': -316.21, 'cumulative_pnl': -346.51, 'halted': False, 'messages': ['[SL] [DRY] CLOSE DRREDDY.NS qty=5 @ Rs 1264.00 P&L Rs -316 (gross Rs -306, cost Rs 10; SL hit @ 1264.00)', '[OPEN] [DRY] IDEA.NS qty=938 @ Rs 14.92 SL Rs 14.44 TGT Rs 15.64 (order=None)', '[OPEN] [DRY] BANKBARODA.NS qty=44 @ Rs 267.80 SL Rs 265.37 TGT Rs 269.71 (order=None)', '[OPEN] [DRY] DMART.NS qty=2 @ Rs 4175.00 SL Rs 4078.03 TGT Rs 4414.63 (order=None)', '[OPEN] [DRY] CANBK.NS qty=68 @ Rs 130.21 SL Rs 128.37 TGT Rs 135.23 (order=None)', '[OPEN] [DRY] HINDALCO.NS qty=6 @ Rs 1139.30 SL Rs 1086.60 TGT Rs 1257.37 (order=None)']}
2026-06-03 08:46:26,506  INFO      tick result: {'ok': True, 'actions': 6, 'open_trades': 5, 'closed_today': 1, 'realised_pnl': -316.21, 'cumulative_pnl': -346.51, 'halted': False, 'messages': ['[SL] [DRY] CLOSE DRREDDY.NS qty=5 @ Rs 1264.00 P&L Rs -316 (gross Rs -306, cost Rs 10; SL hit @ 1264.00)', '[OPEN] [DRY] IDEA.NS qty=938 @ Rs 14.92 SL Rs 14.44 TGT Rs 15.64 (order=None)', '[OPEN] [DRY] BANKBARODA.NS qty=44 @ Rs 267.80 SL Rs 265.37 TGT Rs 269.71 (order=None)', '[OPEN] [DRY] DMART.NS qty=2 @ Rs 4175.00 SL Rs 4078.03 TGT Rs 4414.63 (order=None)', '[OPEN] [DRY] CANBK.NS qty=68 @ Rs 130.21 SL Rs 128.37 TGT Rs 135.23 (order=None)', '[OPEN] [DRY] HINDALCO.NS qty=6 @ Rs 1139.30 SL Rs 1086.60 TGT Rs 1257.37 (order=None)']}
