2026-06-16 09:13:30,831  INFO      angel_one starting ... (cmd=paper-trade)
2026-06-16 09:13:30,831  INFO      angel_one starting ... (cmd=paper-trade)
2026-06-16 09:13:30,848  INFO      refresh: generating today's picks via analyzer (dry-run, no PDF)
2026-06-16 09:13:30,848  INFO      refresh: generating today's picks via analyzer (dry-run, no PDF)
2026-06-16 09:13:32,115  INFO      == Stock analyzer run starting ==
2026-06-16 09:13:32,115  INFO      Watchlist: 11 symbols from data/stock_watchlist.txt
2026-06-16 09:13:32,115  INFO      Universe: 107 symbols (total available: 107)
2026-06-16 09:13:32,756  INFO      [1/107] fetching TATAPOWER.NS …
2026-06-16 09:13:33,315  INFO      [2/107] fetching IRFC.NS …
2026-06-16 09:13:33,806  INFO      [3/107] fetching SUZLON.NS …
2026-06-16 09:13:34,295  INFO      [4/107] fetching IREDA.NS …
2026-06-16 09:13:34,779  INFO      [5/107] fetching BHEL.NS …
2026-06-16 09:13:35,298  INFO      [6/107] fetching KPITTECH.NS …
2026-06-16 09:13:35,791  INFO      [7/107] fetching POLYCAB.NS …
2026-06-16 09:13:36,282  INFO      [8/107] fetching PERSISTENT.NS …
2026-06-16 09:13:36,792  INFO      [9/107] fetching ITC.NS …
2026-06-16 09:13:37,351  INFO      [10/107] fetching POWERGRID.NS …
2026-06-16 09:13:37,875  INFO      [11/107] fetching COALINDIA.NS …
2026-06-16 09:13:38,379  INFO      [12/107] fetching RELIANCE.NS …
2026-06-16 09:13:38,899  INFO      [13/107] fetching TCS.NS …
2026-06-16 09:13:39,413  INFO      [14/107] fetching HDFCBANK.NS …
2026-06-16 09:13:39,954  INFO      [15/107] fetching INFY.NS …
2026-06-16 09:13:40,480  INFO      [16/107] fetching ICICIBANK.NS …
2026-06-16 09:13:40,996  INFO      [17/107] fetching HINDUNILVR.NS …
2026-06-16 09:13:41,511  INFO      [18/107] fetching SBIN.NS …
2026-06-16 09:13:42,024  INFO      [19/107] fetching BHARTIARTL.NS …
2026-06-16 09:13:42,542  INFO      [20/107] fetching KOTAKBANK.NS …
2026-06-16 09:13:43,054  INFO      [21/107] fetching LT.NS …
2026-06-16 09:13:43,569  INFO      [22/107] fetching AXISBANK.NS …
2026-06-16 09:13:44,084  INFO      [23/107] fetching BAJFINANCE.NS …
2026-06-16 09:13:44,589  INFO      [24/107] fetching ASIANPAINT.NS …
2026-06-16 09:13:45,115  INFO      [25/107] fetching MARUTI.NS …
2026-06-16 09:13:45,647  INFO      [26/107] fetching HCLTECH.NS …
2026-06-16 09:13:46,157  INFO      [27/107] fetching SUNPHARMA.NS …
2026-06-16 09:13:46,718  INFO      [28/107] fetching TITAN.NS …
2026-06-16 09:13:47,235  INFO      [29/107] fetching ULTRACEMCO.NS …
2026-06-16 09:13:47,744  INFO      [30/107] fetching WIPRO.NS …
2026-06-16 09:13:48,256  INFO      [31/107] fetching NESTLEIND.NS …
2026-06-16 09:13:48,766  INFO      [32/107] fetching ADANIENT.NS …
2026-06-16 09:13:49,273  INFO      [33/107] fetching NTPC.NS …
2026-06-16 09:13:49,782  INFO      [34/107] fetching TATAMOTORS.NS …
2026-06-16 09:13:50,700  WARNING   [TATAMOTORS.NS] insufficient history (0 rows)
2026-06-16 09:13:51,100  INFO      [35/107] fetching M&M.NS …
2026-06-16 09:13:51,622  INFO      [36/107] fetching TATASTEEL.NS …
2026-06-16 09:13:52,145  INFO      [37/107] fetching JSWSTEEL.NS …
2026-06-16 09:13:52,661  INFO      [38/107] fetching ONGC.NS …
2026-06-16 09:13:53,211  INFO      [39/107] fetching TECHM.NS …
2026-06-16 09:13:53,720  INFO      [40/107] fetching BAJAJFINSV.NS …
2026-06-16 09:13:54,224  INFO      [41/107] fetching HINDALCO.NS …
2026-06-16 09:13:54,751  INFO      [42/107] fetching GRASIM.NS …
2026-06-16 09:13:55,269  INFO      [43/107] fetching DRREDDY.NS …
2026-06-16 09:13:55,771  INFO      [44/107] fetching CIPLA.NS …
2026-06-16 09:13:56,282  INFO      [45/107] fetching DIVISLAB.NS …
2026-06-16 09:13:56,794  INFO      [46/107] fetching EICHERMOT.NS …
2026-06-16 09:13:57,305  INFO      [47/107] fetching BRITANNIA.NS …
2026-06-16 09:13:57,856  INFO      [48/107] fetching HEROMOTOCO.NS …
2026-06-16 09:13:58,370  INFO      [49/107] fetching BAJAJ-AUTO.NS …
2026-06-16 09:13:58,882  INFO      [50/107] fetching INDUSINDBK.NS …
2026-06-16 09:13:59,387  INFO      [51/107] fetching APOLLOHOSP.NS …
2026-06-16 09:13:59,912  INFO      [52/107] fetching TATACONSUM.NS …
2026-06-16 09:14:00,437  INFO      [53/107] fetching UPL.NS …
2026-06-16 09:14:00,945  INFO      [54/107] fetching BPCL.NS …
2026-06-16 09:14:01,472  INFO      [55/107] fetching SBILIFE.NS …
2026-06-16 09:14:01,983  INFO      [56/107] fetching HDFCLIFE.NS …
2026-06-16 09:14:02,479  INFO      [57/107] fetching ADANIPORTS.NS …
2026-06-16 09:14:03,147  INFO      [58/107] fetching LTIM.NS …
2026-06-16 09:14:03,922  WARNING   [LTIM.NS] insufficient history (0 rows)
2026-06-16 09:14:04,322  INFO      [59/107] fetching ABB.NS …
2026-06-16 09:14:04,869  INFO      [60/107] fetching ADANIGREEN.NS …
2026-06-16 09:14:05,385  INFO      [61/107] fetching ADANIPOWER.NS …
2026-06-16 09:14:05,868  INFO      [62/107] fetching AMBUJACEM.NS …
2026-06-16 09:14:06,388  INFO      [63/107] fetching DMART.NS …
2026-06-16 09:14:06,871  INFO      [64/107] fetching BAJAJHLDNG.NS …
2026-06-16 09:14:07,385  INFO      [65/107] fetching BANKBARODA.NS …
2026-06-16 09:14:07,908  INFO      [66/107] fetching BERGEPAINT.NS …
2026-06-16 09:14:08,439  INFO      [67/107] fetching BOSCHLTD.NS …
2026-06-16 09:14:08,950  INFO      [68/107] fetching CANBK.NS …
2026-06-16 09:14:09,466  INFO      [69/107] fetching CHOLAFIN.NS …
2026-06-16 09:14:10,005  INFO      [70/107] fetching COLPAL.NS …
2026-06-16 09:14:10,548  INFO      [71/107] fetching DABUR.NS …
2026-06-16 09:14:11,068  INFO      [72/107] fetching DLF.NS …
2026-06-16 09:14:11,581  INFO      [73/107] fetching GAIL.NS …
2026-06-16 09:14:12,105  INFO      [74/107] fetching GODREJCP.NS …
2026-06-16 09:14:12,620  INFO      [75/107] fetching HAVELLS.NS …
2026-06-16 09:14:13,132  INFO      [76/107] fetching HAL.NS …
2026-06-16 09:14:13,631  INFO      [77/107] fetching ICICIGI.NS …
2026-06-16 09:14:14,155  INFO      [78/107] fetching ICICIPRULI.NS …
2026-06-16 09:14:14,655  INFO      [79/107] fetching IOC.NS …
2026-06-16 09:14:15,179  INFO      [80/107] fetching IRCTC.NS …
2026-06-16 09:14:15,672  INFO      [81/107] fetching JINDALSTEL.NS …
2026-06-16 09:14:16,221  INFO      [82/107] fetching LICI.NS …
2026-06-16 09:14:16,708  INFO      [83/107] fetching MARICO.NS …
2026-06-16 09:14:17,221  INFO      [84/107] fetching MOTHERSON.NS …
2026-06-16 09:14:17,740  INFO      [85/107] fetching NAUKRI.NS …
2026-06-16 09:14:18,249  INFO      [86/107] fetching PIDILITIND.NS …
2026-06-16 09:14:18,763  INFO      [87/107] fetching PNB.NS …
2026-06-16 09:14:19,272  INFO      [88/107] fetching PFC.NS …
2026-06-16 09:14:19,805  INFO      [89/107] fetching RECLTD.NS …
2026-06-16 09:14:20,309  INFO      [90/107] fetching SIEMENS.NS …
2026-06-16 09:14:20,825  INFO      [91/107] fetching SRF.NS …
2026-06-16 09:14:21,367  INFO      [92/107] fetching SHREECEM.NS …
2026-06-16 09:14:21,886  INFO      [93/107] fetching SHRIRAMFIN.NS …
2026-06-16 09:14:22,400  INFO      [94/107] fetching TORNTPHARM.NS …
2026-06-16 09:14:22,915  INFO      [95/107] fetching TRENT.NS …
2026-06-16 09:14:23,437  INFO      [96/107] fetching TVSMOTOR.NS …
2026-06-16 09:14:23,950  INFO      [97/107] fetching VEDL.NS …
2026-06-16 09:14:24,473  INFO      [98/107] fetching VBL.NS …
2026-06-16 09:14:24,968  INFO      [99/107] fetching ZOMATO.NS …
2026-06-16 09:14:25,487  WARNING   [ZOMATO.NS] insufficient history (0 rows)
2026-06-16 09:14:25,888  INFO      [100/107] fetching ZYDUSLIFE.NS …
2026-06-16 09:14:26,416  INFO      [101/107] fetching INDIGO.NS …
2026-06-16 09:14:26,921  INFO      [102/107] fetching IDEA.NS …
2026-06-16 09:14:27,508  INFO      [103/107] fetching BANKINDIA.NS …
2026-06-16 09:14:28,038  INFO      [104/107] fetching PAGEIND.NS …
2026-06-16 09:14:28,542  INFO      [105/107] fetching MUTHOOTFIN.NS …
2026-06-16 09:14:29,078  INFO      [106/107] fetching TATAELXSI.NS …
2026-06-16 09:14:29,583  INFO      [107/107] fetching LUPIN.NS …
2026-06-16 09:14:29,702  INFO      Fetched 104/107 symbols successfully.
2026-06-16 09:14:35,142  INFO      Fetched 200 headlines from RSS (Indian + global/geopolitics).
2026-06-16 09:14:38,001  INFO      Macro regime: risk-on | bias=4 | geo-risk=39.0
2026-06-16 09:14:38,295  INFO      NSE corp announcements: 20 filings
2026-06-16 09:14:39,813  INFO      Angel One login successful.
2026-06-16 09:14:40,605  INFO      Saved report → data/stock_reports/2026-06-16_0914.json
2026-06-16 09:14:41,127  INFO      Report image saved → logs/stock_analyzer/2026-06-16/stock_report.png  [1920×1280]
2026-06-16 09:14:41,128  INFO      Dry-run: skipping send. Image + PDF saved locally; console printed.
2026-06-16 09:14:41,128  INFO      == Stock analyzer run complete ==
2026-06-16 09:14:41,132  INFO      [Note] PAPER TRADING -- virtual cash Rs 100,000, max_positions=6 max_pct=15% buckets=('intraday', 'swing') state=data/paper_trader_state.json
2026-06-16 09:14:41,132  INFO      [Note] PAPER TRADING -- virtual cash Rs 100,000, max_positions=6 max_pct=15% buckets=('intraday', 'swing') state=data/paper_trader_state.json
2026-06-16 09:14:41,133  INFO      paper-trader: new day, archived 4 trades (cumulative ₹-1,417)
2026-06-16 09:14:41,960  INFO      tick result: {'ok': True, 'actions': 0, 'open_trades': 2, 'closed_today': 0, 'realised_pnl': 0.0, 'cumulative_pnl': -1416.63, 'halted': False, 'messages': []}
2026-06-16 09:14:41,960  INFO      tick result: {'ok': True, 'actions': 0, 'open_trades': 2, 'closed_today': 0, 'realised_pnl': 0.0, 'cumulative_pnl': -1416.63, 'halted': False, 'messages': []}
