2026-06-19 08:55:57,574  INFO      angel_one starting ... (cmd=paper-trade)
2026-06-19 08:55:57,574  INFO      angel_one starting ... (cmd=paper-trade)
2026-06-19 08:55:57,590  INFO      refresh: generating today's picks via analyzer (dry-run, no PDF)
2026-06-19 08:55:57,590  INFO      refresh: generating today's picks via analyzer (dry-run, no PDF)
2026-06-19 08:55:58,647  INFO      == Stock analyzer run starting ==
2026-06-19 08:55:58,647  INFO      Watchlist: 11 symbols from data/stock_watchlist.txt
2026-06-19 08:55:58,647  INFO      Universe: 107 symbols (total available: 107)
2026-06-19 08:55:59,234  INFO      [1/107] fetching TATAPOWER.NS …
2026-06-19 08:55:59,814  INFO      [2/107] fetching IRFC.NS …
2026-06-19 08:56:00,304  INFO      [3/107] fetching SUZLON.NS …
2026-06-19 08:56:00,789  INFO      [4/107] fetching IREDA.NS …
2026-06-19 08:56:01,267  INFO      [5/107] fetching BHEL.NS …
2026-06-19 08:56:01,771  INFO      [6/107] fetching KPITTECH.NS …
2026-06-19 08:56:02,255  INFO      [7/107] fetching POLYCAB.NS …
2026-06-19 08:56:02,745  INFO      [8/107] fetching PERSISTENT.NS …
2026-06-19 08:56:03,281  INFO      [9/107] fetching ITC.NS …
2026-06-19 08:56:03,794  INFO      [10/107] fetching POWERGRID.NS …
2026-06-19 08:56:04,316  INFO      [11/107] fetching COALINDIA.NS …
2026-06-19 08:56:04,824  INFO      [12/107] fetching RELIANCE.NS …
2026-06-19 08:56:05,340  INFO      [13/107] fetching TCS.NS …
2026-06-19 08:56:05,841  INFO      [14/107] fetching HDFCBANK.NS …
2026-06-19 08:56:06,429  INFO      [15/107] fetching INFY.NS …
2026-06-19 08:56:06,945  INFO      [16/107] fetching ICICIBANK.NS …
2026-06-19 08:56:07,449  INFO      [17/107] fetching HINDUNILVR.NS …
2026-06-19 08:56:07,958  INFO      [18/107] fetching SBIN.NS …
2026-06-19 08:56:08,470  INFO      [19/107] fetching BHARTIARTL.NS …
2026-06-19 08:56:08,968  INFO      [20/107] fetching KOTAKBANK.NS …
2026-06-19 08:56:09,489  INFO      [21/107] fetching LT.NS …
2026-06-19 08:56:10,001  INFO      [22/107] fetching AXISBANK.NS …
2026-06-19 08:56:10,509  INFO      [23/107] fetching BAJFINANCE.NS …
2026-06-19 08:56:11,018  INFO      [24/107] fetching ASIANPAINT.NS …
2026-06-19 08:56:11,520  INFO      [25/107] fetching MARUTI.NS …
2026-06-19 08:56:12,022  INFO      [26/107] fetching HCLTECH.NS …
2026-06-19 08:56:12,531  INFO      [27/107] fetching SUNPHARMA.NS …
2026-06-19 08:56:13,039  INFO      [28/107] fetching TITAN.NS …
2026-06-19 08:56:13,580  INFO      [29/107] fetching ULTRACEMCO.NS …
2026-06-19 08:56:14,078  INFO      [30/107] fetching WIPRO.NS …
2026-06-19 08:56:14,590  INFO      [31/107] fetching NESTLEIND.NS …
2026-06-19 08:56:15,096  INFO      [32/107] fetching ADANIENT.NS …
2026-06-19 08:56:15,611  INFO      [33/107] fetching NTPC.NS …
2026-06-19 08:56:16,114  INFO      [34/107] fetching TATAMOTORS.NS …
2026-06-19 08:56:18,271  WARNING   [TATAMOTORS.NS] insufficient history (0 rows)
2026-06-19 08:56:18,672  INFO      [35/107] fetching M&M.NS …
2026-06-19 08:56:19,176  INFO      [36/107] fetching TATASTEEL.NS …
2026-06-19 08:56:19,689  INFO      [37/107] fetching JSWSTEEL.NS …
2026-06-19 08:56:20,184  INFO      [38/107] fetching ONGC.NS …
2026-06-19 08:56:20,701  INFO      [39/107] fetching TECHM.NS …
2026-06-19 08:56:21,201  INFO      [40/107] fetching BAJAJFINSV.NS …
2026-06-19 08:56:21,730  INFO      [41/107] fetching HINDALCO.NS …
2026-06-19 08:56:22,273  INFO      [42/107] fetching GRASIM.NS …
2026-06-19 08:56:22,774  INFO      [43/107] fetching DRREDDY.NS …
2026-06-19 08:56:23,276  INFO      [44/107] fetching CIPLA.NS …
2026-06-19 08:56:23,795  INFO      [45/107] fetching DIVISLAB.NS …
2026-06-19 08:56:24,297  INFO      [46/107] fetching EICHERMOT.NS …
2026-06-19 08:56:24,807  INFO      [47/107] fetching BRITANNIA.NS …
2026-06-19 08:56:25,317  INFO      [48/107] fetching HEROMOTOCO.NS …
2026-06-19 08:56:25,848  INFO      [49/107] fetching BAJAJ-AUTO.NS …
2026-06-19 08:56:26,346  INFO      [50/107] fetching INDUSINDBK.NS …
2026-06-19 08:56:26,863  INFO      [51/107] fetching APOLLOHOSP.NS …
2026-06-19 08:56:27,373  INFO      [52/107] fetching TATACONSUM.NS …
2026-06-19 08:56:27,877  INFO      [53/107] fetching UPL.NS …
2026-06-19 08:56:28,379  INFO      [54/107] fetching BPCL.NS …
2026-06-19 08:56:28,908  INFO      [55/107] fetching SBILIFE.NS …
2026-06-19 08:56:29,396  INFO      [56/107] fetching HDFCLIFE.NS …
2026-06-19 08:56:29,922  INFO      [57/107] fetching ADANIPORTS.NS …
2026-06-19 08:56:30,417  INFO      [58/107] fetching LTIM.NS …
2026-06-19 08:56:31,664  WARNING   [LTIM.NS] insufficient history (0 rows)
2026-06-19 08:56:32,064  INFO      [59/107] fetching ABB.NS …
2026-06-19 08:56:32,571  INFO      [60/107] fetching ADANIGREEN.NS …
2026-06-19 08:56:33,048  INFO      [61/107] fetching ADANIPOWER.NS …
2026-06-19 08:56:33,530  INFO      [62/107] fetching AMBUJACEM.NS …
2026-06-19 08:56:34,036  INFO      [63/107] fetching DMART.NS …
2026-06-19 08:56:34,534  INFO      [64/107] fetching BAJAJHLDNG.NS …
2026-06-19 08:56:35,040  INFO      [65/107] fetching BANKBARODA.NS …
2026-06-19 08:56:35,546  INFO      [66/107] fetching BERGEPAINT.NS …
2026-06-19 08:56:36,044  INFO      [67/107] fetching BOSCHLTD.NS …
2026-06-19 08:56:36,550  INFO      [68/107] fetching CANBK.NS …
2026-06-19 08:56:37,055  INFO      [69/107] fetching CHOLAFIN.NS …
2026-06-19 08:56:37,571  INFO      [70/107] fetching COLPAL.NS …
2026-06-19 08:56:38,074  INFO      [71/107] fetching DABUR.NS …
2026-06-19 08:56:38,574  INFO      [72/107] fetching DLF.NS …
2026-06-19 08:56:39,072  INFO      [73/107] fetching GAIL.NS …
2026-06-19 08:56:39,588  INFO      [74/107] fetching GODREJCP.NS …
2026-06-19 08:56:40,102  INFO      [75/107] fetching HAVELLS.NS …
2026-06-19 08:56:40,610  INFO      [76/107] fetching HAL.NS …
2026-06-19 08:56:41,097  INFO      [77/107] fetching ICICIGI.NS …
2026-06-19 08:56:41,586  INFO      [78/107] fetching ICICIPRULI.NS …
2026-06-19 08:56:42,074  INFO      [79/107] fetching IOC.NS …
2026-06-19 08:56:42,588  INFO      [80/107] fetching IRCTC.NS …
2026-06-19 08:56:43,080  INFO      [81/107] fetching JINDALSTEL.NS …
2026-06-19 08:56:43,583  INFO      [82/107] fetching LICI.NS …
2026-06-19 08:56:44,065  INFO      [83/107] fetching MARICO.NS …
2026-06-19 08:56:44,576  INFO      [84/107] fetching MOTHERSON.NS …
2026-06-19 08:56:45,080  INFO      [85/107] fetching NAUKRI.NS …
2026-06-19 08:56:45,577  INFO      [86/107] fetching PIDILITIND.NS …
2026-06-19 08:56:46,077  INFO      [87/107] fetching PNB.NS …
2026-06-19 08:56:46,584  INFO      [88/107] fetching PFC.NS …
2026-06-19 08:56:47,095  INFO      [89/107] fetching RECLTD.NS …
2026-06-19 08:56:47,594  INFO      [90/107] fetching SIEMENS.NS …
2026-06-19 08:56:48,100  INFO      [91/107] fetching SRF.NS …
2026-06-19 08:56:48,609  INFO      [92/107] fetching SHREECEM.NS …
2026-06-19 08:56:49,159  INFO      [93/107] fetching SHRIRAMFIN.NS …
2026-06-19 08:56:49,670  INFO      [94/107] fetching TORNTPHARM.NS …
2026-06-19 08:56:50,178  INFO      [95/107] fetching TRENT.NS …
2026-06-19 08:56:50,720  INFO      [96/107] fetching TVSMOTOR.NS …
2026-06-19 08:56:51,234  INFO      [97/107] fetching VEDL.NS …
2026-06-19 08:56:51,748  INFO      [98/107] fetching VBL.NS …
2026-06-19 08:56:52,249  INFO      [99/107] fetching ZOMATO.NS …
2026-06-19 08:56:53,476  WARNING   [ZOMATO.NS] insufficient history (0 rows)
2026-06-19 08:56:53,876  INFO      [100/107] fetching ZYDUSLIFE.NS …
2026-06-19 08:56:54,391  INFO      [101/107] fetching INDIGO.NS …
2026-06-19 08:56:54,878  INFO      [102/107] fetching IDEA.NS …
2026-06-19 08:56:55,360  INFO      [103/107] fetching BANKINDIA.NS …
2026-06-19 08:56:55,872  INFO      [104/107] fetching PAGEIND.NS …
2026-06-19 08:56:56,385  INFO      [105/107] fetching MUTHOOTFIN.NS …
2026-06-19 08:56:56,886  INFO      [106/107] fetching TATAELXSI.NS …
2026-06-19 08:56:57,392  INFO      [107/107] fetching LUPIN.NS …
2026-06-19 08:56:57,511  INFO      Fetched 104/107 symbols successfully.
2026-06-19 08:56:59,816  WARNING   [MF 120503] fetch failed: HTTPSConnectionPool(host='api.mfapi.in', port=443): Read timed out. (read timeout=2)
2026-06-19 08:57:00,216  INFO      Fetched 200 headlines from RSS (Indian + global/geopolitics).
2026-06-19 08:57:02,377  INFO      Macro regime: risk-on | bias=3 | geo-risk=34.2
2026-06-19 08:57:02,634  INFO      NSE corp announcements: 20 filings
2026-06-19 08:57:04,183  INFO      Angel One login successful.
2026-06-19 08:57:05,246  INFO      Saved report → data/stock_reports/2026-06-19_0857.json
2026-06-19 08:57:05,738  INFO      Report image saved → logs/stock_analyzer/2026-06-19/stock_report.png  [1920×1280]
2026-06-19 08:57:05,739  INFO      Dry-run: skipping send. Image + PDF saved locally; console printed.
2026-06-19 08:57:05,739  INFO      == Stock analyzer run complete ==
2026-06-19 08:57:05,742  INFO      [Note] PAPER TRADING -- virtual cash Rs 100,000, max_positions=6 max_pct=15% buckets=('intraday', 'swing') state=data/paper_trader_state.json
2026-06-19 08:57:05,742  INFO      [Note] PAPER TRADING -- virtual cash Rs 100,000, max_positions=6 max_pct=15% buckets=('intraday', 'swing') state=data/paper_trader_state.json
2026-06-19 08:57:05,743  INFO      paper-trader: new day, archived 4 trades (cumulative ₹-1,023)
2026-06-19 08:57:17,947  INFO      [DRY] Angel order would be: {'variety': 'NORMAL', 'tradingsymbol': 'BERGEPAINT-EQ', 'symboltoken': '404', 'transactiontype': 'BUY', 'exchange': 'NSE', 'ordertype': 'MARKET', 'producttype': 'INTRADAY', 'duration': 'DAY', 'price': '0', 'squareoff': '0', 'stoploss': '0', 'quantity': '23'}
2026-06-19 08:57:17,948  INFO      [OPEN] [DRY] BERGEPAINT.NS qty=23 @ Rs 544.70 SL Rs 526.01 TGT Rs 570.80 (order=None)
2026-06-19 08:57:17,948  INFO      [DRY] Angel order would be: {'variety': 'NORMAL', 'tradingsymbol': 'LICI-EQ', 'symboltoken': '9480', 'transactiontype': 'BUY', 'exchange': 'NSE', 'ordertype': 'MARKET', 'producttype': 'INTRADAY', 'duration': 'DAY', 'price': '0', 'squareoff': '0', 'stoploss': '0', 'quantity': '24'}
2026-06-19 08:57:17,948  INFO      [OPEN] [DRY] LICI.NS qty=24 @ Rs 439.60 SL Rs 429.26 TGT Rs 460.66 (order=None)
2026-06-19 08:57:17,948  INFO      [DRY] Angel order would be: {'variety': 'NORMAL', 'tradingsymbol': 'SUZLON-EQ', 'symboltoken': '12018', 'transactiontype': 'BUY', 'exchange': 'NSE', 'ordertype': 'MARKET', 'producttype': 'INTRADAY', 'duration': 'DAY', 'price': '0', 'squareoff': '0', 'stoploss': '0', 'quantity': '157'}
2026-06-19 08:57:17,948  INFO      [OPEN] [DRY] SUZLON.NS qty=157 @ Rs 59.06 SL Rs 57.09 TGT Rs 61.89 (order=None)
2026-06-19 08:57:17,948  INFO      [DRY] Angel order would be: {'variety': 'NORMAL', 'tradingsymbol': 'ICICIGI-EQ', 'symboltoken': '21770', 'transactiontype': 'BUY', 'exchange': 'NSE', 'ordertype': 'MARKET', 'producttype': 'INTRADAY', 'duration': 'DAY', 'price': '0', 'squareoff': '0', 'stoploss': '0', 'quantity': '4'}
2026-06-19 08:57:17,948  INFO      [OPEN] [DRY] ICICIGI.NS qty=4 @ Rs 1862.80 SL Rs 1816.97 TGT Rs 1859.07 (order=None)
2026-06-19 08:57:17,951  INFO      tick result: {'ok': True, 'actions': 4, 'open_trades': 6, 'closed_today': 0, 'realised_pnl': 0.0, 'cumulative_pnl': -1023.33, 'halted': False, 'messages': ['[OPEN] [DRY] BERGEPAINT.NS qty=23 @ Rs 544.70 SL Rs 526.01 TGT Rs 570.80 (order=None)', '[OPEN] [DRY] LICI.NS qty=24 @ Rs 439.60 SL Rs 429.26 TGT Rs 460.66 (order=None)', '[OPEN] [DRY] SUZLON.NS qty=157 @ Rs 59.06 SL Rs 57.09 TGT Rs 61.89 (order=None)', '[OPEN] [DRY] ICICIGI.NS qty=4 @ Rs 1862.80 SL Rs 1816.97 TGT Rs 1859.07 (order=None)']}
2026-06-19 08:57:17,951  INFO      tick result: {'ok': True, 'actions': 4, 'open_trades': 6, 'closed_today': 0, 'realised_pnl': 0.0, 'cumulative_pnl': -1023.33, 'halted': False, 'messages': ['[OPEN] [DRY] BERGEPAINT.NS qty=23 @ Rs 544.70 SL Rs 526.01 TGT Rs 570.80 (order=None)', '[OPEN] [DRY] LICI.NS qty=24 @ Rs 439.60 SL Rs 429.26 TGT Rs 460.66 (order=None)', '[OPEN] [DRY] SUZLON.NS qty=157 @ Rs 59.06 SL Rs 57.09 TGT Rs 61.89 (order=None)', '[OPEN] [DRY] ICICIGI.NS qty=4 @ Rs 1862.80 SL Rs 1816.97 TGT Rs 1859.07 (order=None)']}
