2026-07-14 06:01:27,051  INFO      angel_one starting ... (cmd=paper-trade)
2026-07-14 06:01:27,051  INFO      angel_one starting ... (cmd=paper-trade)
2026-07-14 06:01:27,068  INFO      refresh: generating today's picks via analyzer (dry-run, no PDF)
2026-07-14 06:01:27,068  INFO      refresh: generating today's picks via analyzer (dry-run, no PDF)
2026-07-14 06:01:27,835  INFO      == Stock analyzer run starting ==
2026-07-14 06:01:27,835  INFO      Watchlist: 11 symbols from data/stock_watchlist.txt
2026-07-14 06:01:27,835  INFO      Universe: 107 symbols (total available: 107)
2026-07-14 06:01:28,559  INFO      [1/107] fetching TATAPOWER.NS …
2026-07-14 06:01:29,152  INFO      [2/107] fetching IRFC.NS …
2026-07-14 06:01:29,664  INFO      [3/107] fetching SUZLON.NS …
2026-07-14 06:01:30,150  INFO      [4/107] fetching IREDA.NS …
2026-07-14 06:01:30,632  INFO      [5/107] fetching BHEL.NS …
2026-07-14 06:01:31,137  INFO      [6/107] fetching KPITTECH.NS …
2026-07-14 06:01:31,627  INFO      [7/107] fetching POLYCAB.NS …
2026-07-14 06:01:32,116  INFO      [8/107] fetching PERSISTENT.NS …
2026-07-14 06:01:32,618  INFO      [9/107] fetching ITC.NS …
2026-07-14 06:01:33,192  INFO      [10/107] fetching POWERGRID.NS …
2026-07-14 06:01:33,687  INFO      [11/107] fetching COALINDIA.NS …
2026-07-14 06:01:34,187  INFO      [12/107] fetching RELIANCE.NS …
2026-07-14 06:01:34,713  INFO      [13/107] fetching TCS.NS …
2026-07-14 06:01:35,224  INFO      [14/107] fetching HDFCBANK.NS …
2026-07-14 06:01:35,733  INFO      [15/107] fetching INFY.NS …
2026-07-14 06:01:36,250  INFO      [16/107] fetching ICICIBANK.NS …
2026-07-14 06:01:36,766  INFO      [17/107] fetching HINDUNILVR.NS …
2026-07-14 06:01:37,282  INFO      [18/107] fetching SBIN.NS …
2026-07-14 06:01:37,804  INFO      [19/107] fetching BHARTIARTL.NS …
2026-07-14 06:01:38,300  INFO      [20/107] fetching KOTAKBANK.NS …
2026-07-14 06:01:38,844  INFO      [21/107] fetching LT.NS …
2026-07-14 06:01:39,352  INFO      [22/107] fetching AXISBANK.NS …
2026-07-14 06:01:39,868  INFO      [23/107] fetching BAJFINANCE.NS …
2026-07-14 06:01:40,377  INFO      [24/107] fetching ASIANPAINT.NS …
2026-07-14 06:01:40,889  INFO      [25/107] fetching MARUTI.NS …
2026-07-14 06:01:41,394  INFO      [26/107] fetching HCLTECH.NS …
2026-07-14 06:01:41,906  INFO      [27/107] fetching SUNPHARMA.NS …
2026-07-14 06:01:42,425  INFO      [28/107] fetching TITAN.NS …
2026-07-14 06:01:42,931  INFO      [29/107] fetching ULTRACEMCO.NS …
2026-07-14 06:01:43,459  INFO      [30/107] fetching WIPRO.NS …
2026-07-14 06:01:43,965  INFO      [31/107] fetching NESTLEIND.NS …
2026-07-14 06:01:44,493  INFO      [32/107] fetching ADANIENT.NS …
2026-07-14 06:01:45,002  INFO      [33/107] fetching NTPC.NS …
2026-07-14 06:01:45,510  INFO      [34/107] fetching TATAMOTORS.NS …
2026-07-14 06:01:46,947  WARNING   [TATAMOTORS.NS] insufficient history (0 rows)
2026-07-14 06:01:47,347  INFO      [35/107] fetching M&M.NS …
2026-07-14 06:01:47,858  INFO      [36/107] fetching TATASTEEL.NS …
2026-07-14 06:01:48,427  INFO      [37/107] fetching JSWSTEEL.NS …
2026-07-14 06:01:48,927  INFO      [38/107] fetching ONGC.NS …
2026-07-14 06:01:49,444  INFO      [39/107] fetching TECHM.NS …
2026-07-14 06:01:49,952  INFO      [40/107] fetching BAJAJFINSV.NS …
2026-07-14 06:01:50,457  INFO      [41/107] fetching HINDALCO.NS …
2026-07-14 06:01:50,972  INFO      [42/107] fetching GRASIM.NS …
2026-07-14 06:01:51,479  INFO      [43/107] fetching DRREDDY.NS …
2026-07-14 06:01:51,988  INFO      [44/107] fetching CIPLA.NS …
2026-07-14 06:01:52,510  INFO      [45/107] fetching DIVISLAB.NS …
2026-07-14 06:01:53,016  INFO      [46/107] fetching EICHERMOT.NS …
2026-07-14 06:01:53,531  INFO      [47/107] fetching BRITANNIA.NS …
2026-07-14 06:01:54,047  INFO      [48/107] fetching HEROMOTOCO.NS …
2026-07-14 06:01:54,561  INFO      [49/107] fetching BAJAJ-AUTO.NS …
2026-07-14 06:01:55,070  INFO      [50/107] fetching INDUSINDBK.NS …
2026-07-14 06:01:55,571  INFO      [51/107] fetching APOLLOHOSP.NS …
2026-07-14 06:01:56,084  INFO      [52/107] fetching TATACONSUM.NS …
2026-07-14 06:01:56,602  INFO      [53/107] fetching UPL.NS …
2026-07-14 06:01:57,140  INFO      [54/107] fetching BPCL.NS …
2026-07-14 06:01:57,651  INFO      [55/107] fetching SBILIFE.NS …
2026-07-14 06:01:58,138  INFO      [56/107] fetching HDFCLIFE.NS …
2026-07-14 06:01:58,646  INFO      [57/107] fetching ADANIPORTS.NS …
2026-07-14 06:01:59,158  INFO      [58/107] fetching LTIM.NS …
2026-07-14 06:02:00,402  WARNING   [LTIM.NS] insufficient history (0 rows)
2026-07-14 06:02:00,802  INFO      [59/107] fetching ABB.NS …
2026-07-14 06:02:01,307  INFO      [60/107] fetching ADANIGREEN.NS …
2026-07-14 06:02:01,820  INFO      [61/107] fetching ADANIPOWER.NS …
2026-07-14 06:02:02,302  INFO      [62/107] fetching AMBUJACEM.NS …
2026-07-14 06:02:02,813  INFO      [63/107] fetching DMART.NS …
2026-07-14 06:02:03,294  INFO      [64/107] fetching BAJAJHLDNG.NS …
2026-07-14 06:02:03,799  INFO      [65/107] fetching BANKBARODA.NS …
2026-07-14 06:02:04,380  INFO      [66/107] fetching BERGEPAINT.NS …
2026-07-14 06:02:04,945  INFO      [67/107] fetching BOSCHLTD.NS …
2026-07-14 06:02:05,451  INFO      [68/107] fetching CANBK.NS …
2026-07-14 06:02:05,962  INFO      [69/107] fetching CHOLAFIN.NS …
2026-07-14 06:02:06,469  INFO      [70/107] fetching COLPAL.NS …
2026-07-14 06:02:06,968  INFO      [71/107] fetching DABUR.NS …
2026-07-14 06:02:07,477  INFO      [72/107] fetching DLF.NS …
2026-07-14 06:02:07,981  INFO      [73/107] fetching GAIL.NS …
2026-07-14 06:02:08,503  INFO      [74/107] fetching GODREJCP.NS …
2026-07-14 06:02:09,080  INFO      [75/107] fetching HAVELLS.NS …
2026-07-14 06:02:09,591  INFO      [76/107] fetching HAL.NS …
2026-07-14 06:02:10,079  INFO      [77/107] fetching ICICIGI.NS …
2026-07-14 06:02:10,576  INFO      [78/107] fetching ICICIPRULI.NS …
2026-07-14 06:02:11,071  INFO      [79/107] fetching IOC.NS …
2026-07-14 06:02:11,586  INFO      [80/107] fetching IRCTC.NS …
2026-07-14 06:02:12,075  INFO      [81/107] fetching JINDALSTEL.NS …
2026-07-14 06:02:12,582  INFO      [82/107] fetching LICI.NS …
2026-07-14 06:02:13,066  INFO      [83/107] fetching MARICO.NS …
2026-07-14 06:02:13,586  INFO      [84/107] fetching MOTHERSON.NS …
2026-07-14 06:02:14,106  INFO      [85/107] fetching NAUKRI.NS …
2026-07-14 06:02:14,691  INFO      [86/107] fetching PIDILITIND.NS …
2026-07-14 06:02:15,195  INFO      [87/107] fetching PNB.NS …
2026-07-14 06:02:15,700  INFO      [88/107] fetching PFC.NS …
2026-07-14 06:02:16,219  INFO      [89/107] fetching RECLTD.NS …
2026-07-14 06:02:16,717  INFO      [90/107] fetching SIEMENS.NS …
2026-07-14 06:02:17,227  INFO      [91/107] fetching SRF.NS …
2026-07-14 06:02:17,739  INFO      [92/107] fetching SHREECEM.NS …
2026-07-14 06:02:18,248  INFO      [93/107] fetching SHRIRAMFIN.NS …
2026-07-14 06:02:18,785  INFO      [94/107] fetching TORNTPHARM.NS …
2026-07-14 06:02:19,302  INFO      [95/107] fetching TRENT.NS …
2026-07-14 06:02:19,806  INFO      [96/107] fetching TVSMOTOR.NS …
2026-07-14 06:02:20,317  INFO      [97/107] fetching VEDL.NS …
2026-07-14 06:02:20,835  INFO      [98/107] fetching VBL.NS …
2026-07-14 06:02:21,327  INFO      [99/107] fetching ZOMATO.NS …
2026-07-14 06:02:21,948  WARNING   [ZOMATO.NS] insufficient history (0 rows)
2026-07-14 06:02:22,348  INFO      [100/107] fetching ZYDUSLIFE.NS …
2026-07-14 06:02:22,860  INFO      [101/107] fetching INDIGO.NS …
2026-07-14 06:02:23,360  INFO      [102/107] fetching IDEA.NS …
2026-07-14 06:02:23,845  INFO      [103/107] fetching BANKINDIA.NS …
2026-07-14 06:02:24,357  INFO      [104/107] fetching PAGEIND.NS …
2026-07-14 06:02:24,858  INFO      [105/107] fetching MUTHOOTFIN.NS …
2026-07-14 06:02:25,353  INFO      [106/107] fetching TATAELXSI.NS …
2026-07-14 06:02:25,860  INFO      [107/107] fetching LUPIN.NS …
2026-07-14 06:02:26,044  INFO      Fetched 104/107 symbols successfully.
2026-07-14 06:02:28,349  WARNING   [MF 120503] fetch failed: HTTPSConnectionPool(host='api.mfapi.in', port=443): Read timed out. (read timeout=2)
2026-07-14 06:02:30,211  INFO      Fetched 200 headlines from RSS (Indian + global/geopolitics).
2026-07-14 06:02:33,071  INFO      Macro regime: neutral | bias=-1 | geo-risk=37.5
2026-07-14 06:02:33,098  INFO      NSE corp announcements: 20 filings
2026-07-14 06:02:34,878  INFO      Angel One login successful.
2026-07-14 06:02:35,943  INFO      Saved report → data/stock_reports/2026-07-14_0602.json
2026-07-14 06:02:36,537  INFO      Report image saved → logs/stock_analyzer/2026-07-14/stock_report.png  [1920×1280]
2026-07-14 06:02:36,537  INFO      Dry-run: skipping send. Image + PDF saved locally; console printed.
2026-07-14 06:02:36,538  INFO      == Stock analyzer run complete ==
2026-07-14 06:02:36,540  INFO      [Note] PAPER TRADING -- virtual cash Rs 100,000, max_positions=6 max_pct=15% buckets=('intraday', 'swing') state=data/paper_trader_state.json
2026-07-14 06:02:36,540  INFO      [Note] PAPER TRADING -- virtual cash Rs 100,000, max_positions=6 max_pct=15% buckets=('intraday', 'swing') state=data/paper_trader_state.json
2026-07-14 06:02:36,541  INFO      paper-trader: new day, archived 5 trades (cumulative ₹-2,663)
2026-07-14 06:02:50,571  INFO      [DRY] Angel order would be: {'variety': 'NORMAL', 'tradingsymbol': 'DIVISLAB-EQ', 'symboltoken': '10940', 'transactiontype': 'BUY', 'exchange': 'NSE', 'ordertype': 'MARKET', 'producttype': 'INTRADAY', 'duration': 'DAY', 'price': '0', 'squareoff': '0', 'stoploss': '0', 'quantity': '1'}
2026-07-14 06:02:50,572  INFO      [OPEN] [DRY] DIVISLAB.NS qty=1 @ Rs 7058.00 SL Rs 6918.39 TGT Rs 7406.56 (order=None)
2026-07-14 06:02:50,572  INFO      [DRY] Angel order would be: {'variety': 'NORMAL', 'tradingsymbol': 'HINDALCO-EQ', 'symboltoken': '1363', 'transactiontype': 'BUY', 'exchange': 'NSE', 'ordertype': 'MARKET', 'producttype': 'INTRADAY', 'duration': 'DAY', 'price': '0', 'squareoff': '0', 'stoploss': '0', 'quantity': '12'}
2026-07-14 06:02:50,572  INFO      [OPEN] [DRY] HINDALCO.NS qty=12 @ Rs 988.20 SL Rs 965.15 TGT Rs 1016.06 (order=None)
2026-07-14 06:02:50,572  INFO      [DRY] Angel order would be: {'variety': 'NORMAL', 'tradingsymbol': 'ADANIPOWER-EQ', 'symboltoken': '17388', 'transactiontype': 'BUY', 'exchange': 'NSE', 'ordertype': 'MARKET', 'producttype': 'INTRADAY', 'duration': 'DAY', 'price': '0', 'squareoff': '0', 'stoploss': '0', 'quantity': '47'}
2026-07-14 06:02:50,572  INFO      [OPEN] [DRY] ADANIPOWER.NS qty=47 @ Rs 225.23 SL Rs 219.03 TGT Rs 228.54 (order=None)
2026-07-14 06:02:50,572  INFO      [DRY] Angel order would be: {'variety': 'NORMAL', 'tradingsymbol': 'ADANIGREEN-EQ', 'symboltoken': '3563', 'transactiontype': 'BUY', 'exchange': 'NSE', 'ordertype': 'MARKET', 'producttype': 'INTRADAY', 'duration': 'DAY', 'price': '0', 'squareoff': '0', 'stoploss': '0', 'quantity': '5'}
2026-07-14 06:02:50,572  INFO      [OPEN] [DRY] ADANIGREEN.NS qty=5 @ Rs 1610.10 SL Rs 1562.05 TGT Rs 1692.46 (order=None)
2026-07-14 06:02:50,572  INFO      [DRY] Angel order would be: {'variety': 'NORMAL', 'tradingsymbol': 'TECHM-EQ', 'symboltoken': '13538', 'transactiontype': 'BUY', 'exchange': 'NSE', 'ordertype': 'MARKET', 'producttype': 'INTRADAY', 'duration': 'DAY', 'price': '0', 'squareoff': '0', 'stoploss': '0', 'quantity': '5'}
2026-07-14 06:02:50,572  INFO      [OPEN] [DRY] TECHM.NS qty=5 @ Rs 1507.00 SL Rs 1462.39 TGT Rs 1585.82 (order=None)
2026-07-14 06:02:50,576  INFO      tick result: {'ok': True, 'actions': 5, 'open_trades': 6, 'closed_today': 0, 'realised_pnl': 0.0, 'cumulative_pnl': -2662.78, 'halted': False, 'messages': ['[OPEN] [DRY] DIVISLAB.NS qty=1 @ Rs 7058.00 SL Rs 6918.39 TGT Rs 7406.56 (order=None)', '[OPEN] [DRY] HINDALCO.NS qty=12 @ Rs 988.20 SL Rs 965.15 TGT Rs 1016.06 (order=None)', '[OPEN] [DRY] ADANIPOWER.NS qty=47 @ Rs 225.23 SL Rs 219.03 TGT Rs 228.54 (order=None)', '[OPEN] [DRY] ADANIGREEN.NS qty=5 @ Rs 1610.10 SL Rs 1562.05 TGT Rs 1692.46 (order=None)', '[OPEN] [DRY] TECHM.NS qty=5 @ Rs 1507.00 SL Rs 1462.39 TGT Rs 1585.82 (order=None)']}
2026-07-14 06:02:50,576  INFO      tick result: {'ok': True, 'actions': 5, 'open_trades': 6, 'closed_today': 0, 'realised_pnl': 0.0, 'cumulative_pnl': -2662.78, 'halted': False, 'messages': ['[OPEN] [DRY] DIVISLAB.NS qty=1 @ Rs 7058.00 SL Rs 6918.39 TGT Rs 7406.56 (order=None)', '[OPEN] [DRY] HINDALCO.NS qty=12 @ Rs 988.20 SL Rs 965.15 TGT Rs 1016.06 (order=None)', '[OPEN] [DRY] ADANIPOWER.NS qty=47 @ Rs 225.23 SL Rs 219.03 TGT Rs 228.54 (order=None)', '[OPEN] [DRY] ADANIGREEN.NS qty=5 @ Rs 1610.10 SL Rs 1562.05 TGT Rs 1692.46 (order=None)', '[OPEN] [DRY] TECHM.NS qty=5 @ Rs 1507.00 SL Rs 1462.39 TGT Rs 1585.82 (order=None)']}
