2026-09-07 08:40:16,286  INFO      angel_one starting ... (cmd=paper-trade)
2026-09-07 08:40:16,286  INFO      angel_one starting ... (cmd=paper-trade)
2026-09-07 08:40:16,299  INFO      refresh: generating today's picks via analyzer (dry-run, no PDF)
2026-09-07 08:40:16,299  INFO      refresh: generating today's picks via analyzer (dry-run, no PDF)
2026-09-07 08:40:16,745  INFO      == Stock analyzer run starting ==
2026-09-07 08:40:16,746  INFO      Watchlist: 11 symbols from data/stock_watchlist.txt
2026-09-07 08:40:16,746  INFO      Universe: 107 symbols (total available: 107)
2026-09-07 08:40:17,572  INFO      [1/107] fetching TATAPOWER.NS …
2026-09-07 08:40:18,156  INFO      [2/107] fetching IRFC.NS …
2026-09-07 08:40:18,659  INFO      [3/107] fetching SUZLON.NS …
2026-09-07 08:40:19,156  INFO      [4/107] fetching IREDA.NS …
2026-09-07 08:40:19,735  INFO      [5/107] fetching BHEL.NS …
2026-09-07 08:40:20,285  INFO      [6/107] fetching KPITTECH.NS …
2026-09-07 08:40:20,881  INFO      [7/107] fetching POLYCAB.NS …
2026-09-07 08:40:21,445  INFO      [8/107] fetching PERSISTENT.NS …
2026-09-07 08:40:22,140  INFO      [9/107] fetching ITC.NS …
2026-09-07 08:40:22,659  INFO      [10/107] fetching POWERGRID.NS …
2026-09-07 08:40:23,230  INFO      [11/107] fetching COALINDIA.NS …
2026-09-07 08:40:23,773  INFO      [12/107] fetching RELIANCE.NS …
2026-09-07 08:40:24,340  INFO      [13/107] fetching TCS.NS …
2026-09-07 08:40:24,851  INFO      [14/107] fetching HDFCBANK.NS …
2026-09-07 08:40:25,467  INFO      [15/107] fetching INFY.NS …
2026-09-07 08:40:26,056  INFO      [16/107] fetching ICICIBANK.NS …
2026-09-07 08:40:26,590  INFO      [17/107] fetching HINDUNILVR.NS …
2026-09-07 08:40:27,140  INFO      [18/107] fetching SBIN.NS …
2026-09-07 08:40:27,746  INFO      [19/107] fetching BHARTIARTL.NS …
2026-09-07 08:40:28,315  INFO      [20/107] fetching KOTAKBANK.NS …
2026-09-07 08:40:28,913  INFO      [21/107] fetching LT.NS …
2026-09-07 08:40:29,489  INFO      [22/107] fetching AXISBANK.NS …
2026-09-07 08:40:30,078  INFO      [23/107] fetching BAJFINANCE.NS …
2026-09-07 08:40:30,654  INFO      [24/107] fetching ASIANPAINT.NS …
2026-09-07 08:40:31,225  INFO      [25/107] fetching MARUTI.NS …
2026-09-07 08:40:31,798  INFO      [26/107] fetching HCLTECH.NS …
2026-09-07 08:40:32,378  INFO      [27/107] fetching SUNPHARMA.NS …
2026-09-07 08:40:32,894  INFO      [28/107] fetching TITAN.NS …
2026-09-07 08:40:33,485  INFO      [29/107] fetching ULTRACEMCO.NS …
2026-09-07 08:40:34,008  INFO      [30/107] fetching WIPRO.NS …
2026-09-07 08:40:34,529  INFO      [31/107] fetching NESTLEIND.NS …
2026-09-07 08:40:35,047  INFO      [32/107] fetching ADANIENT.NS …
2026-09-07 08:40:35,563  INFO      [33/107] fetching NTPC.NS …
2026-09-07 08:40:36,076  INFO      [34/107] fetching TATAMOTORS.NS …
2026-09-07 08:40:37,317  WARNING   [TATAMOTORS.NS] insufficient history (0 rows)
2026-09-07 08:40:37,717  INFO      [35/107] fetching M&M.NS …
2026-09-07 08:40:38,300  INFO      [36/107] fetching TATASTEEL.NS …
2026-09-07 08:40:38,910  INFO      [37/107] fetching JSWSTEEL.NS …
2026-09-07 08:40:39,517  INFO      [38/107] fetching ONGC.NS …
2026-09-07 08:40:39,987  INFO      [39/107] fetching TECHM.NS …
2026-09-07 08:40:40,453  INFO      [40/107] fetching BAJAJFINSV.NS …
2026-09-07 08:40:41,010  INFO      [41/107] fetching HINDALCO.NS …
2026-09-07 08:40:41,606  INFO      [42/107] fetching GRASIM.NS …
2026-09-07 08:40:42,087  INFO      [43/107] fetching DRREDDY.NS …
2026-09-07 08:40:42,719  INFO      [44/107] fetching CIPLA.NS …
2026-09-07 08:40:43,260  INFO      [45/107] fetching DIVISLAB.NS …
2026-09-07 08:40:43,792  INFO      [46/107] fetching EICHERMOT.NS …
2026-09-07 08:40:44,427  INFO      [47/107] fetching BRITANNIA.NS …
2026-09-07 08:40:44,949  INFO      [48/107] fetching HEROMOTOCO.NS …
2026-09-07 08:40:45,530  INFO      [49/107] fetching BAJAJ-AUTO.NS …
2026-09-07 08:40:45,999  INFO      [50/107] fetching INDUSINDBK.NS …
2026-09-07 08:40:46,466  INFO      [51/107] fetching APOLLOHOSP.NS …
2026-09-07 08:40:47,042  INFO      [52/107] fetching TATACONSUM.NS …
2026-09-07 08:40:47,516  INFO      [53/107] fetching UPL.NS …
2026-09-07 08:40:48,050  INFO      [54/107] fetching BPCL.NS …
2026-09-07 08:40:48,659  INFO      [55/107] fetching SBILIFE.NS …
2026-09-07 08:40:49,174  INFO      [56/107] fetching HDFCLIFE.NS …
2026-09-07 08:40:49,689  INFO      [57/107] fetching ADANIPORTS.NS …
2026-09-07 08:40:50,318  INFO      [58/107] fetching LTIM.NS …
2026-09-07 08:40:50,996  WARNING   [LTIM.NS] insufficient history (0 rows)
2026-09-07 08:40:51,396  INFO      [59/107] fetching ABB.NS …
2026-09-07 08:40:51,949  INFO      [60/107] fetching ADANIGREEN.NS …
2026-09-07 08:40:52,497  INFO      [61/107] fetching ADANIPOWER.NS …
2026-09-07 08:40:53,029  INFO      [62/107] fetching AMBUJACEM.NS …
2026-09-07 08:40:53,542  INFO      [63/107] fetching DMART.NS …
2026-09-07 08:40:54,074  INFO      [64/107] fetching BAJAJHLDNG.NS …
2026-09-07 08:40:54,696  INFO      [65/107] fetching BANKBARODA.NS …
2026-09-07 08:40:55,280  INFO      [66/107] fetching BERGEPAINT.NS …
2026-09-07 08:40:55,838  INFO      [67/107] fetching BOSCHLTD.NS …
2026-09-07 08:40:56,370  INFO      [68/107] fetching CANBK.NS …
2026-09-07 08:40:56,908  INFO      [69/107] fetching CHOLAFIN.NS …
2026-09-07 08:40:57,454  INFO      [70/107] fetching COLPAL.NS …
2026-09-07 08:40:58,022  INFO      [71/107] fetching DABUR.NS …
2026-09-07 08:40:58,572  INFO      [72/107] fetching DLF.NS …
2026-09-07 08:40:59,094  INFO      [73/107] fetching GAIL.NS …
2026-09-07 08:40:59,613  INFO      [74/107] fetching GODREJCP.NS …
2026-09-07 08:41:00,200  INFO      [75/107] fetching HAVELLS.NS …
2026-09-07 08:41:00,745  INFO      [76/107] fetching HAL.NS …
2026-09-07 08:41:01,315  INFO      [77/107] fetching ICICIGI.NS …
2026-09-07 08:41:01,908  INFO      [78/107] fetching ICICIPRULI.NS …
2026-09-07 08:41:02,421  INFO      [79/107] fetching IOC.NS …
2026-09-07 08:41:02,999  INFO      [80/107] fetching IRCTC.NS …
2026-09-07 08:41:03,539  INFO      [81/107] fetching JINDALSTEL.NS …
2026-09-07 08:41:04,119  INFO      [82/107] fetching LICI.NS …
2026-09-07 08:41:04,674  INFO      [83/107] fetching MARICO.NS …
2026-09-07 08:41:05,190  INFO      [84/107] fetching MOTHERSON.NS …
2026-09-07 08:41:05,703  INFO      [85/107] fetching NAUKRI.NS …
2026-09-07 08:41:06,266  INFO      [86/107] fetching PIDILITIND.NS …
2026-09-07 08:41:06,823  INFO      [87/107] fetching PNB.NS …
2026-09-07 08:41:07,476  INFO      [88/107] fetching PFC.NS …
2026-09-07 08:41:08,068  INFO      [89/107] fetching RECLTD.NS …
2026-09-07 08:41:08,633  INFO      [90/107] fetching SIEMENS.NS …
2026-09-07 08:41:09,191  INFO      [91/107] fetching SRF.NS …
2026-09-07 08:41:09,743  INFO      [92/107] fetching SHREECEM.NS …
2026-09-07 08:41:10,252  INFO      [93/107] fetching SHRIRAMFIN.NS …
2026-09-07 08:41:10,852  INFO      [94/107] fetching TORNTPHARM.NS …
2026-09-07 08:41:11,396  INFO      [95/107] fetching TRENT.NS …
2026-09-07 08:41:11,972  INFO      [96/107] fetching TVSMOTOR.NS …
2026-09-07 08:41:12,488  INFO      [97/107] fetching VEDL.NS …
2026-09-07 08:41:13,015  INFO      [98/107] fetching VBL.NS …
2026-09-07 08:41:13,529  INFO      [99/107] fetching ZOMATO.NS …
2026-09-07 08:41:14,169  WARNING   [ZOMATO.NS] insufficient history (0 rows)
2026-09-07 08:41:14,569  INFO      [100/107] fetching ZYDUSLIFE.NS …
2026-09-07 08:41:15,152  INFO      [101/107] fetching INDIGO.NS …
2026-09-07 08:41:15,709  INFO      [102/107] fetching IDEA.NS …
2026-09-07 08:41:16,286  INFO      [103/107] fetching BANKINDIA.NS …
2026-09-07 08:41:16,855  INFO      [104/107] fetching PAGEIND.NS …
2026-09-07 08:41:17,428  INFO      [105/107] fetching MUTHOOTFIN.NS …
2026-09-07 08:41:17,949  INFO      [106/107] fetching TATAELXSI.NS …
2026-09-07 08:41:18,475  INFO      [107/107] fetching LUPIN.NS …
2026-09-07 08:41:18,652  INFO      Fetched 104/107 symbols successfully.
2026-09-07 08:41:23,234  INFO      Fetched 200 headlines from RSS (Indian + global/geopolitics).
2026-09-07 08:41:26,839  INFO      Macro regime: neutral | bias=-1 | geo-risk=50.0
2026-09-07 08:41:27,122  INFO      NSE corp announcements: 20 filings
2026-09-07 08:41:28,841  INFO      Angel One login successful.
2026-09-07 08:41:29,517  INFO      Saved report → data/stock_reports/2026-09-07_0841.json
2026-09-07 08:41:30,007  INFO      Report image saved → logs/stock_analyzer/2026-09-07/stock_report.png  [1920×1280]
2026-09-07 08:41:30,007  INFO      Dry-run: skipping send. Image + PDF saved locally; console printed.
2026-09-07 08:41:30,008  INFO      == Stock analyzer run complete ==
2026-09-07 08:41:30,010  INFO      [Note] PAPER TRADING -- virtual cash Rs 100,000, max_positions=6 max_pct=15% buckets=('intraday', 'swing') state=data/paper_trader_state.json
2026-09-07 08:41:30,010  INFO      [Note] PAPER TRADING -- virtual cash Rs 100,000, max_positions=6 max_pct=15% buckets=('intraday', 'swing') state=data/paper_trader_state.json
2026-09-07 08:41:30,012  INFO      paper-trader: new day, archived 3 trades (cumulative ₹-4,469)
2026-09-07 08:41:59,554  INFO      [DRY] Angel order would be: {'variety': 'NORMAL', 'tradingsymbol': 'BHEL-EQ', 'symboltoken': '438', 'transactiontype': 'SELL', 'exchange': 'NSE', 'ordertype': 'MARKET', 'producttype': 'INTRADAY', 'duration': 'DAY', 'price': '0', 'squareoff': '0', 'stoploss': '0', 'quantity': '16'}
2026-09-07 08:41:59,554  INFO      [SL] [DRY] CLOSE BHEL.NS qty=16 @ Rs 423.55 P&L Rs -32 (gross Rs -22, cost Rs 10; trailing-SL hit @ 423.55 (peak 432.65))
2026-09-07 08:41:59,554  INFO      [DRY] Angel order would be: {'variety': 'NORMAL', 'tradingsymbol': 'LICI-EQ', 'symboltoken': '9480', 'transactiontype': 'SELL', 'exchange': 'NSE', 'ordertype': 'MARKET', 'producttype': 'INTRADAY', 'duration': 'DAY', 'price': '0', 'squareoff': '0', 'stoploss': '0', 'quantity': '19'}
2026-09-07 08:41:59,554  INFO      [SL] [DRY] CLOSE LICI.NS qty=19 @ Rs 410.95 P&L Rs -117 (gross Rs -105, cost Rs 12; SL hit @ 410.95)
2026-09-07 08:41:59,554  INFO      [DRY] Angel order would be: {'variety': 'NORMAL', 'tradingsymbol': 'GAIL-EQ', 'symboltoken': '4717', 'transactiontype': 'BUY', 'exchange': 'NSE', 'ordertype': 'MARKET', 'producttype': 'INTRADAY', 'duration': 'DAY', 'price': '0', 'squareoff': '0', 'stoploss': '0', 'quantity': '62'}
2026-09-07 08:41:59,554  INFO      [OPEN] [DRY] GAIL.NS qty=62 @ Rs 175.85 SL Rs 172.34 TGT Rs 175.85 (order=None)
2026-09-07 08:41:59,554  INFO      [DRY] Angel order would be: {'variety': 'NORMAL', 'tradingsymbol': 'COALINDIA-EQ', 'symboltoken': '20374', 'transactiontype': 'BUY', 'exchange': 'NSE', 'ordertype': 'MARKET', 'producttype': 'INTRADAY', 'duration': 'DAY', 'price': '0', 'squareoff': '0', 'stoploss': '0', 'quantity': '22'}
2026-09-07 08:41:59,554  INFO      [OPEN] [DRY] COALINDIA.NS qty=22 @ Rs 418.35 SL Rs 410.82 TGT Rs 432.63 (order=None)
2026-09-07 08:41:59,554  INFO      [DRY] Angel order would be: {'variety': 'NORMAL', 'tradingsymbol': 'ZYDUSLIFE-EQ', 'symboltoken': '7929', 'transactiontype': 'BUY', 'exchange': 'NSE', 'ordertype': 'MARKET', 'producttype': 'INTRADAY', 'duration': 'DAY', 'price': '0', 'squareoff': '0', 'stoploss': '0', 'quantity': '6'}
2026-09-07 08:41:59,555  INFO      [OPEN] [DRY] ZYDUSLIFE.NS qty=6 @ Rs 1156.80 SL Rs 1125.64 TGT Rs 1167.36 (order=None)
2026-09-07 08:41:59,560  INFO      tick result: {'ok': True, 'actions': 5, 'open_trades': 4, 'closed_today': 2, 'realised_pnl': -149.02, 'cumulative_pnl': -4617.82, 'halted': False, 'messages': ['[SL] [DRY] CLOSE BHEL.NS qty=16 @ Rs 423.55 P&L Rs -32 (gross Rs -22, cost Rs 10; trailing-SL hit @ 423.55 (peak 432.65))', '[SL] [DRY] CLOSE LICI.NS qty=19 @ Rs 410.95 P&L Rs -117 (gross Rs -105, cost Rs 12; SL hit @ 410.95)', '[OPEN] [DRY] GAIL.NS qty=62 @ Rs 175.85 SL Rs 172.34 TGT Rs 175.85 (order=None)', '[OPEN] [DRY] COALINDIA.NS qty=22 @ Rs 418.35 SL Rs 410.82 TGT Rs 432.63 (order=None)', '[OPEN] [DRY] ZYDUSLIFE.NS qty=6 @ Rs 1156.80 SL Rs 1125.64 TGT Rs 1167.36 (order=None)']}
2026-09-07 08:41:59,560  INFO      tick result: {'ok': True, 'actions': 5, 'open_trades': 4, 'closed_today': 2, 'realised_pnl': -149.02, 'cumulative_pnl': -4617.82, 'halted': False, 'messages': ['[SL] [DRY] CLOSE BHEL.NS qty=16 @ Rs 423.55 P&L Rs -32 (gross Rs -22, cost Rs 10; trailing-SL hit @ 423.55 (peak 432.65))', '[SL] [DRY] CLOSE LICI.NS qty=19 @ Rs 410.95 P&L Rs -117 (gross Rs -105, cost Rs 12; SL hit @ 410.95)', '[OPEN] [DRY] GAIL.NS qty=62 @ Rs 175.85 SL Rs 172.34 TGT Rs 175.85 (order=None)', '[OPEN] [DRY] COALINDIA.NS qty=22 @ Rs 418.35 SL Rs 410.82 TGT Rs 432.63 (order=None)', '[OPEN] [DRY] ZYDUSLIFE.NS qty=6 @ Rs 1156.80 SL Rs 1125.64 TGT Rs 1167.36 (order=None)']}
