2026-06-24 07:29:37,542  INFO      angel_one starting ... (cmd=paper-trade)
2026-06-24 07:29:37,542  INFO      angel_one starting ... (cmd=paper-trade)
2026-06-24 07:29:37,557  INFO      refresh: generating today's picks via analyzer (dry-run, no PDF)
2026-06-24 07:29:37,557  INFO      refresh: generating today's picks via analyzer (dry-run, no PDF)
2026-06-24 07:29:38,234  INFO      == Stock analyzer run starting ==
2026-06-24 07:29:38,234  INFO      Watchlist: 11 symbols from data/stock_watchlist.txt
2026-06-24 07:29:38,235  INFO      Universe: 107 symbols (total available: 107)
2026-06-24 07:29:39,156  INFO      [1/107] fetching TATAPOWER.NS …
2026-06-24 07:29:39,868  INFO      [2/107] fetching IRFC.NS …
2026-06-24 07:29:40,417  INFO      [3/107] fetching SUZLON.NS …
2026-06-24 07:29:40,960  INFO      [4/107] fetching IREDA.NS …
2026-06-24 07:29:41,607  INFO      [5/107] fetching BHEL.NS …
2026-06-24 07:29:42,170  INFO      [6/107] fetching KPITTECH.NS …
2026-06-24 07:29:42,718  INFO      [7/107] fetching POLYCAB.NS …
2026-06-24 07:29:43,357  INFO      [8/107] fetching PERSISTENT.NS …
2026-06-24 07:29:43,955  INFO      [9/107] fetching ITC.NS …
2026-06-24 07:29:44,569  INFO      [10/107] fetching POWERGRID.NS …
2026-06-24 07:29:45,162  INFO      [11/107] fetching COALINDIA.NS …
2026-06-24 07:29:45,729  INFO      [12/107] fetching RELIANCE.NS …
2026-06-24 07:29:46,368  INFO      [13/107] fetching TCS.NS …
2026-06-24 07:29:47,073  INFO      [14/107] fetching HDFCBANK.NS …
2026-06-24 07:29:47,669  INFO      [15/107] fetching INFY.NS …
2026-06-24 07:29:48,282  INFO      [16/107] fetching ICICIBANK.NS …
2026-06-24 07:29:48,921  INFO      [17/107] fetching HINDUNILVR.NS …
2026-06-24 07:29:49,496  INFO      [18/107] fetching SBIN.NS …
2026-06-24 07:29:50,070  INFO      [19/107] fetching BHARTIARTL.NS …
2026-06-24 07:29:50,649  INFO      [20/107] fetching KOTAKBANK.NS …
2026-06-24 07:29:51,242  INFO      [21/107] fetching LT.NS …
2026-06-24 07:29:51,848  INFO      [22/107] fetching AXISBANK.NS …
2026-06-24 07:29:52,554  INFO      [23/107] fetching BAJFINANCE.NS …
2026-06-24 07:29:53,195  INFO      [24/107] fetching ASIANPAINT.NS …
2026-06-24 07:29:53,762  INFO      [25/107] fetching MARUTI.NS …
2026-06-24 07:29:54,347  INFO      [26/107] fetching HCLTECH.NS …
2026-06-24 07:29:55,086  INFO      [27/107] fetching SUNPHARMA.NS …
2026-06-24 07:29:55,676  INFO      [28/107] fetching TITAN.NS …
2026-06-24 07:29:56,242  INFO      [29/107] fetching ULTRACEMCO.NS …
2026-06-24 07:29:56,811  INFO      [30/107] fetching WIPRO.NS …
2026-06-24 07:29:57,471  INFO      [31/107] fetching NESTLEIND.NS …
2026-06-24 07:29:58,061  INFO      [32/107] fetching ADANIENT.NS …
2026-06-24 07:29:58,740  INFO      [33/107] fetching NTPC.NS …
2026-06-24 07:29:59,382  INFO      [34/107] fetching TATAMOTORS.NS …
2026-06-24 07:30:01,206  WARNING   [TATAMOTORS.NS] insufficient history (0 rows)
2026-06-24 07:30:01,607  INFO      [35/107] fetching M&M.NS …
2026-06-24 07:30:02,180  INFO      [36/107] fetching TATASTEEL.NS …
2026-06-24 07:30:02,767  INFO      [37/107] fetching JSWSTEEL.NS …
2026-06-24 07:30:03,508  INFO      [38/107] fetching ONGC.NS …
2026-06-24 07:30:04,127  INFO      [39/107] fetching TECHM.NS …
2026-06-24 07:30:04,701  INFO      [40/107] fetching BAJAJFINSV.NS …
2026-06-24 07:30:05,261  INFO      [41/107] fetching HINDALCO.NS …
2026-06-24 07:30:05,939  INFO      [42/107] fetching GRASIM.NS …
2026-06-24 07:30:06,517  INFO      [43/107] fetching DRREDDY.NS …
2026-06-24 07:30:07,100  INFO      [44/107] fetching CIPLA.NS …
2026-06-24 07:30:07,757  INFO      [45/107] fetching DIVISLAB.NS …
2026-06-24 07:30:08,484  INFO      [46/107] fetching EICHERMOT.NS …
2026-06-24 07:30:09,102  INFO      [47/107] fetching BRITANNIA.NS …
2026-06-24 07:30:09,729  INFO      [48/107] fetching HEROMOTOCO.NS …
2026-06-24 07:30:10,302  INFO      [49/107] fetching BAJAJ-AUTO.NS …
2026-06-24 07:30:10,942  INFO      [50/107] fetching INDUSINDBK.NS …
2026-06-24 07:30:11,509  INFO      [51/107] fetching APOLLOHOSP.NS …
2026-06-24 07:30:12,113  INFO      [52/107] fetching TATACONSUM.NS …
2026-06-24 07:30:12,821  INFO      [53/107] fetching UPL.NS …
2026-06-24 07:30:13,461  INFO      [54/107] fetching BPCL.NS …
2026-06-24 07:30:14,093  INFO      [55/107] fetching SBILIFE.NS …
2026-06-24 07:30:14,684  INFO      [56/107] fetching HDFCLIFE.NS …
2026-06-24 07:30:15,310  INFO      [57/107] fetching ADANIPORTS.NS …
2026-06-24 07:30:15,897  INFO      [58/107] fetching LTIM.NS …
2026-06-24 07:30:17,425  WARNING   [LTIM.NS] insufficient history (0 rows)
2026-06-24 07:30:17,825  INFO      [59/107] fetching ABB.NS …
2026-06-24 07:30:18,399  INFO      [60/107] fetching ADANIGREEN.NS …
2026-06-24 07:30:18,949  INFO      [61/107] fetching ADANIPOWER.NS …
2026-06-24 07:30:19,519  INFO      [62/107] fetching AMBUJACEM.NS …
2026-06-24 07:30:20,089  INFO      [63/107] fetching DMART.NS …
2026-06-24 07:30:20,680  INFO      [64/107] fetching BAJAJHLDNG.NS …
2026-06-24 07:30:21,350  INFO      [65/107] fetching BANKBARODA.NS …
2026-06-24 07:30:22,027  INFO      [66/107] fetching BERGEPAINT.NS …
2026-06-24 07:30:22,653  INFO      [67/107] fetching BOSCHLTD.NS …
2026-06-24 07:30:23,277  INFO      [68/107] fetching CANBK.NS …
2026-06-24 07:30:23,840  INFO      [69/107] fetching CHOLAFIN.NS …
2026-06-24 07:30:24,504  INFO      [70/107] fetching COLPAL.NS …
2026-06-24 07:30:25,160  INFO      [71/107] fetching DABUR.NS …
2026-06-24 07:30:25,746  INFO      [72/107] fetching DLF.NS …
2026-06-24 07:30:26,432  INFO      [73/107] fetching GAIL.NS …
2026-06-24 07:30:27,140  INFO      [74/107] fetching GODREJCP.NS …
2026-06-24 07:30:27,771  INFO      [75/107] fetching HAVELLS.NS …
2026-06-24 07:30:28,439  INFO      [76/107] fetching HAL.NS …
2026-06-24 07:30:29,083  INFO      [77/107] fetching ICICIGI.NS …
2026-06-24 07:30:29,725  INFO      [78/107] fetching ICICIPRULI.NS …
2026-06-24 07:30:30,370  INFO      [79/107] fetching IOC.NS …
2026-06-24 07:30:31,075  INFO      [80/107] fetching IRCTC.NS …
2026-06-24 07:30:31,713  INFO      [81/107] fetching JINDALSTEL.NS …
2026-06-24 07:30:32,373  INFO      [82/107] fetching LICI.NS …
2026-06-24 07:30:33,014  INFO      [83/107] fetching MARICO.NS …
2026-06-24 07:30:33,679  INFO      [84/107] fetching MOTHERSON.NS …
2026-06-24 07:30:34,384  INFO      [85/107] fetching NAUKRI.NS …
2026-06-24 07:30:35,020  INFO      [86/107] fetching PIDILITIND.NS …
2026-06-24 07:30:35,672  INFO      [87/107] fetching PNB.NS …
2026-06-24 07:30:36,296  INFO      [88/107] fetching PFC.NS …
2026-06-24 07:30:36,979  INFO      [89/107] fetching RECLTD.NS …
2026-06-24 07:30:37,666  INFO      [90/107] fetching SIEMENS.NS …
2026-06-24 07:30:38,327  INFO      [91/107] fetching SRF.NS …
2026-06-24 07:30:38,980  INFO      [92/107] fetching SHREECEM.NS …
2026-06-24 07:30:39,681  INFO      [93/107] fetching SHRIRAMFIN.NS …
2026-06-24 07:30:40,345  INFO      [94/107] fetching TORNTPHARM.NS …
2026-06-24 07:30:41,045  INFO      [95/107] fetching TRENT.NS …
2026-06-24 07:30:41,737  INFO      [96/107] fetching TVSMOTOR.NS …
2026-06-24 07:30:42,427  INFO      [97/107] fetching VEDL.NS …
2026-06-24 07:30:43,092  INFO      [98/107] fetching VBL.NS …
2026-06-24 07:30:43,734  INFO      [99/107] fetching ZOMATO.NS …
2026-06-24 07:30:45,159  WARNING   [ZOMATO.NS] insufficient history (0 rows)
2026-06-24 07:30:45,560  INFO      [100/107] fetching ZYDUSLIFE.NS …
2026-06-24 07:30:46,221  INFO      [101/107] fetching INDIGO.NS …
2026-06-24 07:30:46,886  INFO      [102/107] fetching IDEA.NS …
2026-06-24 07:30:47,541  INFO      [103/107] fetching BANKINDIA.NS …
2026-06-24 07:30:48,186  INFO      [104/107] fetching PAGEIND.NS …
2026-06-24 07:30:48,819  INFO      [105/107] fetching MUTHOOTFIN.NS …
2026-06-24 07:30:49,445  INFO      [106/107] fetching TATAELXSI.NS …
2026-06-24 07:30:50,104  INFO      [107/107] fetching LUPIN.NS …
2026-06-24 07:30:50,318  INFO      Fetched 104/107 symbols successfully.
2026-06-24 07:30:56,302  INFO      Fetched 200 headlines from RSS (Indian + global/geopolitics).
2026-06-24 07:31:01,459  INFO      Macro regime: neutral | bias=-1 | geo-risk=46.9
2026-06-24 07:31:01,716  INFO      NSE corp announcements: 20 filings
2026-06-24 07:31:03,304  INFO      Angel One login successful.
2026-06-24 07:31:04,220  INFO      Saved report → data/stock_reports/2026-06-24_0731.json
2026-06-24 07:31:04,632  INFO      Report image saved → logs/stock_analyzer/2026-06-24/stock_report.png  [1920×1280]
2026-06-24 07:31:04,632  INFO      Dry-run: skipping send. Image + PDF saved locally; console printed.
2026-06-24 07:31:04,633  INFO      == Stock analyzer run complete ==
2026-06-24 07:31:04,635  INFO      [Note] PAPER TRADING -- virtual cash Rs 100,000, max_positions=6 max_pct=15% buckets=('intraday', 'swing') state=data/paper_trader_state.json
2026-06-24 07:31:04,635  INFO      [Note] PAPER TRADING -- virtual cash Rs 100,000, max_positions=6 max_pct=15% buckets=('intraday', 'swing') state=data/paper_trader_state.json
2026-06-24 07:31:04,636  INFO      paper-trader: new day, archived 4 trades (cumulative ₹-1,241)
2026-06-24 07:31:20,536  INFO      [DRY] Angel order would be: {'variety': 'NORMAL', 'tradingsymbol': 'ABB-EQ', 'symboltoken': '13', 'transactiontype': 'SELL', 'exchange': 'NSE', 'ordertype': 'MARKET', 'producttype': 'INTRADAY', 'duration': 'DAY', 'price': '0', 'squareoff': '0', 'stoploss': '0', 'quantity': '1'}
2026-06-24 07:31:20,536  INFO      [SL] [DRY] CLOSE ABB.NS qty=1 @ Rs 7035.00 P&L Rs -163 (gross Rs -152, cost Rs 11; SL hit @ 7035.00)
2026-06-24 07:31:20,536  INFO      [DRY] Angel order would be: {'variety': 'NORMAL', 'tradingsymbol': 'TRENT-EQ', 'symboltoken': '1964', 'transactiontype': 'BUY', 'exchange': 'NSE', 'ordertype': 'MARKET', 'producttype': 'INTRADAY', 'duration': 'DAY', 'price': '0', 'squareoff': '0', 'stoploss': '0', 'quantity': '3'}
2026-06-24 07:31:20,536  INFO      [OPEN] [DRY] TRENT.NS qty=3 @ Rs 3276.90 SL Rs 3184.94 TGT Rs 3436.48 (order=None)
2026-06-24 07:31:20,536  INFO      [DRY] Angel order would be: {'variety': 'NORMAL', 'tradingsymbol': 'DRREDDY-EQ', 'symboltoken': '881', 'transactiontype': 'BUY', 'exchange': 'NSE', 'ordertype': 'MARKET', 'producttype': 'INTRADAY', 'duration': 'DAY', 'price': '0', 'squareoff': '0', 'stoploss': '0', 'quantity': '8'}
2026-06-24 07:31:20,536  INFO      [OPEN] [DRY] DRREDDY.NS qty=8 @ Rs 1336.30 SL Rs 1310.36 TGT Rs 1342.31 (order=None)
2026-06-24 07:31:20,536  INFO      [DRY] Angel order would be: {'variety': 'NORMAL', 'tradingsymbol': 'INDIGO-EQ', 'symboltoken': '11195', 'transactiontype': 'BUY', 'exchange': 'NSE', 'ordertype': 'MARKET', 'producttype': 'INTRADAY', 'duration': 'DAY', 'price': '0', 'squareoff': '0', 'stoploss': '0', 'quantity': '1'}
2026-06-24 07:31:20,536  INFO      [OPEN] [DRY] INDIGO.NS qty=1 @ Rs 5122.00 SL Rs 4995.09 TGT Rs 5365.67 (order=None)
2026-06-24 07:31:20,536  INFO      [DRY] Angel order would be: {'variety': 'NORMAL', 'tradingsymbol': 'AMBUJACEM-EQ', 'symboltoken': '1270', 'transactiontype': 'BUY', 'exchange': 'NSE', 'ordertype': 'MARKET', 'producttype': 'INTRADAY', 'duration': 'DAY', 'price': '0', 'squareoff': '0', 'stoploss': '0', 'quantity': '20'}
2026-06-24 07:31:20,536  INFO      [OPEN] [DRY] AMBUJACEM.NS qty=20 @ Rs 424.65 SL Rs 418.99 TGT Rs 435.03 (order=None)
2026-06-24 07:31:20,539  INFO      tick result: {'ok': True, 'actions': 5, 'open_trades': 5, 'closed_today': 1, 'realised_pnl': -162.67, 'cumulative_pnl': -1403.5, 'halted': False, 'messages': ['[SL] [DRY] CLOSE ABB.NS qty=1 @ Rs 7035.00 P&L Rs -163 (gross Rs -152, cost Rs 11; SL hit @ 7035.00)', '[OPEN] [DRY] TRENT.NS qty=3 @ Rs 3276.90 SL Rs 3184.94 TGT Rs 3436.48 (order=None)', '[OPEN] [DRY] DRREDDY.NS qty=8 @ Rs 1336.30 SL Rs 1310.36 TGT Rs 1342.31 (order=None)', '[OPEN] [DRY] INDIGO.NS qty=1 @ Rs 5122.00 SL Rs 4995.09 TGT Rs 5365.67 (order=None)', '[OPEN] [DRY] AMBUJACEM.NS qty=20 @ Rs 424.65 SL Rs 418.99 TGT Rs 435.03 (order=None)']}
2026-06-24 07:31:20,539  INFO      tick result: {'ok': True, 'actions': 5, 'open_trades': 5, 'closed_today': 1, 'realised_pnl': -162.67, 'cumulative_pnl': -1403.5, 'halted': False, 'messages': ['[SL] [DRY] CLOSE ABB.NS qty=1 @ Rs 7035.00 P&L Rs -163 (gross Rs -152, cost Rs 11; SL hit @ 7035.00)', '[OPEN] [DRY] TRENT.NS qty=3 @ Rs 3276.90 SL Rs 3184.94 TGT Rs 3436.48 (order=None)', '[OPEN] [DRY] DRREDDY.NS qty=8 @ Rs 1336.30 SL Rs 1310.36 TGT Rs 1342.31 (order=None)', '[OPEN] [DRY] INDIGO.NS qty=1 @ Rs 5122.00 SL Rs 4995.09 TGT Rs 5365.67 (order=None)', '[OPEN] [DRY] AMBUJACEM.NS qty=20 @ Rs 424.65 SL Rs 418.99 TGT Rs 435.03 (order=None)']}
