2026-08-19 04:23:07,166  INFO      angel_one starting ... (cmd=paper-trade)
2026-08-19 04:23:07,166  INFO      angel_one starting ... (cmd=paper-trade)
2026-08-19 04:23:07,179  INFO      refresh: generating today's picks via analyzer (dry-run, no PDF)
2026-08-19 04:23:07,179  INFO      refresh: generating today's picks via analyzer (dry-run, no PDF)
2026-08-19 04:23:07,775  INFO      == Stock analyzer run starting ==
2026-08-19 04:23:07,775  INFO      Watchlist: 11 symbols from data/stock_watchlist.txt
2026-08-19 04:23:07,775  INFO      Universe: 107 symbols (total available: 107)
2026-08-19 04:23:08,177  INFO      [1/107] fetching TATAPOWER.NS …
2026-08-19 04:23:08,710  INFO      [2/107] fetching IRFC.NS …
2026-08-19 04:23:09,194  INFO      [3/107] fetching SUZLON.NS …
2026-08-19 04:23:09,682  INFO      [4/107] fetching IREDA.NS …
2026-08-19 04:23:10,162  INFO      [5/107] fetching BHEL.NS …
2026-08-19 04:23:10,723  INFO      [6/107] fetching KPITTECH.NS …
2026-08-19 04:23:11,216  INFO      [7/107] fetching POLYCAB.NS …
2026-08-19 04:23:11,710  INFO      [8/107] fetching PERSISTENT.NS …
2026-08-19 04:23:12,213  INFO      [9/107] fetching ITC.NS …
2026-08-19 04:23:12,726  INFO      [10/107] fetching POWERGRID.NS …
2026-08-19 04:23:13,230  INFO      [11/107] fetching COALINDIA.NS …
2026-08-19 04:23:13,723  INFO      [12/107] fetching RELIANCE.NS …
2026-08-19 04:23:14,231  INFO      [13/107] fetching TCS.NS …
2026-08-19 04:23:14,728  INFO      [14/107] fetching HDFCBANK.NS …
2026-08-19 04:23:15,241  INFO      [15/107] fetching INFY.NS …
2026-08-19 04:23:15,787  INFO      [16/107] fetching ICICIBANK.NS …
2026-08-19 04:23:16,294  INFO      [17/107] fetching HINDUNILVR.NS …
2026-08-19 04:23:16,816  INFO      [18/107] fetching SBIN.NS …
2026-08-19 04:23:17,344  INFO      [19/107] fetching BHARTIARTL.NS …
2026-08-19 04:23:17,892  INFO      [20/107] fetching KOTAKBANK.NS …
2026-08-19 04:23:18,404  INFO      [21/107] fetching LT.NS …
2026-08-19 04:23:18,911  INFO      [22/107] fetching AXISBANK.NS …
2026-08-19 04:23:19,419  INFO      [23/107] fetching BAJFINANCE.NS …
2026-08-19 04:23:19,923  INFO      [24/107] fetching ASIANPAINT.NS …
2026-08-19 04:23:20,423  INFO      [25/107] fetching MARUTI.NS …
2026-08-19 04:23:20,918  INFO      [26/107] fetching HCLTECH.NS …
2026-08-19 04:23:21,416  INFO      [27/107] fetching SUNPHARMA.NS …
2026-08-19 04:23:21,933  INFO      [28/107] fetching TITAN.NS …
2026-08-19 04:23:22,431  INFO      [29/107] fetching ULTRACEMCO.NS …
2026-08-19 04:23:22,935  INFO      [30/107] fetching WIPRO.NS …
2026-08-19 04:23:23,438  INFO      [31/107] fetching NESTLEIND.NS …
2026-08-19 04:23:23,948  INFO      [32/107] fetching ADANIENT.NS …
2026-08-19 04:23:24,459  INFO      [33/107] fetching NTPC.NS …
2026-08-19 04:23:25,010  INFO      [34/107] fetching TATAMOTORS.NS …
2026-08-19 04:23:26,150  WARNING   [TATAMOTORS.NS] insufficient history (0 rows)
2026-08-19 04:23:26,550  INFO      [35/107] fetching M&M.NS …
2026-08-19 04:23:27,055  INFO      [36/107] fetching TATASTEEL.NS …
2026-08-19 04:23:27,565  INFO      [37/107] fetching JSWSTEEL.NS …
2026-08-19 04:23:28,119  INFO      [38/107] fetching ONGC.NS …
2026-08-19 04:23:28,637  INFO      [39/107] fetching TECHM.NS …
2026-08-19 04:23:29,149  INFO      [40/107] fetching BAJAJFINSV.NS …
2026-08-19 04:23:29,659  INFO      [41/107] fetching HINDALCO.NS …
2026-08-19 04:23:30,170  INFO      [42/107] fetching GRASIM.NS …
2026-08-19 04:23:30,678  INFO      [43/107] fetching DRREDDY.NS …
2026-08-19 04:23:31,228  INFO      [44/107] fetching CIPLA.NS …
2026-08-19 04:23:31,741  INFO      [45/107] fetching DIVISLAB.NS …
2026-08-19 04:23:32,241  INFO      [46/107] fetching EICHERMOT.NS …
2026-08-19 04:23:32,755  INFO      [47/107] fetching BRITANNIA.NS …
2026-08-19 04:23:33,288  INFO      [48/107] fetching HEROMOTOCO.NS …
2026-08-19 04:23:33,798  INFO      [49/107] fetching BAJAJ-AUTO.NS …
2026-08-19 04:23:34,294  INFO      [50/107] fetching INDUSINDBK.NS …
2026-08-19 04:23:34,799  INFO      [51/107] fetching APOLLOHOSP.NS …
2026-08-19 04:23:35,311  INFO      [52/107] fetching TATACONSUM.NS …
2026-08-19 04:23:35,839  INFO      [53/107] fetching UPL.NS …
2026-08-19 04:23:36,347  INFO      [54/107] fetching BPCL.NS …
2026-08-19 04:23:36,857  INFO      [55/107] fetching SBILIFE.NS …
2026-08-19 04:23:37,348  INFO      [56/107] fetching HDFCLIFE.NS …
2026-08-19 04:23:37,837  INFO      [57/107] fetching ADANIPORTS.NS …
2026-08-19 04:23:38,384  INFO      [58/107] fetching LTIM.NS …
2026-08-19 04:23:39,111  WARNING   [LTIM.NS] insufficient history (0 rows)
2026-08-19 04:23:39,511  INFO      [59/107] fetching ABB.NS …
2026-08-19 04:23:40,067  INFO      [60/107] fetching ADANIGREEN.NS …
2026-08-19 04:23:40,554  INFO      [61/107] fetching ADANIPOWER.NS …
2026-08-19 04:23:41,041  INFO      [62/107] fetching AMBUJACEM.NS …
2026-08-19 04:23:41,554  INFO      [63/107] fetching DMART.NS …
2026-08-19 04:23:42,033  INFO      [64/107] fetching BAJAJHLDNG.NS …
2026-08-19 04:23:42,546  INFO      [65/107] fetching BANKBARODA.NS …
2026-08-19 04:23:43,057  INFO      [66/107] fetching BERGEPAINT.NS …
2026-08-19 04:23:43,576  INFO      [67/107] fetching BOSCHLTD.NS …
2026-08-19 04:23:44,078  INFO      [68/107] fetching CANBK.NS …
2026-08-19 04:23:44,575  INFO      [69/107] fetching CHOLAFIN.NS …
2026-08-19 04:23:45,096  INFO      [70/107] fetching COLPAL.NS …
2026-08-19 04:23:45,649  INFO      [71/107] fetching DABUR.NS …
2026-08-19 04:23:46,161  INFO      [72/107] fetching DLF.NS …
2026-08-19 04:23:46,657  INFO      [73/107] fetching GAIL.NS …
2026-08-19 04:23:47,163  INFO      [74/107] fetching GODREJCP.NS …
2026-08-19 04:23:47,661  INFO      [75/107] fetching HAVELLS.NS …
2026-08-19 04:23:48,226  INFO      [76/107] fetching HAL.NS …
2026-08-19 04:23:48,719  INFO      [77/107] fetching ICICIGI.NS …
2026-08-19 04:23:49,206  INFO      [78/107] fetching ICICIPRULI.NS …
2026-08-19 04:23:49,710  INFO      [79/107] fetching IOC.NS …
2026-08-19 04:23:50,216  INFO      [80/107] fetching IRCTC.NS …
2026-08-19 04:23:50,705  INFO      [81/107] fetching JINDALSTEL.NS …
2026-08-19 04:23:51,256  INFO      [82/107] fetching LICI.NS …
2026-08-19 04:23:51,745  INFO      [83/107] fetching MARICO.NS …
2026-08-19 04:23:52,263  INFO      [84/107] fetching MOTHERSON.NS …
2026-08-19 04:23:52,765  INFO      [85/107] fetching NAUKRI.NS …
2026-08-19 04:23:53,272  INFO      [86/107] fetching PIDILITIND.NS …
2026-08-19 04:23:53,804  INFO      [87/107] fetching PNB.NS …
2026-08-19 04:23:54,310  INFO      [88/107] fetching PFC.NS …
2026-08-19 04:23:54,810  INFO      [89/107] fetching RECLTD.NS …
2026-08-19 04:23:55,310  INFO      [90/107] fetching SIEMENS.NS …
2026-08-19 04:23:55,823  INFO      [91/107] fetching SRF.NS …
2026-08-19 04:23:56,339  INFO      [92/107] fetching SHREECEM.NS …
2026-08-19 04:23:56,916  INFO      [93/107] fetching SHRIRAMFIN.NS …
2026-08-19 04:23:57,429  INFO      [94/107] fetching TORNTPHARM.NS …
2026-08-19 04:23:57,986  INFO      [95/107] fetching TRENT.NS …
2026-08-19 04:23:58,500  INFO      [96/107] fetching TVSMOTOR.NS …
2026-08-19 04:23:59,008  INFO      [97/107] fetching VEDL.NS …
2026-08-19 04:23:59,512  INFO      [98/107] fetching VBL.NS …
2026-08-19 04:24:00,001  INFO      [99/107] fetching ZOMATO.NS …
2026-08-19 04:24:00,610  WARNING   [ZOMATO.NS] insufficient history (0 rows)
2026-08-19 04:24:01,010  INFO      [100/107] fetching ZYDUSLIFE.NS …
2026-08-19 04:24:01,571  INFO      [101/107] fetching INDIGO.NS …
2026-08-19 04:24:02,073  INFO      [102/107] fetching IDEA.NS …
2026-08-19 04:24:02,560  INFO      [103/107] fetching BANKINDIA.NS …
2026-08-19 04:24:03,063  INFO      [104/107] fetching PAGEIND.NS …
2026-08-19 04:24:03,571  INFO      [105/107] fetching MUTHOOTFIN.NS …
2026-08-19 04:24:04,062  INFO      [106/107] fetching TATAELXSI.NS …
2026-08-19 04:24:04,567  INFO      [107/107] fetching LUPIN.NS …
2026-08-19 04:24:04,717  INFO      Fetched 104/107 symbols successfully.
2026-08-19 04:24:10,831  INFO      Fetched 200 headlines from RSS (Indian + global/geopolitics).
2026-08-19 04:24:13,024  INFO      Macro regime: neutral | bias=4 | geo-risk=29.4
2026-08-19 04:24:13,057  INFO      NSE corp announcements: 20 filings
2026-08-19 04:24:15,044  INFO      Angel One login successful.
2026-08-19 04:24:15,652  INFO      Saved report → data/stock_reports/2026-08-19_0424.json
2026-08-19 04:24:16,027  INFO      Report image saved → logs/stock_analyzer/2026-08-19/stock_report.png  [1920×1280]
2026-08-19 04:24:16,028  INFO      Dry-run: skipping send. Image + PDF saved locally; console printed.
2026-08-19 04:24:16,028  INFO      == Stock analyzer run complete ==
2026-08-19 04:24:16,031  INFO      [Note] PAPER TRADING -- virtual cash Rs 100,000, max_positions=6 max_pct=15% buckets=('intraday', 'swing') state=data/paper_trader_state.json
2026-08-19 04:24:16,031  INFO      [Note] PAPER TRADING -- virtual cash Rs 100,000, max_positions=6 max_pct=15% buckets=('intraday', 'swing') state=data/paper_trader_state.json
2026-08-19 04:24:16,033  INFO      paper-trader: new day, archived 8 trades (cumulative ₹-4,082)
2026-08-19 04:24:30,530  INFO      [DRY] Angel order would be: {'variety': 'NORMAL', 'tradingsymbol': 'DLF-EQ', 'symboltoken': '14732', 'transactiontype': 'BUY', 'exchange': 'NSE', 'ordertype': 'MARKET', 'producttype': 'INTRADAY', 'duration': 'DAY', 'price': '0', 'squareoff': '0', 'stoploss': '0', 'quantity': '20'}
2026-08-19 04:24:30,530  INFO      [OPEN] [DRY] DLF.NS qty=20 @ Rs 667.35 SL Rs 650.85 TGT Rs 670.66 (order=None)
2026-08-19 04:24:30,530  INFO      [DRY] Angel order would be: {'variety': 'NORMAL', 'tradingsymbol': 'NAUKRI-EQ', 'symboltoken': '13751', 'transactiontype': 'BUY', 'exchange': 'NSE', 'ordertype': 'MARKET', 'producttype': 'INTRADAY', 'duration': 'DAY', 'price': '0', 'squareoff': '0', 'stoploss': '0', 'quantity': '8'}
2026-08-19 04:24:30,531  INFO      [OPEN] [DRY] NAUKRI.NS qty=8 @ Rs 1370.00 SL Rs 1331.56 TGT Rs 1388.22 (order=None)
2026-08-19 04:24:30,531  INFO      [DRY] Angel order would be: {'variety': 'NORMAL', 'tradingsymbol': 'LICI-EQ', 'symboltoken': '9480', 'transactiontype': 'BUY', 'exchange': 'NSE', 'ordertype': 'MARKET', 'producttype': 'INTRADAY', 'duration': 'DAY', 'price': '0', 'squareoff': '0', 'stoploss': '0', 'quantity': '24'}
2026-08-19 04:24:30,531  INFO      [OPEN] [DRY] LICI.NS qty=24 @ Rs 413.30 SL Rs 404.09 TGT Rs 416.17 (order=None)
2026-08-19 04:24:30,531  INFO      [DRY] Angel order would be: {'variety': 'NORMAL', 'tradingsymbol': 'IDEA-EQ', 'symboltoken': '14366', 'transactiontype': 'BUY', 'exchange': 'NSE', 'ordertype': 'MARKET', 'producttype': 'INTRADAY', 'duration': 'DAY', 'price': '0', 'squareoff': '0', 'stoploss': '0', 'quantity': '617'}
2026-08-19 04:24:30,531  INFO      [OPEN] [DRY] IDEA.NS qty=617 @ Rs 14.02 SL Rs 13.76 TGT Rs 14.30 (order=None)
2026-08-19 04:24:30,531  INFO      [DRY] Angel order would be: {'variety': 'NORMAL', 'tradingsymbol': 'HEROMOTOCO-EQ', 'symboltoken': '1348', 'transactiontype': 'BUY', 'exchange': 'NSE', 'ordertype': 'MARKET', 'producttype': 'INTRADAY', 'duration': 'DAY', 'price': '0', 'squareoff': '0', 'stoploss': '0', 'quantity': '1'}
2026-08-19 04:24:30,531  INFO      [OPEN] [DRY] HEROMOTOCO.NS qty=1 @ Rs 5715.00 SL Rs 5491.95 TGT Rs 6202.61 (order=None)
2026-08-19 04:24:30,536  INFO      tick result: {'ok': True, 'actions': 5, 'open_trades': 6, 'closed_today': 0, 'realised_pnl': 0.0, 'cumulative_pnl': -4081.6, 'halted': False, 'messages': ['[OPEN] [DRY] DLF.NS qty=20 @ Rs 667.35 SL Rs 650.85 TGT Rs 670.66 (order=None)', '[OPEN] [DRY] NAUKRI.NS qty=8 @ Rs 1370.00 SL Rs 1331.56 TGT Rs 1388.22 (order=None)', '[OPEN] [DRY] LICI.NS qty=24 @ Rs 413.30 SL Rs 404.09 TGT Rs 416.17 (order=None)', '[OPEN] [DRY] IDEA.NS qty=617 @ Rs 14.02 SL Rs 13.76 TGT Rs 14.30 (order=None)', '[OPEN] [DRY] HEROMOTOCO.NS qty=1 @ Rs 5715.00 SL Rs 5491.95 TGT Rs 6202.61 (order=None)']}
2026-08-19 04:24:30,536  INFO      tick result: {'ok': True, 'actions': 5, 'open_trades': 6, 'closed_today': 0, 'realised_pnl': 0.0, 'cumulative_pnl': -4081.6, 'halted': False, 'messages': ['[OPEN] [DRY] DLF.NS qty=20 @ Rs 667.35 SL Rs 650.85 TGT Rs 670.66 (order=None)', '[OPEN] [DRY] NAUKRI.NS qty=8 @ Rs 1370.00 SL Rs 1331.56 TGT Rs 1388.22 (order=None)', '[OPEN] [DRY] LICI.NS qty=24 @ Rs 413.30 SL Rs 404.09 TGT Rs 416.17 (order=None)', '[OPEN] [DRY] IDEA.NS qty=617 @ Rs 14.02 SL Rs 13.76 TGT Rs 14.30 (order=None)', '[OPEN] [DRY] HEROMOTOCO.NS qty=1 @ Rs 5715.00 SL Rs 5491.95 TGT Rs 6202.61 (order=None)']}
