2026-08-05 06:16:01,864  INFO      angel_one starting ... (cmd=paper-trade)
2026-08-05 06:16:01,864  INFO      angel_one starting ... (cmd=paper-trade)
2026-08-05 06:16:01,881  INFO      refresh: generating today's picks via analyzer (dry-run, no PDF)
2026-08-05 06:16:01,881  INFO      refresh: generating today's picks via analyzer (dry-run, no PDF)
2026-08-05 06:16:02,654  INFO      == Stock analyzer run starting ==
2026-08-05 06:16:02,654  INFO      Watchlist: 11 symbols from data/stock_watchlist.txt
2026-08-05 06:16:02,654  INFO      Universe: 107 symbols (total available: 107)
2026-08-05 06:16:03,093  INFO      [1/107] fetching TATAPOWER.NS …
2026-08-05 06:16:03,642  INFO      [2/107] fetching IRFC.NS …
2026-08-05 06:16:04,134  INFO      [3/107] fetching SUZLON.NS …
2026-08-05 06:16:04,625  INFO      [4/107] fetching IREDA.NS …
2026-08-05 06:16:05,109  INFO      [5/107] fetching BHEL.NS …
2026-08-05 06:16:05,615  INFO      [6/107] fetching KPITTECH.NS …
2026-08-05 06:16:06,110  INFO      [7/107] fetching POLYCAB.NS …
2026-08-05 06:16:06,604  INFO      [8/107] fetching PERSISTENT.NS …
2026-08-05 06:16:07,111  INFO      [9/107] fetching ITC.NS …
2026-08-05 06:16:07,627  INFO      [10/107] fetching POWERGRID.NS …
2026-08-05 06:16:08,135  INFO      [11/107] fetching COALINDIA.NS …
2026-08-05 06:16:08,731  INFO      [12/107] fetching RELIANCE.NS …
2026-08-05 06:16:09,239  INFO      [13/107] fetching TCS.NS …
2026-08-05 06:16:09,753  INFO      [14/107] fetching HDFCBANK.NS …
2026-08-05 06:16:10,272  INFO      [15/107] fetching INFY.NS …
2026-08-05 06:16:10,803  INFO      [16/107] fetching ICICIBANK.NS …
2026-08-05 06:16:11,360  INFO      [17/107] fetching HINDUNILVR.NS …
2026-08-05 06:16:11,878  INFO      [18/107] fetching SBIN.NS …
2026-08-05 06:16:12,402  INFO      [19/107] fetching BHARTIARTL.NS …
2026-08-05 06:16:12,900  INFO      [20/107] fetching KOTAKBANK.NS …
2026-08-05 06:16:13,409  INFO      [21/107] fetching LT.NS …
2026-08-05 06:16:13,916  INFO      [22/107] fetching AXISBANK.NS …
2026-08-05 06:16:14,471  INFO      [23/107] fetching BAJFINANCE.NS …
2026-08-05 06:16:14,976  INFO      [24/107] fetching ASIANPAINT.NS …
2026-08-05 06:16:15,495  INFO      [25/107] fetching MARUTI.NS …
2026-08-05 06:16:15,996  INFO      [26/107] fetching HCLTECH.NS …
2026-08-05 06:16:16,509  INFO      [27/107] fetching SUNPHARMA.NS …
2026-08-05 06:16:17,033  INFO      [28/107] fetching TITAN.NS …
2026-08-05 06:16:17,591  INFO      [29/107] fetching ULTRACEMCO.NS …
2026-08-05 06:16:18,091  INFO      [30/107] fetching WIPRO.NS …
2026-08-05 06:16:18,613  INFO      [31/107] fetching NESTLEIND.NS …
2026-08-05 06:16:19,121  INFO      [32/107] fetching ADANIENT.NS …
2026-08-05 06:16:19,656  INFO      [33/107] fetching NTPC.NS …
2026-08-05 06:16:20,213  INFO      [34/107] fetching TATAMOTORS.NS …
2026-08-05 06:16:21,823  WARNING   [TATAMOTORS.NS] insufficient history (0 rows)
2026-08-05 06:16:22,224  INFO      [35/107] fetching M&M.NS …
2026-08-05 06:16:22,790  INFO      [36/107] fetching TATASTEEL.NS …
2026-08-05 06:16:23,309  INFO      [37/107] fetching JSWSTEEL.NS …
2026-08-05 06:16:23,816  INFO      [38/107] fetching ONGC.NS …
2026-08-05 06:16:24,328  INFO      [39/107] fetching TECHM.NS …
2026-08-05 06:16:24,835  INFO      [40/107] fetching BAJAJFINSV.NS …
2026-08-05 06:16:25,339  INFO      [41/107] fetching HINDALCO.NS …
2026-08-05 06:16:25,860  INFO      [42/107] fetching GRASIM.NS …
2026-08-05 06:16:26,378  INFO      [43/107] fetching DRREDDY.NS …
2026-08-05 06:16:26,884  INFO      [44/107] fetching CIPLA.NS …
2026-08-05 06:16:27,411  INFO      [45/107] fetching DIVISLAB.NS …
2026-08-05 06:16:27,915  INFO      [46/107] fetching EICHERMOT.NS …
2026-08-05 06:16:28,436  INFO      [47/107] fetching BRITANNIA.NS …
2026-08-05 06:16:28,953  INFO      [48/107] fetching HEROMOTOCO.NS …
2026-08-05 06:16:29,461  INFO      [49/107] fetching BAJAJ-AUTO.NS …
2026-08-05 06:16:29,964  INFO      [50/107] fetching INDUSINDBK.NS …
2026-08-05 06:16:30,476  INFO      [51/107] fetching APOLLOHOSP.NS …
2026-08-05 06:16:30,995  INFO      [52/107] fetching TATACONSUM.NS …
2026-08-05 06:16:31,525  INFO      [53/107] fetching UPL.NS …
2026-08-05 06:16:32,029  INFO      [54/107] fetching BPCL.NS …
2026-08-05 06:16:32,551  INFO      [55/107] fetching SBILIFE.NS …
2026-08-05 06:16:33,046  INFO      [56/107] fetching HDFCLIFE.NS …
2026-08-05 06:16:33,545  INFO      [57/107] fetching ADANIPORTS.NS …
2026-08-05 06:16:34,041  INFO      [58/107] fetching LTIM.NS …
2026-08-05 06:16:34,591  WARNING   [LTIM.NS] insufficient history (0 rows)
2026-08-05 06:16:34,992  INFO      [59/107] fetching ABB.NS …
2026-08-05 06:16:35,507  INFO      [60/107] fetching ADANIGREEN.NS …
2026-08-05 06:16:35,988  INFO      [61/107] fetching ADANIPOWER.NS …
2026-08-05 06:16:36,481  INFO      [62/107] fetching AMBUJACEM.NS …
2026-08-05 06:16:36,983  INFO      [63/107] fetching DMART.NS …
2026-08-05 06:16:37,466  INFO      [64/107] fetching BAJAJHLDNG.NS …
2026-08-05 06:16:37,977  INFO      [65/107] fetching BANKBARODA.NS …
2026-08-05 06:16:38,492  INFO      [66/107] fetching BERGEPAINT.NS …
2026-08-05 06:16:39,003  INFO      [67/107] fetching BOSCHLTD.NS …
2026-08-05 06:16:39,576  INFO      [68/107] fetching CANBK.NS …
2026-08-05 06:16:40,085  INFO      [69/107] fetching CHOLAFIN.NS …
2026-08-05 06:16:40,599  INFO      [70/107] fetching COLPAL.NS …
2026-08-05 06:16:41,105  INFO      [71/107] fetching DABUR.NS …
2026-08-05 06:16:41,626  INFO      [72/107] fetching DLF.NS …
2026-08-05 06:16:42,132  INFO      [73/107] fetching GAIL.NS …
2026-08-05 06:16:42,648  INFO      [74/107] fetching GODREJCP.NS …
2026-08-05 06:16:43,156  INFO      [75/107] fetching HAVELLS.NS …
2026-08-05 06:16:43,671  INFO      [76/107] fetching HAL.NS …
2026-08-05 06:16:44,159  INFO      [77/107] fetching ICICIGI.NS …
2026-08-05 06:16:44,707  INFO      [78/107] fetching ICICIPRULI.NS …
2026-08-05 06:16:45,206  INFO      [79/107] fetching IOC.NS …
2026-08-05 06:16:45,718  INFO      [80/107] fetching IRCTC.NS …
2026-08-05 06:16:46,210  INFO      [81/107] fetching JINDALSTEL.NS …
2026-08-05 06:16:46,721  INFO      [82/107] fetching LICI.NS …
2026-08-05 06:16:47,209  INFO      [83/107] fetching MARICO.NS …
2026-08-05 06:16:47,720  INFO      [84/107] fetching MOTHERSON.NS …
2026-08-05 06:16:48,230  INFO      [85/107] fetching NAUKRI.NS …
2026-08-05 06:16:48,732  INFO      [86/107] fetching PIDILITIND.NS …
2026-08-05 06:16:49,247  INFO      [87/107] fetching PNB.NS …
2026-08-05 06:16:49,759  INFO      [88/107] fetching PFC.NS …
2026-08-05 06:16:50,269  INFO      [89/107] fetching RECLTD.NS …
2026-08-05 06:16:50,793  INFO      [90/107] fetching SIEMENS.NS …
2026-08-05 06:16:51,317  INFO      [91/107] fetching SRF.NS …
2026-08-05 06:16:51,826  INFO      [92/107] fetching SHREECEM.NS …
2026-08-05 06:16:52,338  INFO      [93/107] fetching SHRIRAMFIN.NS …
2026-08-05 06:16:52,841  INFO      [94/107] fetching TORNTPHARM.NS …
2026-08-05 06:16:53,394  INFO      [95/107] fetching TRENT.NS …
2026-08-05 06:16:53,902  INFO      [96/107] fetching TVSMOTOR.NS …
2026-08-05 06:16:54,408  INFO      [97/107] fetching VEDL.NS …
2026-08-05 06:16:54,931  INFO      [98/107] fetching VBL.NS …
2026-08-05 06:16:55,421  INFO      [99/107] fetching ZOMATO.NS …
2026-08-05 06:16:55,985  WARNING   [ZOMATO.NS] insufficient history (0 rows)
2026-08-05 06:16:56,385  INFO      [100/107] fetching ZYDUSLIFE.NS …
2026-08-05 06:16:56,887  INFO      [101/107] fetching INDIGO.NS …
2026-08-05 06:16:57,388  INFO      [102/107] fetching IDEA.NS …
2026-08-05 06:16:57,874  INFO      [103/107] fetching BANKINDIA.NS …
2026-08-05 06:16:58,378  INFO      [104/107] fetching PAGEIND.NS …
2026-08-05 06:16:58,885  INFO      [105/107] fetching MUTHOOTFIN.NS …
2026-08-05 06:16:59,392  INFO      [106/107] fetching TATAELXSI.NS …
2026-08-05 06:16:59,906  INFO      [107/107] fetching LUPIN.NS …
2026-08-05 06:17:00,016  INFO      Fetched 104/107 symbols successfully.
2026-08-05 06:17:02,282  WARNING   [MF 120503] fetch failed: HTTPSConnectionPool(host='api.mfapi.in', port=443): Read timed out. (read timeout=2)
2026-08-05 06:17:04,057  INFO      Fetched 200 headlines from RSS (Indian + global/geopolitics).
2026-08-05 06:17:06,793  INFO      Macro regime: risk-on | bias=5 | geo-risk=35.5
2026-08-05 06:17:06,821  INFO      NSE corp announcements: 20 filings
2026-08-05 06:17:08,516  INFO      Angel One login successful.
2026-08-05 06:17:09,617  INFO      Saved report → data/stock_reports/2026-08-05_0617.json
2026-08-05 06:17:10,130  INFO      Report image saved → logs/stock_analyzer/2026-08-05/stock_report.png  [1920×1280]
2026-08-05 06:17:10,131  INFO      Dry-run: skipping send. Image + PDF saved locally; console printed.
2026-08-05 06:17:10,131  INFO      == Stock analyzer run complete ==
2026-08-05 06:17:10,133  INFO      [Note] PAPER TRADING -- virtual cash Rs 100,000, max_positions=6 max_pct=15% buckets=('intraday', 'swing') state=data/paper_trader_state.json
2026-08-05 06:17:10,133  INFO      [Note] PAPER TRADING -- virtual cash Rs 100,000, max_positions=6 max_pct=15% buckets=('intraday', 'swing') state=data/paper_trader_state.json
2026-08-05 06:17:10,135  INFO      paper-trader: new day, archived 6 trades (cumulative ₹-3,427)
2026-08-05 06:17:23,405  INFO      [DRY] Angel order would be: {'variety': 'NORMAL', 'tradingsymbol': 'ICICIGI-EQ', 'symboltoken': '21770', 'transactiontype': 'BUY', 'exchange': 'NSE', 'ordertype': 'MARKET', 'producttype': 'INTRADAY', 'duration': 'DAY', 'price': '0', 'squareoff': '0', 'stoploss': '0', 'quantity': '7'}
2026-08-05 06:17:23,406  INFO      [OPEN] [DRY] ICICIGI.NS qty=7 @ Rs 1701.20 SL Rs 1663.44 TGT Rs 1704.98 (order=None)
2026-08-05 06:17:23,406  INFO      [DRY] Angel order would be: {'variety': 'NORMAL', 'tradingsymbol': 'AMBUJACEM-EQ', 'symboltoken': '1270', 'transactiontype': 'BUY', 'exchange': 'NSE', 'ordertype': 'MARKET', 'producttype': 'INTRADAY', 'duration': 'DAY', 'price': '0', 'squareoff': '0', 'stoploss': '0', 'quantity': '26'}
2026-08-05 06:17:23,406  INFO      [OPEN] [DRY] AMBUJACEM.NS qty=26 @ Rs 446.60 SL Rs 435.54 TGT Rs 461.08 (order=None)
2026-08-05 06:17:23,406  INFO      [DRY] Angel order would be: {'variety': 'NORMAL', 'tradingsymbol': 'MOTHERSON-EQ', 'symboltoken': '4204', 'transactiontype': 'BUY', 'exchange': 'NSE', 'ordertype': 'MARKET', 'producttype': 'INTRADAY', 'duration': 'DAY', 'price': '0', 'squareoff': '0', 'stoploss': '0', 'quantity': '64'}
2026-08-05 06:17:23,406  INFO      [OPEN] [DRY] MOTHERSON.NS qty=64 @ Rs 154.20 SL Rs 149.94 TGT Rs 154.94 (order=None)
2026-08-05 06:17:23,406  INFO      [DRY] Angel order would be: {'variety': 'NORMAL', 'tradingsymbol': 'PIDILITIND-EQ', 'symboltoken': '2664', 'transactiontype': 'BUY', 'exchange': 'NSE', 'ordertype': 'MARKET', 'producttype': 'INTRADAY', 'duration': 'DAY', 'price': '0', 'squareoff': '0', 'stoploss': '0', 'quantity': '5'}
2026-08-05 06:17:23,406  INFO      [OPEN] [DRY] PIDILITIND.NS qty=5 @ Rs 1639.60 SL Rs 1605.02 TGT Rs 1717.93 (order=None)
2026-08-05 06:17:23,406  INFO      [DRY] Angel order would be: {'variety': 'NORMAL', 'tradingsymbol': 'HAL-EQ', 'symboltoken': '2303', 'transactiontype': 'BUY', 'exchange': 'NSE', 'ordertype': 'MARKET', 'producttype': 'INTRADAY', 'duration': 'DAY', 'price': '0', 'squareoff': '0', 'stoploss': '0', 'quantity': '1'}
2026-08-05 06:17:23,406  INFO      [OPEN] [DRY] HAL.NS qty=1 @ Rs 4617.00 SL Rs 4477.60 TGT Rs 4957.06 (order=None)
2026-08-05 06:17:23,411  INFO      tick result: {'ok': True, 'actions': 5, 'open_trades': 6, 'closed_today': 0, 'realised_pnl': 0.0, 'cumulative_pnl': -3427.15, 'halted': False, 'messages': ['[OPEN] [DRY] ICICIGI.NS qty=7 @ Rs 1701.20 SL Rs 1663.44 TGT Rs 1704.98 (order=None)', '[OPEN] [DRY] AMBUJACEM.NS qty=26 @ Rs 446.60 SL Rs 435.54 TGT Rs 461.08 (order=None)', '[OPEN] [DRY] MOTHERSON.NS qty=64 @ Rs 154.20 SL Rs 149.94 TGT Rs 154.94 (order=None)', '[OPEN] [DRY] PIDILITIND.NS qty=5 @ Rs 1639.60 SL Rs 1605.02 TGT Rs 1717.93 (order=None)', '[OPEN] [DRY] HAL.NS qty=1 @ Rs 4617.00 SL Rs 4477.60 TGT Rs 4957.06 (order=None)']}
2026-08-05 06:17:23,411  INFO      tick result: {'ok': True, 'actions': 5, 'open_trades': 6, 'closed_today': 0, 'realised_pnl': 0.0, 'cumulative_pnl': -3427.15, 'halted': False, 'messages': ['[OPEN] [DRY] ICICIGI.NS qty=7 @ Rs 1701.20 SL Rs 1663.44 TGT Rs 1704.98 (order=None)', '[OPEN] [DRY] AMBUJACEM.NS qty=26 @ Rs 446.60 SL Rs 435.54 TGT Rs 461.08 (order=None)', '[OPEN] [DRY] MOTHERSON.NS qty=64 @ Rs 154.20 SL Rs 149.94 TGT Rs 154.94 (order=None)', '[OPEN] [DRY] PIDILITIND.NS qty=5 @ Rs 1639.60 SL Rs 1605.02 TGT Rs 1717.93 (order=None)', '[OPEN] [DRY] HAL.NS qty=1 @ Rs 4617.00 SL Rs 4477.60 TGT Rs 4957.06 (order=None)']}
