2026-07-13 06:41:54,952  INFO      angel_one starting ... (cmd=paper-trade)
2026-07-13 06:41:54,952  INFO      angel_one starting ... (cmd=paper-trade)
2026-07-13 06:41:54,970  INFO      refresh: generating today's picks via analyzer (dry-run, no PDF)
2026-07-13 06:41:54,970  INFO      refresh: generating today's picks via analyzer (dry-run, no PDF)
2026-07-13 06:41:55,745  INFO      == Stock analyzer run starting ==
2026-07-13 06:41:55,745  INFO      Watchlist: 11 symbols from data/stock_watchlist.txt
2026-07-13 06:41:55,745  INFO      Universe: 107 symbols (total available: 107)
2026-07-13 06:41:56,313  INFO      [1/107] fetching TATAPOWER.NS …
2026-07-13 06:41:56,851  INFO      [2/107] fetching IRFC.NS …
2026-07-13 06:41:57,341  INFO      [3/107] fetching SUZLON.NS …
2026-07-13 06:41:57,831  INFO      [4/107] fetching IREDA.NS …
2026-07-13 06:41:58,314  INFO      [5/107] fetching BHEL.NS …
2026-07-13 06:41:58,823  INFO      [6/107] fetching KPITTECH.NS …
2026-07-13 06:41:59,310  INFO      [7/107] fetching POLYCAB.NS …
2026-07-13 06:41:59,850  INFO      [8/107] fetching PERSISTENT.NS …
2026-07-13 06:42:00,366  INFO      [9/107] fetching ITC.NS …
2026-07-13 06:42:00,886  INFO      [10/107] fetching POWERGRID.NS …
2026-07-13 06:42:01,383  INFO      [11/107] fetching COALINDIA.NS …
2026-07-13 06:42:01,882  INFO      [12/107] fetching RELIANCE.NS …
2026-07-13 06:42:02,398  INFO      [13/107] fetching TCS.NS …
2026-07-13 06:42:02,916  INFO      [14/107] fetching HDFCBANK.NS …
2026-07-13 06:42:03,430  INFO      [15/107] fetching INFY.NS …
2026-07-13 06:42:03,958  INFO      [16/107] fetching ICICIBANK.NS …
2026-07-13 06:42:04,467  INFO      [17/107] fetching HINDUNILVR.NS …
2026-07-13 06:42:04,985  INFO      [18/107] fetching SBIN.NS …
2026-07-13 06:42:05,560  INFO      [19/107] fetching BHARTIARTL.NS …
2026-07-13 06:42:06,060  INFO      [20/107] fetching KOTAKBANK.NS …
2026-07-13 06:42:06,574  INFO      [21/107] fetching LT.NS …
2026-07-13 06:42:07,078  INFO      [22/107] fetching AXISBANK.NS …
2026-07-13 06:42:07,620  INFO      [23/107] fetching BAJFINANCE.NS …
2026-07-13 06:42:08,137  INFO      [24/107] fetching ASIANPAINT.NS …
2026-07-13 06:42:08,649  INFO      [25/107] fetching MARUTI.NS …
2026-07-13 06:42:09,158  INFO      [26/107] fetching HCLTECH.NS …
2026-07-13 06:42:09,669  INFO      [27/107] fetching SUNPHARMA.NS …
2026-07-13 06:42:10,180  INFO      [28/107] fetching TITAN.NS …
2026-07-13 06:42:10,688  INFO      [29/107] fetching ULTRACEMCO.NS …
2026-07-13 06:42:11,216  INFO      [30/107] fetching WIPRO.NS …
2026-07-13 06:42:11,744  INFO      [31/107] fetching NESTLEIND.NS …
2026-07-13 06:42:12,253  INFO      [32/107] fetching ADANIENT.NS …
2026-07-13 06:42:12,778  INFO      [33/107] fetching NTPC.NS …
2026-07-13 06:42:13,281  INFO      [34/107] fetching TATAMOTORS.NS …
2026-07-13 06:42:14,596  WARNING   [TATAMOTORS.NS] insufficient history (0 rows)
2026-07-13 06:42:14,997  INFO      [35/107] fetching M&M.NS …
2026-07-13 06:42:15,507  INFO      [36/107] fetching TATASTEEL.NS …
2026-07-13 06:42:16,021  INFO      [37/107] fetching JSWSTEEL.NS …
2026-07-13 06:42:16,525  INFO      [38/107] fetching ONGC.NS …
2026-07-13 06:42:17,055  INFO      [39/107] fetching TECHM.NS …
2026-07-13 06:42:17,603  INFO      [40/107] fetching BAJAJFINSV.NS …
2026-07-13 06:42:18,162  INFO      [41/107] fetching HINDALCO.NS …
2026-07-13 06:42:18,725  INFO      [42/107] fetching GRASIM.NS …
2026-07-13 06:42:19,237  INFO      [43/107] fetching DRREDDY.NS …
2026-07-13 06:42:19,749  INFO      [44/107] fetching CIPLA.NS …
2026-07-13 06:42:20,267  INFO      [45/107] fetching DIVISLAB.NS …
2026-07-13 06:42:20,772  INFO      [46/107] fetching EICHERMOT.NS …
2026-07-13 06:42:21,324  INFO      [47/107] fetching BRITANNIA.NS …
2026-07-13 06:42:21,841  INFO      [48/107] fetching HEROMOTOCO.NS …
2026-07-13 06:42:22,346  INFO      [49/107] fetching BAJAJ-AUTO.NS …
2026-07-13 06:42:22,848  INFO      [50/107] fetching INDUSINDBK.NS …
2026-07-13 06:42:23,370  INFO      [51/107] fetching APOLLOHOSP.NS …
2026-07-13 06:42:23,879  INFO      [52/107] fetching TATACONSUM.NS …
2026-07-13 06:42:24,395  INFO      [53/107] fetching UPL.NS …
2026-07-13 06:42:24,904  INFO      [54/107] fetching BPCL.NS …
2026-07-13 06:42:25,425  INFO      [55/107] fetching SBILIFE.NS …
2026-07-13 06:42:25,913  INFO      [56/107] fetching HDFCLIFE.NS …
2026-07-13 06:42:26,405  INFO      [57/107] fetching ADANIPORTS.NS …
2026-07-13 06:42:26,918  INFO      [58/107] fetching LTIM.NS …
2026-07-13 06:42:27,663  WARNING   [LTIM.NS] insufficient history (0 rows)
2026-07-13 06:42:28,064  INFO      [59/107] fetching ABB.NS …
2026-07-13 06:42:28,576  INFO      [60/107] fetching ADANIGREEN.NS …
2026-07-13 06:42:29,057  INFO      [61/107] fetching ADANIPOWER.NS …
2026-07-13 06:42:29,542  INFO      [62/107] fetching AMBUJACEM.NS …
2026-07-13 06:42:30,051  INFO      [63/107] fetching DMART.NS …
2026-07-13 06:42:30,531  INFO      [64/107] fetching BAJAJHLDNG.NS …
2026-07-13 06:42:31,044  INFO      [65/107] fetching BANKBARODA.NS …
2026-07-13 06:42:31,558  INFO      [66/107] fetching BERGEPAINT.NS …
2026-07-13 06:42:32,074  INFO      [67/107] fetching BOSCHLTD.NS …
2026-07-13 06:42:32,580  INFO      [68/107] fetching CANBK.NS …
2026-07-13 06:42:33,091  INFO      [69/107] fetching CHOLAFIN.NS …
2026-07-13 06:42:33,600  INFO      [70/107] fetching COLPAL.NS …
2026-07-13 06:42:34,104  INFO      [71/107] fetching DABUR.NS …
2026-07-13 06:42:34,611  INFO      [72/107] fetching DLF.NS …
2026-07-13 06:42:35,113  INFO      [73/107] fetching GAIL.NS …
2026-07-13 06:42:35,626  INFO      [74/107] fetching GODREJCP.NS …
2026-07-13 06:42:36,133  INFO      [75/107] fetching HAVELLS.NS …
2026-07-13 06:42:36,644  INFO      [76/107] fetching HAL.NS …
2026-07-13 06:42:37,133  INFO      [77/107] fetching ICICIGI.NS …
2026-07-13 06:42:37,629  INFO      [78/107] fetching ICICIPRULI.NS …
2026-07-13 06:42:38,122  INFO      [79/107] fetching IOC.NS …
2026-07-13 06:42:38,695  INFO      [80/107] fetching IRCTC.NS …
2026-07-13 06:42:39,181  INFO      [81/107] fetching JINDALSTEL.NS …
2026-07-13 06:42:39,696  INFO      [82/107] fetching LICI.NS …
2026-07-13 06:42:40,183  INFO      [83/107] fetching MARICO.NS …
2026-07-13 06:42:40,694  INFO      [84/107] fetching MOTHERSON.NS …
2026-07-13 06:42:41,203  INFO      [85/107] fetching NAUKRI.NS …
2026-07-13 06:42:41,708  INFO      [86/107] fetching PIDILITIND.NS …
2026-07-13 06:42:42,241  INFO      [87/107] fetching PNB.NS …
2026-07-13 06:42:42,746  INFO      [88/107] fetching PFC.NS …
2026-07-13 06:42:43,250  INFO      [89/107] fetching RECLTD.NS …
2026-07-13 06:42:43,760  INFO      [90/107] fetching SIEMENS.NS …
2026-07-13 06:42:44,266  INFO      [91/107] fetching SRF.NS …
2026-07-13 06:42:44,784  INFO      [92/107] fetching SHREECEM.NS …
2026-07-13 06:42:45,292  INFO      [93/107] fetching SHRIRAMFIN.NS …
2026-07-13 06:42:45,817  INFO      [94/107] fetching TORNTPHARM.NS …
2026-07-13 06:42:46,351  INFO      [95/107] fetching TRENT.NS …
2026-07-13 06:42:46,858  INFO      [96/107] fetching TVSMOTOR.NS …
2026-07-13 06:42:47,366  INFO      [97/107] fetching VEDL.NS …
2026-07-13 06:42:47,882  INFO      [98/107] fetching VBL.NS …
2026-07-13 06:42:48,372  INFO      [99/107] fetching ZOMATO.NS …
2026-07-13 06:42:48,929  WARNING   [ZOMATO.NS] insufficient history (0 rows)
2026-07-13 06:42:49,329  INFO      [100/107] fetching ZYDUSLIFE.NS …
2026-07-13 06:42:49,846  INFO      [101/107] fetching INDIGO.NS …
2026-07-13 06:42:50,336  INFO      [102/107] fetching IDEA.NS …
2026-07-13 06:42:50,821  INFO      [103/107] fetching BANKINDIA.NS …
2026-07-13 06:42:51,329  INFO      [104/107] fetching PAGEIND.NS …
2026-07-13 06:42:51,834  INFO      [105/107] fetching MUTHOOTFIN.NS …
2026-07-13 06:42:52,340  INFO      [106/107] fetching TATAELXSI.NS …
2026-07-13 06:42:52,860  INFO      [107/107] fetching LUPIN.NS …
2026-07-13 06:42:52,979  INFO      Fetched 104/107 symbols successfully.
2026-07-13 06:42:59,857  INFO      Fetched 200 headlines from RSS (Indian + global/geopolitics).
2026-07-13 06:43:02,522  INFO      Macro regime: neutral | bias=2 | geo-risk=40.6
2026-07-13 06:43:02,578  INFO      NSE corp announcements: 20 filings
2026-07-13 06:43:04,306  INFO      Angel One login successful.
2026-07-13 06:43:05,435  INFO      Saved report → data/stock_reports/2026-07-13_0643.json
2026-07-13 06:43:06,022  INFO      Report image saved → logs/stock_analyzer/2026-07-13/stock_report.png  [1920×1280]
2026-07-13 06:43:06,023  INFO      Dry-run: skipping send. Image + PDF saved locally; console printed.
2026-07-13 06:43:06,023  INFO      == Stock analyzer run complete ==
2026-07-13 06:43:06,027  INFO      [Note] PAPER TRADING -- virtual cash Rs 100,000, max_positions=6 max_pct=15% buckets=('intraday', 'swing') state=data/paper_trader_state.json
2026-07-13 06:43:06,027  INFO      [Note] PAPER TRADING -- virtual cash Rs 100,000, max_positions=6 max_pct=15% buckets=('intraday', 'swing') state=data/paper_trader_state.json
2026-07-13 06:43:06,029  INFO      paper-trader: new day, archived 4 trades (cumulative ₹-2,434)
2026-07-13 06:44:48,628  INFO      [DRY] Angel order would be: {'variety': 'NORMAL', 'tradingsymbol': 'TCS-EQ', 'symboltoken': '11536', 'transactiontype': 'BUY', 'exchange': 'NSE', 'ordertype': 'MARKET', 'producttype': 'INTRADAY', 'duration': 'DAY', 'price': '0', 'squareoff': '0', 'stoploss': '0', 'quantity': '6'}
2026-07-13 06:44:48,629  INFO      [OPEN] [DRY] TCS.NS qty=6 @ Rs 2193.30 SL Rs 2128.59 TGT Rs 2226.54 (order=None)
2026-07-13 06:44:48,629  INFO      [DRY] Angel order would be: {'variety': 'NORMAL', 'tradingsymbol': 'HCLTECH-EQ', 'symboltoken': '7229', 'transactiontype': 'BUY', 'exchange': 'NSE', 'ordertype': 'MARKET', 'producttype': 'INTRADAY', 'duration': 'DAY', 'price': '0', 'squareoff': '0', 'stoploss': '0', 'quantity': '9'}
2026-07-13 06:44:48,629  INFO      [OPEN] [DRY] HCLTECH.NS qty=9 @ Rs 1219.80 SL Rs 1182.70 TGT Rs 1254.49 (order=None)
2026-07-13 06:44:48,629  INFO      [DRY] Angel order would be: {'variety': 'NORMAL', 'tradingsymbol': 'HAVELLS-EQ', 'symboltoken': '9819', 'transactiontype': 'BUY', 'exchange': 'NSE', 'ordertype': 'MARKET', 'producttype': 'INTRADAY', 'duration': 'DAY', 'price': '0', 'squareoff': '0', 'stoploss': '0', 'quantity': '8'}
2026-07-13 06:44:48,629  INFO      [OPEN] [DRY] HAVELLS.NS qty=8 @ Rs 1184.20 SL Rs 1170.42 TGT Rs 1193.61 (order=None)
2026-07-13 06:44:48,629  INFO      [DRY] Angel order would be: {'variety': 'NORMAL', 'tradingsymbol': 'ICICIPRULI-EQ', 'symboltoken': '18652', 'transactiontype': 'BUY', 'exchange': 'NSE', 'ordertype': 'MARKET', 'producttype': 'INTRADAY', 'duration': 'DAY', 'price': '0', 'squareoff': '0', 'stoploss': '0', 'quantity': '16'}
2026-07-13 06:44:48,629  INFO      [OPEN] [DRY] ICICIPRULI.NS qty=16 @ Rs 522.25 SL Rs 508.94 TGT Rs 522.85 (order=None)
2026-07-13 06:44:48,629  INFO      [DRY] Angel order would be: {'variety': 'NORMAL', 'tradingsymbol': 'INFY-EQ', 'symboltoken': '1594', 'transactiontype': 'BUY', 'exchange': 'NSE', 'ordertype': 'MARKET', 'producttype': 'INTRADAY', 'duration': 'DAY', 'price': '0', 'squareoff': '0', 'stoploss': '0', 'quantity': '6'}
2026-07-13 06:44:48,629  INFO      [OPEN] [DRY] INFY.NS qty=6 @ Rs 1104.90 SL Rs 1083.56 TGT Rs 1160.17 (order=None)
2026-07-13 06:44:48,633  INFO      tick result: {'ok': True, 'actions': 5, 'open_trades': 6, 'closed_today': 0, 'realised_pnl': 0.0, 'cumulative_pnl': -2434.0, 'halted': False, 'messages': ['[OPEN] [DRY] TCS.NS qty=6 @ Rs 2193.30 SL Rs 2128.59 TGT Rs 2226.54 (order=None)', '[OPEN] [DRY] HCLTECH.NS qty=9 @ Rs 1219.80 SL Rs 1182.70 TGT Rs 1254.49 (order=None)', '[OPEN] [DRY] HAVELLS.NS qty=8 @ Rs 1184.20 SL Rs 1170.42 TGT Rs 1193.61 (order=None)', '[OPEN] [DRY] ICICIPRULI.NS qty=16 @ Rs 522.25 SL Rs 508.94 TGT Rs 522.85 (order=None)', '[OPEN] [DRY] INFY.NS qty=6 @ Rs 1104.90 SL Rs 1083.56 TGT Rs 1160.17 (order=None)']}
2026-07-13 06:44:48,633  INFO      tick result: {'ok': True, 'actions': 5, 'open_trades': 6, 'closed_today': 0, 'realised_pnl': 0.0, 'cumulative_pnl': -2434.0, 'halted': False, 'messages': ['[OPEN] [DRY] TCS.NS qty=6 @ Rs 2193.30 SL Rs 2128.59 TGT Rs 2226.54 (order=None)', '[OPEN] [DRY] HCLTECH.NS qty=9 @ Rs 1219.80 SL Rs 1182.70 TGT Rs 1254.49 (order=None)', '[OPEN] [DRY] HAVELLS.NS qty=8 @ Rs 1184.20 SL Rs 1170.42 TGT Rs 1193.61 (order=None)', '[OPEN] [DRY] ICICIPRULI.NS qty=16 @ Rs 522.25 SL Rs 508.94 TGT Rs 522.85 (order=None)', '[OPEN] [DRY] INFY.NS qty=6 @ Rs 1104.90 SL Rs 1083.56 TGT Rs 1160.17 (order=None)']}
