2026-05-08 05:49:54,327  INFO      angel_one starting ... (cmd=paper-trade)
2026-05-08 05:49:54,327  INFO      angel_one starting ... (cmd=paper-trade)
2026-05-08 05:49:54,343  INFO      refresh: generating today's picks via analyzer (dry-run, no PDF)
2026-05-08 05:49:54,343  INFO      refresh: generating today's picks via analyzer (dry-run, no PDF)
2026-05-08 05:49:55,704  INFO      == Stock analyzer run starting ==
2026-05-08 05:49:55,704  INFO      Watchlist: 11 symbols from data/stock_watchlist.txt
2026-05-08 05:49:55,704  INFO      Universe: 107 symbols (total available: 107)
2026-05-08 05:49:56,535  INFO      [1/107] fetching TATAPOWER.NS …
2026-05-08 05:49:57,117  INFO      [2/107] fetching IRFC.NS …
2026-05-08 05:49:57,696  INFO      [3/107] fetching SUZLON.NS …
2026-05-08 05:49:58,246  INFO      [4/107] fetching IREDA.NS …
2026-05-08 05:49:58,718  INFO      [5/107] fetching BHEL.NS …
2026-05-08 05:49:59,258  INFO      [6/107] fetching KPITTECH.NS …
2026-05-08 05:49:59,802  INFO      [7/107] fetching POLYCAB.NS …
2026-05-08 05:50:00,318  INFO      [8/107] fetching PERSISTENT.NS …
2026-05-08 05:50:00,919  INFO      [9/107] fetching ITC.NS …
2026-05-08 05:50:01,426  INFO      [10/107] fetching POWERGRID.NS …
2026-05-08 05:50:02,047  INFO      [11/107] fetching COALINDIA.NS …
2026-05-08 05:50:02,534  INFO      [12/107] fetching RELIANCE.NS …
2026-05-08 05:50:03,041  INFO      [13/107] fetching TCS.NS …
2026-05-08 05:50:03,614  INFO      [14/107] fetching HDFCBANK.NS …
2026-05-08 05:50:04,131  INFO      [15/107] fetching INFY.NS …
2026-05-08 05:50:04,692  INFO      [16/107] fetching ICICIBANK.NS …
2026-05-08 05:50:05,249  INFO      [17/107] fetching HINDUNILVR.NS …
2026-05-08 05:50:05,778  INFO      [18/107] fetching SBIN.NS …
2026-05-08 05:50:06,291  INFO      [19/107] fetching BHARTIARTL.NS …
2026-05-08 05:50:06,786  INFO      [20/107] fetching KOTAKBANK.NS …
2026-05-08 05:50:07,283  INFO      [21/107] fetching LT.NS …
2026-05-08 05:50:07,773  INFO      [22/107] fetching AXISBANK.NS …
2026-05-08 05:50:08,267  INFO      [23/107] fetching BAJFINANCE.NS …
2026-05-08 05:50:08,785  INFO      [24/107] fetching ASIANPAINT.NS …
2026-05-08 05:50:09,387  INFO      [25/107] fetching MARUTI.NS …
2026-05-08 05:50:09,881  INFO      [26/107] fetching HCLTECH.NS …
2026-05-08 05:50:10,470  INFO      [27/107] fetching SUNPHARMA.NS …
2026-05-08 05:50:11,064  INFO      [28/107] fetching TITAN.NS …
2026-05-08 05:50:11,619  INFO      [29/107] fetching ULTRACEMCO.NS …
2026-05-08 05:50:12,108  INFO      [30/107] fetching WIPRO.NS …
2026-05-08 05:50:12,629  INFO      [31/107] fetching NESTLEIND.NS …
2026-05-08 05:50:13,122  INFO      [32/107] fetching ADANIENT.NS …
2026-05-08 05:50:13,708  INFO      [33/107] fetching NTPC.NS …
2026-05-08 05:50:14,264  INFO      [34/107] fetching TATAMOTORS.NS …
2026-05-08 05:50:15,437  WARNING   [TATAMOTORS.NS] insufficient history (0 rows)
2026-05-08 05:50:15,838  INFO      [35/107] fetching M&M.NS …
2026-05-08 05:50:16,343  INFO      [36/107] fetching TATASTEEL.NS …
2026-05-08 05:50:16,919  INFO      [37/107] fetching JSWSTEEL.NS …
2026-05-08 05:50:17,483  INFO      [38/107] fetching ONGC.NS …
2026-05-08 05:50:18,037  INFO      [39/107] fetching TECHM.NS …
2026-05-08 05:50:18,574  INFO      [40/107] fetching BAJAJFINSV.NS …
2026-05-08 05:50:19,151  INFO      [41/107] fetching HINDALCO.NS …
2026-05-08 05:50:19,723  INFO      [42/107] fetching GRASIM.NS …
2026-05-08 05:50:20,222  INFO      [43/107] fetching DRREDDY.NS …
2026-05-08 05:50:20,718  INFO      [44/107] fetching CIPLA.NS …
2026-05-08 05:50:21,258  INFO      [45/107] fetching DIVISLAB.NS …
2026-05-08 05:50:21,826  INFO      [46/107] fetching EICHERMOT.NS …
2026-05-08 05:50:22,344  INFO      [47/107] fetching BRITANNIA.NS …
2026-05-08 05:50:22,923  INFO      [48/107] fetching HEROMOTOCO.NS …
2026-05-08 05:50:23,425  INFO      [49/107] fetching BAJAJ-AUTO.NS …
2026-05-08 05:50:24,011  INFO      [50/107] fetching INDUSINDBK.NS …
2026-05-08 05:50:24,509  INFO      [51/107] fetching APOLLOHOSP.NS …
2026-05-08 05:50:25,006  INFO      [52/107] fetching TATACONSUM.NS …
2026-05-08 05:50:25,511  INFO      [53/107] fetching UPL.NS …
2026-05-08 05:50:26,071  INFO      [54/107] fetching BPCL.NS …
2026-05-08 05:50:26,582  INFO      [55/107] fetching SBILIFE.NS …
2026-05-08 05:50:27,132  INFO      [56/107] fetching HDFCLIFE.NS …
2026-05-08 05:50:27,682  INFO      [57/107] fetching ADANIPORTS.NS …
2026-05-08 05:50:28,232  INFO      [58/107] fetching LTIM.NS …
2026-05-08 05:50:29,467  WARNING   [LTIM.NS] insufficient history (0 rows)
2026-05-08 05:50:29,867  INFO      [59/107] fetching ABB.NS …
2026-05-08 05:50:30,459  INFO      [60/107] fetching ADANIGREEN.NS …
2026-05-08 05:50:30,929  INFO      [61/107] fetching ADANIPOWER.NS …
2026-05-08 05:50:31,399  INFO      [62/107] fetching AMBUJACEM.NS …
2026-05-08 05:50:31,899  INFO      [63/107] fetching DMART.NS …
2026-05-08 05:50:32,408  INFO      [64/107] fetching BAJAJHLDNG.NS …
2026-05-08 05:50:32,912  INFO      [65/107] fetching BANKBARODA.NS …
2026-05-08 05:50:33,478  INFO      [66/107] fetching BERGEPAINT.NS …
2026-05-08 05:50:33,981  INFO      [67/107] fetching BOSCHLTD.NS …
2026-05-08 05:50:34,546  INFO      [68/107] fetching CANBK.NS …
2026-05-08 05:50:35,044  INFO      [69/107] fetching CHOLAFIN.NS …
2026-05-08 05:50:35,634  INFO      [70/107] fetching COLPAL.NS …
2026-05-08 05:50:36,224  INFO      [71/107] fetching DABUR.NS …
2026-05-08 05:50:36,716  INFO      [72/107] fetching DLF.NS …
2026-05-08 05:50:37,268  INFO      [73/107] fetching GAIL.NS …
2026-05-08 05:50:37,832  INFO      [74/107] fetching GODREJCP.NS …
2026-05-08 05:50:38,367  INFO      [75/107] fetching HAVELLS.NS …
2026-05-08 05:50:38,936  INFO      [76/107] fetching HAL.NS …
2026-05-08 05:50:39,451  INFO      [77/107] fetching ICICIGI.NS …
2026-05-08 05:50:39,935  INFO      [78/107] fetching ICICIPRULI.NS …
2026-05-08 05:50:40,420  INFO      [79/107] fetching IOC.NS …
2026-05-08 05:50:40,927  INFO      [80/107] fetching IRCTC.NS …
2026-05-08 05:50:41,471  INFO      [81/107] fetching JINDALSTEL.NS …
2026-05-08 05:50:42,021  INFO      [82/107] fetching LICI.NS …
2026-05-08 05:50:42,540  INFO      [83/107] fetching MARICO.NS …
2026-05-08 05:50:43,100  INFO      [84/107] fetching MOTHERSON.NS …
2026-05-08 05:50:43,628  INFO      [85/107] fetching NAUKRI.NS …
2026-05-08 05:50:44,121  INFO      [86/107] fetching PIDILITIND.NS …
2026-05-08 05:50:44,618  INFO      [87/107] fetching PNB.NS …
2026-05-08 05:50:45,184  INFO      [88/107] fetching PFC.NS …
2026-05-08 05:50:45,674  INFO      [89/107] fetching RECLTD.NS …
2026-05-08 05:50:46,168  INFO      [90/107] fetching SIEMENS.NS …
2026-05-08 05:50:46,667  INFO      [91/107] fetching SRF.NS …
2026-05-08 05:50:47,164  INFO      [92/107] fetching SHREECEM.NS …
2026-05-08 05:50:47,827  INFO      [93/107] fetching SHRIRAMFIN.NS …
2026-05-08 05:50:48,322  INFO      [94/107] fetching TORNTPHARM.NS …
2026-05-08 05:50:48,830  INFO      [95/107] fetching TRENT.NS …
2026-05-08 05:50:49,382  INFO      [96/107] fetching TVSMOTOR.NS …
2026-05-08 05:50:49,968  INFO      [97/107] fetching VEDL.NS …
2026-05-08 05:50:50,506  INFO      [98/107] fetching VBL.NS …
2026-05-08 05:50:51,025  INFO      [99/107] fetching ZOMATO.NS …
2026-05-08 05:50:52,164  WARNING   [ZOMATO.NS] insufficient history (0 rows)
2026-05-08 05:50:52,564  INFO      [100/107] fetching ZYDUSLIFE.NS …
2026-05-08 05:50:53,146  INFO      [101/107] fetching INDIGO.NS …
2026-05-08 05:50:53,731  INFO      [102/107] fetching IDEA.NS …
2026-05-08 05:50:54,228  INFO      [103/107] fetching BANKINDIA.NS …
2026-05-08 05:50:54,738  INFO      [104/107] fetching PAGEIND.NS …
2026-05-08 05:50:55,242  INFO      [105/107] fetching MUTHOOTFIN.NS …
2026-05-08 05:50:55,774  INFO      [106/107] fetching TATAELXSI.NS …
2026-05-08 05:50:56,317  INFO      [107/107] fetching LUPIN.NS …
2026-05-08 05:50:56,493  INFO      Fetched 104/107 symbols successfully.
2026-05-08 05:51:01,529  INFO      Fetched 200 headlines from RSS (Indian + global/geopolitics).
2026-05-08 05:51:03,571  INFO      Macro regime: neutral | bias=0 | geo-risk=45.5
2026-05-08 05:51:03,830  INFO      NSE corp announcements: 20 filings
2026-05-08 05:51:05,500  INFO      Angel One login successful.
2026-05-08 05:51:06,581  INFO      Saved report → data/stock_reports/2026-05-08_0551.json
2026-05-08 05:51:07,167  INFO      Report image saved → logs/stock_analyzer/2026-05-08/stock_report.png  [1920×1280]
2026-05-08 05:51:07,167  INFO      Dry-run: skipping send. Image + PDF saved locally; console printed.
2026-05-08 05:51:07,168  INFO      == Stock analyzer run complete ==
2026-05-08 05:51:07,172  INFO      [Note] PAPER TRADING -- virtual cash Rs 100,000, max_positions=6 max_pct=15% buckets=('intraday', 'swing') state=data/paper_trader_state.json
2026-05-08 05:51:07,172  INFO      [Note] PAPER TRADING -- virtual cash Rs 100,000, max_positions=6 max_pct=15% buckets=('intraday', 'swing') state=data/paper_trader_state.json
2026-05-08 05:51:07,172  INFO      paper-trader: new day, archived 4 trades (cumulative ₹+1,648)
2026-05-08 05:51:23,262  INFO      [DRY] Angel order would be: {'variety': 'NORMAL', 'tradingsymbol': 'BERGEPAINT-EQ', 'symboltoken': '404', 'transactiontype': 'BUY', 'exchange': 'NSE', 'ordertype': 'MARKET', 'producttype': 'INTRADAY', 'duration': 'DAY', 'price': '0', 'squareoff': '0', 'stoploss': '0', 'quantity': '24'}
2026-05-08 05:51:23,263  INFO      [OPEN] [DRY] BERGEPAINT.NS qty=24 @ Rs 515.30 SL Rs 499.24 TGT Rs 539.04 (order=None)
2026-05-08 05:51:23,263  INFO      [DRY] Angel order would be: {'variety': 'NORMAL', 'tradingsymbol': 'DABUR-EQ', 'symboltoken': '772', 'transactiontype': 'BUY', 'exchange': 'NSE', 'ordertype': 'MARKET', 'producttype': 'INTRADAY', 'duration': 'DAY', 'price': '0', 'squareoff': '0', 'stoploss': '0', 'quantity': '22'}
2026-05-08 05:51:23,263  INFO      [OPEN] [DRY] DABUR.NS qty=22 @ Rs 481.35 SL Rs 469.35 TGT Rs 511.34 (order=None)
2026-05-08 05:51:23,263  INFO      [DRY] Angel order would be: {'variety': 'NORMAL', 'tradingsymbol': 'PIDILITIND-EQ', 'symboltoken': '2664', 'transactiontype': 'BUY', 'exchange': 'NSE', 'ordertype': 'MARKET', 'producttype': 'INTRADAY', 'duration': 'DAY', 'price': '0', 'squareoff': '0', 'stoploss': '0', 'quantity': '6'}
2026-05-08 05:51:23,263  INFO      [OPEN] [DRY] PIDILITIND.NS qty=6 @ Rs 1481.70 SL Rs 1452.70 TGT Rs 1499.89 (order=None)
2026-05-08 05:51:23,263  INFO      [DRY] Angel order would be: {'variety': 'NORMAL', 'tradingsymbol': 'KPITTECH-EQ', 'symboltoken': '9683', 'transactiontype': 'BUY', 'exchange': 'NSE', 'ordertype': 'MARKET', 'producttype': 'INTRADAY', 'duration': 'DAY', 'price': '0', 'squareoff': '0', 'stoploss': '0', 'quantity': '11'}
2026-05-08 05:51:23,263  INFO      [OPEN] [DRY] KPITTECH.NS qty=11 @ Rs 727.95 SL Rs 698.43 TGT Rs 738.52 (order=None)
2026-05-08 05:51:23,264  INFO      tick result: {'ok': True, 'actions': 4, 'open_trades': 6, 'closed_today': 0, 'realised_pnl': 0.0, 'cumulative_pnl': 1648.38, 'halted': False, 'messages': ['[OPEN] [DRY] BERGEPAINT.NS qty=24 @ Rs 515.30 SL Rs 499.24 TGT Rs 539.04 (order=None)', '[OPEN] [DRY] DABUR.NS qty=22 @ Rs 481.35 SL Rs 469.35 TGT Rs 511.34 (order=None)', '[OPEN] [DRY] PIDILITIND.NS qty=6 @ Rs 1481.70 SL Rs 1452.70 TGT Rs 1499.89 (order=None)', '[OPEN] [DRY] KPITTECH.NS qty=11 @ Rs 727.95 SL Rs 698.43 TGT Rs 738.52 (order=None)']}
2026-05-08 05:51:23,264  INFO      tick result: {'ok': True, 'actions': 4, 'open_trades': 6, 'closed_today': 0, 'realised_pnl': 0.0, 'cumulative_pnl': 1648.38, 'halted': False, 'messages': ['[OPEN] [DRY] BERGEPAINT.NS qty=24 @ Rs 515.30 SL Rs 499.24 TGT Rs 539.04 (order=None)', '[OPEN] [DRY] DABUR.NS qty=22 @ Rs 481.35 SL Rs 469.35 TGT Rs 511.34 (order=None)', '[OPEN] [DRY] PIDILITIND.NS qty=6 @ Rs 1481.70 SL Rs 1452.70 TGT Rs 1499.89 (order=None)', '[OPEN] [DRY] KPITTECH.NS qty=11 @ Rs 727.95 SL Rs 698.43 TGT Rs 738.52 (order=None)']}
