2026-09-03 08:19:12,788  INFO      angel_one starting ... (cmd=paper-trade)
2026-09-03 08:19:12,788  INFO      angel_one starting ... (cmd=paper-trade)
2026-09-03 08:19:12,805  INFO      refresh: generating today's picks via analyzer (dry-run, no PDF)
2026-09-03 08:19:12,805  INFO      refresh: generating today's picks via analyzer (dry-run, no PDF)
2026-09-03 08:19:13,463  INFO      == Stock analyzer run starting ==
2026-09-03 08:19:13,463  INFO      Watchlist: 11 symbols from data/stock_watchlist.txt
2026-09-03 08:19:13,463  INFO      Universe: 107 symbols (total available: 107)
2026-09-03 08:19:13,896  INFO      [1/107] fetching TATAPOWER.NS …
2026-09-03 08:19:14,432  INFO      [2/107] fetching IRFC.NS …
2026-09-03 08:19:14,894  INFO      [3/107] fetching SUZLON.NS …
2026-09-03 08:19:15,345  INFO      [4/107] fetching IREDA.NS …
2026-09-03 08:19:15,795  INFO      [5/107] fetching BHEL.NS …
2026-09-03 08:19:16,268  INFO      [6/107] fetching KPITTECH.NS …
2026-09-03 08:19:16,728  INFO      [7/107] fetching POLYCAB.NS …
2026-09-03 08:19:17,188  INFO      [8/107] fetching PERSISTENT.NS …
2026-09-03 08:19:17,662  INFO      [9/107] fetching ITC.NS …
2026-09-03 08:19:18,135  INFO      [10/107] fetching POWERGRID.NS …
2026-09-03 08:19:18,597  INFO      [11/107] fetching COALINDIA.NS …
2026-09-03 08:19:19,068  INFO      [12/107] fetching RELIANCE.NS …
2026-09-03 08:19:19,549  INFO      [13/107] fetching TCS.NS …
2026-09-03 08:19:20,019  INFO      [14/107] fetching HDFCBANK.NS …
2026-09-03 08:19:20,503  INFO      [15/107] fetching INFY.NS …
2026-09-03 08:19:20,975  INFO      [16/107] fetching ICICIBANK.NS …
2026-09-03 08:19:21,452  INFO      [17/107] fetching HINDUNILVR.NS …
2026-09-03 08:19:21,928  INFO      [18/107] fetching SBIN.NS …
2026-09-03 08:19:22,407  INFO      [19/107] fetching BHARTIARTL.NS …
2026-09-03 08:19:22,874  INFO      [20/107] fetching KOTAKBANK.NS …
2026-09-03 08:19:23,347  INFO      [21/107] fetching LT.NS …
2026-09-03 08:19:23,810  INFO      [22/107] fetching AXISBANK.NS …
2026-09-03 08:19:24,281  INFO      [23/107] fetching BAJFINANCE.NS …
2026-09-03 08:19:24,750  INFO      [24/107] fetching ASIANPAINT.NS …
2026-09-03 08:19:25,227  INFO      [25/107] fetching MARUTI.NS …
2026-09-03 08:19:25,692  INFO      [26/107] fetching HCLTECH.NS …
2026-09-03 08:19:26,165  INFO      [27/107] fetching SUNPHARMA.NS …
2026-09-03 08:19:26,642  INFO      [28/107] fetching TITAN.NS …
2026-09-03 08:19:27,106  INFO      [29/107] fetching ULTRACEMCO.NS …
2026-09-03 08:19:27,573  INFO      [30/107] fetching WIPRO.NS …
2026-09-03 08:19:28,043  INFO      [31/107] fetching NESTLEIND.NS …
2026-09-03 08:19:28,524  INFO      [32/107] fetching ADANIENT.NS …
2026-09-03 08:19:28,993  INFO      [33/107] fetching NTPC.NS …
2026-09-03 08:19:29,466  INFO      [34/107] fetching TATAMOTORS.NS …
2026-09-03 08:19:30,946  WARNING   [TATAMOTORS.NS] insufficient history (0 rows)
2026-09-03 08:19:31,346  INFO      [35/107] fetching M&M.NS …
2026-09-03 08:19:31,817  INFO      [36/107] fetching TATASTEEL.NS …
2026-09-03 08:19:32,290  INFO      [37/107] fetching JSWSTEEL.NS …
2026-09-03 08:19:32,757  INFO      [38/107] fetching ONGC.NS …
2026-09-03 08:19:33,224  INFO      [39/107] fetching TECHM.NS …
2026-09-03 08:19:33,692  INFO      [40/107] fetching BAJAJFINSV.NS …
2026-09-03 08:19:34,158  INFO      [41/107] fetching HINDALCO.NS …
2026-09-03 08:19:34,629  INFO      [42/107] fetching GRASIM.NS …
2026-09-03 08:19:35,106  INFO      [43/107] fetching DRREDDY.NS …
2026-09-03 08:19:35,577  INFO      [44/107] fetching CIPLA.NS …
2026-09-03 08:19:36,057  INFO      [45/107] fetching DIVISLAB.NS …
2026-09-03 08:19:36,530  INFO      [46/107] fetching EICHERMOT.NS …
2026-09-03 08:19:37,009  INFO      [47/107] fetching BRITANNIA.NS …
2026-09-03 08:19:37,480  INFO      [48/107] fetching HEROMOTOCO.NS …
2026-09-03 08:19:37,945  INFO      [49/107] fetching BAJAJ-AUTO.NS …
2026-09-03 08:19:38,410  INFO      [50/107] fetching INDUSINDBK.NS …
2026-09-03 08:19:38,878  INFO      [51/107] fetching APOLLOHOSP.NS …
2026-09-03 08:19:39,353  INFO      [52/107] fetching TATACONSUM.NS …
2026-09-03 08:19:39,831  INFO      [53/107] fetching UPL.NS …
2026-09-03 08:19:40,305  INFO      [54/107] fetching BPCL.NS …
2026-09-03 08:19:40,781  INFO      [55/107] fetching SBILIFE.NS …
2026-09-03 08:19:41,237  INFO      [56/107] fetching HDFCLIFE.NS …
2026-09-03 08:19:41,693  INFO      [57/107] fetching ADANIPORTS.NS …
2026-09-03 08:19:42,160  INFO      [58/107] fetching LTIM.NS …
2026-09-03 08:19:42,698  WARNING   [LTIM.NS] insufficient history (0 rows)
2026-09-03 08:19:43,099  INFO      [59/107] fetching ABB.NS …
2026-09-03 08:19:43,573  INFO      [60/107] fetching ADANIGREEN.NS …
2026-09-03 08:19:44,022  INFO      [61/107] fetching ADANIPOWER.NS …
2026-09-03 08:19:44,469  INFO      [62/107] fetching AMBUJACEM.NS …
2026-09-03 08:19:44,940  INFO      [63/107] fetching DMART.NS …
2026-09-03 08:19:45,389  INFO      [64/107] fetching BAJAJHLDNG.NS …
2026-09-03 08:19:45,863  INFO      [65/107] fetching BANKBARODA.NS …
2026-09-03 08:19:46,339  INFO      [66/107] fetching BERGEPAINT.NS …
2026-09-03 08:19:46,813  INFO      [67/107] fetching BOSCHLTD.NS …
2026-09-03 08:19:47,290  INFO      [68/107] fetching CANBK.NS …
2026-09-03 08:19:47,756  INFO      [69/107] fetching CHOLAFIN.NS …
2026-09-03 08:19:48,223  INFO      [70/107] fetching COLPAL.NS …
2026-09-03 08:19:48,688  INFO      [71/107] fetching DABUR.NS …
2026-09-03 08:19:49,164  INFO      [72/107] fetching DLF.NS …
2026-09-03 08:19:49,625  INFO      [73/107] fetching GAIL.NS …
2026-09-03 08:19:50,104  INFO      [74/107] fetching GODREJCP.NS …
2026-09-03 08:19:50,572  INFO      [75/107] fetching HAVELLS.NS …
2026-09-03 08:19:51,043  INFO      [76/107] fetching HAL.NS …
2026-09-03 08:19:51,499  INFO      [77/107] fetching ICICIGI.NS …
2026-09-03 08:19:51,961  INFO      [78/107] fetching ICICIPRULI.NS …
2026-09-03 08:19:52,418  INFO      [79/107] fetching IOC.NS …
2026-09-03 08:19:52,895  INFO      [80/107] fetching IRCTC.NS …
2026-09-03 08:19:53,351  INFO      [81/107] fetching JINDALSTEL.NS …
2026-09-03 08:19:53,816  INFO      [82/107] fetching LICI.NS …
2026-09-03 08:19:54,269  INFO      [83/107] fetching MARICO.NS …
2026-09-03 08:19:54,741  INFO      [84/107] fetching MOTHERSON.NS …
2026-09-03 08:19:55,206  INFO      [85/107] fetching NAUKRI.NS …
2026-09-03 08:19:55,673  INFO      [86/107] fetching PIDILITIND.NS …
2026-09-03 08:19:56,143  INFO      [87/107] fetching PNB.NS …
2026-09-03 08:19:56,608  INFO      [88/107] fetching PFC.NS …
2026-09-03 08:19:57,077  INFO      [89/107] fetching RECLTD.NS …
2026-09-03 08:19:57,550  INFO      [90/107] fetching SIEMENS.NS …
2026-09-03 08:19:58,020  INFO      [91/107] fetching SRF.NS …
2026-09-03 08:19:58,485  INFO      [92/107] fetching SHREECEM.NS …
2026-09-03 08:19:58,955  INFO      [93/107] fetching SHRIRAMFIN.NS …
2026-09-03 08:19:59,421  INFO      [94/107] fetching TORNTPHARM.NS …
2026-09-03 08:19:59,892  INFO      [95/107] fetching TRENT.NS …
2026-09-03 08:20:00,356  INFO      [96/107] fetching TVSMOTOR.NS …
2026-09-03 08:20:00,819  INFO      [97/107] fetching VEDL.NS …
2026-09-03 08:20:01,307  INFO      [98/107] fetching VBL.NS …
2026-09-03 08:20:01,767  INFO      [99/107] fetching ZOMATO.NS …
2026-09-03 08:20:02,395  WARNING   [ZOMATO.NS] insufficient history (0 rows)
2026-09-03 08:20:02,795  INFO      [100/107] fetching ZYDUSLIFE.NS …
2026-09-03 08:20:03,264  INFO      [101/107] fetching INDIGO.NS …
2026-09-03 08:20:03,721  INFO      [102/107] fetching IDEA.NS …
2026-09-03 08:20:04,174  INFO      [103/107] fetching BANKINDIA.NS …
2026-09-03 08:20:04,643  INFO      [104/107] fetching PAGEIND.NS …
2026-09-03 08:20:05,113  INFO      [105/107] fetching MUTHOOTFIN.NS …
2026-09-03 08:20:05,573  INFO      [106/107] fetching TATAELXSI.NS …
2026-09-03 08:20:06,039  INFO      [107/107] fetching LUPIN.NS …
2026-09-03 08:20:06,120  INFO      Fetched 104/107 symbols successfully.
2026-09-03 08:20:10,282  INFO      Fetched 200 headlines from RSS (Indian + global/geopolitics).
2026-09-03 08:20:12,769  INFO      Macro regime: risk-on | bias=6 | geo-risk=23.1
2026-09-03 08:20:13,189  INFO      NSE corp announcements: 20 filings
2026-09-03 08:20:15,509  INFO      Angel One login successful.
2026-09-03 08:20:16,637  INFO      Saved report → data/stock_reports/2026-09-03_0820.json
2026-09-03 08:20:17,146  INFO      Report image saved → logs/stock_analyzer/2026-09-03/stock_report.png  [1920×1280]
2026-09-03 08:20:17,147  INFO      Dry-run: skipping send. Image + PDF saved locally; console printed.
2026-09-03 08:20:17,148  INFO      == Stock analyzer run complete ==
2026-09-03 08:20:17,151  INFO      [Note] PAPER TRADING -- virtual cash Rs 100,000, max_positions=6 max_pct=15% buckets=('intraday', 'swing') state=data/paper_trader_state.json
2026-09-03 08:20:17,151  INFO      [Note] PAPER TRADING -- virtual cash Rs 100,000, max_positions=6 max_pct=15% buckets=('intraday', 'swing') state=data/paper_trader_state.json
2026-09-03 08:20:17,152  INFO      paper-trader: new day, archived 4 trades (cumulative ₹-4,454)
2026-09-03 08:20:29,602  INFO      [DRY] Angel order would be: {'variety': 'NORMAL', 'tradingsymbol': 'ADANIPORTS-EQ', 'symboltoken': '15083', 'transactiontype': 'BUY', 'exchange': 'NSE', 'ordertype': 'MARKET', 'producttype': 'INTRADAY', 'duration': 'DAY', 'price': '0', 'squareoff': '0', 'stoploss': '0', 'quantity': '7'}
2026-09-03 08:20:29,603  INFO      [OPEN] [DRY] ADANIPORTS.NS qty=7 @ Rs 1708.00 SL Rs 1669.28 TGT Rs 1720.45 (order=None)
2026-09-03 08:20:29,603  INFO      [DRY] Angel order would be: {'variety': 'NORMAL', 'tradingsymbol': 'BANKINDIA-EQ', 'symboltoken': '4745', 'transactiontype': 'BUY', 'exchange': 'NSE', 'ordertype': 'MARKET', 'producttype': 'INTRADAY', 'duration': 'DAY', 'price': '0', 'squareoff': '0', 'stoploss': '0', 'quantity': '71'}
2026-09-03 08:20:29,603  INFO      [OPEN] [DRY] BANKINDIA.NS qty=71 @ Rs 144.65 SL Rs 141.58 TGT Rs 145.96 (order=None)
2026-09-03 08:20:29,603  INFO      [DRY] Angel order would be: {'variety': 'NORMAL', 'tradingsymbol': 'DLF-EQ', 'symboltoken': '14732', 'transactiontype': 'BUY', 'exchange': 'NSE', 'ordertype': 'MARKET', 'producttype': 'INTRADAY', 'duration': 'DAY', 'price': '0', 'squareoff': '0', 'stoploss': '0', 'quantity': '12'}
2026-09-03 08:20:29,603  INFO      [OPEN] [DRY] DLF.NS qty=12 @ Rs 679.90 SL Rs 662.67 TGT Rs 682.83 (order=None)
2026-09-03 08:20:29,603  INFO      [DRY] Angel order would be: {'variety': 'NORMAL', 'tradingsymbol': 'COALINDIA-EQ', 'symboltoken': '20374', 'transactiontype': 'BUY', 'exchange': 'NSE', 'ordertype': 'MARKET', 'producttype': 'INTRADAY', 'duration': 'DAY', 'price': '0', 'squareoff': '0', 'stoploss': '0', 'quantity': '18'}
2026-09-03 08:20:29,603  INFO      [OPEN] [DRY] COALINDIA.NS qty=18 @ Rs 418.40 SL Rs 410.68 TGT Rs 432.63 (order=None)
2026-09-03 08:20:29,609  INFO      tick result: {'ok': True, 'actions': 4, 'open_trades': 6, 'closed_today': 0, 'realised_pnl': 0.0, 'cumulative_pnl': -4453.65, 'halted': False, 'messages': ['[OPEN] [DRY] ADANIPORTS.NS qty=7 @ Rs 1708.00 SL Rs 1669.28 TGT Rs 1720.45 (order=None)', '[OPEN] [DRY] BANKINDIA.NS qty=71 @ Rs 144.65 SL Rs 141.58 TGT Rs 145.96 (order=None)', '[OPEN] [DRY] DLF.NS qty=12 @ Rs 679.90 SL Rs 662.67 TGT Rs 682.83 (order=None)', '[OPEN] [DRY] COALINDIA.NS qty=18 @ Rs 418.40 SL Rs 410.68 TGT Rs 432.63 (order=None)']}
2026-09-03 08:20:29,609  INFO      tick result: {'ok': True, 'actions': 4, 'open_trades': 6, 'closed_today': 0, 'realised_pnl': 0.0, 'cumulative_pnl': -4453.65, 'halted': False, 'messages': ['[OPEN] [DRY] ADANIPORTS.NS qty=7 @ Rs 1708.00 SL Rs 1669.28 TGT Rs 1720.45 (order=None)', '[OPEN] [DRY] BANKINDIA.NS qty=71 @ Rs 144.65 SL Rs 141.58 TGT Rs 145.96 (order=None)', '[OPEN] [DRY] DLF.NS qty=12 @ Rs 679.90 SL Rs 662.67 TGT Rs 682.83 (order=None)', '[OPEN] [DRY] COALINDIA.NS qty=18 @ Rs 418.40 SL Rs 410.68 TGT Rs 432.63 (order=None)']}
