2026-06-11 08:25:30,284  INFO      angel_one starting ... (cmd=paper-trade)
2026-06-11 08:25:30,284  INFO      angel_one starting ... (cmd=paper-trade)
2026-06-11 08:25:30,303  INFO      refresh: generating today's picks via analyzer (dry-run, no PDF)
2026-06-11 08:25:30,303  INFO      refresh: generating today's picks via analyzer (dry-run, no PDF)
2026-06-11 08:25:31,014  INFO      == Stock analyzer run starting ==
2026-06-11 08:25:31,014  INFO      Watchlist: 11 symbols from data/stock_watchlist.txt
2026-06-11 08:25:31,014  INFO      Universe: 107 symbols (total available: 107)
2026-06-11 08:25:31,818  INFO      [1/107] fetching TATAPOWER.NS …
2026-06-11 08:25:32,395  INFO      [2/107] fetching IRFC.NS …
2026-06-11 08:25:32,888  INFO      [3/107] fetching SUZLON.NS …
2026-06-11 08:25:33,375  INFO      [4/107] fetching IREDA.NS …
2026-06-11 08:25:33,860  INFO      [5/107] fetching BHEL.NS …
2026-06-11 08:25:34,375  INFO      [6/107] fetching KPITTECH.NS …
2026-06-11 08:25:34,870  INFO      [7/107] fetching POLYCAB.NS …
2026-06-11 08:25:35,360  INFO      [8/107] fetching PERSISTENT.NS …
2026-06-11 08:25:35,865  INFO      [9/107] fetching ITC.NS …
2026-06-11 08:25:36,380  INFO      [10/107] fetching POWERGRID.NS …
2026-06-11 08:25:36,894  INFO      [11/107] fetching COALINDIA.NS …
2026-06-11 08:25:37,426  INFO      [12/107] fetching RELIANCE.NS …
2026-06-11 08:25:37,939  INFO      [13/107] fetching TCS.NS …
2026-06-11 08:25:38,456  INFO      [14/107] fetching HDFCBANK.NS …
2026-06-11 08:25:38,976  INFO      [15/107] fetching INFY.NS …
2026-06-11 08:25:39,525  INFO      [16/107] fetching ICICIBANK.NS …
2026-06-11 08:25:40,039  INFO      [17/107] fetching HINDUNILVR.NS …
2026-06-11 08:25:40,549  INFO      [18/107] fetching SBIN.NS …
2026-06-11 08:25:41,079  INFO      [19/107] fetching BHARTIARTL.NS …
2026-06-11 08:25:41,579  INFO      [20/107] fetching KOTAKBANK.NS …
2026-06-11 08:25:42,098  INFO      [21/107] fetching LT.NS …
2026-06-11 08:25:42,612  INFO      [22/107] fetching AXISBANK.NS …
2026-06-11 08:25:43,131  INFO      [23/107] fetching BAJFINANCE.NS …
2026-06-11 08:25:43,649  INFO      [24/107] fetching ASIANPAINT.NS …
2026-06-11 08:25:44,156  INFO      [25/107] fetching MARUTI.NS …
2026-06-11 08:25:44,658  INFO      [26/107] fetching HCLTECH.NS …
2026-06-11 08:25:45,168  INFO      [27/107] fetching SUNPHARMA.NS …
2026-06-11 08:25:45,684  INFO      [28/107] fetching TITAN.NS …
2026-06-11 08:25:46,226  INFO      [29/107] fetching ULTRACEMCO.NS …
2026-06-11 08:25:46,739  INFO      [30/107] fetching WIPRO.NS …
2026-06-11 08:25:47,266  INFO      [31/107] fetching NESTLEIND.NS …
2026-06-11 08:25:47,776  INFO      [32/107] fetching ADANIENT.NS …
2026-06-11 08:25:48,287  INFO      [33/107] fetching NTPC.NS …
2026-06-11 08:25:48,804  INFO      [34/107] fetching TATAMOTORS.NS …
2026-06-11 08:25:49,820  WARNING   [TATAMOTORS.NS] insufficient history (0 rows)
2026-06-11 08:25:50,220  INFO      [35/107] fetching M&M.NS …
2026-06-11 08:25:50,748  INFO      [36/107] fetching TATASTEEL.NS …
2026-06-11 08:25:51,263  INFO      [37/107] fetching JSWSTEEL.NS …
2026-06-11 08:25:51,772  INFO      [38/107] fetching ONGC.NS …
2026-06-11 08:25:52,290  INFO      [39/107] fetching TECHM.NS …
2026-06-11 08:25:52,795  INFO      [40/107] fetching BAJAJFINSV.NS …
2026-06-11 08:25:53,300  INFO      [41/107] fetching HINDALCO.NS …
2026-06-11 08:25:53,822  INFO      [42/107] fetching GRASIM.NS …
2026-06-11 08:25:54,335  INFO      [43/107] fetching DRREDDY.NS …
2026-06-11 08:25:54,840  INFO      [44/107] fetching CIPLA.NS …
2026-06-11 08:25:55,354  INFO      [45/107] fetching DIVISLAB.NS …
2026-06-11 08:25:55,876  INFO      [46/107] fetching EICHERMOT.NS …
2026-06-11 08:25:56,393  INFO      [47/107] fetching BRITANNIA.NS …
2026-06-11 08:25:56,906  INFO      [48/107] fetching HEROMOTOCO.NS …
2026-06-11 08:25:57,415  INFO      [49/107] fetching BAJAJ-AUTO.NS …
2026-06-11 08:25:57,914  INFO      [50/107] fetching INDUSINDBK.NS …
2026-06-11 08:25:58,420  INFO      [51/107] fetching APOLLOHOSP.NS …
2026-06-11 08:25:58,928  INFO      [52/107] fetching TATACONSUM.NS …
2026-06-11 08:25:59,444  INFO      [53/107] fetching UPL.NS …
2026-06-11 08:25:59,983  INFO      [54/107] fetching BPCL.NS …
2026-06-11 08:26:00,504  INFO      [55/107] fetching SBILIFE.NS …
2026-06-11 08:26:01,000  INFO      [56/107] fetching HDFCLIFE.NS …
2026-06-11 08:26:01,490  INFO      [57/107] fetching ADANIPORTS.NS …
2026-06-11 08:26:01,994  INFO      [58/107] fetching LTIM.NS …
2026-06-11 08:26:02,666  WARNING   [LTIM.NS] insufficient history (0 rows)
2026-06-11 08:26:03,066  INFO      [59/107] fetching ABB.NS …
2026-06-11 08:26:03,588  INFO      [60/107] fetching ADANIGREEN.NS …
2026-06-11 08:26:04,074  INFO      [61/107] fetching ADANIPOWER.NS …
2026-06-11 08:26:04,557  INFO      [62/107] fetching AMBUJACEM.NS …
2026-06-11 08:26:05,069  INFO      [63/107] fetching DMART.NS …
2026-06-11 08:26:05,551  INFO      [64/107] fetching BAJAJHLDNG.NS …
2026-06-11 08:26:06,080  INFO      [65/107] fetching BANKBARODA.NS …
2026-06-11 08:26:06,595  INFO      [66/107] fetching BERGEPAINT.NS …
2026-06-11 08:26:07,123  INFO      [67/107] fetching BOSCHLTD.NS …
2026-06-11 08:26:07,633  INFO      [68/107] fetching CANBK.NS …
2026-06-11 08:26:08,156  INFO      [69/107] fetching CHOLAFIN.NS …
2026-06-11 08:26:08,675  INFO      [70/107] fetching COLPAL.NS …
2026-06-11 08:26:09,213  INFO      [71/107] fetching DABUR.NS …
2026-06-11 08:26:09,761  INFO      [72/107] fetching DLF.NS …
2026-06-11 08:26:10,261  INFO      [73/107] fetching GAIL.NS …
2026-06-11 08:26:10,809  INFO      [74/107] fetching GODREJCP.NS …
2026-06-11 08:26:11,326  INFO      [75/107] fetching HAVELLS.NS …
2026-06-11 08:26:11,834  INFO      [76/107] fetching HAL.NS …
2026-06-11 08:26:12,329  INFO      [77/107] fetching ICICIGI.NS …
2026-06-11 08:26:12,827  INFO      [78/107] fetching ICICIPRULI.NS …
2026-06-11 08:26:13,324  INFO      [79/107] fetching IOC.NS …
2026-06-11 08:26:13,880  INFO      [80/107] fetching IRCTC.NS …
2026-06-11 08:26:14,378  INFO      [81/107] fetching JINDALSTEL.NS …
2026-06-11 08:26:14,890  INFO      [82/107] fetching LICI.NS …
2026-06-11 08:26:15,378  INFO      [83/107] fetching MARICO.NS …
2026-06-11 08:26:15,895  INFO      [84/107] fetching MOTHERSON.NS …
2026-06-11 08:26:16,417  INFO      [85/107] fetching NAUKRI.NS …
2026-06-11 08:26:16,963  INFO      [86/107] fetching PIDILITIND.NS …
2026-06-11 08:26:17,489  INFO      [87/107] fetching PNB.NS …
2026-06-11 08:26:17,997  INFO      [88/107] fetching PFC.NS …
2026-06-11 08:26:18,497  INFO      [89/107] fetching RECLTD.NS …
2026-06-11 08:26:18,994  INFO      [90/107] fetching SIEMENS.NS …
2026-06-11 08:26:19,504  INFO      [91/107] fetching SRF.NS …
2026-06-11 08:26:20,011  INFO      [92/107] fetching SHREECEM.NS …
2026-06-11 08:26:20,526  INFO      [93/107] fetching SHRIRAMFIN.NS …
2026-06-11 08:26:21,044  INFO      [94/107] fetching TORNTPHARM.NS …
2026-06-11 08:26:21,553  INFO      [95/107] fetching TRENT.NS …
2026-06-11 08:26:22,060  INFO      [96/107] fetching TVSMOTOR.NS …
2026-06-11 08:26:22,579  INFO      [97/107] fetching VEDL.NS …
2026-06-11 08:26:23,103  INFO      [98/107] fetching VBL.NS …
2026-06-11 08:26:23,595  INFO      [99/107] fetching ZOMATO.NS …
2026-06-11 08:26:24,075  WARNING   [ZOMATO.NS] insufficient history (0 rows)
2026-06-11 08:26:24,476  INFO      [100/107] fetching ZYDUSLIFE.NS …
2026-06-11 08:26:24,984  INFO      [101/107] fetching INDIGO.NS …
2026-06-11 08:26:25,516  INFO      [102/107] fetching IDEA.NS …
2026-06-11 08:26:26,004  INFO      [103/107] fetching BANKINDIA.NS …
2026-06-11 08:26:26,512  INFO      [104/107] fetching PAGEIND.NS …
2026-06-11 08:26:27,014  INFO      [105/107] fetching MUTHOOTFIN.NS …
2026-06-11 08:26:27,511  INFO      [106/107] fetching TATAELXSI.NS …
2026-06-11 08:26:28,016  INFO      [107/107] fetching LUPIN.NS …
2026-06-11 08:26:28,134  INFO      Fetched 104/107 symbols successfully.
2026-06-11 08:26:30,500  WARNING   [MF 120503] fetch failed: HTTPSConnectionPool(host='api.mfapi.in', port=443): Read timed out. (read timeout=2)
2026-06-11 08:26:30,974  INFO      Fetched 200 headlines from RSS (Indian + global/geopolitics).
2026-06-11 08:26:33,897  INFO      Macro regime: neutral | bias=-1 | geo-risk=64.5
2026-06-11 08:26:34,129  INFO      NSE corp announcements: 20 filings
2026-06-11 08:26:35,835  INFO      Angel One login successful.
2026-06-11 08:26:36,653  INFO      Saved report → data/stock_reports/2026-06-11_0826.json
2026-06-11 08:26:37,136  INFO      Report image saved → logs/stock_analyzer/2026-06-11/stock_report.png  [1920×1280]
2026-06-11 08:26:37,136  INFO      Dry-run: skipping send. Image + PDF saved locally; console printed.
2026-06-11 08:26:37,137  INFO      == Stock analyzer run complete ==
2026-06-11 08:26:37,139  INFO      [Note] PAPER TRADING -- virtual cash Rs 100,000, max_positions=6 max_pct=15% buckets=('intraday', 'swing') state=data/paper_trader_state.json
2026-06-11 08:26:37,139  INFO      [Note] PAPER TRADING -- virtual cash Rs 100,000, max_positions=6 max_pct=15% buckets=('intraday', 'swing') state=data/paper_trader_state.json
2026-06-11 08:26:37,140  INFO      paper-trader: new day, archived 5 trades (cumulative ₹-737)
2026-06-11 08:26:49,835  INFO      [DRY] Angel order would be: {'variety': 'NORMAL', 'tradingsymbol': 'COALINDIA-EQ', 'symboltoken': '20374', 'transactiontype': 'SELL', 'exchange': 'NSE', 'ordertype': 'MARKET', 'producttype': 'INTRADAY', 'duration': 'DAY', 'price': '0', 'squareoff': '0', 'stoploss': '0', 'quantity': '16'}
2026-06-11 08:26:49,836  INFO      [SL] [DRY] CLOSE COALINDIA.NS qty=16 @ Rs 445.75 P&L Rs -321 (gross Rs -310, cost Rs 11; SL hit @ 445.75)
2026-06-11 08:26:49,836  INFO      [DRY] Angel order would be: {'variety': 'NORMAL', 'tradingsymbol': 'TORNTPHARM-EQ', 'symboltoken': '3518', 'transactiontype': 'BUY', 'exchange': 'NSE', 'ordertype': 'MARKET', 'producttype': 'INTRADAY', 'duration': 'DAY', 'price': '0', 'squareoff': '0', 'stoploss': '0', 'quantity': '2'}
2026-06-11 08:26:49,836  INFO      [OPEN] [DRY] TORNTPHARM.NS qty=2 @ Rs 4598.00 SL Rs 4477.22 TGT Rs 4703.47 (order=None)
2026-06-11 08:26:49,836  INFO      [DRY] Angel order would be: {'variety': 'NORMAL', 'tradingsymbol': 'ICICIBANK-EQ', 'symboltoken': '4963', 'transactiontype': 'BUY', 'exchange': 'NSE', 'ordertype': 'MARKET', 'producttype': 'INTRADAY', 'duration': 'DAY', 'price': '0', 'squareoff': '0', 'stoploss': '0', 'quantity': '9'}
2026-06-11 08:26:49,836  INFO      [OPEN] [DRY] ICICIBANK.NS qty=9 @ Rs 1322.50 SL Rs 1296.08 TGT Rs 1389.24 (order=None)
2026-06-11 08:26:49,836  INFO      [DRY] Angel order would be: {'variety': 'NORMAL', 'tradingsymbol': 'KOTAKBANK-EQ', 'symboltoken': '1922', 'transactiontype': 'BUY', 'exchange': 'NSE', 'ordertype': 'MARKET', 'producttype': 'INTRADAY', 'duration': 'DAY', 'price': '0', 'squareoff': '0', 'stoploss': '0', 'quantity': '26'}
2026-06-11 08:26:49,836  INFO      [OPEN] [DRY] KOTAKBANK.NS qty=26 @ Rs 396.65 SL Rs 387.66 TGT Rs 415.55 (order=None)
2026-06-11 08:26:49,836  INFO      [DRY] Angel order would be: {'variety': 'NORMAL', 'tradingsymbol': 'IDEA-EQ', 'symboltoken': '14366', 'transactiontype': 'BUY', 'exchange': 'NSE', 'ordertype': 'MARKET', 'producttype': 'INTRADAY', 'duration': 'DAY', 'price': '0', 'squareoff': '0', 'stoploss': '0', 'quantity': '627'}
2026-06-11 08:26:49,836  INFO      [OPEN] [DRY] IDEA.NS qty=627 @ Rs 14.43 SL Rs 13.93 TGT Rs 15.22 (order=None)
2026-06-11 08:26:49,836  INFO      [DRY] Angel order would be: {'variety': 'NORMAL', 'tradingsymbol': 'IRCTC-EQ', 'symboltoken': '13611', 'transactiontype': 'BUY', 'exchange': 'NSE', 'ordertype': 'MARKET', 'producttype': 'INTRADAY', 'duration': 'DAY', 'price': '0', 'squareoff': '0', 'stoploss': '0', 'quantity': '14'}
2026-06-11 08:26:49,836  INFO      [OPEN] [DRY] IRCTC.NS qty=14 @ Rs 518.55 SL Rs 505.72 TGT Rs 533.93 (order=None)
2026-06-11 08:26:49,839  INFO      tick result: {'ok': True, 'actions': 6, 'open_trades': 5, 'closed_today': 1, 'realised_pnl': -320.53, 'cumulative_pnl': -1057.23, 'halted': False, 'messages': ['[SL] [DRY] CLOSE COALINDIA.NS qty=16 @ Rs 445.75 P&L Rs -321 (gross Rs -310, cost Rs 11; SL hit @ 445.75)', '[OPEN] [DRY] TORNTPHARM.NS qty=2 @ Rs 4598.00 SL Rs 4477.22 TGT Rs 4703.47 (order=None)', '[OPEN] [DRY] ICICIBANK.NS qty=9 @ Rs 1322.50 SL Rs 1296.08 TGT Rs 1389.24 (order=None)', '[OPEN] [DRY] KOTAKBANK.NS qty=26 @ Rs 396.65 SL Rs 387.66 TGT Rs 415.55 (order=None)', '[OPEN] [DRY] IDEA.NS qty=627 @ Rs 14.43 SL Rs 13.93 TGT Rs 15.22 (order=None)', '[OPEN] [DRY] IRCTC.NS qty=14 @ Rs 518.55 SL Rs 505.72 TGT Rs 533.93 (order=None)']}
2026-06-11 08:26:49,839  INFO      tick result: {'ok': True, 'actions': 6, 'open_trades': 5, 'closed_today': 1, 'realised_pnl': -320.53, 'cumulative_pnl': -1057.23, 'halted': False, 'messages': ['[SL] [DRY] CLOSE COALINDIA.NS qty=16 @ Rs 445.75 P&L Rs -321 (gross Rs -310, cost Rs 11; SL hit @ 445.75)', '[OPEN] [DRY] TORNTPHARM.NS qty=2 @ Rs 4598.00 SL Rs 4477.22 TGT Rs 4703.47 (order=None)', '[OPEN] [DRY] ICICIBANK.NS qty=9 @ Rs 1322.50 SL Rs 1296.08 TGT Rs 1389.24 (order=None)', '[OPEN] [DRY] KOTAKBANK.NS qty=26 @ Rs 396.65 SL Rs 387.66 TGT Rs 415.55 (order=None)', '[OPEN] [DRY] IDEA.NS qty=627 @ Rs 14.43 SL Rs 13.93 TGT Rs 15.22 (order=None)', '[OPEN] [DRY] IRCTC.NS qty=14 @ Rs 518.55 SL Rs 505.72 TGT Rs 533.93 (order=None)']}
