2026-07-30 06:14:40,492  INFO      angel_one starting ... (cmd=paper-trade)
2026-07-30 06:14:40,492  INFO      angel_one starting ... (cmd=paper-trade)
2026-07-30 06:14:40,510  INFO      refresh: generating today's picks via analyzer (dry-run, no PDF)
2026-07-30 06:14:40,510  INFO      refresh: generating today's picks via analyzer (dry-run, no PDF)
2026-07-30 06:14:41,286  INFO      == Stock analyzer run starting ==
2026-07-30 06:14:41,286  INFO      Watchlist: 11 symbols from data/stock_watchlist.txt
2026-07-30 06:14:41,286  INFO      Universe: 107 symbols (total available: 107)
2026-07-30 06:14:42,024  INFO      [1/107] fetching TATAPOWER.NS …
2026-07-30 06:14:42,585  INFO      [2/107] fetching IRFC.NS …
2026-07-30 06:14:43,087  INFO      [3/107] fetching SUZLON.NS …
2026-07-30 06:14:43,555  INFO      [4/107] fetching IREDA.NS …
2026-07-30 06:14:44,024  INFO      [5/107] fetching BHEL.NS …
2026-07-30 06:14:44,515  INFO      [6/107] fetching KPITTECH.NS …
2026-07-30 06:14:44,985  INFO      [7/107] fetching POLYCAB.NS …
2026-07-30 06:14:45,456  INFO      [8/107] fetching PERSISTENT.NS …
2026-07-30 06:14:45,936  INFO      [9/107] fetching ITC.NS …
2026-07-30 06:14:46,432  INFO      [10/107] fetching POWERGRID.NS …
2026-07-30 06:14:46,916  INFO      [11/107] fetching COALINDIA.NS …
2026-07-30 06:14:47,392  INFO      [12/107] fetching RELIANCE.NS …
2026-07-30 06:14:47,881  INFO      [13/107] fetching TCS.NS …
2026-07-30 06:14:48,361  INFO      [14/107] fetching HDFCBANK.NS …
2026-07-30 06:14:48,854  INFO      [15/107] fetching INFY.NS …
2026-07-30 06:14:49,345  INFO      [16/107] fetching ICICIBANK.NS …
2026-07-30 06:14:49,830  INFO      [17/107] fetching HINDUNILVR.NS …
2026-07-30 06:14:50,320  INFO      [18/107] fetching SBIN.NS …
2026-07-30 06:14:50,812  INFO      [19/107] fetching BHARTIARTL.NS …
2026-07-30 06:14:51,310  INFO      [20/107] fetching KOTAKBANK.NS …
2026-07-30 06:14:51,798  INFO      [21/107] fetching LT.NS …
2026-07-30 06:14:52,288  INFO      [22/107] fetching AXISBANK.NS …
2026-07-30 06:14:52,786  INFO      [23/107] fetching BAJFINANCE.NS …
2026-07-30 06:14:53,271  INFO      [24/107] fetching ASIANPAINT.NS …
2026-07-30 06:14:53,767  INFO      [25/107] fetching MARUTI.NS …
2026-07-30 06:14:54,242  INFO      [26/107] fetching HCLTECH.NS …
2026-07-30 06:14:54,722  INFO      [27/107] fetching SUNPHARMA.NS …
2026-07-30 06:14:55,203  INFO      [28/107] fetching TITAN.NS …
2026-07-30 06:14:55,691  INFO      [29/107] fetching ULTRACEMCO.NS …
2026-07-30 06:14:56,180  INFO      [30/107] fetching WIPRO.NS …
2026-07-30 06:14:56,681  INFO      [31/107] fetching NESTLEIND.NS …
2026-07-30 06:14:57,170  INFO      [32/107] fetching ADANIENT.NS …
2026-07-30 06:14:57,679  INFO      [33/107] fetching NTPC.NS …
2026-07-30 06:14:58,165  INFO      [34/107] fetching TATAMOTORS.NS …
2026-07-30 06:15:00,953  WARNING   [TATAMOTORS.NS] insufficient history (0 rows)
2026-07-30 06:15:01,354  INFO      [35/107] fetching M&M.NS …
2026-07-30 06:15:01,852  INFO      [36/107] fetching TATASTEEL.NS …
2026-07-30 06:15:02,343  INFO      [37/107] fetching JSWSTEEL.NS …
2026-07-30 06:15:02,843  INFO      [38/107] fetching ONGC.NS …
2026-07-30 06:15:03,389  INFO      [39/107] fetching TECHM.NS …
2026-07-30 06:15:03,931  INFO      [40/107] fetching BAJAJFINSV.NS …
2026-07-30 06:15:04,415  INFO      [41/107] fetching HINDALCO.NS …
2026-07-30 06:15:04,911  INFO      [42/107] fetching GRASIM.NS …
2026-07-30 06:15:05,406  INFO      [43/107] fetching DRREDDY.NS …
2026-07-30 06:15:05,893  INFO      [44/107] fetching CIPLA.NS …
2026-07-30 06:15:06,393  INFO      [45/107] fetching DIVISLAB.NS …
2026-07-30 06:15:06,874  INFO      [46/107] fetching EICHERMOT.NS …
2026-07-30 06:15:07,939  INFO      [47/107] fetching BRITANNIA.NS …
2026-07-30 06:15:08,520  INFO      [48/107] fetching HEROMOTOCO.NS …
2026-07-30 06:15:09,009  INFO      [49/107] fetching BAJAJ-AUTO.NS …
2026-07-30 06:15:09,504  INFO      [50/107] fetching INDUSINDBK.NS …
2026-07-30 06:15:09,990  INFO      [51/107] fetching APOLLOHOSP.NS …
2026-07-30 06:15:10,477  INFO      [52/107] fetching TATACONSUM.NS …
2026-07-30 06:15:10,968  INFO      [53/107] fetching UPL.NS …
2026-07-30 06:15:11,452  INFO      [54/107] fetching BPCL.NS …
2026-07-30 06:15:11,948  INFO      [55/107] fetching SBILIFE.NS …
2026-07-30 06:15:12,420  INFO      [56/107] fetching HDFCLIFE.NS …
2026-07-30 06:15:12,895  INFO      [57/107] fetching ADANIPORTS.NS …
2026-07-30 06:15:13,371  INFO      [58/107] fetching LTIM.NS …
2026-07-30 06:15:14,013  WARNING   [LTIM.NS] insufficient history (0 rows)
2026-07-30 06:15:14,413  INFO      [59/107] fetching ABB.NS …
2026-07-30 06:15:14,899  INFO      [60/107] fetching ADANIGREEN.NS …
2026-07-30 06:15:15,397  INFO      [61/107] fetching ADANIPOWER.NS …
2026-07-30 06:15:15,877  INFO      [62/107] fetching AMBUJACEM.NS …
2026-07-30 06:15:16,367  INFO      [63/107] fetching DMART.NS …
2026-07-30 06:15:16,839  INFO      [64/107] fetching BAJAJHLDNG.NS …
2026-07-30 06:15:17,333  INFO      [65/107] fetching BANKBARODA.NS …
2026-07-30 06:15:17,828  INFO      [66/107] fetching BERGEPAINT.NS …
2026-07-30 06:15:18,314  INFO      [67/107] fetching BOSCHLTD.NS …
2026-07-30 06:15:18,797  INFO      [68/107] fetching CANBK.NS …
2026-07-30 06:15:19,277  INFO      [69/107] fetching CHOLAFIN.NS …
2026-07-30 06:15:19,776  INFO      [70/107] fetching COLPAL.NS …
2026-07-30 06:15:20,260  INFO      [71/107] fetching DABUR.NS …
2026-07-30 06:15:20,762  INFO      [72/107] fetching DLF.NS …
2026-07-30 06:15:21,246  INFO      [73/107] fetching GAIL.NS …
2026-07-30 06:15:21,760  INFO      [74/107] fetching GODREJCP.NS …
2026-07-30 06:15:22,248  INFO      [75/107] fetching HAVELLS.NS …
2026-07-30 06:15:22,746  INFO      [76/107] fetching HAL.NS …
2026-07-30 06:15:23,220  INFO      [77/107] fetching ICICIGI.NS …
2026-07-30 06:15:23,699  INFO      [78/107] fetching ICICIPRULI.NS …
2026-07-30 06:15:24,175  INFO      [79/107] fetching IOC.NS …
2026-07-30 06:15:24,682  INFO      [80/107] fetching IRCTC.NS …
2026-07-30 06:15:25,153  INFO      [81/107] fetching JINDALSTEL.NS …
2026-07-30 06:15:25,671  INFO      [82/107] fetching LICI.NS …
2026-07-30 06:15:26,136  INFO      [83/107] fetching MARICO.NS …
2026-07-30 06:15:26,634  INFO      [84/107] fetching MOTHERSON.NS …
2026-07-30 06:15:27,127  INFO      [85/107] fetching NAUKRI.NS …
2026-07-30 06:15:27,612  INFO      [86/107] fetching PIDILITIND.NS …
2026-07-30 06:15:28,112  INFO      [87/107] fetching PNB.NS …
2026-07-30 06:15:28,597  INFO      [88/107] fetching PFC.NS …
2026-07-30 06:15:29,085  INFO      [89/107] fetching RECLTD.NS …
2026-07-30 06:15:29,565  INFO      [90/107] fetching SIEMENS.NS …
2026-07-30 06:15:30,059  INFO      [91/107] fetching SRF.NS …
2026-07-30 06:15:30,562  INFO      [92/107] fetching SHREECEM.NS …
2026-07-30 06:15:31,071  INFO      [93/107] fetching SHRIRAMFIN.NS …
2026-07-30 06:15:31,565  INFO      [94/107] fetching TORNTPHARM.NS …
2026-07-30 06:15:32,056  INFO      [95/107] fetching TRENT.NS …
2026-07-30 06:15:32,548  INFO      [96/107] fetching TVSMOTOR.NS …
2026-07-30 06:15:33,038  INFO      [97/107] fetching VEDL.NS …
2026-07-30 06:15:33,538  INFO      [98/107] fetching VBL.NS …
2026-07-30 06:15:34,027  INFO      [99/107] fetching ZOMATO.NS …
2026-07-30 06:15:34,541  WARNING   [ZOMATO.NS] insufficient history (0 rows)
2026-07-30 06:15:34,941  INFO      [100/107] fetching ZYDUSLIFE.NS …
2026-07-30 06:15:35,444  INFO      [101/107] fetching INDIGO.NS …
2026-07-30 06:15:35,921  INFO      [102/107] fetching IDEA.NS …
2026-07-30 06:15:36,404  INFO      [103/107] fetching BANKINDIA.NS …
2026-07-30 06:15:36,902  INFO      [104/107] fetching PAGEIND.NS …
2026-07-30 06:15:37,412  INFO      [105/107] fetching MUTHOOTFIN.NS …
2026-07-30 06:15:37,891  INFO      [106/107] fetching TATAELXSI.NS …
2026-07-30 06:15:38,385  INFO      [107/107] fetching LUPIN.NS …
2026-07-30 06:15:38,492  INFO      Fetched 104/107 symbols successfully.
2026-07-30 06:15:40,798  WARNING   [MF 120503] fetch failed: HTTPSConnectionPool(host='api.mfapi.in', port=443): Read timed out. (read timeout=2)
2026-07-30 06:15:41,391  INFO      Fetched 200 headlines from RSS (Indian + global/geopolitics).
2026-07-30 06:15:43,844  INFO      Macro regime: risk-off | bias=-2 | geo-risk=39.1
2026-07-30 06:15:43,894  INFO      NSE corp announcements: 20 filings
2026-07-30 06:15:45,513  INFO      Angel One login successful.
2026-07-30 06:15:46,682  INFO      Saved report → data/stock_reports/2026-07-30_0615.json
2026-07-30 06:15:47,228  INFO      Report image saved → logs/stock_analyzer/2026-07-30/stock_report.png  [1920×1280]
2026-07-30 06:15:47,229  INFO      Dry-run: skipping send. Image + PDF saved locally; console printed.
2026-07-30 06:15:47,229  INFO      == Stock analyzer run complete ==
2026-07-30 06:15:47,232  INFO      [Note] PAPER TRADING -- virtual cash Rs 100,000, max_positions=6 max_pct=15% buckets=('intraday', 'swing') state=data/paper_trader_state.json
2026-07-30 06:15:47,232  INFO      [Note] PAPER TRADING -- virtual cash Rs 100,000, max_positions=6 max_pct=15% buckets=('intraday', 'swing') state=data/paper_trader_state.json
2026-07-30 06:15:47,233  INFO      paper-trader: new day, archived 5 trades (cumulative ₹-3,618)
2026-07-30 06:16:00,788  INFO      [DRY] Angel order would be: {'variety': 'NORMAL', 'tradingsymbol': 'WIPRO-EQ', 'symboltoken': '3787', 'transactiontype': 'BUY', 'exchange': 'NSE', 'ordertype': 'MARKET', 'producttype': 'INTRADAY', 'duration': 'DAY', 'price': '0', 'squareoff': '0', 'stoploss': '0', 'quantity': '70'}
2026-07-30 06:16:00,788  INFO      [OPEN] [DRY] WIPRO.NS qty=70 @ Rs 188.58 SL Rs 186.06 TGT Rs 198.32 (order=None)
2026-07-30 06:16:00,788  INFO      [DRY] Angel order would be: {'variety': 'NORMAL', 'tradingsymbol': 'PERSISTENT-EQ', 'symboltoken': '18365', 'transactiontype': 'BUY', 'exchange': 'NSE', 'ordertype': 'MARKET', 'producttype': 'INTRADAY', 'duration': 'DAY', 'price': '0', 'squareoff': '0', 'stoploss': '0', 'quantity': '2'}
2026-07-30 06:16:00,788  INFO      [OPEN] [DRY] PERSISTENT.NS qty=2 @ Rs 5642.00 SL Rs 5475.42 TGT Rs 5920.64 (order=None)
2026-07-30 06:16:00,788  INFO      [DRY] Angel order would be: {'variety': 'NORMAL', 'tradingsymbol': 'HEROMOTOCO-EQ', 'symboltoken': '1348', 'transactiontype': 'BUY', 'exchange': 'NSE', 'ordertype': 'MARKET', 'producttype': 'INTRADAY', 'duration': 'DAY', 'price': '0', 'squareoff': '0', 'stoploss': '0', 'quantity': '1'}
2026-07-30 06:16:00,788  INFO      [OPEN] [DRY] HEROMOTOCO.NS qty=1 @ Rs 5317.20 SL Rs 5200.70 TGT Rs 5571.57 (order=None)
2026-07-30 06:16:00,788  INFO      [DRY] Angel order would be: {'variety': 'NORMAL', 'tradingsymbol': 'BERGEPAINT-EQ', 'symboltoken': '404', 'transactiontype': 'BUY', 'exchange': 'NSE', 'ordertype': 'MARKET', 'producttype': 'INTRADAY', 'duration': 'DAY', 'price': '0', 'squareoff': '0', 'stoploss': '0', 'quantity': '16'}
2026-07-30 06:16:00,788  INFO      [OPEN] [DRY] BERGEPAINT.NS qty=16 @ Rs 519.55 SL Rs 505.92 TGT Rs 527.94 (order=None)
2026-07-30 06:16:00,788  INFO      [DRY] Angel order would be: {'variety': 'NORMAL', 'tradingsymbol': 'BAJAJFINSV-EQ', 'symboltoken': '16675', 'transactiontype': 'BUY', 'exchange': 'NSE', 'ordertype': 'MARKET', 'producttype': 'INTRADAY', 'duration': 'DAY', 'price': '0', 'squareoff': '0', 'stoploss': '0', 'quantity': '3'}
2026-07-30 06:16:00,789  INFO      [OPEN] [DRY] BAJAJFINSV.NS qty=3 @ Rs 1898.90 SL Rs 1832.29 TGT Rs 2058.60 (order=None)
2026-07-30 06:16:00,794  INFO      tick result: {'ok': True, 'actions': 5, 'open_trades': 6, 'closed_today': 0, 'realised_pnl': 0.0, 'cumulative_pnl': -3617.81, 'halted': False, 'messages': ['[OPEN] [DRY] WIPRO.NS qty=70 @ Rs 188.58 SL Rs 186.06 TGT Rs 198.32 (order=None)', '[OPEN] [DRY] PERSISTENT.NS qty=2 @ Rs 5642.00 SL Rs 5475.42 TGT Rs 5920.64 (order=None)', '[OPEN] [DRY] HEROMOTOCO.NS qty=1 @ Rs 5317.20 SL Rs 5200.70 TGT Rs 5571.57 (order=None)', '[OPEN] [DRY] BERGEPAINT.NS qty=16 @ Rs 519.55 SL Rs 505.92 TGT Rs 527.94 (order=None)', '[OPEN] [DRY] BAJAJFINSV.NS qty=3 @ Rs 1898.90 SL Rs 1832.29 TGT Rs 2058.60 (order=None)']}
2026-07-30 06:16:00,794  INFO      tick result: {'ok': True, 'actions': 5, 'open_trades': 6, 'closed_today': 0, 'realised_pnl': 0.0, 'cumulative_pnl': -3617.81, 'halted': False, 'messages': ['[OPEN] [DRY] WIPRO.NS qty=70 @ Rs 188.58 SL Rs 186.06 TGT Rs 198.32 (order=None)', '[OPEN] [DRY] PERSISTENT.NS qty=2 @ Rs 5642.00 SL Rs 5475.42 TGT Rs 5920.64 (order=None)', '[OPEN] [DRY] HEROMOTOCO.NS qty=1 @ Rs 5317.20 SL Rs 5200.70 TGT Rs 5571.57 (order=None)', '[OPEN] [DRY] BERGEPAINT.NS qty=16 @ Rs 519.55 SL Rs 505.92 TGT Rs 527.94 (order=None)', '[OPEN] [DRY] BAJAJFINSV.NS qty=3 @ Rs 1898.90 SL Rs 1832.29 TGT Rs 2058.60 (order=None)']}
