2026-05-20 07:33:23,946  INFO      angel_one starting ... (cmd=paper-trade)
2026-05-20 07:33:23,946  INFO      angel_one starting ... (cmd=paper-trade)
2026-05-20 07:33:23,962  INFO      refresh: generating today's picks via analyzer (dry-run, no PDF)
2026-05-20 07:33:23,962  INFO      refresh: generating today's picks via analyzer (dry-run, no PDF)
2026-05-20 07:33:25,074  INFO      == Stock analyzer run starting ==
2026-05-20 07:33:25,074  INFO      Watchlist: 11 symbols from data/stock_watchlist.txt
2026-05-20 07:33:25,074  INFO      Universe: 107 symbols (total available: 107)
2026-05-20 07:33:26,281  INFO      [1/107] fetching TATAPOWER.NS …
2026-05-20 07:33:26,979  INFO      [2/107] fetching IRFC.NS …
2026-05-20 07:33:27,584  INFO      [3/107] fetching SUZLON.NS …
2026-05-20 07:33:28,181  INFO      [4/107] fetching IREDA.NS …
2026-05-20 07:33:28,781  INFO      [5/107] fetching BHEL.NS …
2026-05-20 07:33:29,394  INFO      [6/107] fetching KPITTECH.NS …
2026-05-20 07:33:29,998  INFO      [7/107] fetching POLYCAB.NS …
2026-05-20 07:33:30,605  INFO      [8/107] fetching PERSISTENT.NS …
2026-05-20 07:33:31,182  INFO      [9/107] fetching ITC.NS …
2026-05-20 07:33:31,805  INFO      [10/107] fetching POWERGRID.NS …
2026-05-20 07:33:32,426  INFO      [11/107] fetching COALINDIA.NS …
2026-05-20 07:33:33,040  INFO      [12/107] fetching RELIANCE.NS …
2026-05-20 07:33:33,700  INFO      [13/107] fetching TCS.NS …
2026-05-20 07:33:34,323  INFO      [14/107] fetching HDFCBANK.NS …
2026-05-20 07:33:34,948  INFO      [15/107] fetching INFY.NS …
2026-05-20 07:33:35,586  INFO      [16/107] fetching ICICIBANK.NS …
2026-05-20 07:33:36,200  INFO      [17/107] fetching HINDUNILVR.NS …
2026-05-20 07:33:36,803  INFO      [18/107] fetching SBIN.NS …
2026-05-20 07:33:37,405  INFO      [19/107] fetching BHARTIARTL.NS …
2026-05-20 07:33:37,985  INFO      [20/107] fetching KOTAKBANK.NS …
2026-05-20 07:33:38,623  INFO      [21/107] fetching LT.NS …
2026-05-20 07:33:39,238  INFO      [22/107] fetching AXISBANK.NS …
2026-05-20 07:33:39,853  INFO      [23/107] fetching BAJFINANCE.NS …
2026-05-20 07:33:40,466  INFO      [24/107] fetching ASIANPAINT.NS …
2026-05-20 07:33:41,105  INFO      [25/107] fetching MARUTI.NS …
2026-05-20 07:33:41,754  INFO      [26/107] fetching HCLTECH.NS …
2026-05-20 07:33:42,372  INFO      [27/107] fetching SUNPHARMA.NS …
2026-05-20 07:33:42,992  INFO      [28/107] fetching TITAN.NS …
2026-05-20 07:33:43,607  INFO      [29/107] fetching ULTRACEMCO.NS …
2026-05-20 07:33:44,248  INFO      [30/107] fetching WIPRO.NS …
2026-05-20 07:33:44,870  INFO      [31/107] fetching NESTLEIND.NS …
2026-05-20 07:33:45,497  INFO      [32/107] fetching ADANIENT.NS …
2026-05-20 07:33:46,157  INFO      [33/107] fetching NTPC.NS …
2026-05-20 07:33:46,770  INFO      [34/107] fetching TATAMOTORS.NS …
2026-05-20 07:33:49,244  WARNING   [TATAMOTORS.NS] insufficient history (0 rows)
2026-05-20 07:33:49,644  INFO      [35/107] fetching M&M.NS …
2026-05-20 07:33:50,271  INFO      [36/107] fetching TATASTEEL.NS …
2026-05-20 07:33:50,886  INFO      [37/107] fetching JSWSTEEL.NS …
2026-05-20 07:33:51,494  INFO      [38/107] fetching ONGC.NS …
2026-05-20 07:33:52,120  INFO      [39/107] fetching TECHM.NS …
2026-05-20 07:33:52,731  INFO      [40/107] fetching BAJAJFINSV.NS …
2026-05-20 07:33:53,337  INFO      [41/107] fetching HINDALCO.NS …
2026-05-20 07:33:53,952  INFO      [42/107] fetching GRASIM.NS …
2026-05-20 07:33:54,567  INFO      [43/107] fetching DRREDDY.NS …
2026-05-20 07:33:55,190  INFO      [44/107] fetching CIPLA.NS …
2026-05-20 07:33:55,803  INFO      [45/107] fetching DIVISLAB.NS …
2026-05-20 07:33:56,512  INFO      [46/107] fetching EICHERMOT.NS …
2026-05-20 07:33:57,108  INFO      [47/107] fetching BRITANNIA.NS …
2026-05-20 07:33:57,737  INFO      [48/107] fetching HEROMOTOCO.NS …
2026-05-20 07:33:58,374  INFO      [49/107] fetching BAJAJ-AUTO.NS …
2026-05-20 07:33:58,985  INFO      [50/107] fetching INDUSINDBK.NS …
2026-05-20 07:33:59,609  INFO      [51/107] fetching APOLLOHOSP.NS …
2026-05-20 07:34:00,233  INFO      [52/107] fetching TATACONSUM.NS …
2026-05-20 07:34:00,829  INFO      [53/107] fetching UPL.NS …
2026-05-20 07:34:01,416  INFO      [54/107] fetching BPCL.NS …
2026-05-20 07:34:02,074  INFO      [55/107] fetching SBILIFE.NS …
2026-05-20 07:34:02,678  INFO      [56/107] fetching HDFCLIFE.NS …
2026-05-20 07:34:03,245  INFO      [57/107] fetching ADANIPORTS.NS …
2026-05-20 07:34:03,828  INFO      [58/107] fetching LTIM.NS …
2026-05-20 07:34:05,311  WARNING   [LTIM.NS] insufficient history (0 rows)
2026-05-20 07:34:05,712  INFO      [59/107] fetching ABB.NS …
2026-05-20 07:34:06,373  INFO      [60/107] fetching ADANIGREEN.NS …
2026-05-20 07:34:06,965  INFO      [61/107] fetching ADANIPOWER.NS …
2026-05-20 07:34:07,567  INFO      [62/107] fetching AMBUJACEM.NS …
2026-05-20 07:34:08,188  INFO      [63/107] fetching DMART.NS …
2026-05-20 07:34:08,823  INFO      [64/107] fetching BAJAJHLDNG.NS …
2026-05-20 07:34:09,457  INFO      [65/107] fetching BANKBARODA.NS …
2026-05-20 07:34:10,072  INFO      [66/107] fetching BERGEPAINT.NS …
2026-05-20 07:34:10,696  INFO      [67/107] fetching BOSCHLTD.NS …
2026-05-20 07:34:11,317  INFO      [68/107] fetching CANBK.NS …
2026-05-20 07:34:11,937  INFO      [69/107] fetching CHOLAFIN.NS …
2026-05-20 07:34:12,580  INFO      [70/107] fetching COLPAL.NS …
2026-05-20 07:34:13,203  INFO      [71/107] fetching DABUR.NS …
2026-05-20 07:34:13,827  INFO      [72/107] fetching DLF.NS …
2026-05-20 07:34:14,443  INFO      [73/107] fetching GAIL.NS …
2026-05-20 07:34:15,100  INFO      [74/107] fetching GODREJCP.NS …
2026-05-20 07:34:15,696  INFO      [75/107] fetching HAVELLS.NS …
2026-05-20 07:34:16,332  INFO      [76/107] fetching HAL.NS …
2026-05-20 07:34:16,939  INFO      [77/107] fetching ICICIGI.NS …
2026-05-20 07:34:17,543  INFO      [78/107] fetching ICICIPRULI.NS …
2026-05-20 07:34:18,151  INFO      [79/107] fetching IOC.NS …
2026-05-20 07:34:18,782  INFO      [80/107] fetching IRCTC.NS …
2026-05-20 07:34:19,389  INFO      [81/107] fetching JINDALSTEL.NS …
2026-05-20 07:34:19,978  INFO      [82/107] fetching LICI.NS …
2026-05-20 07:34:20,583  INFO      [83/107] fetching MARICO.NS …
2026-05-20 07:34:21,227  INFO      [84/107] fetching MOTHERSON.NS …
2026-05-20 07:34:21,847  INFO      [85/107] fetching NAUKRI.NS …
2026-05-20 07:34:22,471  INFO      [86/107] fetching PIDILITIND.NS …
2026-05-20 07:34:23,115  INFO      [87/107] fetching PNB.NS …
2026-05-20 07:34:23,723  INFO      [88/107] fetching PFC.NS …
2026-05-20 07:34:24,312  INFO      [89/107] fetching RECLTD.NS …
2026-05-20 07:34:24,928  INFO      [90/107] fetching SIEMENS.NS …
2026-05-20 07:34:25,524  INFO      [91/107] fetching SRF.NS …
2026-05-20 07:34:26,113  INFO      [92/107] fetching SHREECEM.NS …
2026-05-20 07:34:26,742  INFO      [93/107] fetching SHRIRAMFIN.NS …
2026-05-20 07:34:27,364  INFO      [94/107] fetching TORNTPHARM.NS …
2026-05-20 07:34:28,022  INFO      [95/107] fetching TRENT.NS …
2026-05-20 07:34:28,638  INFO      [96/107] fetching TVSMOTOR.NS …
2026-05-20 07:34:29,265  INFO      [97/107] fetching VEDL.NS …
2026-05-20 07:34:29,899  INFO      [98/107] fetching VBL.NS …
2026-05-20 07:34:30,506  INFO      [99/107] fetching ZOMATO.NS …
2026-05-20 07:34:32,075  WARNING   [ZOMATO.NS] insufficient history (0 rows)
2026-05-20 07:34:32,475  INFO      [100/107] fetching ZYDUSLIFE.NS …
2026-05-20 07:34:33,093  INFO      [101/107] fetching INDIGO.NS …
2026-05-20 07:34:33,664  INFO      [102/107] fetching IDEA.NS …
2026-05-20 07:34:34,262  INFO      [103/107] fetching BANKINDIA.NS …
2026-05-20 07:34:34,854  INFO      [104/107] fetching PAGEIND.NS …
2026-05-20 07:34:35,471  INFO      [105/107] fetching MUTHOOTFIN.NS …
2026-05-20 07:34:36,083  INFO      [106/107] fetching TATAELXSI.NS …
2026-05-20 07:34:36,711  INFO      [107/107] fetching LUPIN.NS …
2026-05-20 07:34:36,937  INFO      Fetched 104/107 symbols successfully.
2026-05-20 07:34:43,901  INFO      Fetched 200 headlines from RSS (Indian + global/geopolitics).
2026-05-20 07:34:49,597  INFO      Macro regime: neutral | bias=0 | geo-risk=42.6
2026-05-20 07:34:49,965  INFO      NSE corp announcements: 20 filings
2026-05-20 07:34:50,938  WARNING   Angel One auth error: Couldn't parse the JSON response received from the server: b'Access denied because of exceeding access rate'
2026-05-20 07:34:52,082  INFO      Saved report → data/stock_reports/2026-05-20_0734.json
2026-05-20 07:34:52,604  INFO      Report image saved → logs/stock_analyzer/2026-05-20/stock_report.png  [1920×1280]
2026-05-20 07:34:52,605  INFO      Dry-run: skipping send. Image + PDF saved locally; console printed.
2026-05-20 07:34:52,606  INFO      == Stock analyzer run complete ==
2026-05-20 07:34:52,610  INFO      [Note] PAPER TRADING -- virtual cash Rs 100,000, max_positions=6 max_pct=15% buckets=('intraday', 'swing') state=data/paper_trader_state.json
2026-05-20 07:34:52,610  INFO      [Note] PAPER TRADING -- virtual cash Rs 100,000, max_positions=6 max_pct=15% buckets=('intraday', 'swing') state=data/paper_trader_state.json
2026-05-20 07:34:52,610  INFO      paper-trader: new day, archived 6 trades (cumulative ₹+864)
2026-05-20 07:34:52,611  INFO      tick result: {'ok': False, 'message': 'Angel One not authenticated'}
2026-05-20 07:34:52,611  INFO      tick result: {'ok': False, 'message': 'Angel One not authenticated'}
