2026-07-15 06:03:52,426  INFO      angel_one starting ... (cmd=paper-trade)
2026-07-15 06:03:52,426  INFO      angel_one starting ... (cmd=paper-trade)
2026-07-15 06:03:52,443  INFO      refresh: generating today's picks via analyzer (dry-run, no PDF)
2026-07-15 06:03:52,443  INFO      refresh: generating today's picks via analyzer (dry-run, no PDF)
2026-07-15 06:03:53,063  INFO      == Stock analyzer run starting ==
2026-07-15 06:03:53,063  INFO      Watchlist: 11 symbols from data/stock_watchlist.txt
2026-07-15 06:03:53,063  INFO      Universe: 107 symbols (total available: 107)
2026-07-15 06:03:53,601  INFO      [1/107] fetching TATAPOWER.NS …
2026-07-15 06:03:54,166  INFO      [2/107] fetching IRFC.NS …
2026-07-15 06:03:54,645  INFO      [3/107] fetching SUZLON.NS …
2026-07-15 06:03:55,119  INFO      [4/107] fetching IREDA.NS …
2026-07-15 06:03:55,700  INFO      [5/107] fetching BHEL.NS …
2026-07-15 06:03:56,211  INFO      [6/107] fetching KPITTECH.NS …
2026-07-15 06:03:56,686  INFO      [7/107] fetching POLYCAB.NS …
2026-07-15 06:03:57,226  INFO      [8/107] fetching PERSISTENT.NS …
2026-07-15 06:03:57,720  INFO      [9/107] fetching ITC.NS …
2026-07-15 06:03:58,216  INFO      [10/107] fetching POWERGRID.NS …
2026-07-15 06:03:58,700  INFO      [11/107] fetching COALINDIA.NS …
2026-07-15 06:03:59,186  INFO      [12/107] fetching RELIANCE.NS …
2026-07-15 06:03:59,747  INFO      [13/107] fetching TCS.NS …
2026-07-15 06:04:00,288  INFO      [14/107] fetching HDFCBANK.NS …
2026-07-15 06:04:00,904  INFO      [15/107] fetching INFY.NS …
2026-07-15 06:04:01,567  INFO      [16/107] fetching ICICIBANK.NS …
2026-07-15 06:04:02,060  INFO      [17/107] fetching HINDUNILVR.NS …
2026-07-15 06:04:02,679  INFO      [18/107] fetching SBIN.NS …
2026-07-15 06:04:03,309  INFO      [19/107] fetching BHARTIARTL.NS …
2026-07-15 06:04:03,798  INFO      [20/107] fetching KOTAKBANK.NS …
2026-07-15 06:04:04,393  INFO      [21/107] fetching LT.NS …
2026-07-15 06:04:04,888  INFO      [22/107] fetching AXISBANK.NS …
2026-07-15 06:04:05,490  INFO      [23/107] fetching BAJFINANCE.NS …
2026-07-15 06:04:06,107  INFO      [24/107] fetching ASIANPAINT.NS …
2026-07-15 06:04:06,689  INFO      [25/107] fetching MARUTI.NS …
2026-07-15 06:04:07,246  INFO      [26/107] fetching HCLTECH.NS …
2026-07-15 06:04:07,757  INFO      [27/107] fetching SUNPHARMA.NS …
2026-07-15 06:04:08,335  INFO      [28/107] fetching TITAN.NS …
2026-07-15 06:04:08,838  INFO      [29/107] fetching ULTRACEMCO.NS …
2026-07-15 06:04:09,394  INFO      [30/107] fetching WIPRO.NS …
2026-07-15 06:04:09,898  INFO      [31/107] fetching NESTLEIND.NS …
2026-07-15 06:04:10,484  INFO      [32/107] fetching ADANIENT.NS …
2026-07-15 06:04:10,980  INFO      [33/107] fetching NTPC.NS …
2026-07-15 06:04:11,570  INFO      [34/107] fetching TATAMOTORS.NS …
2026-07-15 06:04:12,546  WARNING   [TATAMOTORS.NS] insufficient history (0 rows)
2026-07-15 06:04:12,946  INFO      [35/107] fetching M&M.NS …
2026-07-15 06:04:13,447  INFO      [36/107] fetching TATASTEEL.NS …
2026-07-15 06:04:14,023  INFO      [37/107] fetching JSWSTEEL.NS …
2026-07-15 06:04:14,518  INFO      [38/107] fetching ONGC.NS …
2026-07-15 06:04:15,074  INFO      [39/107] fetching TECHM.NS …
2026-07-15 06:04:15,651  INFO      [40/107] fetching BAJAJFINSV.NS …
2026-07-15 06:04:16,222  INFO      [41/107] fetching HINDALCO.NS …
2026-07-15 06:04:16,724  INFO      [42/107] fetching GRASIM.NS …
2026-07-15 06:04:17,238  INFO      [43/107] fetching DRREDDY.NS …
2026-07-15 06:04:17,732  INFO      [44/107] fetching CIPLA.NS …
2026-07-15 06:04:18,327  INFO      [45/107] fetching DIVISLAB.NS …
2026-07-15 06:04:18,910  INFO      [46/107] fetching EICHERMOT.NS …
2026-07-15 06:04:19,422  INFO      [47/107] fetching BRITANNIA.NS …
2026-07-15 06:04:19,926  INFO      [48/107] fetching HEROMOTOCO.NS …
2026-07-15 06:04:20,519  INFO      [49/107] fetching BAJAJ-AUTO.NS …
2026-07-15 06:04:21,158  INFO      [50/107] fetching INDUSINDBK.NS …
2026-07-15 06:04:21,653  INFO      [51/107] fetching APOLLOHOSP.NS …
2026-07-15 06:04:22,147  INFO      [52/107] fetching TATACONSUM.NS …
2026-07-15 06:04:22,682  INFO      [53/107] fetching UPL.NS …
2026-07-15 06:04:23,179  INFO      [54/107] fetching BPCL.NS …
2026-07-15 06:04:23,762  INFO      [55/107] fetching SBILIFE.NS …
2026-07-15 06:04:24,242  INFO      [56/107] fetching HDFCLIFE.NS …
2026-07-15 06:04:24,723  INFO      [57/107] fetching ADANIPORTS.NS …
2026-07-15 06:04:25,218  INFO      [58/107] fetching LTIM.NS …
2026-07-15 06:04:25,727  WARNING   [LTIM.NS] insufficient history (0 rows)
2026-07-15 06:04:26,128  INFO      [59/107] fetching ABB.NS …
2026-07-15 06:04:26,629  INFO      [60/107] fetching ADANIGREEN.NS …
2026-07-15 06:04:27,097  INFO      [61/107] fetching ADANIPOWER.NS …
2026-07-15 06:04:27,569  INFO      [62/107] fetching AMBUJACEM.NS …
2026-07-15 06:04:28,067  INFO      [63/107] fetching DMART.NS …
2026-07-15 06:04:28,628  INFO      [64/107] fetching BAJAJHLDNG.NS …
2026-07-15 06:04:29,153  INFO      [65/107] fetching BANKBARODA.NS …
2026-07-15 06:04:29,696  INFO      [66/107] fetching BERGEPAINT.NS …
2026-07-15 06:04:30,229  INFO      [67/107] fetching BOSCHLTD.NS …
2026-07-15 06:04:30,730  INFO      [68/107] fetching CANBK.NS …
2026-07-15 06:04:31,279  INFO      [69/107] fetching CHOLAFIN.NS …
2026-07-15 06:04:31,776  INFO      [70/107] fetching COLPAL.NS …
2026-07-15 06:04:32,267  INFO      [71/107] fetching DABUR.NS …
2026-07-15 06:04:32,763  INFO      [72/107] fetching DLF.NS …
2026-07-15 06:04:33,344  INFO      [73/107] fetching GAIL.NS …
2026-07-15 06:04:33,899  INFO      [74/107] fetching GODREJCP.NS …
2026-07-15 06:04:34,398  INFO      [75/107] fetching HAVELLS.NS …
2026-07-15 06:04:34,945  INFO      [76/107] fetching HAL.NS …
2026-07-15 06:04:35,511  INFO      [77/107] fetching ICICIGI.NS …
2026-07-15 06:04:35,990  INFO      [78/107] fetching ICICIPRULI.NS …
2026-07-15 06:04:36,531  INFO      [79/107] fetching IOC.NS …
2026-07-15 06:04:37,077  INFO      [80/107] fetching IRCTC.NS …
2026-07-15 06:04:37,642  INFO      [81/107] fetching JINDALSTEL.NS …
2026-07-15 06:04:38,147  INFO      [82/107] fetching LICI.NS …
2026-07-15 06:04:38,642  INFO      [83/107] fetching MARICO.NS …
2026-07-15 06:04:39,193  INFO      [84/107] fetching MOTHERSON.NS …
2026-07-15 06:04:39,693  INFO      [85/107] fetching NAUKRI.NS …
2026-07-15 06:04:40,180  INFO      [86/107] fetching PIDILITIND.NS …
2026-07-15 06:04:40,674  INFO      [87/107] fetching PNB.NS …
2026-07-15 06:04:41,170  INFO      [88/107] fetching PFC.NS …
2026-07-15 06:04:41,657  INFO      [89/107] fetching RECLTD.NS …
2026-07-15 06:04:42,150  INFO      [90/107] fetching SIEMENS.NS …
2026-07-15 06:04:42,651  INFO      [91/107] fetching SRF.NS …
2026-07-15 06:04:43,232  INFO      [92/107] fetching SHREECEM.NS …
2026-07-15 06:04:43,806  INFO      [93/107] fetching SHRIRAMFIN.NS …
2026-07-15 06:04:44,313  INFO      [94/107] fetching TORNTPHARM.NS …
2026-07-15 06:04:44,866  INFO      [95/107] fetching TRENT.NS …
2026-07-15 06:04:45,355  INFO      [96/107] fetching TVSMOTOR.NS …
2026-07-15 06:04:45,872  INFO      [97/107] fetching VEDL.NS …
2026-07-15 06:04:46,373  INFO      [98/107] fetching VBL.NS …
2026-07-15 06:04:46,948  INFO      [99/107] fetching ZOMATO.NS …
2026-07-15 06:04:47,449  WARNING   [ZOMATO.NS] insufficient history (0 rows)
2026-07-15 06:04:47,849  INFO      [100/107] fetching ZYDUSLIFE.NS …
2026-07-15 06:04:48,373  INFO      [101/107] fetching INDIGO.NS …
2026-07-15 06:04:48,846  INFO      [102/107] fetching IDEA.NS …
2026-07-15 06:04:49,410  INFO      [103/107] fetching BANKINDIA.NS …
2026-07-15 06:04:49,916  INFO      [104/107] fetching PAGEIND.NS …
2026-07-15 06:04:50,499  INFO      [105/107] fetching MUTHOOTFIN.NS …
2026-07-15 06:04:50,989  INFO      [106/107] fetching TATAELXSI.NS …
2026-07-15 06:04:51,564  INFO      [107/107] fetching LUPIN.NS …
2026-07-15 06:04:51,659  INFO      Fetched 104/107 symbols successfully.
2026-07-15 06:04:59,012  WARNING   [MF 120465] fetch failed: HTTPSConnectionPool(host='api.mfapi.in', port=443): Read timed out. (read timeout=5)
2026-07-15 06:05:00,250  INFO      Fetched 200 headlines from RSS (Indian + global/geopolitics).
2026-07-15 06:05:02,761  INFO      Macro regime: neutral | bias=0 | geo-risk=52.4
2026-07-15 06:05:02,792  INFO      NSE corp announcements: 20 filings
2026-07-15 06:05:04,484  INFO      Angel One login successful.
2026-07-15 06:05:05,287  INFO      Saved report → data/stock_reports/2026-07-15_0605.json
2026-07-15 06:05:05,796  INFO      Report image saved → logs/stock_analyzer/2026-07-15/stock_report.png  [1920×1280]
2026-07-15 06:05:05,796  INFO      Dry-run: skipping send. Image + PDF saved locally; console printed.
2026-07-15 06:05:05,797  INFO      == Stock analyzer run complete ==
2026-07-15 06:05:05,801  INFO      [Note] PAPER TRADING -- virtual cash Rs 100,000, max_positions=6 max_pct=15% buckets=('intraday', 'swing') state=data/paper_trader_state.json
2026-07-15 06:05:05,801  INFO      [Note] PAPER TRADING -- virtual cash Rs 100,000, max_positions=6 max_pct=15% buckets=('intraday', 'swing') state=data/paper_trader_state.json
2026-07-15 06:05:05,802  INFO      paper-trader: new day, archived 5 trades (cumulative ₹-2,864)
2026-07-15 06:05:21,951  INFO      [DRY] Angel order would be: {'variety': 'NORMAL', 'tradingsymbol': 'ABB-EQ', 'symboltoken': '13', 'transactiontype': 'BUY', 'exchange': 'NSE', 'ordertype': 'MARKET', 'producttype': 'INTRADAY', 'duration': 'DAY', 'price': '0', 'squareoff': '0', 'stoploss': '0', 'quantity': '1'}
2026-07-15 06:05:21,952  INFO      [OPEN] [DRY] ABB.NS qty=1 @ Rs 7198.50 SL Rs 7066.49 TGT Rs 7253.46 (order=None)
2026-07-15 06:05:21,952  INFO      [DRY] Angel order would be: {'variety': 'NORMAL', 'tradingsymbol': 'DIVISLAB-EQ', 'symboltoken': '10940', 'transactiontype': 'BUY', 'exchange': 'NSE', 'ordertype': 'MARKET', 'producttype': 'INTRADAY', 'duration': 'DAY', 'price': '0', 'squareoff': '0', 'stoploss': '0', 'quantity': '1'}
2026-07-15 06:05:21,952  INFO      [OPEN] [DRY] DIVISLAB.NS qty=1 @ Rs 7282.50 SL Rs 7130.35 TGT Rs 7631.86 (order=None)
2026-07-15 06:05:21,952  INFO      [DRY] Angel order would be: {'variety': 'NORMAL', 'tradingsymbol': 'UPL-EQ', 'symboltoken': '11287', 'transactiontype': 'BUY', 'exchange': 'NSE', 'ordertype': 'MARKET', 'producttype': 'INTRADAY', 'duration': 'DAY', 'price': '0', 'squareoff': '0', 'stoploss': '0', 'quantity': '18'}
2026-07-15 06:05:21,952  INFO      [OPEN] [DRY] UPL.NS qty=18 @ Rs 607.50 SL Rs 592.24 TGT Rs 612.92 (order=None)
2026-07-15 06:05:21,952  INFO      [DRY] Angel order would be: {'variety': 'NORMAL', 'tradingsymbol': 'DLF-EQ', 'symboltoken': '14732', 'transactiontype': 'BUY', 'exchange': 'NSE', 'ordertype': 'MARKET', 'producttype': 'INTRADAY', 'duration': 'DAY', 'price': '0', 'squareoff': '0', 'stoploss': '0', 'quantity': '14'}
2026-07-15 06:05:21,952  INFO      [OPEN] [DRY] DLF.NS qty=14 @ Rs 675.40 SL Rs 655.76 TGT Rs 682.83 (order=None)
2026-07-15 06:05:21,952  INFO      [DRY] Angel order would be: {'variety': 'NORMAL', 'tradingsymbol': 'NESTLEIND-EQ', 'symboltoken': '17963', 'transactiontype': 'BUY', 'exchange': 'NSE', 'ordertype': 'MARKET', 'producttype': 'INTRADAY', 'duration': 'DAY', 'price': '0', 'squareoff': '0', 'stoploss': '0', 'quantity': '5'}
2026-07-15 06:05:21,952  INFO      [OPEN] [DRY] NESTLEIND.NS qty=5 @ Rs 1436.00 SL Rs 1391.51 TGT Rs 1547.32 (order=None)
2026-07-15 06:05:21,956  INFO      tick result: {'ok': True, 'actions': 5, 'open_trades': 6, 'closed_today': 0, 'realised_pnl': 0.0, 'cumulative_pnl': -2863.92, 'halted': False, 'messages': ['[OPEN] [DRY] ABB.NS qty=1 @ Rs 7198.50 SL Rs 7066.49 TGT Rs 7253.46 (order=None)', '[OPEN] [DRY] DIVISLAB.NS qty=1 @ Rs 7282.50 SL Rs 7130.35 TGT Rs 7631.86 (order=None)', '[OPEN] [DRY] UPL.NS qty=18 @ Rs 607.50 SL Rs 592.24 TGT Rs 612.92 (order=None)', '[OPEN] [DRY] DLF.NS qty=14 @ Rs 675.40 SL Rs 655.76 TGT Rs 682.83 (order=None)', '[OPEN] [DRY] NESTLEIND.NS qty=5 @ Rs 1436.00 SL Rs 1391.51 TGT Rs 1547.32 (order=None)']}
2026-07-15 06:05:21,956  INFO      tick result: {'ok': True, 'actions': 5, 'open_trades': 6, 'closed_today': 0, 'realised_pnl': 0.0, 'cumulative_pnl': -2863.92, 'halted': False, 'messages': ['[OPEN] [DRY] ABB.NS qty=1 @ Rs 7198.50 SL Rs 7066.49 TGT Rs 7253.46 (order=None)', '[OPEN] [DRY] DIVISLAB.NS qty=1 @ Rs 7282.50 SL Rs 7130.35 TGT Rs 7631.86 (order=None)', '[OPEN] [DRY] UPL.NS qty=18 @ Rs 607.50 SL Rs 592.24 TGT Rs 612.92 (order=None)', '[OPEN] [DRY] DLF.NS qty=14 @ Rs 675.40 SL Rs 655.76 TGT Rs 682.83 (order=None)', '[OPEN] [DRY] NESTLEIND.NS qty=5 @ Rs 1436.00 SL Rs 1391.51 TGT Rs 1547.32 (order=None)']}
