2026-08-27 14:49:51,477  INFO      angel_one starting ... (cmd=paper-trade)
2026-08-27 14:49:51,477  INFO      angel_one starting ... (cmd=paper-trade)
2026-08-27 14:49:51,493  INFO      refresh: generating today's picks via analyzer (dry-run, no PDF)
2026-08-27 14:49:51,493  INFO      refresh: generating today's picks via analyzer (dry-run, no PDF)
2026-08-27 14:49:52,231  INFO      == Stock analyzer run starting ==
2026-08-27 14:49:52,232  INFO      Watchlist: 11 symbols from data/stock_watchlist.txt
2026-08-27 14:49:52,232  INFO      Universe: 107 symbols (total available: 107)
2026-08-27 14:49:53,226  INFO      [1/107] fetching TATAPOWER.NS …
2026-08-27 14:49:54,074  INFO      [2/107] fetching IRFC.NS …
2026-08-27 14:49:54,642  INFO      [3/107] fetching SUZLON.NS …
2026-08-27 14:49:55,213  INFO      [4/107] fetching IREDA.NS …
2026-08-27 14:49:55,793  INFO      [5/107] fetching BHEL.NS …
2026-08-27 14:49:56,380  INFO      [6/107] fetching KPITTECH.NS …
2026-08-27 14:49:56,955  INFO      [7/107] fetching POLYCAB.NS …
2026-08-27 14:49:57,531  INFO      [8/107] fetching PERSISTENT.NS …
2026-08-27 14:49:58,188  INFO      [9/107] fetching ITC.NS …
2026-08-27 14:49:58,777  INFO      [10/107] fetching POWERGRID.NS …
2026-08-27 14:49:59,369  INFO      [11/107] fetching COALINDIA.NS …
2026-08-27 14:49:59,946  INFO      [12/107] fetching RELIANCE.NS …
2026-08-27 14:50:00,544  INFO      [13/107] fetching TCS.NS …
2026-08-27 14:50:01,159  INFO      [14/107] fetching HDFCBANK.NS …
2026-08-27 14:50:01,755  INFO      [15/107] fetching INFY.NS …
2026-08-27 14:50:02,359  INFO      [16/107] fetching ICICIBANK.NS …
2026-08-27 14:50:02,952  INFO      [17/107] fetching HINDUNILVR.NS …
2026-08-27 14:50:03,555  INFO      [18/107] fetching SBIN.NS …
2026-08-27 14:50:04,158  INFO      [19/107] fetching BHARTIARTL.NS …
2026-08-27 14:50:04,751  INFO      [20/107] fetching KOTAKBANK.NS …
2026-08-27 14:50:05,346  INFO      [21/107] fetching LT.NS …
2026-08-27 14:50:05,928  INFO      [22/107] fetching AXISBANK.NS …
2026-08-27 14:50:06,565  INFO      [23/107] fetching BAJFINANCE.NS …
2026-08-27 14:50:07,155  INFO      [24/107] fetching ASIANPAINT.NS …
2026-08-27 14:50:07,747  INFO      [25/107] fetching MARUTI.NS …
2026-08-27 14:50:08,333  INFO      [26/107] fetching HCLTECH.NS …
2026-08-27 14:50:08,934  INFO      [27/107] fetching SUNPHARMA.NS …
2026-08-27 14:50:09,537  INFO      [28/107] fetching TITAN.NS …
2026-08-27 14:50:10,133  INFO      [29/107] fetching ULTRACEMCO.NS …
2026-08-27 14:50:10,715  INFO      [30/107] fetching WIPRO.NS …
2026-08-27 14:50:11,305  INFO      [31/107] fetching NESTLEIND.NS …
2026-08-27 14:50:11,885  INFO      [32/107] fetching ADANIENT.NS …
2026-08-27 14:50:12,490  INFO      [33/107] fetching NTPC.NS …
2026-08-27 14:50:13,106  INFO      [34/107] fetching TATAMOTORS.NS …
2026-08-27 14:50:15,410  WARNING   [TATAMOTORS.NS] insufficient history (0 rows)
2026-08-27 14:50:15,811  INFO      [35/107] fetching M&M.NS …
2026-08-27 14:50:16,396  INFO      [36/107] fetching TATASTEEL.NS …
2026-08-27 14:50:16,983  INFO      [37/107] fetching JSWSTEEL.NS …
2026-08-27 14:50:17,564  INFO      [38/107] fetching ONGC.NS …
2026-08-27 14:50:18,160  INFO      [39/107] fetching TECHM.NS …
2026-08-27 14:50:18,746  INFO      [40/107] fetching BAJAJFINSV.NS …
2026-08-27 14:50:19,327  INFO      [41/107] fetching HINDALCO.NS …
2026-08-27 14:50:20,026  INFO      [42/107] fetching GRASIM.NS …
2026-08-27 14:50:20,616  INFO      [43/107] fetching DRREDDY.NS …
2026-08-27 14:50:21,205  INFO      [44/107] fetching CIPLA.NS …
2026-08-27 14:50:21,805  INFO      [45/107] fetching DIVISLAB.NS …
2026-08-27 14:50:22,407  INFO      [46/107] fetching EICHERMOT.NS …
2026-08-27 14:50:23,007  INFO      [47/107] fetching BRITANNIA.NS …
2026-08-27 14:50:23,600  INFO      [48/107] fetching HEROMOTOCO.NS …
2026-08-27 14:50:24,191  INFO      [49/107] fetching BAJAJ-AUTO.NS …
2026-08-27 14:50:24,774  INFO      [50/107] fetching INDUSINDBK.NS …
2026-08-27 14:50:25,442  INFO      [51/107] fetching APOLLOHOSP.NS …
2026-08-27 14:50:26,029  INFO      [52/107] fetching TATACONSUM.NS …
2026-08-27 14:50:26,618  INFO      [53/107] fetching UPL.NS …
2026-08-27 14:50:27,206  INFO      [54/107] fetching BPCL.NS …
2026-08-27 14:50:27,811  INFO      [55/107] fetching SBILIFE.NS …
2026-08-27 14:50:28,386  INFO      [56/107] fetching HDFCLIFE.NS …
2026-08-27 14:50:28,958  INFO      [57/107] fetching ADANIPORTS.NS …
2026-08-27 14:50:29,536  INFO      [58/107] fetching LTIM.NS …
2026-08-27 14:50:30,245  WARNING   [LTIM.NS] insufficient history (0 rows)
2026-08-27 14:50:30,645  INFO      [59/107] fetching ABB.NS …
2026-08-27 14:50:31,236  INFO      [60/107] fetching ADANIGREEN.NS …
2026-08-27 14:50:31,810  INFO      [61/107] fetching ADANIPOWER.NS …
2026-08-27 14:50:32,374  INFO      [62/107] fetching AMBUJACEM.NS …
2026-08-27 14:50:32,966  INFO      [63/107] fetching DMART.NS …
2026-08-27 14:50:33,543  INFO      [64/107] fetching BAJAJHLDNG.NS …
2026-08-27 14:50:34,157  INFO      [65/107] fetching BANKBARODA.NS …
2026-08-27 14:50:34,740  INFO      [66/107] fetching BERGEPAINT.NS …
2026-08-27 14:50:35,324  INFO      [67/107] fetching BOSCHLTD.NS …
2026-08-27 14:50:35,915  INFO      [68/107] fetching CANBK.NS …
2026-08-27 14:50:36,503  INFO      [69/107] fetching CHOLAFIN.NS …
2026-08-27 14:50:37,330  INFO      [70/107] fetching COLPAL.NS …
2026-08-27 14:50:37,916  INFO      [71/107] fetching DABUR.NS …
2026-08-27 14:50:38,525  INFO      [72/107] fetching DLF.NS …
2026-08-27 14:50:39,111  INFO      [73/107] fetching GAIL.NS …
2026-08-27 14:50:39,722  INFO      [74/107] fetching GODREJCP.NS …
2026-08-27 14:50:40,308  INFO      [75/107] fetching HAVELLS.NS …
2026-08-27 14:50:40,899  INFO      [76/107] fetching HAL.NS …
2026-08-27 14:50:41,467  INFO      [77/107] fetching ICICIGI.NS …
2026-08-27 14:50:42,034  INFO      [78/107] fetching ICICIPRULI.NS …
2026-08-27 14:50:42,641  INFO      [79/107] fetching IOC.NS …
2026-08-27 14:50:43,236  INFO      [80/107] fetching IRCTC.NS …
2026-08-27 14:50:43,804  INFO      [81/107] fetching JINDALSTEL.NS …
2026-08-27 14:50:44,401  INFO      [82/107] fetching LICI.NS …
2026-08-27 14:50:44,985  INFO      [83/107] fetching MARICO.NS …
2026-08-27 14:50:45,576  INFO      [84/107] fetching MOTHERSON.NS …
2026-08-27 14:50:46,169  INFO      [85/107] fetching NAUKRI.NS …
2026-08-27 14:50:46,760  INFO      [86/107] fetching PIDILITIND.NS …
2026-08-27 14:50:47,339  INFO      [87/107] fetching PNB.NS …
2026-08-27 14:50:47,935  INFO      [88/107] fetching PFC.NS …
2026-08-27 14:50:48,542  INFO      [89/107] fetching RECLTD.NS …
2026-08-27 14:50:49,122  INFO      [90/107] fetching SIEMENS.NS …
2026-08-27 14:50:49,701  INFO      [91/107] fetching SRF.NS …
2026-08-27 14:50:50,291  INFO      [92/107] fetching SHREECEM.NS …
2026-08-27 14:50:50,878  INFO      [93/107] fetching SHRIRAMFIN.NS …
2026-08-27 14:50:51,470  INFO      [94/107] fetching TORNTPHARM.NS …
2026-08-27 14:50:52,053  INFO      [95/107] fetching TRENT.NS …
2026-08-27 14:50:52,642  INFO      [96/107] fetching TVSMOTOR.NS …
2026-08-27 14:50:53,224  INFO      [97/107] fetching VEDL.NS …
2026-08-27 14:50:53,805  INFO      [98/107] fetching VBL.NS …
2026-08-27 14:50:54,383  INFO      [99/107] fetching ZOMATO.NS …
2026-08-27 14:50:55,223  WARNING   [ZOMATO.NS] insufficient history (0 rows)
2026-08-27 14:50:55,624  INFO      [100/107] fetching ZYDUSLIFE.NS …
2026-08-27 14:50:56,290  INFO      [101/107] fetching INDIGO.NS …
2026-08-27 14:50:56,861  INFO      [102/107] fetching IDEA.NS …
2026-08-27 14:50:57,467  INFO      [103/107] fetching BANKINDIA.NS …
2026-08-27 14:50:58,058  INFO      [104/107] fetching PAGEIND.NS …
2026-08-27 14:50:58,654  INFO      [105/107] fetching MUTHOOTFIN.NS …
2026-08-27 14:50:59,242  INFO      [106/107] fetching TATAELXSI.NS …
2026-08-27 14:50:59,829  INFO      [107/107] fetching LUPIN.NS …
2026-08-27 14:51:00,031  INFO      Fetched 104/107 symbols successfully.
2026-08-27 14:51:06,133  INFO      Fetched 200 headlines from RSS (Indian + global/geopolitics).
2026-08-27 14:51:11,008  INFO      Macro regime: risk-on | bias=5 | geo-risk=33.3
2026-08-27 14:51:11,330  INFO      NSE corp announcements: 20 filings
2026-08-27 14:51:13,101  INFO      Angel One login successful.
2026-08-27 14:51:14,219  INFO      Saved report → data/stock_reports/2026-08-27_1451.json
2026-08-27 14:51:14,996  INFO      Report image saved → logs/stock_analyzer/2026-08-27/stock_report.png  [1920×1280]
2026-08-27 14:51:14,997  INFO      Dry-run: skipping send. Image + PDF saved locally; console printed.
2026-08-27 14:51:14,998  INFO      == Stock analyzer run complete ==
2026-08-27 14:51:15,001  INFO      [Note] PAPER TRADING -- virtual cash Rs 100,000, max_positions=6 max_pct=15% buckets=('intraday', 'swing') state=data/paper_trader_state.json
2026-08-27 14:51:15,001  INFO      [Note] PAPER TRADING -- virtual cash Rs 100,000, max_positions=6 max_pct=15% buckets=('intraday', 'swing') state=data/paper_trader_state.json
2026-08-27 14:51:15,003  INFO      paper-trader: new day, archived 8 trades (cumulative ₹-4,338)
2026-08-27 14:51:27,357  INFO      tick result: {'ok': True, 'actions': 0, 'open_trades': 1, 'closed_today': 0, 'realised_pnl': 0.0, 'cumulative_pnl': -4337.74, 'halted': False, 'messages': []}
2026-08-27 14:51:27,357  INFO      tick result: {'ok': True, 'actions': 0, 'open_trades': 1, 'closed_today': 0, 'realised_pnl': 0.0, 'cumulative_pnl': -4337.74, 'halted': False, 'messages': []}
