2026-06-22 09:35:37,909  INFO      angel_one starting ... (cmd=paper-trade)
2026-06-22 09:35:37,909  INFO      angel_one starting ... (cmd=paper-trade)
2026-06-22 09:35:37,922  INFO      refresh: generating today's picks via analyzer (dry-run, no PDF)
2026-06-22 09:35:37,922  INFO      refresh: generating today's picks via analyzer (dry-run, no PDF)
2026-06-22 09:35:38,610  INFO      == Stock analyzer run starting ==
2026-06-22 09:35:38,611  INFO      Watchlist: 11 symbols from data/stock_watchlist.txt
2026-06-22 09:35:38,611  INFO      Universe: 107 symbols (total available: 107)
2026-06-22 09:35:39,095  INFO      [1/107] fetching TATAPOWER.NS …
2026-06-22 09:35:39,637  INFO      [2/107] fetching IRFC.NS …
2026-06-22 09:35:40,123  INFO      [3/107] fetching SUZLON.NS …
2026-06-22 09:35:40,609  INFO      [4/107] fetching IREDA.NS …
2026-06-22 09:35:41,098  INFO      [5/107] fetching BHEL.NS …
2026-06-22 09:35:41,608  INFO      [6/107] fetching KPITTECH.NS …
2026-06-22 09:35:42,098  INFO      [7/107] fetching POLYCAB.NS …
2026-06-22 09:35:42,604  INFO      [8/107] fetching PERSISTENT.NS …
2026-06-22 09:35:43,113  INFO      [9/107] fetching ITC.NS …
2026-06-22 09:35:43,637  INFO      [10/107] fetching POWERGRID.NS …
2026-06-22 09:35:44,138  INFO      [11/107] fetching COALINDIA.NS …
2026-06-22 09:35:44,635  INFO      [12/107] fetching RELIANCE.NS …
2026-06-22 09:35:45,159  INFO      [13/107] fetching TCS.NS …
2026-06-22 09:35:45,671  INFO      [14/107] fetching HDFCBANK.NS …
2026-06-22 09:35:46,187  INFO      [15/107] fetching INFY.NS …
2026-06-22 09:35:46,714  INFO      [16/107] fetching ICICIBANK.NS …
2026-06-22 09:35:47,227  INFO      [17/107] fetching HINDUNILVR.NS …
2026-06-22 09:35:47,747  INFO      [18/107] fetching SBIN.NS …
2026-06-22 09:35:48,256  INFO      [19/107] fetching BHARTIARTL.NS …
2026-06-22 09:35:48,764  INFO      [20/107] fetching KOTAKBANK.NS …
2026-06-22 09:35:49,275  INFO      [21/107] fetching LT.NS …
2026-06-22 09:35:49,781  INFO      [22/107] fetching AXISBANK.NS …
2026-06-22 09:35:50,304  INFO      [23/107] fetching BAJFINANCE.NS …
2026-06-22 09:35:50,816  INFO      [24/107] fetching ASIANPAINT.NS …
2026-06-22 09:35:51,347  INFO      [25/107] fetching MARUTI.NS …
2026-06-22 09:35:51,853  INFO      [26/107] fetching HCLTECH.NS …
2026-06-22 09:35:52,366  INFO      [27/107] fetching SUNPHARMA.NS …
2026-06-22 09:35:52,888  INFO      [28/107] fetching TITAN.NS …
2026-06-22 09:35:53,398  INFO      [29/107] fetching ULTRACEMCO.NS …
2026-06-22 09:35:53,910  INFO      [30/107] fetching WIPRO.NS …
2026-06-22 09:35:54,430  INFO      [31/107] fetching NESTLEIND.NS …
2026-06-22 09:35:54,941  INFO      [32/107] fetching ADANIENT.NS …
2026-06-22 09:35:55,455  INFO      [33/107] fetching NTPC.NS …
2026-06-22 09:35:55,961  INFO      [34/107] fetching TATAMOTORS.NS …
2026-06-22 09:35:57,013  WARNING   [TATAMOTORS.NS] insufficient history (0 rows)
2026-06-22 09:35:57,413  INFO      [35/107] fetching M&M.NS …
2026-06-22 09:35:57,933  INFO      [36/107] fetching TATASTEEL.NS …
2026-06-22 09:35:58,453  INFO      [37/107] fetching JSWSTEEL.NS …
2026-06-22 09:35:58,959  INFO      [38/107] fetching ONGC.NS …
2026-06-22 09:35:59,474  INFO      [39/107] fetching TECHM.NS …
2026-06-22 09:35:59,977  INFO      [40/107] fetching BAJAJFINSV.NS …
2026-06-22 09:36:00,479  INFO      [41/107] fetching HINDALCO.NS …
2026-06-22 09:36:00,993  INFO      [42/107] fetching GRASIM.NS …
2026-06-22 09:36:01,503  INFO      [43/107] fetching DRREDDY.NS …
2026-06-22 09:36:02,017  INFO      [44/107] fetching CIPLA.NS …
2026-06-22 09:36:02,533  INFO      [45/107] fetching DIVISLAB.NS …
2026-06-22 09:36:03,053  INFO      [46/107] fetching EICHERMOT.NS …
2026-06-22 09:36:03,572  INFO      [47/107] fetching BRITANNIA.NS …
2026-06-22 09:36:04,083  INFO      [48/107] fetching HEROMOTOCO.NS …
2026-06-22 09:36:04,647  INFO      [49/107] fetching BAJAJ-AUTO.NS …
2026-06-22 09:36:05,154  INFO      [50/107] fetching INDUSINDBK.NS …
2026-06-22 09:36:05,665  INFO      [51/107] fetching APOLLOHOSP.NS …
2026-06-22 09:36:06,181  INFO      [52/107] fetching TATACONSUM.NS …
2026-06-22 09:36:06,701  INFO      [53/107] fetching UPL.NS …
2026-06-22 09:36:07,207  INFO      [54/107] fetching BPCL.NS …
2026-06-22 09:36:07,729  INFO      [55/107] fetching SBILIFE.NS …
2026-06-22 09:36:08,223  INFO      [56/107] fetching HDFCLIFE.NS …
2026-06-22 09:36:08,720  INFO      [57/107] fetching ADANIPORTS.NS …
2026-06-22 09:36:09,228  INFO      [58/107] fetching LTIM.NS …
2026-06-22 09:36:09,725  WARNING   [LTIM.NS] insufficient history (0 rows)
2026-06-22 09:36:10,125  INFO      [59/107] fetching ABB.NS …
2026-06-22 09:36:10,639  INFO      [60/107] fetching ADANIGREEN.NS …
2026-06-22 09:36:11,123  INFO      [61/107] fetching ADANIPOWER.NS …
2026-06-22 09:36:11,613  INFO      [62/107] fetching AMBUJACEM.NS …
2026-06-22 09:36:12,122  INFO      [63/107] fetching DMART.NS …
2026-06-22 09:36:12,609  INFO      [64/107] fetching BAJAJHLDNG.NS …
2026-06-22 09:36:13,123  INFO      [65/107] fetching BANKBARODA.NS …
2026-06-22 09:36:13,636  INFO      [66/107] fetching BERGEPAINT.NS …
2026-06-22 09:36:14,152  INFO      [67/107] fetching BOSCHLTD.NS …
2026-06-22 09:36:14,663  INFO      [68/107] fetching CANBK.NS …
2026-06-22 09:36:15,228  INFO      [69/107] fetching CHOLAFIN.NS …
2026-06-22 09:36:15,788  INFO      [70/107] fetching COLPAL.NS …
2026-06-22 09:36:16,291  INFO      [71/107] fetching DABUR.NS …
2026-06-22 09:36:16,858  INFO      [72/107] fetching DLF.NS …
2026-06-22 09:36:17,364  INFO      [73/107] fetching GAIL.NS …
2026-06-22 09:36:17,890  INFO      [74/107] fetching GODREJCP.NS …
2026-06-22 09:36:18,433  INFO      [75/107] fetching HAVELLS.NS …
2026-06-22 09:36:18,945  INFO      [76/107] fetching HAL.NS …
2026-06-22 09:36:19,436  INFO      [77/107] fetching ICICIGI.NS …
2026-06-22 09:36:19,927  INFO      [78/107] fetching ICICIPRULI.NS …
2026-06-22 09:36:20,419  INFO      [79/107] fetching IOC.NS …
2026-06-22 09:36:20,936  INFO      [80/107] fetching IRCTC.NS …
2026-06-22 09:36:21,424  INFO      [81/107] fetching JINDALSTEL.NS …
2026-06-22 09:36:21,947  INFO      [82/107] fetching LICI.NS …
2026-06-22 09:36:22,432  INFO      [83/107] fetching MARICO.NS …
2026-06-22 09:36:22,952  INFO      [84/107] fetching MOTHERSON.NS …
2026-06-22 09:36:23,458  INFO      [85/107] fetching NAUKRI.NS …
2026-06-22 09:36:23,958  INFO      [86/107] fetching PIDILITIND.NS …
2026-06-22 09:36:24,524  INFO      [87/107] fetching PNB.NS …
2026-06-22 09:36:25,031  INFO      [88/107] fetching PFC.NS …
2026-06-22 09:36:25,541  INFO      [89/107] fetching RECLTD.NS …
2026-06-22 09:36:26,046  INFO      [90/107] fetching SIEMENS.NS …
2026-06-22 09:36:26,604  INFO      [91/107] fetching SRF.NS …
2026-06-22 09:36:27,492  INFO      [92/107] fetching SHREECEM.NS …
2026-06-22 09:36:28,161  INFO      [93/107] fetching SHRIRAMFIN.NS …
2026-06-22 09:36:28,676  INFO      [94/107] fetching TORNTPHARM.NS …
2026-06-22 09:36:29,190  INFO      [95/107] fetching TRENT.NS …
2026-06-22 09:36:29,698  INFO      [96/107] fetching TVSMOTOR.NS …
2026-06-22 09:36:30,214  INFO      [97/107] fetching VEDL.NS …
2026-06-22 09:36:30,728  INFO      [98/107] fetching VBL.NS …
2026-06-22 09:36:31,270  INFO      [99/107] fetching ZOMATO.NS …
2026-06-22 09:36:31,762  WARNING   [ZOMATO.NS] insufficient history (0 rows)
2026-06-22 09:36:32,162  INFO      [100/107] fetching ZYDUSLIFE.NS …
2026-06-22 09:36:32,674  INFO      [101/107] fetching INDIGO.NS …
2026-06-22 09:36:33,170  INFO      [102/107] fetching IDEA.NS …
2026-06-22 09:36:33,658  INFO      [103/107] fetching BANKINDIA.NS …
2026-06-22 09:36:34,170  INFO      [104/107] fetching PAGEIND.NS …
2026-06-22 09:36:34,714  INFO      [105/107] fetching MUTHOOTFIN.NS …
2026-06-22 09:36:35,219  INFO      [106/107] fetching TATAELXSI.NS …
2026-06-22 09:36:35,724  INFO      [107/107] fetching LUPIN.NS …
2026-06-22 09:36:35,834  INFO      Fetched 104/107 symbols successfully.
2026-06-22 09:36:38,098  WARNING   [MF 120503] fetch failed: HTTPSConnectionPool(host='api.mfapi.in', port=443): Read timed out. (read timeout=2)
2026-06-22 09:36:39,798  INFO      Fetched 200 headlines from RSS (Indian + global/geopolitics).
2026-06-22 09:36:42,395  INFO      Macro regime: risk-on | bias=5 | geo-risk=21.3
2026-06-22 09:36:42,419  INFO      NSE corp announcements: 20 filings
2026-06-22 09:36:44,123  INFO      Angel One login successful.
2026-06-22 09:36:44,721  INFO      Saved report → data/stock_reports/2026-06-22_0936.json
2026-06-22 09:36:45,088  INFO      Report image saved → logs/stock_analyzer/2026-06-22/stock_report.png  [1920×1280]
2026-06-22 09:36:45,088  INFO      Dry-run: skipping send. Image + PDF saved locally; console printed.
2026-06-22 09:36:45,089  INFO      == Stock analyzer run complete ==
2026-06-22 09:36:45,091  INFO      [Note] PAPER TRADING -- virtual cash Rs 100,000, max_positions=6 max_pct=15% buckets=('intraday', 'swing') state=data/paper_trader_state.json
2026-06-22 09:36:45,091  INFO      [Note] PAPER TRADING -- virtual cash Rs 100,000, max_positions=6 max_pct=15% buckets=('intraday', 'swing') state=data/paper_trader_state.json
2026-06-22 09:36:45,092  INFO      paper-trader: new day, archived 4 trades (cumulative ₹-918)
2026-06-22 09:36:59,617  INFO      [DRY] Angel order would be: {'variety': 'NORMAL', 'tradingsymbol': 'RECLTD-EQ', 'symboltoken': '15355', 'transactiontype': 'BUY', 'exchange': 'NSE', 'ordertype': 'MARKET', 'producttype': 'INTRADAY', 'duration': 'DAY', 'price': '0', 'squareoff': '0', 'stoploss': '0', 'quantity': '34'}
2026-06-22 09:36:59,617  INFO      [OPEN] [DRY] RECLTD.NS qty=34 @ Rs 369.60 SL Rs 360.89 TGT Rs 386.68 (order=None)
2026-06-22 09:36:59,617  INFO      [DRY] Angel order would be: {'variety': 'NORMAL', 'tradingsymbol': 'IREDA-EQ', 'symboltoken': '20261', 'transactiontype': 'BUY', 'exchange': 'NSE', 'ordertype': 'MARKET', 'producttype': 'INTRADAY', 'duration': 'DAY', 'price': '0', 'squareoff': '0', 'stoploss': '0', 'quantity': '83'}
2026-06-22 09:36:59,617  INFO      [OPEN] [DRY] IREDA.NS qty=83 @ Rs 130.95 SL Rs 127.57 TGT Rs 132.13 (order=None)
2026-06-22 09:36:59,617  INFO      [DRY] Angel order would be: {'variety': 'NORMAL', 'tradingsymbol': 'ICICIPRULI-EQ', 'symboltoken': '18652', 'transactiontype': 'BUY', 'exchange': 'NSE', 'ordertype': 'MARKET', 'producttype': 'INTRADAY', 'duration': 'DAY', 'price': '0', 'squareoff': '0', 'stoploss': '0', 'quantity': '18'}
2026-06-22 09:36:59,617  INFO      [OPEN] [DRY] ICICIPRULI.NS qty=18 @ Rs 507.05 SL Rs 493.39 TGT Rs 528.24 (order=None)
2026-06-22 09:36:59,617  INFO      [DRY] Angel order would be: {'variety': 'NORMAL', 'tradingsymbol': 'PFC-EQ', 'symboltoken': '14299', 'transactiontype': 'BUY', 'exchange': 'NSE', 'ordertype': 'MARKET', 'producttype': 'INTRADAY', 'duration': 'DAY', 'price': '0', 'squareoff': '0', 'stoploss': '0', 'quantity': '17'}
2026-06-22 09:36:59,617  INFO      [OPEN] [DRY] PFC.NS qty=17 @ Rs 440.35 SL Rs 429.69 TGT Rs 442.76 (order=None)
2026-06-22 09:36:59,620  INFO      tick result: {'ok': True, 'actions': 4, 'open_trades': 6, 'closed_today': 0, 'realised_pnl': 0.0, 'cumulative_pnl': -917.99, 'halted': False, 'messages': ['[OPEN] [DRY] RECLTD.NS qty=34 @ Rs 369.60 SL Rs 360.89 TGT Rs 386.68 (order=None)', '[OPEN] [DRY] IREDA.NS qty=83 @ Rs 130.95 SL Rs 127.57 TGT Rs 132.13 (order=None)', '[OPEN] [DRY] ICICIPRULI.NS qty=18 @ Rs 507.05 SL Rs 493.39 TGT Rs 528.24 (order=None)', '[OPEN] [DRY] PFC.NS qty=17 @ Rs 440.35 SL Rs 429.69 TGT Rs 442.76 (order=None)']}
2026-06-22 09:36:59,620  INFO      tick result: {'ok': True, 'actions': 4, 'open_trades': 6, 'closed_today': 0, 'realised_pnl': 0.0, 'cumulative_pnl': -917.99, 'halted': False, 'messages': ['[OPEN] [DRY] RECLTD.NS qty=34 @ Rs 369.60 SL Rs 360.89 TGT Rs 386.68 (order=None)', '[OPEN] [DRY] IREDA.NS qty=83 @ Rs 130.95 SL Rs 127.57 TGT Rs 132.13 (order=None)', '[OPEN] [DRY] ICICIPRULI.NS qty=18 @ Rs 507.05 SL Rs 493.39 TGT Rs 528.24 (order=None)', '[OPEN] [DRY] PFC.NS qty=17 @ Rs 440.35 SL Rs 429.69 TGT Rs 442.76 (order=None)']}
