2026-09-17 08:57:00,376  INFO      angel_one starting ... (cmd=paper-trade)
2026-09-17 08:57:00,376  INFO      angel_one starting ... (cmd=paper-trade)
2026-09-17 08:57:00,397  INFO      refresh: generating today's picks via analyzer (dry-run, no PDF)
2026-09-17 08:57:00,397  INFO      refresh: generating today's picks via analyzer (dry-run, no PDF)
2026-09-17 08:57:00,926  INFO      == Stock analyzer run starting ==
2026-09-17 08:57:00,926  INFO      Watchlist: 11 symbols from data/stock_watchlist.txt
2026-09-17 08:57:00,926  INFO      Universe: 107 symbols (total available: 107)
2026-09-17 08:57:01,501  INFO      [1/107] fetching TATAPOWER.NS …
2026-09-17 08:57:02,021  INFO      [2/107] fetching IRFC.NS …
2026-09-17 08:57:02,485  INFO      [3/107] fetching SUZLON.NS …
2026-09-17 08:57:02,940  INFO      [4/107] fetching IREDA.NS …
2026-09-17 08:57:03,394  INFO      [5/107] fetching BHEL.NS …
2026-09-17 08:57:03,862  INFO      [6/107] fetching KPITTECH.NS …
2026-09-17 08:57:04,321  INFO      [7/107] fetching POLYCAB.NS …
2026-09-17 08:57:04,781  INFO      [8/107] fetching PERSISTENT.NS …
2026-09-17 08:57:05,242  INFO      [9/107] fetching ITC.NS …
2026-09-17 08:57:05,724  INFO      [10/107] fetching POWERGRID.NS …
2026-09-17 08:57:06,187  INFO      [11/107] fetching COALINDIA.NS …
2026-09-17 08:57:06,664  INFO      [12/107] fetching RELIANCE.NS …
2026-09-17 08:57:07,140  INFO      [13/107] fetching TCS.NS …
2026-09-17 08:57:07,602  INFO      [14/107] fetching HDFCBANK.NS …
2026-09-17 08:57:08,082  INFO      [15/107] fetching INFY.NS …
2026-09-17 08:57:08,562  INFO      [16/107] fetching ICICIBANK.NS …
2026-09-17 08:57:09,036  INFO      [17/107] fetching HINDUNILVR.NS …
2026-09-17 08:57:09,514  INFO      [18/107] fetching SBIN.NS …
2026-09-17 08:57:09,986  INFO      [19/107] fetching BHARTIARTL.NS …
2026-09-17 08:57:10,454  INFO      [20/107] fetching KOTAKBANK.NS …
2026-09-17 08:57:10,926  INFO      [21/107] fetching LT.NS …
2026-09-17 08:57:11,392  INFO      [22/107] fetching AXISBANK.NS …
2026-09-17 08:57:11,859  INFO      [23/107] fetching BAJFINANCE.NS …
2026-09-17 08:57:12,331  INFO      [24/107] fetching ASIANPAINT.NS …
2026-09-17 08:57:12,808  INFO      [25/107] fetching MARUTI.NS …
2026-09-17 08:57:13,276  INFO      [26/107] fetching HCLTECH.NS …
2026-09-17 08:57:13,747  INFO      [27/107] fetching SUNPHARMA.NS …
2026-09-17 08:57:14,228  INFO      [28/107] fetching TITAN.NS …
2026-09-17 08:57:14,700  INFO      [29/107] fetching ULTRACEMCO.NS …
2026-09-17 08:57:15,173  INFO      [30/107] fetching WIPRO.NS …
2026-09-17 08:57:15,651  INFO      [31/107] fetching NESTLEIND.NS …
2026-09-17 08:57:16,124  INFO      [32/107] fetching ADANIENT.NS …
2026-09-17 08:57:16,599  INFO      [33/107] fetching NTPC.NS …
2026-09-17 08:57:17,081  INFO      [34/107] fetching TATAMOTORS.NS …
2026-09-17 08:57:18,180  WARNING   [TATAMOTORS.NS] insufficient history (0 rows)
2026-09-17 08:57:18,581  INFO      [35/107] fetching M&M.NS …
2026-09-17 08:57:19,059  INFO      [36/107] fetching TATASTEEL.NS …
2026-09-17 08:57:19,536  INFO      [37/107] fetching JSWSTEEL.NS …
2026-09-17 08:57:19,995  INFO      [38/107] fetching ONGC.NS …
2026-09-17 08:57:20,479  INFO      [39/107] fetching TECHM.NS …
2026-09-17 08:57:20,950  INFO      [40/107] fetching BAJAJFINSV.NS …
2026-09-17 08:57:21,416  INFO      [41/107] fetching HINDALCO.NS …
2026-09-17 08:57:21,912  INFO      [42/107] fetching GRASIM.NS …
2026-09-17 08:57:22,384  INFO      [43/107] fetching DRREDDY.NS …
2026-09-17 08:57:22,871  INFO      [44/107] fetching CIPLA.NS …
2026-09-17 08:57:23,349  INFO      [45/107] fetching DIVISLAB.NS …
2026-09-17 08:57:23,825  INFO      [46/107] fetching EICHERMOT.NS …
2026-09-17 08:57:24,305  INFO      [47/107] fetching BRITANNIA.NS …
2026-09-17 08:57:24,777  INFO      [48/107] fetching HEROMOTOCO.NS …
2026-09-17 08:57:25,252  INFO      [49/107] fetching BAJAJ-AUTO.NS …
2026-09-17 08:57:25,718  INFO      [50/107] fetching INDUSINDBK.NS …
2026-09-17 08:57:26,191  INFO      [51/107] fetching APOLLOHOSP.NS …
2026-09-17 08:57:26,664  INFO      [52/107] fetching TATACONSUM.NS …
2026-09-17 08:57:27,136  INFO      [53/107] fetching UPL.NS …
2026-09-17 08:57:27,605  INFO      [54/107] fetching BPCL.NS …
2026-09-17 08:57:28,084  INFO      [55/107] fetching SBILIFE.NS …
2026-09-17 08:57:28,551  INFO      [56/107] fetching HDFCLIFE.NS …
2026-09-17 08:57:29,019  INFO      [57/107] fetching ADANIPORTS.NS …
2026-09-17 08:57:29,490  INFO      [58/107] fetching LTIM.NS …
2026-09-17 08:57:30,025  WARNING   [LTIM.NS] insufficient history (0 rows)
2026-09-17 08:57:30,425  INFO      [59/107] fetching ABB.NS …
2026-09-17 08:57:30,911  INFO      [60/107] fetching ADANIGREEN.NS …
2026-09-17 08:57:31,362  INFO      [61/107] fetching ADANIPOWER.NS …
2026-09-17 08:57:31,813  INFO      [62/107] fetching AMBUJACEM.NS …
2026-09-17 08:57:32,285  INFO      [63/107] fetching DMART.NS …
2026-09-17 08:57:32,735  INFO      [64/107] fetching BAJAJHLDNG.NS …
2026-09-17 08:57:33,201  INFO      [65/107] fetching BANKBARODA.NS …
2026-09-17 08:57:33,677  INFO      [66/107] fetching BERGEPAINT.NS …
2026-09-17 08:57:34,151  INFO      [67/107] fetching BOSCHLTD.NS …
2026-09-17 08:57:34,616  INFO      [68/107] fetching CANBK.NS …
2026-09-17 08:57:35,085  INFO      [69/107] fetching CHOLAFIN.NS …
2026-09-17 08:57:35,555  INFO      [70/107] fetching COLPAL.NS …
2026-09-17 08:57:36,020  INFO      [71/107] fetching DABUR.NS …
2026-09-17 08:57:36,502  INFO      [72/107] fetching DLF.NS …
2026-09-17 08:57:36,970  INFO      [73/107] fetching GAIL.NS …
2026-09-17 08:57:37,461  INFO      [74/107] fetching GODREJCP.NS …
2026-09-17 08:57:37,935  INFO      [75/107] fetching HAVELLS.NS …
2026-09-17 08:57:38,414  INFO      [76/107] fetching HAL.NS …
2026-09-17 08:57:38,881  INFO      [77/107] fetching ICICIGI.NS …
2026-09-17 08:57:39,342  INFO      [78/107] fetching ICICIPRULI.NS …
2026-09-17 08:57:39,807  INFO      [79/107] fetching IOC.NS …
2026-09-17 08:57:40,281  INFO      [80/107] fetching IRCTC.NS …
2026-09-17 08:57:40,736  INFO      [81/107] fetching JINDALSTEL.NS …
2026-09-17 08:57:41,213  INFO      [82/107] fetching LICI.NS …
2026-09-17 08:57:41,667  INFO      [83/107] fetching MARICO.NS …
2026-09-17 08:57:42,143  INFO      [84/107] fetching MOTHERSON.NS …
2026-09-17 08:57:42,619  INFO      [85/107] fetching NAUKRI.NS …
2026-09-17 08:57:43,086  INFO      [86/107] fetching PIDILITIND.NS …
2026-09-17 08:57:43,552  INFO      [87/107] fetching PNB.NS …
2026-09-17 08:57:44,022  INFO      [88/107] fetching PFC.NS …
2026-09-17 08:57:44,528  INFO      [89/107] fetching RECLTD.NS …
2026-09-17 08:57:44,993  INFO      [90/107] fetching SIEMENS.NS …
2026-09-17 08:57:45,466  INFO      [91/107] fetching SRF.NS …
2026-09-17 08:57:45,938  INFO      [92/107] fetching SHREECEM.NS …
2026-09-17 08:57:46,408  INFO      [93/107] fetching SHRIRAMFIN.NS …
2026-09-17 08:57:46,890  INFO      [94/107] fetching TORNTPHARM.NS …
2026-09-17 08:57:47,357  INFO      [95/107] fetching TRENT.NS …
2026-09-17 08:57:47,838  INFO      [96/107] fetching TVSMOTOR.NS …
2026-09-17 08:57:48,307  INFO      [97/107] fetching VEDL.NS …
2026-09-17 08:57:48,780  INFO      [98/107] fetching VBL.NS …
2026-09-17 08:57:49,240  INFO      [99/107] fetching ZOMATO.NS …
2026-09-17 08:57:49,800  WARNING   [ZOMATO.NS] insufficient history (0 rows)
2026-09-17 08:57:50,200  INFO      [100/107] fetching ZYDUSLIFE.NS …
2026-09-17 08:57:50,667  INFO      [101/107] fetching INDIGO.NS …
2026-09-17 08:57:51,131  INFO      [102/107] fetching IDEA.NS …
2026-09-17 08:57:51,585  INFO      [103/107] fetching BANKINDIA.NS …
2026-09-17 08:57:52,079  INFO      [104/107] fetching PAGEIND.NS …
2026-09-17 08:57:52,540  INFO      [105/107] fetching MUTHOOTFIN.NS …
2026-09-17 08:57:53,001  INFO      [106/107] fetching TATAELXSI.NS …
2026-09-17 08:57:53,466  INFO      [107/107] fetching LUPIN.NS …
2026-09-17 08:57:53,545  INFO      Fetched 104/107 symbols successfully.
2026-09-17 08:57:58,375  INFO      Fetched 200 headlines from RSS (Indian + global/geopolitics).
2026-09-17 08:58:00,274  INFO      Macro regime: neutral | bias=-1 | geo-risk=48.4
2026-09-17 08:58:00,526  INFO      NSE corp announcements: 20 filings
2026-09-17 08:58:02,271  INFO      Angel One login successful.
2026-09-17 08:58:03,438  INFO      Saved report → data/stock_reports/2026-09-17_0858.json
2026-09-17 08:58:03,960  INFO      Report image saved → logs/stock_analyzer/2026-09-17/stock_report.png  [1920×1280]
2026-09-17 08:58:03,961  INFO      Dry-run: skipping send. Image + PDF saved locally; console printed.
2026-09-17 08:58:03,962  INFO      == Stock analyzer run complete ==
2026-09-17 08:58:03,965  INFO      [Note] PAPER TRADING -- virtual cash Rs 100,000, max_positions=6 max_pct=15% buckets=('intraday', 'swing') state=data/paper_trader_state.json
2026-09-17 08:58:03,965  INFO      [Note] PAPER TRADING -- virtual cash Rs 100,000, max_positions=6 max_pct=15% buckets=('intraday', 'swing') state=data/paper_trader_state.json
2026-09-17 08:58:03,967  INFO      paper-trader: new day, archived 4 trades (cumulative ₹-4,926)
2026-09-17 08:58:38,373  INFO      [DRY] Angel order would be: {'variety': 'NORMAL', 'tradingsymbol': 'HDFCLIFE-EQ', 'symboltoken': '467', 'transactiontype': 'BUY', 'exchange': 'NSE', 'ordertype': 'MARKET', 'producttype': 'INTRADAY', 'duration': 'DAY', 'price': '0', 'squareoff': '0', 'stoploss': '0', 'quantity': '21'}
2026-09-17 08:58:38,373  INFO      [OPEN] [DRY] HDFCLIFE.NS qty=21 @ Rs 560.75 SL Rs 548.25 TGT Rs 560.83 (order=None)
2026-09-17 08:58:38,373  INFO      [DRY] Angel order would be: {'variety': 'NORMAL', 'tradingsymbol': 'SBILIFE-EQ', 'symboltoken': '21808', 'transactiontype': 'BUY', 'exchange': 'NSE', 'ordertype': 'MARKET', 'producttype': 'INTRADAY', 'duration': 'DAY', 'price': '0', 'squareoff': '0', 'stoploss': '0', 'quantity': '5'}
2026-09-17 08:58:38,373  INFO      [OPEN] [DRY] SBILIFE.NS qty=5 @ Rs 1765.10 SL Rs 1737.67 TGT Rs 1771.45 (order=None)
2026-09-17 08:58:38,373  INFO      [DRY] Angel order would be: {'variety': 'NORMAL', 'tradingsymbol': 'ICICIPRULI-EQ', 'symboltoken': '18652', 'transactiontype': 'BUY', 'exchange': 'NSE', 'ordertype': 'MARKET', 'producttype': 'INTRADAY', 'duration': 'DAY', 'price': '0', 'squareoff': '0', 'stoploss': '0', 'quantity': '18'}
2026-09-17 08:58:38,373  INFO      [OPEN] [DRY] ICICIPRULI.NS qty=18 @ Rs 494.80 SL Rs 491.38 TGT Rs 499.45 (order=None)
2026-09-17 08:58:38,373  INFO      [DRY] Angel order would be: {'variety': 'NORMAL', 'tradingsymbol': 'DRREDDY-EQ', 'symboltoken': '881', 'transactiontype': 'BUY', 'exchange': 'NSE', 'ordertype': 'MARKET', 'producttype': 'INTRADAY', 'duration': 'DAY', 'price': '0', 'squareoff': '0', 'stoploss': '0', 'quantity': '6'}
2026-09-17 08:58:38,374  INFO      [OPEN] [DRY] DRREDDY.NS qty=6 @ Rs 1169.90 SL Rs 1162.16 TGT Rs 1179.64 (order=None)
2026-09-17 08:58:38,381  INFO      tick result: {'ok': True, 'actions': 4, 'open_trades': 6, 'closed_today': 0, 'realised_pnl': 0.0, 'cumulative_pnl': -4926.03, 'halted': False, 'messages': ['[OPEN] [DRY] HDFCLIFE.NS qty=21 @ Rs 560.75 SL Rs 548.25 TGT Rs 560.83 (order=None)', '[OPEN] [DRY] SBILIFE.NS qty=5 @ Rs 1765.10 SL Rs 1737.67 TGT Rs 1771.45 (order=None)', '[OPEN] [DRY] ICICIPRULI.NS qty=18 @ Rs 494.80 SL Rs 491.38 TGT Rs 499.45 (order=None)', '[OPEN] [DRY] DRREDDY.NS qty=6 @ Rs 1169.90 SL Rs 1162.16 TGT Rs 1179.64 (order=None)']}
2026-09-17 08:58:38,381  INFO      tick result: {'ok': True, 'actions': 4, 'open_trades': 6, 'closed_today': 0, 'realised_pnl': 0.0, 'cumulative_pnl': -4926.03, 'halted': False, 'messages': ['[OPEN] [DRY] HDFCLIFE.NS qty=21 @ Rs 560.75 SL Rs 548.25 TGT Rs 560.83 (order=None)', '[OPEN] [DRY] SBILIFE.NS qty=5 @ Rs 1765.10 SL Rs 1737.67 TGT Rs 1771.45 (order=None)', '[OPEN] [DRY] ICICIPRULI.NS qty=18 @ Rs 494.80 SL Rs 491.38 TGT Rs 499.45 (order=None)', '[OPEN] [DRY] DRREDDY.NS qty=6 @ Rs 1169.90 SL Rs 1162.16 TGT Rs 1179.64 (order=None)']}
