2026-08-13 05:24:40,323  INFO      angel_one starting ... (cmd=paper-trade)
2026-08-13 05:24:40,323  INFO      angel_one starting ... (cmd=paper-trade)
2026-08-13 05:24:40,340  INFO      refresh: generating today's picks via analyzer (dry-run, no PDF)
2026-08-13 05:24:40,340  INFO      refresh: generating today's picks via analyzer (dry-run, no PDF)
2026-08-13 05:24:40,958  INFO      == Stock analyzer run starting ==
2026-08-13 05:24:40,959  INFO      Watchlist: 11 symbols from data/stock_watchlist.txt
2026-08-13 05:24:40,959  INFO      Universe: 107 symbols (total available: 107)
2026-08-13 05:24:41,447  INFO      [1/107] fetching TATAPOWER.NS …
2026-08-13 05:24:42,013  INFO      [2/107] fetching IRFC.NS …
2026-08-13 05:24:42,527  INFO      [3/107] fetching SUZLON.NS …
2026-08-13 05:24:43,009  INFO      [4/107] fetching IREDA.NS …
2026-08-13 05:24:43,538  INFO      [5/107] fetching BHEL.NS …
2026-08-13 05:24:44,066  INFO      [6/107] fetching KPITTECH.NS …
2026-08-13 05:24:44,547  INFO      [7/107] fetching POLYCAB.NS …
2026-08-13 05:24:45,031  INFO      [8/107] fetching PERSISTENT.NS …
2026-08-13 05:24:45,526  INFO      [9/107] fetching ITC.NS …
2026-08-13 05:24:46,030  INFO      [10/107] fetching POWERGRID.NS …
2026-08-13 05:24:46,525  INFO      [11/107] fetching COALINDIA.NS …
2026-08-13 05:24:47,020  INFO      [12/107] fetching RELIANCE.NS …
2026-08-13 05:24:47,523  INFO      [13/107] fetching TCS.NS …
2026-08-13 05:24:48,042  INFO      [14/107] fetching HDFCBANK.NS …
2026-08-13 05:24:48,538  INFO      [15/107] fetching INFY.NS …
2026-08-13 05:24:49,042  INFO      [16/107] fetching ICICIBANK.NS …
2026-08-13 05:24:49,577  INFO      [17/107] fetching HINDUNILVR.NS …
2026-08-13 05:24:50,085  INFO      [18/107] fetching SBIN.NS …
2026-08-13 05:24:50,595  INFO      [19/107] fetching BHARTIARTL.NS …
2026-08-13 05:24:51,122  INFO      [20/107] fetching KOTAKBANK.NS …
2026-08-13 05:24:51,618  INFO      [21/107] fetching LT.NS …
2026-08-13 05:24:52,139  INFO      [22/107] fetching AXISBANK.NS …
2026-08-13 05:24:52,634  INFO      [23/107] fetching BAJFINANCE.NS …
2026-08-13 05:24:53,183  INFO      [24/107] fetching ASIANPAINT.NS …
2026-08-13 05:24:53,721  INFO      [25/107] fetching MARUTI.NS …
2026-08-13 05:24:54,254  INFO      [26/107] fetching HCLTECH.NS …
2026-08-13 05:24:54,787  INFO      [27/107] fetching SUNPHARMA.NS …
2026-08-13 05:24:55,283  INFO      [28/107] fetching TITAN.NS …
2026-08-13 05:24:55,796  INFO      [29/107] fetching ULTRACEMCO.NS …
2026-08-13 05:24:56,295  INFO      [30/107] fetching WIPRO.NS …
2026-08-13 05:24:56,810  INFO      [31/107] fetching NESTLEIND.NS …
2026-08-13 05:24:57,349  INFO      [32/107] fetching ADANIENT.NS …
2026-08-13 05:24:57,886  INFO      [33/107] fetching NTPC.NS …
2026-08-13 05:24:58,391  INFO      [34/107] fetching TATAMOTORS.NS …
2026-08-13 05:24:59,344  WARNING   [TATAMOTORS.NS] insufficient history (0 rows)
2026-08-13 05:24:59,744  INFO      [35/107] fetching M&M.NS …
2026-08-13 05:25:00,250  INFO      [36/107] fetching TATASTEEL.NS …
2026-08-13 05:25:00,823  INFO      [37/107] fetching JSWSTEEL.NS …
2026-08-13 05:25:01,331  INFO      [38/107] fetching ONGC.NS …
2026-08-13 05:25:01,846  INFO      [39/107] fetching TECHM.NS …
2026-08-13 05:25:02,342  INFO      [40/107] fetching BAJAJFINSV.NS …
2026-08-13 05:25:02,844  INFO      [41/107] fetching HINDALCO.NS …
2026-08-13 05:25:03,346  INFO      [42/107] fetching GRASIM.NS …
2026-08-13 05:25:03,880  INFO      [43/107] fetching DRREDDY.NS …
2026-08-13 05:25:04,412  INFO      [44/107] fetching CIPLA.NS …
2026-08-13 05:25:04,918  INFO      [45/107] fetching DIVISLAB.NS …
2026-08-13 05:25:05,448  INFO      [46/107] fetching EICHERMOT.NS …
2026-08-13 05:25:05,975  INFO      [47/107] fetching BRITANNIA.NS …
2026-08-13 05:25:06,509  INFO      [48/107] fetching HEROMOTOCO.NS …
2026-08-13 05:25:07,067  INFO      [49/107] fetching BAJAJ-AUTO.NS …
2026-08-13 05:25:07,592  INFO      [50/107] fetching INDUSINDBK.NS …
2026-08-13 05:25:08,125  INFO      [51/107] fetching APOLLOHOSP.NS …
2026-08-13 05:25:08,653  INFO      [52/107] fetching TATACONSUM.NS …
2026-08-13 05:25:09,187  INFO      [53/107] fetching UPL.NS …
2026-08-13 05:25:09,700  INFO      [54/107] fetching BPCL.NS …
2026-08-13 05:25:10,243  INFO      [55/107] fetching SBILIFE.NS …
2026-08-13 05:25:10,769  INFO      [56/107] fetching HDFCLIFE.NS …
2026-08-13 05:25:11,260  INFO      [57/107] fetching ADANIPORTS.NS …
2026-08-13 05:25:11,762  INFO      [58/107] fetching LTIM.NS …
2026-08-13 05:25:12,373  WARNING   [LTIM.NS] insufficient history (0 rows)
2026-08-13 05:25:12,773  INFO      [59/107] fetching ABB.NS …
2026-08-13 05:25:13,320  INFO      [60/107] fetching ADANIGREEN.NS …
2026-08-13 05:25:13,840  INFO      [61/107] fetching ADANIPOWER.NS …
2026-08-13 05:25:14,314  INFO      [62/107] fetching AMBUJACEM.NS …
2026-08-13 05:25:14,852  INFO      [63/107] fetching DMART.NS …
2026-08-13 05:25:15,366  INFO      [64/107] fetching BAJAJHLDNG.NS …
2026-08-13 05:25:15,864  INFO      [65/107] fetching BANKBARODA.NS …
2026-08-13 05:25:16,397  INFO      [66/107] fetching BERGEPAINT.NS …
2026-08-13 05:25:16,932  INFO      [67/107] fetching BOSCHLTD.NS …
2026-08-13 05:25:17,467  INFO      [68/107] fetching CANBK.NS …
2026-08-13 05:25:17,960  INFO      [69/107] fetching CHOLAFIN.NS …
2026-08-13 05:25:18,479  INFO      [70/107] fetching COLPAL.NS …
2026-08-13 05:25:18,993  INFO      [71/107] fetching DABUR.NS …
2026-08-13 05:25:19,528  INFO      [72/107] fetching DLF.NS …
2026-08-13 05:25:20,019  INFO      [73/107] fetching GAIL.NS …
2026-08-13 05:25:20,576  INFO      [74/107] fetching GODREJCP.NS …
2026-08-13 05:25:21,111  INFO      [75/107] fetching HAVELLS.NS …
2026-08-13 05:25:21,599  INFO      [76/107] fetching HAL.NS …
2026-08-13 05:25:22,124  INFO      [77/107] fetching ICICIGI.NS …
2026-08-13 05:25:22,651  INFO      [78/107] fetching ICICIPRULI.NS …
2026-08-13 05:25:23,181  INFO      [79/107] fetching IOC.NS …
2026-08-13 05:25:23,715  INFO      [80/107] fetching IRCTC.NS …
2026-08-13 05:25:24,243  INFO      [81/107] fetching JINDALSTEL.NS …
2026-08-13 05:25:24,746  INFO      [82/107] fetching LICI.NS …
2026-08-13 05:25:25,267  INFO      [83/107] fetching MARICO.NS …
2026-08-13 05:25:25,798  INFO      [84/107] fetching MOTHERSON.NS …
2026-08-13 05:25:26,335  INFO      [85/107] fetching NAUKRI.NS …
2026-08-13 05:25:26,871  INFO      [86/107] fetching PIDILITIND.NS …
2026-08-13 05:25:27,412  INFO      [87/107] fetching PNB.NS …
2026-08-13 05:25:27,943  INFO      [88/107] fetching PFC.NS …
2026-08-13 05:25:28,468  INFO      [89/107] fetching RECLTD.NS …
2026-08-13 05:25:28,958  INFO      [90/107] fetching SIEMENS.NS …
2026-08-13 05:25:29,490  INFO      [91/107] fetching SRF.NS …
2026-08-13 05:25:29,985  INFO      [92/107] fetching SHREECEM.NS …
2026-08-13 05:25:30,518  INFO      [93/107] fetching SHRIRAMFIN.NS …
2026-08-13 05:25:31,046  INFO      [94/107] fetching TORNTPHARM.NS …
2026-08-13 05:25:31,591  INFO      [95/107] fetching TRENT.NS …
2026-08-13 05:25:32,106  INFO      [96/107] fetching TVSMOTOR.NS …
2026-08-13 05:25:32,638  INFO      [97/107] fetching VEDL.NS …
2026-08-13 05:25:33,165  INFO      [98/107] fetching VBL.NS …
2026-08-13 05:25:33,691  INFO      [99/107] fetching ZOMATO.NS …
2026-08-13 05:25:34,327  WARNING   [ZOMATO.NS] insufficient history (0 rows)
2026-08-13 05:25:34,728  INFO      [100/107] fetching ZYDUSLIFE.NS …
2026-08-13 05:25:35,266  INFO      [101/107] fetching INDIGO.NS …
2026-08-13 05:25:35,749  INFO      [102/107] fetching IDEA.NS …
2026-08-13 05:25:36,270  INFO      [103/107] fetching BANKINDIA.NS …
2026-08-13 05:25:36,804  INFO      [104/107] fetching PAGEIND.NS …
2026-08-13 05:25:37,327  INFO      [105/107] fetching MUTHOOTFIN.NS …
2026-08-13 05:25:37,813  INFO      [106/107] fetching TATAELXSI.NS …
2026-08-13 05:25:38,349  INFO      [107/107] fetching LUPIN.NS …
2026-08-13 05:25:38,472  INFO      Fetched 104/107 symbols successfully.
2026-08-13 05:25:40,787  WARNING   [MF 120503] fetch failed: HTTPSConnectionPool(host='api.mfapi.in', port=443): Read timed out. (read timeout=2)
2026-08-13 05:25:41,943  INFO      Fetched 200 headlines from RSS (Indian + global/geopolitics).
2026-08-13 05:25:44,863  INFO      Macro regime: neutral | bias=1 | geo-risk=42.9
2026-08-13 05:25:45,100  INFO      NSE corp announcements: 20 filings
2026-08-13 05:25:46,596  INFO      Angel One login successful.
2026-08-13 05:25:47,703  INFO      Saved report → data/stock_reports/2026-08-13_0525.json
2026-08-13 05:25:48,276  INFO      Report image saved → logs/stock_analyzer/2026-08-13/stock_report.png  [1920×1280]
2026-08-13 05:25:48,277  INFO      Dry-run: skipping send. Image + PDF saved locally; console printed.
2026-08-13 05:25:48,277  INFO      == Stock analyzer run complete ==
2026-08-13 05:25:48,279  INFO      [Note] PAPER TRADING -- virtual cash Rs 100,000, max_positions=6 max_pct=15% buckets=('intraday', 'swing') state=data/paper_trader_state.json
2026-08-13 05:25:48,279  INFO      [Note] PAPER TRADING -- virtual cash Rs 100,000, max_positions=6 max_pct=15% buckets=('intraday', 'swing') state=data/paper_trader_state.json
2026-08-13 05:25:48,280  INFO      paper-trader: new day, archived 3 trades (cumulative ₹-4,040)
2026-08-13 05:26:02,058  INFO      [DRY] Angel order would be: {'variety': 'NORMAL', 'tradingsymbol': 'SIEMENS-EQ', 'symboltoken': '3150', 'transactiontype': 'SELL', 'exchange': 'NSE', 'ordertype': 'MARKET', 'producttype': 'INTRADAY', 'duration': 'DAY', 'price': '0', 'squareoff': '0', 'stoploss': '0', 'quantity': '1'}
2026-08-13 05:26:02,059  INFO      [SL] [DRY] CLOSE SIEMENS.NS qty=1 @ Rs 3993.20 P&L Rs +80 (gross Rs +86, cost Rs 6; trailing-SL hit @ 3993.20 (peak 4030.00))
2026-08-13 05:26:02,059  INFO      [DRY] Angel order would be: {'variety': 'NORMAL', 'tradingsymbol': 'IDEA-EQ', 'symboltoken': '14366', 'transactiontype': 'BUY', 'exchange': 'NSE', 'ordertype': 'MARKET', 'producttype': 'INTRADAY', 'duration': 'DAY', 'price': '0', 'squareoff': '0', 'stoploss': '0', 'quantity': '862'}
2026-08-13 05:26:02,059  INFO      [OPEN] [DRY] IDEA.NS qty=862 @ Rs 13.73 SL Rs 13.69 TGT Rs 14.30 (order=None)
2026-08-13 05:26:02,059  INFO      [DRY] Angel order would be: {'variety': 'NORMAL', 'tradingsymbol': 'SHRIRAMFIN-EQ', 'symboltoken': '4306', 'transactiontype': 'BUY', 'exchange': 'NSE', 'ordertype': 'MARKET', 'producttype': 'INTRADAY', 'duration': 'DAY', 'price': '0', 'squareoff': '0', 'stoploss': '0', 'quantity': '8'}
2026-08-13 05:26:02,059  INFO      [OPEN] [DRY] SHRIRAMFIN.NS qty=8 @ Rs 1139.80 SL Rs 1110.65 TGT Rs 1151.39 (order=None)
2026-08-13 05:26:02,059  INFO      [DRY] Angel order would be: {'variety': 'NORMAL', 'tradingsymbol': 'GRASIM-EQ', 'symboltoken': '1232', 'transactiontype': 'BUY', 'exchange': 'NSE', 'ordertype': 'MARKET', 'producttype': 'INTRADAY', 'duration': 'DAY', 'price': '0', 'squareoff': '0', 'stoploss': '0', 'quantity': '2'}
2026-08-13 05:26:02,059  INFO      [OPEN] [DRY] GRASIM.NS qty=2 @ Rs 3250.00 SL Rs 3164.29 TGT Rs 3253.48 (order=None)
2026-08-13 05:26:02,065  INFO      tick result: {'ok': True, 'actions': 4, 'open_trades': 5, 'closed_today': 1, 'realised_pnl': 79.57, 'cumulative_pnl': -3960.53, 'halted': False, 'messages': ['[SL] [DRY] CLOSE SIEMENS.NS qty=1 @ Rs 3993.20 P&L Rs +80 (gross Rs +86, cost Rs 6; trailing-SL hit @ 3993.20 (peak 4030.00))', '[OPEN] [DRY] IDEA.NS qty=862 @ Rs 13.73 SL Rs 13.69 TGT Rs 14.30 (order=None)', '[OPEN] [DRY] SHRIRAMFIN.NS qty=8 @ Rs 1139.80 SL Rs 1110.65 TGT Rs 1151.39 (order=None)', '[OPEN] [DRY] GRASIM.NS qty=2 @ Rs 3250.00 SL Rs 3164.29 TGT Rs 3253.48 (order=None)']}
2026-08-13 05:26:02,065  INFO      tick result: {'ok': True, 'actions': 4, 'open_trades': 5, 'closed_today': 1, 'realised_pnl': 79.57, 'cumulative_pnl': -3960.53, 'halted': False, 'messages': ['[SL] [DRY] CLOSE SIEMENS.NS qty=1 @ Rs 3993.20 P&L Rs +80 (gross Rs +86, cost Rs 6; trailing-SL hit @ 3993.20 (peak 4030.00))', '[OPEN] [DRY] IDEA.NS qty=862 @ Rs 13.73 SL Rs 13.69 TGT Rs 14.30 (order=None)', '[OPEN] [DRY] SHRIRAMFIN.NS qty=8 @ Rs 1139.80 SL Rs 1110.65 TGT Rs 1151.39 (order=None)', '[OPEN] [DRY] GRASIM.NS qty=2 @ Rs 3250.00 SL Rs 3164.29 TGT Rs 3253.48 (order=None)']}
