2026-06-26 07:39:50,748  INFO      angel_one starting ... (cmd=paper-trade)
2026-06-26 07:39:50,748  INFO      angel_one starting ... (cmd=paper-trade)
2026-06-26 07:39:50,764  INFO      refresh: generating today's picks via analyzer (dry-run, no PDF)
2026-06-26 07:39:50,764  INFO      refresh: generating today's picks via analyzer (dry-run, no PDF)
2026-06-26 07:39:52,178  INFO      == Stock analyzer run starting ==
2026-06-26 07:39:52,178  INFO      Watchlist: 11 symbols from data/stock_watchlist.txt
2026-06-26 07:39:52,178  INFO      Universe: 107 symbols (total available: 107)
2026-06-26 07:39:52,660  INFO      [1/107] fetching TATAPOWER.NS …
2026-06-26 07:39:53,233  INFO      [2/107] fetching IRFC.NS …
2026-06-26 07:39:53,718  INFO      [3/107] fetching SUZLON.NS …
2026-06-26 07:39:54,201  INFO      [4/107] fetching IREDA.NS …
2026-06-26 07:39:54,677  INFO      [5/107] fetching BHEL.NS …
2026-06-26 07:39:55,187  INFO      [6/107] fetching KPITTECH.NS …
2026-06-26 07:39:55,676  INFO      [7/107] fetching POLYCAB.NS …
2026-06-26 07:39:56,160  INFO      [8/107] fetching PERSISTENT.NS …
2026-06-26 07:39:56,655  INFO      [9/107] fetching ITC.NS …
2026-06-26 07:39:57,171  INFO      [10/107] fetching POWERGRID.NS …
2026-06-26 07:39:57,670  INFO      [11/107] fetching COALINDIA.NS …
2026-06-26 07:39:58,161  INFO      [12/107] fetching RELIANCE.NS …
2026-06-26 07:39:58,670  INFO      [13/107] fetching TCS.NS …
2026-06-26 07:39:59,173  INFO      [14/107] fetching HDFCBANK.NS …
2026-06-26 07:39:59,686  INFO      [15/107] fetching INFY.NS …
2026-06-26 07:40:00,205  INFO      [16/107] fetching ICICIBANK.NS …
2026-06-26 07:40:00,707  INFO      [17/107] fetching HINDUNILVR.NS …
2026-06-26 07:40:01,220  INFO      [18/107] fetching SBIN.NS …
2026-06-26 07:40:01,777  INFO      [19/107] fetching BHARTIARTL.NS …
2026-06-26 07:40:02,270  INFO      [20/107] fetching KOTAKBANK.NS …
2026-06-26 07:40:02,791  INFO      [21/107] fetching LT.NS …
2026-06-26 07:40:03,294  INFO      [22/107] fetching AXISBANK.NS …
2026-06-26 07:40:03,796  INFO      [23/107] fetching BAJFINANCE.NS …
2026-06-26 07:40:04,305  INFO      [24/107] fetching ASIANPAINT.NS …
2026-06-26 07:40:04,813  INFO      [25/107] fetching MARUTI.NS …
2026-06-26 07:40:05,311  INFO      [26/107] fetching HCLTECH.NS …
2026-06-26 07:40:05,833  INFO      [27/107] fetching SUNPHARMA.NS …
2026-06-26 07:40:06,354  INFO      [28/107] fetching TITAN.NS …
2026-06-26 07:40:06,858  INFO      [29/107] fetching ULTRACEMCO.NS …
2026-06-26 07:40:07,368  INFO      [30/107] fetching WIPRO.NS …
2026-06-26 07:40:07,885  INFO      [31/107] fetching NESTLEIND.NS …
2026-06-26 07:40:08,424  INFO      [32/107] fetching ADANIENT.NS …
2026-06-26 07:40:08,929  INFO      [33/107] fetching NTPC.NS …
2026-06-26 07:40:09,430  INFO      [34/107] fetching TATAMOTORS.NS …
2026-06-26 07:40:10,455  WARNING   [TATAMOTORS.NS] insufficient history (0 rows)
2026-06-26 07:40:10,855  INFO      [35/107] fetching M&M.NS …
2026-06-26 07:40:11,372  INFO      [36/107] fetching TATASTEEL.NS …
2026-06-26 07:40:11,872  INFO      [37/107] fetching JSWSTEEL.NS …
2026-06-26 07:40:12,375  INFO      [38/107] fetching ONGC.NS …
2026-06-26 07:40:12,890  INFO      [39/107] fetching TECHM.NS …
2026-06-26 07:40:13,391  INFO      [40/107] fetching BAJAJFINSV.NS …
2026-06-26 07:40:13,893  INFO      [41/107] fetching HINDALCO.NS …
2026-06-26 07:40:14,409  INFO      [42/107] fetching GRASIM.NS …
2026-06-26 07:40:14,910  INFO      [43/107] fetching DRREDDY.NS …
2026-06-26 07:40:15,450  INFO      [44/107] fetching CIPLA.NS …
2026-06-26 07:40:15,989  INFO      [45/107] fetching DIVISLAB.NS …
2026-06-26 07:40:16,483  INFO      [46/107] fetching EICHERMOT.NS …
2026-06-26 07:40:16,994  INFO      [47/107] fetching BRITANNIA.NS …
2026-06-26 07:40:17,497  INFO      [48/107] fetching HEROMOTOCO.NS …
2026-06-26 07:40:17,998  INFO      [49/107] fetching BAJAJ-AUTO.NS …
2026-06-26 07:40:18,494  INFO      [50/107] fetching INDUSINDBK.NS …
2026-06-26 07:40:18,995  INFO      [51/107] fetching APOLLOHOSP.NS …
2026-06-26 07:40:19,497  INFO      [52/107] fetching TATACONSUM.NS …
2026-06-26 07:40:20,016  INFO      [53/107] fetching UPL.NS …
2026-06-26 07:40:20,514  INFO      [54/107] fetching BPCL.NS …
2026-06-26 07:40:21,030  INFO      [55/107] fetching SBILIFE.NS …
2026-06-26 07:40:21,516  INFO      [56/107] fetching HDFCLIFE.NS …
2026-06-26 07:40:22,031  INFO      [57/107] fetching ADANIPORTS.NS …
2026-06-26 07:40:22,571  INFO      [58/107] fetching LTIM.NS …
2026-06-26 07:40:23,107  WARNING   [LTIM.NS] insufficient history (0 rows)
2026-06-26 07:40:23,508  INFO      [59/107] fetching ABB.NS …
2026-06-26 07:40:24,040  INFO      [60/107] fetching ADANIGREEN.NS …
2026-06-26 07:40:24,518  INFO      [61/107] fetching ADANIPOWER.NS …
2026-06-26 07:40:24,999  INFO      [62/107] fetching AMBUJACEM.NS …
2026-06-26 07:40:25,512  INFO      [63/107] fetching DMART.NS …
2026-06-26 07:40:25,988  INFO      [64/107] fetching BAJAJHLDNG.NS …
2026-06-26 07:40:26,492  INFO      [65/107] fetching BANKBARODA.NS …
2026-06-26 07:40:27,011  INFO      [66/107] fetching BERGEPAINT.NS …
2026-06-26 07:40:27,537  INFO      [67/107] fetching BOSCHLTD.NS …
2026-06-26 07:40:28,039  INFO      [68/107] fetching CANBK.NS …
2026-06-26 07:40:28,543  INFO      [69/107] fetching CHOLAFIN.NS …
2026-06-26 07:40:29,044  INFO      [70/107] fetching COLPAL.NS …
2026-06-26 07:40:29,566  INFO      [71/107] fetching DABUR.NS …
2026-06-26 07:40:30,101  INFO      [72/107] fetching DLF.NS …
2026-06-26 07:40:30,607  INFO      [73/107] fetching GAIL.NS …
2026-06-26 07:40:31,138  INFO      [74/107] fetching GODREJCP.NS …
2026-06-26 07:40:31,640  INFO      [75/107] fetching HAVELLS.NS …
2026-06-26 07:40:32,154  INFO      [76/107] fetching HAL.NS …
2026-06-26 07:40:32,640  INFO      [77/107] fetching ICICIGI.NS …
2026-06-26 07:40:33,160  INFO      [78/107] fetching ICICIPRULI.NS …
2026-06-26 07:40:33,651  INFO      [79/107] fetching IOC.NS …
2026-06-26 07:40:34,176  INFO      [80/107] fetching IRCTC.NS …
2026-06-26 07:40:34,658  INFO      [81/107] fetching JINDALSTEL.NS …
2026-06-26 07:40:35,170  INFO      [82/107] fetching LICI.NS …
2026-06-26 07:40:35,658  INFO      [83/107] fetching MARICO.NS …
2026-06-26 07:40:36,169  INFO      [84/107] fetching MOTHERSON.NS …
2026-06-26 07:40:36,669  INFO      [85/107] fetching NAUKRI.NS …
2026-06-26 07:40:37,166  INFO      [86/107] fetching PIDILITIND.NS …
2026-06-26 07:40:37,727  INFO      [87/107] fetching PNB.NS …
2026-06-26 07:40:38,231  INFO      [88/107] fetching PFC.NS …
2026-06-26 07:40:38,732  INFO      [89/107] fetching RECLTD.NS …
2026-06-26 07:40:39,258  INFO      [90/107] fetching SIEMENS.NS …
2026-06-26 07:40:39,766  INFO      [91/107] fetching SRF.NS …
2026-06-26 07:40:40,264  INFO      [92/107] fetching SHREECEM.NS …
2026-06-26 07:40:40,764  INFO      [93/107] fetching SHRIRAMFIN.NS …
2026-06-26 07:40:41,264  INFO      [94/107] fetching TORNTPHARM.NS …
2026-06-26 07:40:41,772  INFO      [95/107] fetching TRENT.NS …
2026-06-26 07:40:42,304  INFO      [96/107] fetching TVSMOTOR.NS …
2026-06-26 07:40:42,811  INFO      [97/107] fetching VEDL.NS …
2026-06-26 07:40:43,326  INFO      [98/107] fetching VBL.NS …
2026-06-26 07:40:43,810  INFO      [99/107] fetching ZOMATO.NS …
2026-06-26 07:40:44,405  WARNING   [ZOMATO.NS] insufficient history (0 rows)
2026-06-26 07:40:44,805  INFO      [100/107] fetching ZYDUSLIFE.NS …
2026-06-26 07:40:45,355  INFO      [101/107] fetching INDIGO.NS …
2026-06-26 07:40:45,848  INFO      [102/107] fetching IDEA.NS …
2026-06-26 07:40:46,341  INFO      [103/107] fetching BANKINDIA.NS …
2026-06-26 07:40:46,845  INFO      [104/107] fetching PAGEIND.NS …
2026-06-26 07:40:47,351  INFO      [105/107] fetching MUTHOOTFIN.NS …
2026-06-26 07:40:47,855  INFO      [106/107] fetching TATAELXSI.NS …
2026-06-26 07:40:48,359  INFO      [107/107] fetching LUPIN.NS …
2026-06-26 07:40:48,472  INFO      Fetched 104/107 symbols successfully.
2026-06-26 07:40:50,814  WARNING   [MF 120503] fetch failed: HTTPSConnectionPool(host='api.mfapi.in', port=443): Read timed out. (read timeout=2)
2026-06-26 07:40:51,394  INFO      Fetched 200 headlines from RSS (Indian + global/geopolitics).
2026-06-26 07:40:53,477  INFO      Macro regime: neutral | bias=1 | geo-risk=51.6
2026-06-26 07:40:53,743  INFO      NSE corp announcements: 20 filings
2026-06-26 07:40:55,343  INFO      Angel One login successful.
2026-06-26 07:40:56,415  INFO      Saved report → data/stock_reports/2026-06-26_0740.json
2026-06-26 07:40:57,055  INFO      Report image saved → logs/stock_analyzer/2026-06-26/stock_report.png  [1920×1280]
2026-06-26 07:40:57,055  INFO      Dry-run: skipping send. Image + PDF saved locally; console printed.
2026-06-26 07:40:57,056  INFO      == Stock analyzer run complete ==
2026-06-26 07:40:57,058  INFO      [Note] PAPER TRADING -- virtual cash Rs 100,000, max_positions=6 max_pct=15% buckets=('intraday', 'swing') state=data/paper_trader_state.json
2026-06-26 07:40:57,058  INFO      [Note] PAPER TRADING -- virtual cash Rs 100,000, max_positions=6 max_pct=15% buckets=('intraday', 'swing') state=data/paper_trader_state.json
2026-06-26 07:40:57,059  INFO      paper-trader: new day, archived 4 trades (cumulative ₹-1,274)
2026-06-26 07:41:10,311  INFO      [DRY] Angel order would be: {'variety': 'NORMAL', 'tradingsymbol': 'TVSMOTOR-EQ', 'symboltoken': '8479', 'transactiontype': 'BUY', 'exchange': 'NSE', 'ordertype': 'MARKET', 'producttype': 'INTRADAY', 'duration': 'DAY', 'price': '0', 'squareoff': '0', 'stoploss': '0', 'quantity': '3'}
2026-06-26 07:41:10,311  INFO      [OPEN] [DRY] TVSMOTOR.NS qty=3 @ Rs 3569.70 SL Rs 3483.19 TGT Rs 3594.80 (order=None)
2026-06-26 07:41:10,311  INFO      [DRY] Angel order would be: {'variety': 'NORMAL', 'tradingsymbol': 'M&M-EQ', 'symboltoken': '2031', 'transactiontype': 'BUY', 'exchange': 'NSE', 'ordertype': 'MARKET', 'producttype': 'INTRADAY', 'duration': 'DAY', 'price': '0', 'squareoff': '0', 'stoploss': '0', 'quantity': '3'}
2026-06-26 07:41:10,311  INFO      [OPEN] [DRY] M&M.NS qty=3 @ Rs 3182.20 SL Rs 3103.54 TGT Rs 3185.62 (order=None)
2026-06-26 07:41:10,311  INFO      [DRY] Angel order would be: {'variety': 'NORMAL', 'tradingsymbol': 'CHOLAFIN-EQ', 'symboltoken': '685', 'transactiontype': 'BUY', 'exchange': 'NSE', 'ordertype': 'MARKET', 'producttype': 'INTRADAY', 'duration': 'DAY', 'price': '0', 'squareoff': '0', 'stoploss': '0', 'quantity': '4'}
2026-06-26 07:41:10,311  INFO      [OPEN] [DRY] CHOLAFIN.NS qty=4 @ Rs 1799.20 SL Rs 1751.66 TGT Rs 1885.38 (order=None)
2026-06-26 07:41:10,315  INFO      tick result: {'ok': True, 'actions': 3, 'open_trades': 6, 'closed_today': 0, 'realised_pnl': 0.0, 'cumulative_pnl': -1274.03, 'halted': False, 'messages': ['[OPEN] [DRY] TVSMOTOR.NS qty=3 @ Rs 3569.70 SL Rs 3483.19 TGT Rs 3594.80 (order=None)', '[OPEN] [DRY] M&M.NS qty=3 @ Rs 3182.20 SL Rs 3103.54 TGT Rs 3185.62 (order=None)', '[OPEN] [DRY] CHOLAFIN.NS qty=4 @ Rs 1799.20 SL Rs 1751.66 TGT Rs 1885.38 (order=None)']}
2026-06-26 07:41:10,315  INFO      tick result: {'ok': True, 'actions': 3, 'open_trades': 6, 'closed_today': 0, 'realised_pnl': 0.0, 'cumulative_pnl': -1274.03, 'halted': False, 'messages': ['[OPEN] [DRY] TVSMOTOR.NS qty=3 @ Rs 3569.70 SL Rs 3483.19 TGT Rs 3594.80 (order=None)', '[OPEN] [DRY] M&M.NS qty=3 @ Rs 3182.20 SL Rs 3103.54 TGT Rs 3185.62 (order=None)', '[OPEN] [DRY] CHOLAFIN.NS qty=4 @ Rs 1799.20 SL Rs 1751.66 TGT Rs 1885.38 (order=None)']}
