2026-05-11 06:57:22,953  INFO      angel_one starting ... (cmd=paper-trade)
2026-05-11 06:57:22,953  INFO      angel_one starting ... (cmd=paper-trade)
2026-05-11 06:57:22,970  INFO      refresh: generating today's picks via analyzer (dry-run, no PDF)
2026-05-11 06:57:22,970  INFO      refresh: generating today's picks via analyzer (dry-run, no PDF)
2026-05-11 06:57:24,351  INFO      == Stock analyzer run starting ==
2026-05-11 06:57:24,351  INFO      Watchlist: 11 symbols from data/stock_watchlist.txt
2026-05-11 06:57:24,351  INFO      Universe: 107 symbols (total available: 107)
2026-05-11 06:57:24,996  INFO      [1/107] fetching TATAPOWER.NS …
2026-05-11 06:57:25,559  INFO      [2/107] fetching IRFC.NS …
2026-05-11 06:57:26,041  INFO      [3/107] fetching SUZLON.NS …
2026-05-11 06:57:26,530  INFO      [4/107] fetching IREDA.NS …
2026-05-11 06:57:27,063  INFO      [5/107] fetching BHEL.NS …
2026-05-11 06:57:27,641  INFO      [6/107] fetching KPITTECH.NS …
2026-05-11 06:57:28,214  INFO      [7/107] fetching POLYCAB.NS …
2026-05-11 06:57:28,790  INFO      [8/107] fetching PERSISTENT.NS …
2026-05-11 06:57:29,379  INFO      [9/107] fetching ITC.NS …
2026-05-11 06:57:29,877  INFO      [10/107] fetching POWERGRID.NS …
2026-05-11 06:57:30,376  INFO      [11/107] fetching COALINDIA.NS …
2026-05-11 06:57:30,865  INFO      [12/107] fetching RELIANCE.NS …
2026-05-11 06:57:31,441  INFO      [13/107] fetching TCS.NS …
2026-05-11 06:57:32,002  INFO      [14/107] fetching HDFCBANK.NS …
2026-05-11 06:57:32,511  INFO      [15/107] fetching INFY.NS …
2026-05-11 06:57:33,037  INFO      [16/107] fetching ICICIBANK.NS …
2026-05-11 06:57:33,538  INFO      [17/107] fetching HINDUNILVR.NS …
2026-05-11 06:57:34,140  INFO      [18/107] fetching SBIN.NS …
2026-05-11 06:57:34,682  INFO      [19/107] fetching BHARTIARTL.NS …
2026-05-11 06:57:35,183  INFO      [20/107] fetching KOTAKBANK.NS …
2026-05-11 06:57:35,735  INFO      [21/107] fetching LT.NS …
2026-05-11 06:57:36,271  INFO      [22/107] fetching AXISBANK.NS …
2026-05-11 06:57:36,794  INFO      [23/107] fetching BAJFINANCE.NS …
2026-05-11 06:57:37,383  INFO      [24/107] fetching ASIANPAINT.NS …
2026-05-11 06:57:37,884  INFO      [25/107] fetching MARUTI.NS …
2026-05-11 06:57:38,389  INFO      [26/107] fetching HCLTECH.NS …
2026-05-11 06:57:38,891  INFO      [27/107] fetching SUNPHARMA.NS …
2026-05-11 06:57:39,397  INFO      [28/107] fetching TITAN.NS …
2026-05-11 06:57:39,891  INFO      [29/107] fetching ULTRACEMCO.NS …
2026-05-11 06:57:40,382  INFO      [30/107] fetching WIPRO.NS …
2026-05-11 06:57:40,900  INFO      [31/107] fetching NESTLEIND.NS …
2026-05-11 06:57:41,400  INFO      [32/107] fetching ADANIENT.NS …
2026-05-11 06:57:41,895  INFO      [33/107] fetching NTPC.NS …
2026-05-11 06:57:42,433  INFO      [34/107] fetching TATAMOTORS.NS …
2026-05-11 06:57:43,783  WARNING   [TATAMOTORS.NS] insufficient history (0 rows)
2026-05-11 06:57:44,183  INFO      [35/107] fetching M&M.NS …
2026-05-11 06:57:44,782  INFO      [36/107] fetching TATASTEEL.NS …
2026-05-11 06:57:45,321  INFO      [37/107] fetching JSWSTEEL.NS …
2026-05-11 06:57:45,810  INFO      [38/107] fetching ONGC.NS …
2026-05-11 06:57:46,319  INFO      [39/107] fetching TECHM.NS …
2026-05-11 06:57:46,895  INFO      [40/107] fetching BAJAJFINSV.NS …
2026-05-11 06:57:47,383  INFO      [41/107] fetching HINDALCO.NS …
2026-05-11 06:57:47,890  INFO      [42/107] fetching GRASIM.NS …
2026-05-11 06:57:48,383  INFO      [43/107] fetching DRREDDY.NS …
2026-05-11 06:57:48,968  INFO      [44/107] fetching CIPLA.NS …
2026-05-11 06:57:49,573  INFO      [45/107] fetching DIVISLAB.NS …
2026-05-11 06:57:50,104  INFO      [46/107] fetching EICHERMOT.NS …
2026-05-11 06:57:50,642  INFO      [47/107] fetching BRITANNIA.NS …
2026-05-11 06:57:51,136  INFO      [48/107] fetching HEROMOTOCO.NS …
2026-05-11 06:57:51,626  INFO      [49/107] fetching BAJAJ-AUTO.NS …
2026-05-11 06:57:52,184  INFO      [50/107] fetching INDUSINDBK.NS …
2026-05-11 06:57:52,685  INFO      [51/107] fetching APOLLOHOSP.NS …
2026-05-11 06:57:53,243  INFO      [52/107] fetching TATACONSUM.NS …
2026-05-11 06:57:53,804  INFO      [53/107] fetching UPL.NS …
2026-05-11 06:57:54,391  INFO      [54/107] fetching BPCL.NS …
2026-05-11 06:57:54,956  INFO      [55/107] fetching SBILIFE.NS …
2026-05-11 06:57:55,472  INFO      [56/107] fetching HDFCLIFE.NS …
2026-05-11 06:57:55,981  INFO      [57/107] fetching ADANIPORTS.NS …
2026-05-11 06:57:56,509  INFO      [58/107] fetching LTIM.NS …
2026-05-11 06:57:57,053  WARNING   [LTIM.NS] insufficient history (0 rows)
2026-05-11 06:57:57,454  INFO      [59/107] fetching ABB.NS …
2026-05-11 06:57:58,006  INFO      [60/107] fetching ADANIGREEN.NS …
2026-05-11 06:57:58,572  INFO      [61/107] fetching ADANIPOWER.NS …
2026-05-11 06:57:59,098  INFO      [62/107] fetching AMBUJACEM.NS …
2026-05-11 06:57:59,665  INFO      [63/107] fetching DMART.NS …
2026-05-11 06:58:00,176  INFO      [64/107] fetching BAJAJHLDNG.NS …
2026-05-11 06:58:00,735  INFO      [65/107] fetching BANKBARODA.NS …
2026-05-11 06:58:01,245  INFO      [66/107] fetching BERGEPAINT.NS …
2026-05-11 06:58:01,747  INFO      [67/107] fetching BOSCHLTD.NS …
2026-05-11 06:58:02,303  INFO      [68/107] fetching CANBK.NS …
2026-05-11 06:58:02,847  INFO      [69/107] fetching CHOLAFIN.NS …
2026-05-11 06:58:03,395  INFO      [70/107] fetching COLPAL.NS …
2026-05-11 06:58:03,963  INFO      [71/107] fetching DABUR.NS …
2026-05-11 06:58:04,543  INFO      [72/107] fetching DLF.NS …
2026-05-11 06:58:05,120  INFO      [73/107] fetching GAIL.NS …
2026-05-11 06:58:05,741  INFO      [74/107] fetching GODREJCP.NS …
2026-05-11 06:58:06,294  INFO      [75/107] fetching HAVELLS.NS …
2026-05-11 06:58:06,803  INFO      [76/107] fetching HAL.NS …
2026-05-11 06:58:07,282  INFO      [77/107] fetching ICICIGI.NS …
2026-05-11 06:58:07,822  INFO      [78/107] fetching ICICIPRULI.NS …
2026-05-11 06:58:08,303  INFO      [79/107] fetching IOC.NS …
2026-05-11 06:58:08,861  INFO      [80/107] fetching IRCTC.NS …
2026-05-11 06:58:09,354  INFO      [81/107] fetching JINDALSTEL.NS …
2026-05-11 06:58:09,861  INFO      [82/107] fetching LICI.NS …
2026-05-11 06:58:10,337  INFO      [83/107] fetching MARICO.NS …
2026-05-11 06:58:10,881  INFO      [84/107] fetching MOTHERSON.NS …
2026-05-11 06:58:11,373  INFO      [85/107] fetching NAUKRI.NS …
2026-05-11 06:58:11,924  INFO      [86/107] fetching PIDILITIND.NS …
2026-05-11 06:58:12,504  INFO      [87/107] fetching PNB.NS …
2026-05-11 06:58:12,995  INFO      [88/107] fetching PFC.NS …
2026-05-11 06:58:13,501  INFO      [89/107] fetching RECLTD.NS …
2026-05-11 06:58:13,991  INFO      [90/107] fetching SIEMENS.NS …
2026-05-11 06:58:14,490  INFO      [91/107] fetching SRF.NS …
2026-05-11 06:58:15,017  INFO      [92/107] fetching SHREECEM.NS …
2026-05-11 06:58:15,514  INFO      [93/107] fetching SHRIRAMFIN.NS …
2026-05-11 06:58:16,025  INFO      [94/107] fetching TORNTPHARM.NS …
2026-05-11 06:58:16,547  INFO      [95/107] fetching TRENT.NS …
2026-05-11 06:58:17,092  INFO      [96/107] fetching TVSMOTOR.NS …
2026-05-11 06:58:17,637  INFO      [97/107] fetching VEDL.NS …
2026-05-11 06:58:18,191  INFO      [98/107] fetching VBL.NS …
2026-05-11 06:58:18,722  INFO      [99/107] fetching ZOMATO.NS …
2026-05-11 06:58:19,294  WARNING   [ZOMATO.NS] insufficient history (0 rows)
2026-05-11 06:58:19,694  INFO      [100/107] fetching ZYDUSLIFE.NS …
2026-05-11 06:58:20,278  INFO      [101/107] fetching INDIGO.NS …
2026-05-11 06:58:20,771  INFO      [102/107] fetching IDEA.NS …
2026-05-11 06:58:21,246  INFO      [103/107] fetching BANKINDIA.NS …
2026-05-11 06:58:21,746  INFO      [104/107] fetching PAGEIND.NS …
2026-05-11 06:58:22,274  INFO      [105/107] fetching MUTHOOTFIN.NS …
2026-05-11 06:58:22,824  INFO      [106/107] fetching TATAELXSI.NS …
2026-05-11 06:58:23,397  INFO      [107/107] fetching LUPIN.NS …
2026-05-11 06:58:23,535  INFO      Fetched 104/107 symbols successfully.
2026-05-11 06:58:25,833  WARNING   [MF 120503] fetch failed: HTTPSConnectionPool(host='api.mfapi.in', port=443): Read timed out. (read timeout=2)
2026-05-11 06:58:27,468  INFO      Fetched 200 headlines from RSS (Indian + global/geopolitics).
2026-05-11 06:58:29,764  INFO      Macro regime: risk-on | bias=0 | geo-risk=54.5
2026-05-11 06:58:29,788  INFO      NSE corp announcements: 20 filings
2026-05-11 06:58:31,362  INFO      Angel One login successful.
2026-05-11 06:58:32,150  INFO      Saved report → data/stock_reports/2026-05-11_0658.json
2026-05-11 06:58:32,702  INFO      Report image saved → logs/stock_analyzer/2026-05-11/stock_report.png  [1920×1280]
2026-05-11 06:58:32,703  INFO      Dry-run: skipping send. Image + PDF saved locally; console printed.
2026-05-11 06:58:32,703  INFO      == Stock analyzer run complete ==
2026-05-11 06:58:32,706  INFO      [Note] PAPER TRADING -- virtual cash Rs 100,000, max_positions=6 max_pct=15% buckets=('intraday', 'swing') state=data/paper_trader_state.json
2026-05-11 06:58:32,706  INFO      [Note] PAPER TRADING -- virtual cash Rs 100,000, max_positions=6 max_pct=15% buckets=('intraday', 'swing') state=data/paper_trader_state.json
2026-05-11 06:58:32,706  INFO      paper-trader: new day, archived 4 trades (cumulative ₹+1,718)
2026-05-11 06:58:47,095  INFO      [DRY] Angel order would be: {'variety': 'NORMAL', 'tradingsymbol': 'MOTHERSON-EQ', 'symboltoken': '4204', 'transactiontype': 'SELL', 'exchange': 'NSE', 'ordertype': 'MARKET', 'producttype': 'INTRADAY', 'duration': 'DAY', 'price': '0', 'squareoff': '0', 'stoploss': '0', 'quantity': '66'}
2026-05-11 06:58:47,095  INFO      [SL] [DRY] CLOSE MOTHERSON.NS qty=66 @ Rs 130.83 P&L Rs +181 (gross Rs +193, cost Rs 13; trailing-SL hit @ 130.83 (peak 132.28))
2026-05-11 06:58:47,096  INFO      [DRY] Angel order would be: {'variety': 'NORMAL', 'tradingsymbol': 'TATACONSUM-EQ', 'symboltoken': '3432', 'transactiontype': 'BUY', 'exchange': 'NSE', 'ordertype': 'MARKET', 'producttype': 'INTRADAY', 'duration': 'DAY', 'price': '0', 'squareoff': '0', 'stoploss': '0', 'quantity': '10'}
2026-05-11 06:58:47,096  INFO      [OPEN] [DRY] TATACONSUM.NS qty=10 @ Rs 1240.30 SL Rs 1207.56 TGT Rs 1297.62 (order=None)
2026-05-11 06:58:47,096  INFO      [DRY] Angel order would be: {'variety': 'NORMAL', 'tradingsymbol': 'BANKINDIA-EQ', 'symboltoken': '4745', 'transactiontype': 'BUY', 'exchange': 'NSE', 'ordertype': 'MARKET', 'producttype': 'INTRADAY', 'duration': 'DAY', 'price': '0', 'squareoff': '0', 'stoploss': '0', 'quantity': '75'}
2026-05-11 06:58:47,096  INFO      [OPEN] [DRY] BANKINDIA.NS qty=75 @ Rs 144.62 SL Rs 142.29 TGT Rs 154.03 (order=None)
2026-05-11 06:58:47,096  INFO      [DRY] Angel order would be: {'variety': 'NORMAL', 'tradingsymbol': 'IDEA-EQ', 'symboltoken': '14366', 'transactiontype': 'BUY', 'exchange': 'NSE', 'ordertype': 'MARKET', 'producttype': 'INTRADAY', 'duration': 'DAY', 'price': '0', 'squareoff': '0', 'stoploss': '0', 'quantity': '768'}
2026-05-11 06:58:47,096  INFO      [OPEN] [DRY] IDEA.NS qty=768 @ Rs 12.13 SL Rs 11.69 TGT Rs 12.71 (order=None)
2026-05-11 06:58:47,096  INFO      [DRY] Angel order would be: {'variety': 'NORMAL', 'tradingsymbol': 'UPL-EQ', 'symboltoken': '11287', 'transactiontype': 'BUY', 'exchange': 'NSE', 'ordertype': 'MARKET', 'producttype': 'INTRADAY', 'duration': 'DAY', 'price': '0', 'squareoff': '0', 'stoploss': '0', 'quantity': '12'}
2026-05-11 06:58:47,096  INFO      [OPEN] [DRY] UPL.NS qty=12 @ Rs 659.20 SL Rs 642.64 TGT Rs 670.36 (order=None)
2026-05-11 06:58:47,097  INFO      tick result: {'ok': True, 'actions': 5, 'open_trades': 5, 'closed_today': 1, 'realised_pnl': 180.57, 'cumulative_pnl': 1898.57, 'halted': False, 'messages': ['[SL] [DRY] CLOSE MOTHERSON.NS qty=66 @ Rs 130.83 P&L Rs +181 (gross Rs +193, cost Rs 13; trailing-SL hit @ 130.83 (peak 132.28))', '[OPEN] [DRY] TATACONSUM.NS qty=10 @ Rs 1240.30 SL Rs 1207.56 TGT Rs 1297.62 (order=None)', '[OPEN] [DRY] BANKINDIA.NS qty=75 @ Rs 144.62 SL Rs 142.29 TGT Rs 154.03 (order=None)', '[OPEN] [DRY] IDEA.NS qty=768 @ Rs 12.13 SL Rs 11.69 TGT Rs 12.71 (order=None)', '[OPEN] [DRY] UPL.NS qty=12 @ Rs 659.20 SL Rs 642.64 TGT Rs 670.36 (order=None)']}
2026-05-11 06:58:47,097  INFO      tick result: {'ok': True, 'actions': 5, 'open_trades': 5, 'closed_today': 1, 'realised_pnl': 180.57, 'cumulative_pnl': 1898.57, 'halted': False, 'messages': ['[SL] [DRY] CLOSE MOTHERSON.NS qty=66 @ Rs 130.83 P&L Rs +181 (gross Rs +193, cost Rs 13; trailing-SL hit @ 130.83 (peak 132.28))', '[OPEN] [DRY] TATACONSUM.NS qty=10 @ Rs 1240.30 SL Rs 1207.56 TGT Rs 1297.62 (order=None)', '[OPEN] [DRY] BANKINDIA.NS qty=75 @ Rs 144.62 SL Rs 142.29 TGT Rs 154.03 (order=None)', '[OPEN] [DRY] IDEA.NS qty=768 @ Rs 12.13 SL Rs 11.69 TGT Rs 12.71 (order=None)', '[OPEN] [DRY] UPL.NS qty=12 @ Rs 659.20 SL Rs 642.64 TGT Rs 670.36 (order=None)']}
