2026-08-11 04:55:58,450  INFO      angel_one starting ... (cmd=paper-trade)
2026-08-11 04:55:58,450  INFO      angel_one starting ... (cmd=paper-trade)
2026-08-11 04:55:58,461  INFO      refresh: generating today's picks via analyzer (dry-run, no PDF)
2026-08-11 04:55:58,461  INFO      refresh: generating today's picks via analyzer (dry-run, no PDF)
2026-08-11 04:55:59,419  INFO      == Stock analyzer run starting ==
2026-08-11 04:55:59,420  INFO      Watchlist: 11 symbols from data/stock_watchlist.txt
2026-08-11 04:55:59,420  INFO      Universe: 107 symbols (total available: 107)
2026-08-11 04:56:00,119  INFO      [1/107] fetching TATAPOWER.NS …
2026-08-11 04:56:00,784  INFO      [2/107] fetching IRFC.NS …
2026-08-11 04:56:01,364  INFO      [3/107] fetching SUZLON.NS …
2026-08-11 04:56:01,956  INFO      [4/107] fetching IREDA.NS …
2026-08-11 04:56:02,588  INFO      [5/107] fetching BHEL.NS …
2026-08-11 04:56:03,110  INFO      [6/107] fetching KPITTECH.NS …
2026-08-11 04:56:03,732  INFO      [7/107] fetching POLYCAB.NS …
2026-08-11 04:56:04,237  INFO      [8/107] fetching PERSISTENT.NS …
2026-08-11 04:56:04,750  INFO      [9/107] fetching ITC.NS …
2026-08-11 04:56:05,355  INFO      [10/107] fetching POWERGRID.NS …
2026-08-11 04:56:05,907  INFO      [11/107] fetching COALINDIA.NS …
2026-08-11 04:56:06,414  INFO      [12/107] fetching RELIANCE.NS …
2026-08-11 04:56:06,982  INFO      [13/107] fetching TCS.NS …
2026-08-11 04:56:07,603  INFO      [14/107] fetching HDFCBANK.NS …
2026-08-11 04:56:08,218  INFO      [15/107] fetching INFY.NS …
2026-08-11 04:56:08,782  INFO      [16/107] fetching ICICIBANK.NS …
2026-08-11 04:56:09,403  INFO      [17/107] fetching HINDUNILVR.NS …
2026-08-11 04:56:10,061  INFO      [18/107] fetching SBIN.NS …
2026-08-11 04:56:10,706  INFO      [19/107] fetching BHARTIARTL.NS …
2026-08-11 04:56:11,256  INFO      [20/107] fetching KOTAKBANK.NS …
2026-08-11 04:56:11,848  INFO      [21/107] fetching LT.NS …
2026-08-11 04:56:12,438  INFO      [22/107] fetching AXISBANK.NS …
2026-08-11 04:56:13,102  INFO      [23/107] fetching BAJFINANCE.NS …
2026-08-11 04:56:13,702  INFO      [24/107] fetching ASIANPAINT.NS …
2026-08-11 04:56:14,317  INFO      [25/107] fetching MARUTI.NS …
2026-08-11 04:56:14,857  INFO      [26/107] fetching HCLTECH.NS …
2026-08-11 04:56:15,456  INFO      [27/107] fetching SUNPHARMA.NS …
2026-08-11 04:56:16,073  INFO      [28/107] fetching TITAN.NS …
2026-08-11 04:56:16,675  INFO      [29/107] fetching ULTRACEMCO.NS …
2026-08-11 04:56:17,288  INFO      [30/107] fetching WIPRO.NS …
2026-08-11 04:56:17,904  INFO      [31/107] fetching NESTLEIND.NS …
2026-08-11 04:56:18,533  INFO      [32/107] fetching ADANIENT.NS …
2026-08-11 04:56:19,054  INFO      [33/107] fetching NTPC.NS …
2026-08-11 04:56:19,600  INFO      [34/107] fetching TATAMOTORS.NS …
2026-08-11 04:56:20,780  WARNING   [TATAMOTORS.NS] insufficient history (0 rows)
2026-08-11 04:56:21,181  INFO      [35/107] fetching M&M.NS …
2026-08-11 04:56:21,786  INFO      [36/107] fetching TATASTEEL.NS …
2026-08-11 04:56:22,422  INFO      [37/107] fetching JSWSTEEL.NS …
2026-08-11 04:56:23,047  INFO      [38/107] fetching ONGC.NS …
2026-08-11 04:56:23,634  INFO      [39/107] fetching TECHM.NS …
2026-08-11 04:56:24,238  INFO      [40/107] fetching BAJAJFINSV.NS …
2026-08-11 04:56:24,846  INFO      [41/107] fetching HINDALCO.NS …
2026-08-11 04:56:25,371  INFO      [42/107] fetching GRASIM.NS …
2026-08-11 04:56:25,985  INFO      [43/107] fetching DRREDDY.NS …
2026-08-11 04:56:26,603  INFO      [44/107] fetching CIPLA.NS …
2026-08-11 04:56:27,198  INFO      [45/107] fetching DIVISLAB.NS …
2026-08-11 04:56:27,804  INFO      [46/107] fetching EICHERMOT.NS …
2026-08-11 04:56:28,399  INFO      [47/107] fetching BRITANNIA.NS …
2026-08-11 04:56:29,024  INFO      [48/107] fetching HEROMOTOCO.NS …
2026-08-11 04:56:29,643  INFO      [49/107] fetching BAJAJ-AUTO.NS …
2026-08-11 04:56:30,248  INFO      [50/107] fetching INDUSINDBK.NS …
2026-08-11 04:56:30,798  INFO      [51/107] fetching APOLLOHOSP.NS …
2026-08-11 04:56:31,391  INFO      [52/107] fetching TATACONSUM.NS …
2026-08-11 04:56:31,988  INFO      [53/107] fetching UPL.NS …
2026-08-11 04:56:32,555  INFO      [54/107] fetching BPCL.NS …
2026-08-11 04:56:33,140  INFO      [55/107] fetching SBILIFE.NS …
2026-08-11 04:56:33,695  INFO      [56/107] fetching HDFCLIFE.NS …
2026-08-11 04:56:34,201  INFO      [57/107] fetching ADANIPORTS.NS …
2026-08-11 04:56:34,707  INFO      [58/107] fetching LTIM.NS …
2026-08-11 04:56:35,251  WARNING   [LTIM.NS] insufficient history (0 rows)
2026-08-11 04:56:35,651  INFO      [59/107] fetching ABB.NS …
2026-08-11 04:56:36,231  INFO      [60/107] fetching ADANIGREEN.NS …
2026-08-11 04:56:36,812  INFO      [61/107] fetching ADANIPOWER.NS …
2026-08-11 04:56:37,347  INFO      [62/107] fetching AMBUJACEM.NS …
2026-08-11 04:56:37,935  INFO      [63/107] fetching DMART.NS …
2026-08-11 04:56:38,429  INFO      [64/107] fetching BAJAJHLDNG.NS …
2026-08-11 04:56:39,039  INFO      [65/107] fetching BANKBARODA.NS …
2026-08-11 04:56:39,642  INFO      [66/107] fetching BERGEPAINT.NS …
2026-08-11 04:56:40,186  INFO      [67/107] fetching BOSCHLTD.NS …
2026-08-11 04:56:40,771  INFO      [68/107] fetching CANBK.NS …
2026-08-11 04:56:41,445  INFO      [69/107] fetching CHOLAFIN.NS …
2026-08-11 04:56:42,053  INFO      [70/107] fetching COLPAL.NS …
2026-08-11 04:56:42,672  INFO      [71/107] fetching DABUR.NS …
2026-08-11 04:56:43,442  INFO      [72/107] fetching DLF.NS …
2026-08-11 04:56:43,997  INFO      [73/107] fetching GAIL.NS …
2026-08-11 04:56:44,618  INFO      [74/107] fetching GODREJCP.NS …
2026-08-11 04:56:45,273  INFO      [75/107] fetching HAVELLS.NS …
2026-08-11 04:56:45,902  INFO      [76/107] fetching HAL.NS …
2026-08-11 04:56:46,456  INFO      [77/107] fetching ICICIGI.NS …
2026-08-11 04:56:47,015  INFO      [78/107] fetching ICICIPRULI.NS …
2026-08-11 04:56:47,518  INFO      [79/107] fetching IOC.NS …
2026-08-11 04:56:48,124  INFO      [80/107] fetching IRCTC.NS …
2026-08-11 04:56:48,671  INFO      [81/107] fetching JINDALSTEL.NS …
2026-08-11 04:56:49,317  INFO      [82/107] fetching LICI.NS …
2026-08-11 04:56:49,813  INFO      [83/107] fetching MARICO.NS …
2026-08-11 04:56:50,394  INFO      [84/107] fetching MOTHERSON.NS …
2026-08-11 04:56:50,958  INFO      [85/107] fetching NAUKRI.NS …
2026-08-11 04:56:51,604  INFO      [86/107] fetching PIDILITIND.NS …
2026-08-11 04:56:52,249  INFO      [87/107] fetching PNB.NS …
2026-08-11 04:56:52,819  INFO      [88/107] fetching PFC.NS …
2026-08-11 04:56:53,403  INFO      [89/107] fetching RECLTD.NS …
2026-08-11 04:56:54,054  INFO      [90/107] fetching SIEMENS.NS …
2026-08-11 04:56:54,702  INFO      [91/107] fetching SRF.NS …
2026-08-11 04:56:55,340  INFO      [92/107] fetching SHREECEM.NS …
2026-08-11 04:56:55,960  INFO      [93/107] fetching SHRIRAMFIN.NS …
2026-08-11 04:56:56,554  INFO      [94/107] fetching TORNTPHARM.NS …
2026-08-11 04:56:57,142  INFO      [95/107] fetching TRENT.NS …
2026-08-11 04:56:57,697  INFO      [96/107] fetching TVSMOTOR.NS …
2026-08-11 04:56:58,242  INFO      [97/107] fetching VEDL.NS …
2026-08-11 04:56:58,791  INFO      [98/107] fetching VBL.NS …
2026-08-11 04:56:59,378  INFO      [99/107] fetching ZOMATO.NS …
2026-08-11 04:57:00,310  WARNING   [ZOMATO.NS] insufficient history (0 rows)
2026-08-11 04:57:00,711  INFO      [100/107] fetching ZYDUSLIFE.NS …
2026-08-11 04:57:01,273  INFO      [101/107] fetching INDIGO.NS …
2026-08-11 04:57:01,802  INFO      [102/107] fetching IDEA.NS …
2026-08-11 04:57:02,304  INFO      [103/107] fetching BANKINDIA.NS …
2026-08-11 04:57:02,877  INFO      [104/107] fetching PAGEIND.NS …
2026-08-11 04:57:03,476  INFO      [105/107] fetching MUTHOOTFIN.NS …
2026-08-11 04:57:03,992  INFO      [106/107] fetching TATAELXSI.NS …
2026-08-11 04:57:04,586  INFO      [107/107] fetching LUPIN.NS …
2026-08-11 04:57:04,771  INFO      Fetched 104/107 symbols successfully.
2026-08-11 04:57:13,050  WARNING   [MF 120586] fetch failed: HTTPSConnectionPool(host='api.mfapi.in', port=443): Read timed out. (read timeout=5)
2026-08-11 04:57:14,293  INFO      Fetched 200 headlines from RSS (Indian + global/geopolitics).
2026-08-11 04:57:17,331  INFO      Macro regime: neutral | bias=2 | geo-risk=47.6
2026-08-11 04:57:17,603  INFO      NSE corp announcements: 20 filings
2026-08-11 04:57:19,186  INFO      Angel One login successful.
2026-08-11 04:57:19,757  INFO      Saved report → data/stock_reports/2026-08-11_0457.json
2026-08-11 04:57:20,124  INFO      Report image saved → logs/stock_analyzer/2026-08-11/stock_report.png  [1920×1280]
2026-08-11 04:57:20,124  INFO      Dry-run: skipping send. Image + PDF saved locally; console printed.
2026-08-11 04:57:20,125  INFO      == Stock analyzer run complete ==
2026-08-11 04:57:20,127  INFO      [Note] PAPER TRADING -- virtual cash Rs 100,000, max_positions=6 max_pct=15% buckets=('intraday', 'swing') state=data/paper_trader_state.json
2026-08-11 04:57:20,127  INFO      [Note] PAPER TRADING -- virtual cash Rs 100,000, max_positions=6 max_pct=15% buckets=('intraday', 'swing') state=data/paper_trader_state.json
2026-08-11 04:57:20,128  INFO      paper-trader: new day, archived 5 trades (cumulative ₹-3,932)
2026-08-11 04:57:33,549  INFO      [DRY] Angel order would be: {'variety': 'NORMAL', 'tradingsymbol': 'NAUKRI-EQ', 'symboltoken': '13751', 'transactiontype': 'BUY', 'exchange': 'NSE', 'ordertype': 'MARKET', 'producttype': 'INTRADAY', 'duration': 'DAY', 'price': '0', 'squareoff': '0', 'stoploss': '0', 'quantity': '10'}
2026-08-11 04:57:33,549  INFO      [OPEN] [DRY] NAUKRI.NS qty=10 @ Rs 1353.40 SL Rs 1312.90 TGT Rs 1417.81 (order=None)
2026-08-11 04:57:33,549  INFO      [DRY] Angel order would be: {'variety': 'NORMAL', 'tradingsymbol': 'IDEA-EQ', 'symboltoken': '14366', 'transactiontype': 'BUY', 'exchange': 'NSE', 'ordertype': 'MARKET', 'producttype': 'INTRADAY', 'duration': 'DAY', 'price': '0', 'squareoff': '0', 'stoploss': '0', 'quantity': '880'}
2026-08-11 04:57:33,549  INFO      [OPEN] [DRY] IDEA.NS qty=880 @ Rs 13.13 SL Rs 12.78 TGT Rs 13.98 (order=None)
2026-08-11 04:57:33,549  INFO      [DRY] Angel order would be: {'variety': 'NORMAL', 'tradingsymbol': 'LICI-EQ', 'symboltoken': '9480', 'transactiontype': 'BUY', 'exchange': 'NSE', 'ordertype': 'MARKET', 'producttype': 'INTRADAY', 'duration': 'DAY', 'price': '0', 'squareoff': '0', 'stoploss': '0', 'quantity': '24'}
2026-08-11 04:57:33,549  INFO      [OPEN] [DRY] LICI.NS qty=24 @ Rs 405.20 SL Rs 395.53 TGT Rs 427.69 (order=None)
2026-08-11 04:57:33,549  INFO      [DRY] Angel order would be: {'variety': 'NORMAL', 'tradingsymbol': 'ABB-EQ', 'symboltoken': '13', 'transactiontype': 'BUY', 'exchange': 'NSE', 'ordertype': 'MARKET', 'producttype': 'INTRADAY', 'duration': 'DAY', 'price': '0', 'squareoff': '0', 'stoploss': '0', 'quantity': '1'}
2026-08-11 04:57:33,549  INFO      [OPEN] [DRY] ABB.NS qty=1 @ Rs 7600.00 SL Rs 7217.94 TGT Rs 8442.59 (order=None)
2026-08-11 04:57:33,549  INFO      [DRY] Angel order would be: {'variety': 'NORMAL', 'tradingsymbol': 'SIEMENS-EQ', 'symboltoken': '3150', 'transactiontype': 'BUY', 'exchange': 'NSE', 'ordertype': 'MARKET', 'producttype': 'INTRADAY', 'duration': 'DAY', 'price': '0', 'squareoff': '0', 'stoploss': '0', 'quantity': '1'}
2026-08-11 04:57:33,549  INFO      [OPEN] [DRY] SIEMENS.NS qty=1 @ Rs 3907.70 SL Rs 3724.88 TGT Rs 4309.13 (order=None)
2026-08-11 04:57:33,554  INFO      tick result: {'ok': True, 'actions': 5, 'open_trades': 6, 'closed_today': 0, 'realised_pnl': 0.0, 'cumulative_pnl': -3931.95, 'halted': False, 'messages': ['[OPEN] [DRY] NAUKRI.NS qty=10 @ Rs 1353.40 SL Rs 1312.90 TGT Rs 1417.81 (order=None)', '[OPEN] [DRY] IDEA.NS qty=880 @ Rs 13.13 SL Rs 12.78 TGT Rs 13.98 (order=None)', '[OPEN] [DRY] LICI.NS qty=24 @ Rs 405.20 SL Rs 395.53 TGT Rs 427.69 (order=None)', '[OPEN] [DRY] ABB.NS qty=1 @ Rs 7600.00 SL Rs 7217.94 TGT Rs 8442.59 (order=None)', '[OPEN] [DRY] SIEMENS.NS qty=1 @ Rs 3907.70 SL Rs 3724.88 TGT Rs 4309.13 (order=None)']}
2026-08-11 04:57:33,554  INFO      tick result: {'ok': True, 'actions': 5, 'open_trades': 6, 'closed_today': 0, 'realised_pnl': 0.0, 'cumulative_pnl': -3931.95, 'halted': False, 'messages': ['[OPEN] [DRY] NAUKRI.NS qty=10 @ Rs 1353.40 SL Rs 1312.90 TGT Rs 1417.81 (order=None)', '[OPEN] [DRY] IDEA.NS qty=880 @ Rs 13.13 SL Rs 12.78 TGT Rs 13.98 (order=None)', '[OPEN] [DRY] LICI.NS qty=24 @ Rs 405.20 SL Rs 395.53 TGT Rs 427.69 (order=None)', '[OPEN] [DRY] ABB.NS qty=1 @ Rs 7600.00 SL Rs 7217.94 TGT Rs 8442.59 (order=None)', '[OPEN] [DRY] SIEMENS.NS qty=1 @ Rs 3907.70 SL Rs 3724.88 TGT Rs 4309.13 (order=None)']}
