2026-05-15 06:48:41,627  INFO      angel_one starting ... (cmd=paper-trade)
2026-05-15 06:48:41,627  INFO      angel_one starting ... (cmd=paper-trade)
2026-05-15 06:48:41,644  INFO      refresh: generating today's picks via analyzer (dry-run, no PDF)
2026-05-15 06:48:41,644  INFO      refresh: generating today's picks via analyzer (dry-run, no PDF)
2026-05-15 06:48:42,407  INFO      == Stock analyzer run starting ==
2026-05-15 06:48:42,407  INFO      Watchlist: 11 symbols from data/stock_watchlist.txt
2026-05-15 06:48:42,407  INFO      Universe: 107 symbols (total available: 107)
2026-05-15 06:48:43,214  INFO      [1/107] fetching TATAPOWER.NS …
2026-05-15 06:48:43,845  INFO      [2/107] fetching IRFC.NS …
2026-05-15 06:48:44,466  INFO      [3/107] fetching SUZLON.NS …
2026-05-15 06:48:45,050  INFO      [4/107] fetching IREDA.NS …
2026-05-15 06:48:45,623  INFO      [5/107] fetching BHEL.NS …
2026-05-15 06:48:46,223  INFO      [6/107] fetching KPITTECH.NS …
2026-05-15 06:48:46,827  INFO      [7/107] fetching POLYCAB.NS …
2026-05-15 06:48:47,427  INFO      [8/107] fetching PERSISTENT.NS …
2026-05-15 06:48:48,038  INFO      [9/107] fetching ITC.NS …
2026-05-15 06:48:48,662  INFO      [10/107] fetching POWERGRID.NS …
2026-05-15 06:48:49,255  INFO      [11/107] fetching COALINDIA.NS …
2026-05-15 06:48:49,869  INFO      [12/107] fetching RELIANCE.NS …
2026-05-15 06:48:50,519  INFO      [13/107] fetching TCS.NS …
2026-05-15 06:48:51,182  INFO      [14/107] fetching HDFCBANK.NS …
2026-05-15 06:48:51,781  INFO      [15/107] fetching INFY.NS …
2026-05-15 06:48:52,366  INFO      [16/107] fetching ICICIBANK.NS …
2026-05-15 06:48:52,984  INFO      [17/107] fetching HINDUNILVR.NS …
2026-05-15 06:48:53,614  INFO      [18/107] fetching SBIN.NS …
2026-05-15 06:48:54,268  INFO      [19/107] fetching BHARTIARTL.NS …
2026-05-15 06:48:54,857  INFO      [20/107] fetching KOTAKBANK.NS …
2026-05-15 06:48:55,420  INFO      [21/107] fetching LT.NS …
2026-05-15 06:48:56,009  INFO      [22/107] fetching AXISBANK.NS …
2026-05-15 06:48:56,609  INFO      [23/107] fetching BAJFINANCE.NS …
2026-05-15 06:48:57,207  INFO      [24/107] fetching ASIANPAINT.NS …
2026-05-15 06:48:57,840  INFO      [25/107] fetching MARUTI.NS …
2026-05-15 06:48:58,473  INFO      [26/107] fetching HCLTECH.NS …
2026-05-15 06:48:59,078  INFO      [27/107] fetching SUNPHARMA.NS …
2026-05-15 06:48:59,687  INFO      [28/107] fetching TITAN.NS …
2026-05-15 06:49:00,295  INFO      [29/107] fetching ULTRACEMCO.NS …
2026-05-15 06:49:00,914  INFO      [30/107] fetching WIPRO.NS …
2026-05-15 06:49:01,523  INFO      [31/107] fetching NESTLEIND.NS …
2026-05-15 06:49:02,150  INFO      [32/107] fetching ADANIENT.NS …
2026-05-15 06:49:02,745  INFO      [33/107] fetching NTPC.NS …
2026-05-15 06:49:03,318  INFO      [34/107] fetching TATAMOTORS.NS …
2026-05-15 06:49:04,583  WARNING   [TATAMOTORS.NS] insufficient history (0 rows)
2026-05-15 06:49:04,983  INFO      [35/107] fetching M&M.NS …
2026-05-15 06:49:05,611  INFO      [36/107] fetching TATASTEEL.NS …
2026-05-15 06:49:06,207  INFO      [37/107] fetching JSWSTEEL.NS …
2026-05-15 06:49:06,814  INFO      [38/107] fetching ONGC.NS …
2026-05-15 06:49:07,410  INFO      [39/107] fetching TECHM.NS …
2026-05-15 06:49:08,003  INFO      [40/107] fetching BAJAJFINSV.NS …
2026-05-15 06:49:08,651  INFO      [41/107] fetching HINDALCO.NS …
2026-05-15 06:49:09,280  INFO      [42/107] fetching GRASIM.NS …
2026-05-15 06:49:09,907  INFO      [43/107] fetching DRREDDY.NS …
2026-05-15 06:49:10,521  INFO      [44/107] fetching CIPLA.NS …
2026-05-15 06:49:11,098  INFO      [45/107] fetching DIVISLAB.NS …
2026-05-15 06:49:11,708  INFO      [46/107] fetching EICHERMOT.NS …
2026-05-15 06:49:12,315  INFO      [47/107] fetching BRITANNIA.NS …
2026-05-15 06:49:12,935  INFO      [48/107] fetching HEROMOTOCO.NS …
2026-05-15 06:49:13,510  INFO      [49/107] fetching BAJAJ-AUTO.NS …
2026-05-15 06:49:14,094  INFO      [50/107] fetching INDUSINDBK.NS …
2026-05-15 06:49:14,679  INFO      [51/107] fetching APOLLOHOSP.NS …
2026-05-15 06:49:15,315  INFO      [52/107] fetching TATACONSUM.NS …
2026-05-15 06:49:15,948  INFO      [53/107] fetching UPL.NS …
2026-05-15 06:49:16,545  INFO      [54/107] fetching BPCL.NS …
2026-05-15 06:49:17,151  INFO      [55/107] fetching SBILIFE.NS …
2026-05-15 06:49:17,724  INFO      [56/107] fetching HDFCLIFE.NS …
2026-05-15 06:49:18,275  INFO      [57/107] fetching ADANIPORTS.NS …
2026-05-15 06:49:18,895  INFO      [58/107] fetching LTIM.NS …
2026-05-15 06:49:20,091  WARNING   [LTIM.NS] insufficient history (0 rows)
2026-05-15 06:49:20,491  INFO      [59/107] fetching ABB.NS …
2026-05-15 06:49:21,128  INFO      [60/107] fetching ADANIGREEN.NS …
2026-05-15 06:49:21,696  INFO      [61/107] fetching ADANIPOWER.NS …
2026-05-15 06:49:22,264  INFO      [62/107] fetching AMBUJACEM.NS …
2026-05-15 06:49:22,873  INFO      [63/107] fetching DMART.NS …
2026-05-15 06:49:23,440  INFO      [64/107] fetching BAJAJHLDNG.NS …
2026-05-15 06:49:24,074  INFO      [65/107] fetching BANKBARODA.NS …
2026-05-15 06:49:24,672  INFO      [66/107] fetching BERGEPAINT.NS …
2026-05-15 06:49:25,278  INFO      [67/107] fetching BOSCHLTD.NS …
2026-05-15 06:49:25,871  INFO      [68/107] fetching CANBK.NS …
2026-05-15 06:49:26,493  INFO      [69/107] fetching CHOLAFIN.NS …
2026-05-15 06:49:27,075  INFO      [70/107] fetching COLPAL.NS …
2026-05-15 06:49:27,699  INFO      [71/107] fetching DABUR.NS …
2026-05-15 06:49:28,361  INFO      [72/107] fetching DLF.NS …
2026-05-15 06:49:28,940  INFO      [73/107] fetching GAIL.NS …
2026-05-15 06:49:29,569  INFO      [74/107] fetching GODREJCP.NS …
2026-05-15 06:49:30,160  INFO      [75/107] fetching HAVELLS.NS …
2026-05-15 06:49:30,723  INFO      [76/107] fetching HAL.NS …
2026-05-15 06:49:31,294  INFO      [77/107] fetching ICICIGI.NS …
2026-05-15 06:49:31,865  INFO      [78/107] fetching ICICIPRULI.NS …
2026-05-15 06:49:32,478  INFO      [79/107] fetching IOC.NS …
2026-05-15 06:49:33,082  INFO      [80/107] fetching IRCTC.NS …
2026-05-15 06:49:33,630  INFO      [81/107] fetching JINDALSTEL.NS …
2026-05-15 06:49:34,225  INFO      [82/107] fetching LICI.NS …
2026-05-15 06:49:34,802  INFO      [83/107] fetching MARICO.NS …
2026-05-15 06:49:35,412  INFO      [84/107] fetching MOTHERSON.NS …
2026-05-15 06:49:36,015  INFO      [85/107] fetching NAUKRI.NS …
2026-05-15 06:49:36,604  INFO      [86/107] fetching PIDILITIND.NS …
2026-05-15 06:49:37,227  INFO      [87/107] fetching PNB.NS …
2026-05-15 06:49:37,844  INFO      [88/107] fetching PFC.NS …
2026-05-15 06:49:38,410  INFO      [89/107] fetching RECLTD.NS …
2026-05-15 06:49:38,993  INFO      [90/107] fetching SIEMENS.NS …
2026-05-15 06:49:39,621  INFO      [91/107] fetching SRF.NS …
2026-05-15 06:49:40,186  INFO      [92/107] fetching SHREECEM.NS …
2026-05-15 06:49:40,817  INFO      [93/107] fetching SHRIRAMFIN.NS …
2026-05-15 06:49:41,392  INFO      [94/107] fetching TORNTPHARM.NS …
2026-05-15 06:49:42,030  INFO      [95/107] fetching TRENT.NS …
2026-05-15 06:49:42,616  INFO      [96/107] fetching TVSMOTOR.NS …
2026-05-15 06:49:43,215  INFO      [97/107] fetching VEDL.NS …
2026-05-15 06:49:43,819  INFO      [98/107] fetching VBL.NS …
2026-05-15 06:49:44,435  INFO      [99/107] fetching ZOMATO.NS …
2026-05-15 06:49:45,151  WARNING   [ZOMATO.NS] insufficient history (0 rows)
2026-05-15 06:49:45,551  INFO      [100/107] fetching ZYDUSLIFE.NS …
2026-05-15 06:49:46,154  INFO      [101/107] fetching INDIGO.NS …
2026-05-15 06:49:46,762  INFO      [102/107] fetching IDEA.NS …
2026-05-15 06:49:47,303  INFO      [103/107] fetching BANKINDIA.NS …
2026-05-15 06:49:47,924  INFO      [104/107] fetching PAGEIND.NS …
2026-05-15 06:49:48,545  INFO      [105/107] fetching MUTHOOTFIN.NS …
2026-05-15 06:49:49,169  INFO      [106/107] fetching TATAELXSI.NS …
2026-05-15 06:49:49,759  INFO      [107/107] fetching LUPIN.NS …
2026-05-15 06:49:49,987  INFO      Fetched 104/107 symbols successfully.
2026-05-15 06:49:54,204  INFO      Fetched 200 headlines from RSS (Indian + global/geopolitics).
2026-05-15 06:49:59,518  INFO      Macro regime: risk-on | bias=0 | geo-risk=69.4
2026-05-15 06:49:59,566  INFO      NSE corp announcements: 20 filings
2026-05-15 06:50:01,193  INFO      Angel One login successful.
2026-05-15 06:50:01,967  INFO      Saved report → data/stock_reports/2026-05-15_0650.json
2026-05-15 06:50:02,460  INFO      Report image saved → logs/stock_analyzer/2026-05-15/stock_report.png  [1920×1280]
2026-05-15 06:50:02,461  INFO      Dry-run: skipping send. Image + PDF saved locally; console printed.
2026-05-15 06:50:02,461  INFO      == Stock analyzer run complete ==
2026-05-15 06:50:02,466  INFO      [Note] PAPER TRADING -- virtual cash Rs 100,000, max_positions=6 max_pct=15% buckets=('intraday', 'swing') state=data/paper_trader_state.json
2026-05-15 06:50:02,466  INFO      [Note] PAPER TRADING -- virtual cash Rs 100,000, max_positions=6 max_pct=15% buckets=('intraday', 'swing') state=data/paper_trader_state.json
2026-05-15 06:50:02,466  INFO      paper-trader: new day, archived 5 trades (cumulative ₹+1,552)
2026-05-15 06:50:16,044  INFO      [DRY] Angel order would be: {'variety': 'NORMAL', 'tradingsymbol': 'ZYDUSLIFE-EQ', 'symboltoken': '7929', 'transactiontype': 'BUY', 'exchange': 'NSE', 'ordertype': 'MARKET', 'producttype': 'INTRADAY', 'duration': 'DAY', 'price': '0', 'squareoff': '0', 'stoploss': '0', 'quantity': '13'}
2026-05-15 06:50:16,044  INFO      [OPEN] [DRY] ZYDUSLIFE.NS qty=13 @ Rs 1006.70 SL Rs 982.49 TGT Rs 1055.44 (order=None)
2026-05-15 06:50:16,044  INFO      [DRY] Angel order would be: {'variety': 'NORMAL', 'tradingsymbol': 'MOTHERSON-EQ', 'symboltoken': '4204', 'transactiontype': 'BUY', 'exchange': 'NSE', 'ordertype': 'MARKET', 'producttype': 'INTRADAY', 'duration': 'DAY', 'price': '0', 'squareoff': '0', 'stoploss': '0', 'quantity': '92'}
2026-05-15 06:50:16,044  INFO      [OPEN] [DRY] MOTHERSON.NS qty=92 @ Rs 130.52 SL Rs 127.84 TGT Rs 132.49 (order=None)
2026-05-15 06:50:16,044  INFO      [DRY] Angel order would be: {'variety': 'NORMAL', 'tradingsymbol': 'ADANIPORTS-EQ', 'symboltoken': '15083', 'transactiontype': 'BUY', 'exchange': 'NSE', 'ordertype': 'MARKET', 'producttype': 'INTRADAY', 'duration': 'DAY', 'price': '0', 'squareoff': '0', 'stoploss': '0', 'quantity': '5'}
2026-05-15 06:50:16,044  INFO      [OPEN] [DRY] ADANIPORTS.NS qty=5 @ Rs 1813.20 SL Rs 1761.78 TGT Rs 1900.57 (order=None)
2026-05-15 06:50:16,044  INFO      [DRY] Angel order would be: {'variety': 'NORMAL', 'tradingsymbol': 'ADANIGREEN-EQ', 'symboltoken': '3563', 'transactiontype': 'BUY', 'exchange': 'NSE', 'ordertype': 'MARKET', 'producttype': 'INTRADAY', 'duration': 'DAY', 'price': '0', 'squareoff': '0', 'stoploss': '0', 'quantity': '6'}
2026-05-15 06:50:16,044  INFO      [OPEN] [DRY] ADANIGREEN.NS qty=6 @ Rs 1402.70 SL Rs 1347.00 TGT Rs 1470.62 (order=None)
2026-05-15 06:50:16,044  INFO      [DRY] Angel order would be: {'variety': 'NORMAL', 'tradingsymbol': 'BHARTIARTL-EQ', 'symboltoken': '10604', 'transactiontype': 'BUY', 'exchange': 'NSE', 'ordertype': 'MARKET', 'producttype': 'INTRADAY', 'duration': 'DAY', 'price': '0', 'squareoff': '0', 'stoploss': '0', 'quantity': '4'}
2026-05-15 06:50:16,045  INFO      [OPEN] [DRY] BHARTIARTL.NS qty=4 @ Rs 1901.20 SL Rs 1859.47 TGT Rs 1902.19 (order=None)
2026-05-15 06:50:16,046  INFO      tick result: {'ok': True, 'actions': 5, 'open_trades': 6, 'closed_today': 0, 'realised_pnl': 0.0, 'cumulative_pnl': 1552.2, 'halted': False, 'messages': ['[OPEN] [DRY] ZYDUSLIFE.NS qty=13 @ Rs 1006.70 SL Rs 982.49 TGT Rs 1055.44 (order=None)', '[OPEN] [DRY] MOTHERSON.NS qty=92 @ Rs 130.52 SL Rs 127.84 TGT Rs 132.49 (order=None)', '[OPEN] [DRY] ADANIPORTS.NS qty=5 @ Rs 1813.20 SL Rs 1761.78 TGT Rs 1900.57 (order=None)', '[OPEN] [DRY] ADANIGREEN.NS qty=6 @ Rs 1402.70 SL Rs 1347.00 TGT Rs 1470.62 (order=None)', '[OPEN] [DRY] BHARTIARTL.NS qty=4 @ Rs 1901.20 SL Rs 1859.47 TGT Rs 1902.19 (order=None)']}
2026-05-15 06:50:16,046  INFO      tick result: {'ok': True, 'actions': 5, 'open_trades': 6, 'closed_today': 0, 'realised_pnl': 0.0, 'cumulative_pnl': 1552.2, 'halted': False, 'messages': ['[OPEN] [DRY] ZYDUSLIFE.NS qty=13 @ Rs 1006.70 SL Rs 982.49 TGT Rs 1055.44 (order=None)', '[OPEN] [DRY] MOTHERSON.NS qty=92 @ Rs 130.52 SL Rs 127.84 TGT Rs 132.49 (order=None)', '[OPEN] [DRY] ADANIPORTS.NS qty=5 @ Rs 1813.20 SL Rs 1761.78 TGT Rs 1900.57 (order=None)', '[OPEN] [DRY] ADANIGREEN.NS qty=6 @ Rs 1402.70 SL Rs 1347.00 TGT Rs 1470.62 (order=None)', '[OPEN] [DRY] BHARTIARTL.NS qty=4 @ Rs 1901.20 SL Rs 1859.47 TGT Rs 1902.19 (order=None)']}
