2026-05-27 07:53:35,713  INFO      angel_one starting ... (cmd=paper-trade)
2026-05-27 07:53:35,713  INFO      angel_one starting ... (cmd=paper-trade)
2026-05-27 07:53:35,730  INFO      refresh: generating today's picks via analyzer (dry-run, no PDF)
2026-05-27 07:53:35,730  INFO      refresh: generating today's picks via analyzer (dry-run, no PDF)
2026-05-27 07:53:36,350  INFO      == Stock analyzer run starting ==
2026-05-27 07:53:36,350  INFO      Watchlist: 11 symbols from data/stock_watchlist.txt
2026-05-27 07:53:36,350  INFO      Universe: 107 symbols (total available: 107)
2026-05-27 07:53:37,454  INFO      [1/107] fetching TATAPOWER.NS …
2026-05-27 07:53:38,002  INFO      [2/107] fetching IRFC.NS …
2026-05-27 07:53:38,543  INFO      [3/107] fetching SUZLON.NS …
2026-05-27 07:53:39,060  INFO      [4/107] fetching IREDA.NS …
2026-05-27 07:53:39,615  INFO      [5/107] fetching BHEL.NS …
2026-05-27 07:53:40,191  INFO      [6/107] fetching KPITTECH.NS …
2026-05-27 07:53:40,760  INFO      [7/107] fetching POLYCAB.NS …
2026-05-27 07:53:41,322  INFO      [8/107] fetching PERSISTENT.NS …
2026-05-27 07:53:41,896  INFO      [9/107] fetching ITC.NS …
2026-05-27 07:53:42,403  INFO      [10/107] fetching POWERGRID.NS …
2026-05-27 07:53:42,924  INFO      [11/107] fetching COALINDIA.NS …
2026-05-27 07:53:43,411  INFO      [12/107] fetching RELIANCE.NS …
2026-05-27 07:53:43,921  INFO      [13/107] fetching TCS.NS …
2026-05-27 07:53:44,427  INFO      [14/107] fetching HDFCBANK.NS …
2026-05-27 07:53:44,993  INFO      [15/107] fetching INFY.NS …
2026-05-27 07:53:45,504  INFO      [16/107] fetching ICICIBANK.NS …
2026-05-27 07:53:46,002  INFO      [17/107] fetching HINDUNILVR.NS …
2026-05-27 07:53:46,499  INFO      [18/107] fetching SBIN.NS …
2026-05-27 07:53:47,002  INFO      [19/107] fetching BHARTIARTL.NS …
2026-05-27 07:53:47,501  INFO      [20/107] fetching KOTAKBANK.NS …
2026-05-27 07:53:48,002  INFO      [21/107] fetching LT.NS …
2026-05-27 07:53:48,540  INFO      [22/107] fetching AXISBANK.NS …
2026-05-27 07:53:49,107  INFO      [23/107] fetching BAJFINANCE.NS …
2026-05-27 07:53:49,665  INFO      [24/107] fetching ASIANPAINT.NS …
2026-05-27 07:53:50,197  INFO      [25/107] fetching MARUTI.NS …
2026-05-27 07:53:50,691  INFO      [26/107] fetching HCLTECH.NS …
2026-05-27 07:53:51,191  INFO      [27/107] fetching SUNPHARMA.NS …
2026-05-27 07:53:51,694  INFO      [28/107] fetching TITAN.NS …
2026-05-27 07:53:52,194  INFO      [29/107] fetching ULTRACEMCO.NS …
2026-05-27 07:53:52,705  INFO      [30/107] fetching WIPRO.NS …
2026-05-27 07:53:53,214  INFO      [31/107] fetching NESTLEIND.NS …
2026-05-27 07:53:53,710  INFO      [32/107] fetching ADANIENT.NS …
2026-05-27 07:53:54,209  INFO      [33/107] fetching NTPC.NS …
2026-05-27 07:53:54,804  INFO      [34/107] fetching TATAMOTORS.NS …
2026-05-27 07:53:56,005  WARNING   [TATAMOTORS.NS] insufficient history (0 rows)
2026-05-27 07:53:56,405  INFO      [35/107] fetching M&M.NS …
2026-05-27 07:53:56,914  INFO      [36/107] fetching TATASTEEL.NS …
2026-05-27 07:53:57,426  INFO      [37/107] fetching JSWSTEEL.NS …
2026-05-27 07:53:57,934  INFO      [38/107] fetching ONGC.NS …
2026-05-27 07:53:58,452  INFO      [39/107] fetching TECHM.NS …
2026-05-27 07:53:58,949  INFO      [40/107] fetching BAJAJFINSV.NS …
2026-05-27 07:53:59,477  INFO      [41/107] fetching HINDALCO.NS …
2026-05-27 07:54:00,036  INFO      [42/107] fetching GRASIM.NS …
2026-05-27 07:54:00,595  INFO      [43/107] fetching DRREDDY.NS …
2026-05-27 07:54:01,092  INFO      [44/107] fetching CIPLA.NS …
2026-05-27 07:54:01,596  INFO      [45/107] fetching DIVISLAB.NS …
2026-05-27 07:54:02,104  INFO      [46/107] fetching EICHERMOT.NS …
2026-05-27 07:54:02,613  INFO      [47/107] fetching BRITANNIA.NS …
2026-05-27 07:54:03,171  INFO      [48/107] fetching HEROMOTOCO.NS …
2026-05-27 07:54:03,721  INFO      [49/107] fetching BAJAJ-AUTO.NS …
2026-05-27 07:54:04,252  INFO      [50/107] fetching INDUSINDBK.NS …
2026-05-27 07:54:04,836  INFO      [51/107] fetching APOLLOHOSP.NS …
2026-05-27 07:54:05,384  INFO      [52/107] fetching TATACONSUM.NS …
2026-05-27 07:54:05,945  INFO      [53/107] fetching UPL.NS …
2026-05-27 07:54:06,480  INFO      [54/107] fetching BPCL.NS …
2026-05-27 07:54:07,025  INFO      [55/107] fetching SBILIFE.NS …
2026-05-27 07:54:07,584  INFO      [56/107] fetching HDFCLIFE.NS …
2026-05-27 07:54:08,128  INFO      [57/107] fetching ADANIPORTS.NS …
2026-05-27 07:54:08,654  INFO      [58/107] fetching LTIM.NS …
2026-05-27 07:54:09,256  WARNING   [LTIM.NS] insufficient history (0 rows)
2026-05-27 07:54:09,656  INFO      [59/107] fetching ABB.NS …
2026-05-27 07:54:10,193  INFO      [60/107] fetching ADANIGREEN.NS …
2026-05-27 07:54:10,732  INFO      [61/107] fetching ADANIPOWER.NS …
2026-05-27 07:54:11,264  INFO      [62/107] fetching AMBUJACEM.NS …
2026-05-27 07:54:11,819  INFO      [63/107] fetching DMART.NS …
2026-05-27 07:54:12,348  INFO      [64/107] fetching BAJAJHLDNG.NS …
2026-05-27 07:54:12,952  INFO      [65/107] fetching BANKBARODA.NS …
2026-05-27 07:54:13,515  INFO      [66/107] fetching BERGEPAINT.NS …
2026-05-27 07:54:14,101  INFO      [67/107] fetching BOSCHLTD.NS …
2026-05-27 07:54:14,652  INFO      [68/107] fetching CANBK.NS …
2026-05-27 07:54:15,255  INFO      [69/107] fetching CHOLAFIN.NS …
2026-05-27 07:54:15,874  INFO      [70/107] fetching COLPAL.NS …
2026-05-27 07:54:16,428  INFO      [71/107] fetching DABUR.NS …
2026-05-27 07:54:16,987  INFO      [72/107] fetching DLF.NS …
2026-05-27 07:54:17,539  INFO      [73/107] fetching GAIL.NS …
2026-05-27 07:54:18,100  INFO      [74/107] fetching GODREJCP.NS …
2026-05-27 07:54:18,656  INFO      [75/107] fetching HAVELLS.NS …
2026-05-27 07:54:19,212  INFO      [76/107] fetching HAL.NS …
2026-05-27 07:54:19,739  INFO      [77/107] fetching ICICIGI.NS …
2026-05-27 07:54:20,284  INFO      [78/107] fetching ICICIPRULI.NS …
2026-05-27 07:54:20,825  INFO      [79/107] fetching IOC.NS …
2026-05-27 07:54:21,375  INFO      [80/107] fetching IRCTC.NS …
2026-05-27 07:54:21,896  INFO      [81/107] fetching JINDALSTEL.NS …
2026-05-27 07:54:22,457  INFO      [82/107] fetching LICI.NS …
2026-05-27 07:54:22,975  INFO      [83/107] fetching MARICO.NS …
2026-05-27 07:54:23,620  INFO      [84/107] fetching MOTHERSON.NS …
2026-05-27 07:54:24,156  INFO      [85/107] fetching NAUKRI.NS …
2026-05-27 07:54:24,733  INFO      [86/107] fetching PIDILITIND.NS …
2026-05-27 07:54:25,284  INFO      [87/107] fetching PNB.NS …
2026-05-27 07:54:25,784  INFO      [88/107] fetching PFC.NS …
2026-05-27 07:54:26,325  INFO      [89/107] fetching RECLTD.NS …
2026-05-27 07:54:26,926  INFO      [90/107] fetching SIEMENS.NS …
2026-05-27 07:54:27,494  INFO      [91/107] fetching SRF.NS …
2026-05-27 07:54:28,034  INFO      [92/107] fetching SHREECEM.NS …
2026-05-27 07:54:28,588  INFO      [93/107] fetching SHRIRAMFIN.NS …
2026-05-27 07:54:29,131  INFO      [94/107] fetching TORNTPHARM.NS …
2026-05-27 07:54:29,685  INFO      [95/107] fetching TRENT.NS …
2026-05-27 07:54:30,254  INFO      [96/107] fetching TVSMOTOR.NS …
2026-05-27 07:54:30,813  INFO      [97/107] fetching VEDL.NS …
2026-05-27 07:54:31,369  INFO      [98/107] fetching VBL.NS …
2026-05-27 07:54:31,931  INFO      [99/107] fetching ZOMATO.NS …
2026-05-27 07:54:32,453  WARNING   [ZOMATO.NS] insufficient history (0 rows)
2026-05-27 07:54:32,853  INFO      [100/107] fetching ZYDUSLIFE.NS …
2026-05-27 07:54:33,438  INFO      [101/107] fetching INDIGO.NS …
2026-05-27 07:54:34,008  INFO      [102/107] fetching IDEA.NS …
2026-05-27 07:54:34,550  INFO      [103/107] fetching BANKINDIA.NS …
2026-05-27 07:54:35,151  INFO      [104/107] fetching PAGEIND.NS …
2026-05-27 07:54:35,711  INFO      [105/107] fetching MUTHOOTFIN.NS …
2026-05-27 07:54:36,262  INFO      [106/107] fetching TATAELXSI.NS …
2026-05-27 07:54:36,815  INFO      [107/107] fetching LUPIN.NS …
2026-05-27 07:54:36,977  INFO      Fetched 104/107 symbols successfully.
2026-05-27 07:54:42,148  INFO      Fetched 200 headlines from RSS (Indian + global/geopolitics).
2026-05-27 07:54:45,764  INFO      Macro regime: neutral | bias=-2 | geo-risk=37.5
2026-05-27 07:54:46,002  INFO      NSE corp announcements: 20 filings
2026-05-27 07:54:47,532  INFO      Angel One login successful.
2026-05-27 07:54:48,657  INFO      Saved report → data/stock_reports/2026-05-27_0754.json
2026-05-27 07:54:49,173  INFO      Report image saved → logs/stock_analyzer/2026-05-27/stock_report.png  [1920×1280]
2026-05-27 07:54:49,173  INFO      Dry-run: skipping send. Image + PDF saved locally; console printed.
2026-05-27 07:54:49,174  INFO      == Stock analyzer run complete ==
2026-05-27 07:54:49,178  INFO      [Note] PAPER TRADING -- virtual cash Rs 100,000, max_positions=6 max_pct=15% buckets=('intraday', 'swing') state=data/paper_trader_state.json
2026-05-27 07:54:49,178  INFO      [Note] PAPER TRADING -- virtual cash Rs 100,000, max_positions=6 max_pct=15% buckets=('intraday', 'swing') state=data/paper_trader_state.json
2026-05-27 07:54:49,179  INFO      paper-trader: new day, archived 0 trades (cumulative ₹+416)
2026-05-27 07:55:04,930  INFO      [DRY] Angel order would be: {'variety': 'NORMAL', 'tradingsymbol': 'NAUKRI-EQ', 'symboltoken': '13751', 'transactiontype': 'SELL', 'exchange': 'NSE', 'ordertype': 'MARKET', 'producttype': 'INTRADAY', 'duration': 'DAY', 'price': '0', 'squareoff': '0', 'stoploss': '0', 'quantity': '13'}
2026-05-27 07:55:04,930  INFO      [TGT] [DRY] CLOSE NAUKRI.NS qty=13 @ Rs 1007.40 P&L Rs +353 (gross Rs +372, cost Rs 19; target @ 1007.40)
2026-05-27 07:55:04,930  INFO      [DRY] Angel order would be: {'variety': 'NORMAL', 'tradingsymbol': 'LICI-EQ', 'symboltoken': '9480', 'transactiontype': 'SELL', 'exchange': 'NSE', 'ordertype': 'MARKET', 'producttype': 'INTRADAY', 'duration': 'DAY', 'price': '0', 'squareoff': '0', 'stoploss': '0', 'quantity': '11'}
2026-05-27 07:55:04,931  INFO      [SL] [DRY] CLOSE LICI.NS qty=11 @ Rs 826.15 P&L Rs -284 (gross Rs -271, cost Rs 14; SL hit @ 826.15)
2026-05-27 07:55:04,931  INFO      [DRY] Angel order would be: {'variety': 'NORMAL', 'tradingsymbol': 'AMBUJACEM-EQ', 'symboltoken': '1270', 'transactiontype': 'SELL', 'exchange': 'NSE', 'ordertype': 'MARKET', 'producttype': 'INTRADAY', 'duration': 'DAY', 'price': '0', 'squareoff': '0', 'stoploss': '0', 'quantity': '17'}
2026-05-27 07:55:04,931  INFO      [TGT] [DRY] CLOSE AMBUJACEM.NS qty=17 @ Rs 456.50 P&L Rs +147 (gross Rs +158, cost Rs 12; target @ 456.50)
2026-05-27 07:55:04,933  INFO      tick result: {'ok': True, 'actions': 3, 'open_trades': 3, 'closed_today': 3, 'realised_pnl': 215.24, 'cumulative_pnl': 630.89, 'halted': False, 'messages': ['[TGT] [DRY] CLOSE NAUKRI.NS qty=13 @ Rs 1007.40 P&L Rs +353 (gross Rs +372, cost Rs 19; target @ 1007.40)', '[SL] [DRY] CLOSE LICI.NS qty=11 @ Rs 826.15 P&L Rs -284 (gross Rs -271, cost Rs 14; SL hit @ 826.15)', '[TGT] [DRY] CLOSE AMBUJACEM.NS qty=17 @ Rs 456.50 P&L Rs +147 (gross Rs +158, cost Rs 12; target @ 456.50)']}
2026-05-27 07:55:04,933  INFO      tick result: {'ok': True, 'actions': 3, 'open_trades': 3, 'closed_today': 3, 'realised_pnl': 215.24, 'cumulative_pnl': 630.89, 'halted': False, 'messages': ['[TGT] [DRY] CLOSE NAUKRI.NS qty=13 @ Rs 1007.40 P&L Rs +353 (gross Rs +372, cost Rs 19; target @ 1007.40)', '[SL] [DRY] CLOSE LICI.NS qty=11 @ Rs 826.15 P&L Rs -284 (gross Rs -271, cost Rs 14; SL hit @ 826.15)', '[TGT] [DRY] CLOSE AMBUJACEM.NS qty=17 @ Rs 456.50 P&L Rs +147 (gross Rs +158, cost Rs 12; target @ 456.50)']}
