2026-10-09 10:56:57,385  INFO      angel_one starting ... (cmd=paper-trade)
2026-10-09 10:56:57,385  INFO      angel_one starting ... (cmd=paper-trade)
2026-10-09 10:56:57,399  INFO      refresh: generating today's picks via analyzer (dry-run, no PDF)
2026-10-09 10:56:57,399  INFO      refresh: generating today's picks via analyzer (dry-run, no PDF)
2026-10-09 10:56:58,268  INFO      == Stock analyzer run starting ==
2026-10-09 10:56:58,268  INFO      Watchlist: 11 symbols from data/stock_watchlist.txt
2026-10-09 10:56:58,268  INFO      Universe: 107 symbols (total available: 107)
2026-10-09 10:56:58,812  INFO      [1/107] fetching TATAPOWER.NS …
2026-10-09 10:56:59,383  INFO      [2/107] fetching IRFC.NS …
2026-10-09 10:56:59,888  INFO      [3/107] fetching SUZLON.NS …
2026-10-09 10:57:00,382  INFO      [4/107] fetching IREDA.NS …
2026-10-09 10:57:00,900  INFO      [5/107] fetching BHEL.NS …
2026-10-09 10:57:01,413  INFO      [6/107] fetching KPITTECH.NS …
2026-10-09 10:57:01,967  INFO      [7/107] fetching POLYCAB.NS …
2026-10-09 10:57:02,462  INFO      [8/107] fetching PERSISTENT.NS …
2026-10-09 10:57:02,974  INFO      [9/107] fetching ITC.NS …
2026-10-09 10:57:03,537  INFO      [10/107] fetching POWERGRID.NS …
2026-10-09 10:57:04,098  INFO      [11/107] fetching COALINDIA.NS …
2026-10-09 10:57:04,606  INFO      [12/107] fetching RELIANCE.NS …
2026-10-09 10:57:05,132  INFO      [13/107] fetching TCS.NS …
2026-10-09 10:57:05,667  INFO      [14/107] fetching HDFCBANK.NS …
2026-10-09 10:57:06,241  INFO      [15/107] fetching INFY.NS …
2026-10-09 10:57:06,743  INFO      [16/107] fetching ICICIBANK.NS …
2026-10-09 10:57:07,241  INFO      [17/107] fetching HINDUNILVR.NS …
2026-10-09 10:57:07,740  INFO      [18/107] fetching SBIN.NS …
2026-10-09 10:57:08,245  INFO      [19/107] fetching BHARTIARTL.NS …
2026-10-09 10:57:08,747  INFO      [20/107] fetching KOTAKBANK.NS …
2026-10-09 10:57:09,305  INFO      [21/107] fetching LT.NS …
2026-10-09 10:57:09,860  INFO      [22/107] fetching AXISBANK.NS …
2026-10-09 10:57:10,368  INFO      [23/107] fetching BAJFINANCE.NS …
2026-10-09 10:57:10,874  INFO      [24/107] fetching ASIANPAINT.NS …
2026-10-09 10:57:11,375  INFO      [25/107] fetching MARUTI.NS …
2026-10-09 10:57:11,898  INFO      [26/107] fetching HCLTECH.NS …
2026-10-09 10:57:12,401  INFO      [27/107] fetching SUNPHARMA.NS …
2026-10-09 10:57:12,947  INFO      [28/107] fetching TITAN.NS …
2026-10-09 10:57:13,452  INFO      [29/107] fetching ULTRACEMCO.NS …
2026-10-09 10:57:13,964  INFO      [30/107] fetching WIPRO.NS …
2026-10-09 10:57:14,478  INFO      [31/107] fetching NESTLEIND.NS …
2026-10-09 10:57:15,064  INFO      [32/107] fetching ADANIENT.NS …
2026-10-09 10:57:15,570  INFO      [33/107] fetching NTPC.NS …
2026-10-09 10:57:16,162  INFO      [34/107] fetching TATAMOTORS.NS …
2026-10-09 10:57:17,188  WARNING   [TATAMOTORS.NS] insufficient history (0 rows)
2026-10-09 10:57:17,588  INFO      [35/107] fetching M&M.NS …
2026-10-09 10:57:18,090  INFO      [36/107] fetching TATASTEEL.NS …
2026-10-09 10:57:18,590  INFO      [37/107] fetching JSWSTEEL.NS …
2026-10-09 10:57:19,087  INFO      [38/107] fetching ONGC.NS …
2026-10-09 10:57:19,673  INFO      [39/107] fetching TECHM.NS …
2026-10-09 10:57:20,193  INFO      [40/107] fetching BAJAJFINSV.NS …
2026-10-09 10:57:20,697  INFO      [41/107] fetching HINDALCO.NS …
2026-10-09 10:57:21,295  INFO      [42/107] fetching GRASIM.NS …
2026-10-09 10:57:21,811  INFO      [43/107] fetching DRREDDY.NS …
2026-10-09 10:57:22,353  INFO      [44/107] fetching CIPLA.NS …
2026-10-09 10:57:22,856  INFO      [45/107] fetching DIVISLAB.NS …
2026-10-09 10:57:23,412  INFO      [46/107] fetching EICHERMOT.NS …
2026-10-09 10:57:23,930  INFO      [47/107] fetching BRITANNIA.NS …
2026-10-09 10:57:24,438  INFO      [48/107] fetching HEROMOTOCO.NS …
2026-10-09 10:57:24,938  INFO      [49/107] fetching BAJAJ-AUTO.NS …
2026-10-09 10:57:25,440  INFO      [50/107] fetching INDUSINDBK.NS …
2026-10-09 10:57:25,956  INFO      [51/107] fetching APOLLOHOSP.NS …
2026-10-09 10:57:26,514  INFO      [52/107] fetching TATACONSUM.NS …
2026-10-09 10:57:27,027  INFO      [53/107] fetching UPL.NS …
2026-10-09 10:57:27,614  INFO      [54/107] fetching BPCL.NS …
2026-10-09 10:57:28,134  INFO      [55/107] fetching SBILIFE.NS …
2026-10-09 10:57:28,675  INFO      [56/107] fetching HDFCLIFE.NS …
2026-10-09 10:57:29,185  INFO      [57/107] fetching ADANIPORTS.NS …
2026-10-09 10:57:29,697  INFO      [58/107] fetching LTIM.NS …
2026-10-09 10:57:30,227  WARNING   [LTIM.NS] insufficient history (0 rows)
2026-10-09 10:57:30,628  INFO      [59/107] fetching ABB.NS …
2026-10-09 10:57:31,127  INFO      [60/107] fetching ADANIGREEN.NS …
2026-10-09 10:57:31,655  INFO      [61/107] fetching ADANIPOWER.NS …
2026-10-09 10:57:32,154  INFO      [62/107] fetching AMBUJACEM.NS …
2026-10-09 10:57:32,663  INFO      [63/107] fetching DMART.NS …
2026-10-09 10:57:33,143  INFO      [64/107] fetching BAJAJHLDNG.NS …
2026-10-09 10:57:33,653  INFO      [65/107] fetching BANKBARODA.NS …
2026-10-09 10:57:34,162  INFO      [66/107] fetching BERGEPAINT.NS …
2026-10-09 10:57:34,667  INFO      [67/107] fetching BOSCHLTD.NS …
2026-10-09 10:57:35,183  INFO      [68/107] fetching CANBK.NS …
2026-10-09 10:57:35,757  INFO      [69/107] fetching CHOLAFIN.NS …
2026-10-09 10:57:36,296  INFO      [70/107] fetching COLPAL.NS …
2026-10-09 10:57:36,836  INFO      [71/107] fetching DABUR.NS …
2026-10-09 10:57:37,349  INFO      [72/107] fetching DLF.NS …
2026-10-09 10:57:37,850  INFO      [73/107] fetching GAIL.NS …
2026-10-09 10:57:38,359  INFO      [74/107] fetching GODREJCP.NS …
2026-10-09 10:57:38,928  INFO      [75/107] fetching HAVELLS.NS …
2026-10-09 10:57:39,441  INFO      [76/107] fetching HAL.NS …
2026-10-09 10:57:39,974  INFO      [77/107] fetching ICICIGI.NS …
2026-10-09 10:57:40,465  INFO      [78/107] fetching ICICIPRULI.NS …
2026-10-09 10:57:41,024  INFO      [79/107] fetching IOC.NS …
2026-10-09 10:57:41,523  INFO      [80/107] fetching IRCTC.NS …
2026-10-09 10:57:42,021  INFO      [81/107] fetching JINDALSTEL.NS …
2026-10-09 10:57:42,542  INFO      [82/107] fetching LICI.NS …
2026-10-09 10:57:43,037  INFO      [83/107] fetching MARICO.NS …
2026-10-09 10:57:43,599  INFO      [84/107] fetching MOTHERSON.NS …
2026-10-09 10:57:44,105  INFO      [85/107] fetching NAUKRI.NS …
2026-10-09 10:57:44,601  INFO      [86/107] fetching PIDILITIND.NS …
2026-10-09 10:57:45,098  INFO      [87/107] fetching PNB.NS …
2026-10-09 10:57:45,613  INFO      [88/107] fetching PFC.NS …
2026-10-09 10:57:46,123  INFO      [89/107] fetching RECLTD.NS …
2026-10-09 10:57:46,638  INFO      [90/107] fetching SIEMENS.NS …
2026-10-09 10:57:47,133  INFO      [91/107] fetching SRF.NS …
2026-10-09 10:57:47,632  INFO      [92/107] fetching SHREECEM.NS …
2026-10-09 10:57:48,187  INFO      [93/107] fetching SHRIRAMFIN.NS …
2026-10-09 10:57:48,693  INFO      [94/107] fetching TORNTPHARM.NS …
2026-10-09 10:57:49,188  INFO      [95/107] fetching TRENT.NS …
2026-10-09 10:57:49,689  INFO      [96/107] fetching TVSMOTOR.NS …
2026-10-09 10:57:50,189  INFO      [97/107] fetching VEDL.NS …
2026-10-09 10:57:50,697  INFO      [98/107] fetching VBL.NS …
2026-10-09 10:57:51,205  INFO      [99/107] fetching ZOMATO.NS …
2026-10-09 10:57:51,720  WARNING   [ZOMATO.NS] insufficient history (0 rows)
2026-10-09 10:57:52,120  INFO      [100/107] fetching ZYDUSLIFE.NS …
2026-10-09 10:57:52,627  INFO      [101/107] fetching INDIGO.NS …
2026-10-09 10:57:53,115  INFO      [102/107] fetching IDEA.NS …
2026-10-09 10:57:53,602  INFO      [103/107] fetching BANKINDIA.NS …
2026-10-09 10:57:54,103  INFO      [104/107] fetching PAGEIND.NS …
2026-10-09 10:57:54,614  INFO      [105/107] fetching MUTHOOTFIN.NS …
2026-10-09 10:57:55,167  INFO      [106/107] fetching TATAELXSI.NS …
2026-10-09 10:57:55,661  INFO      [107/107] fetching LUPIN.NS …
2026-10-09 10:57:55,767  INFO      Fetched 104/107 symbols successfully.
2026-10-09 10:58:01,709  INFO      Fetched 200 headlines from RSS (Indian + global/geopolitics).
2026-10-09 10:58:05,693  INFO      Macro regime: neutral | bias=-1 | geo-risk=38.9
2026-10-09 10:58:05,901  INFO      NSE corp announcements: 20 filings
2026-10-09 10:58:07,948  INFO      Angel One login successful.
2026-10-09 10:58:08,589  INFO      Saved report → data/stock_reports/2026-10-09_1058.json
2026-10-09 10:58:09,095  INFO      Report image saved → logs/stock_analyzer/2026-10-09/stock_report.png  [1920×1280]
2026-10-09 10:58:09,096  INFO      Dry-run: skipping send. Image + PDF saved locally; console printed.
2026-10-09 10:58:09,096  INFO      == Stock analyzer run complete ==
2026-10-09 10:58:09,100  INFO      [Note] PAPER TRADING -- virtual cash Rs 100,000, max_positions=6 max_pct=15% buckets=('intraday', 'swing') state=data/paper_trader_state.json
2026-10-09 10:58:09,100  INFO      [Note] PAPER TRADING -- virtual cash Rs 100,000, max_positions=6 max_pct=15% buckets=('intraday', 'swing') state=data/paper_trader_state.json
2026-10-09 10:58:09,101  INFO      paper-trader: new day, archived 0 trades (cumulative ₹-5,782)
2026-10-09 10:58:25,680  INFO      tick result: {'ok': True, 'actions': 0, 'open_trades': 0, 'closed_today': 0, 'realised_pnl': 0.0, 'cumulative_pnl': -5781.86, 'halted': False, 'messages': []}
2026-10-09 10:58:25,680  INFO      tick result: {'ok': True, 'actions': 0, 'open_trades': 0, 'closed_today': 0, 'realised_pnl': 0.0, 'cumulative_pnl': -5781.86, 'halted': False, 'messages': []}
