2026-08-21 04:25:31,943  INFO      angel_one starting ... (cmd=paper-trade)
2026-08-21 04:25:31,943  INFO      angel_one starting ... (cmd=paper-trade)
2026-08-21 04:25:31,958  INFO      refresh: generating today's picks via analyzer (dry-run, no PDF)
2026-08-21 04:25:31,958  INFO      refresh: generating today's picks via analyzer (dry-run, no PDF)
2026-08-21 04:25:33,150  INFO      == Stock analyzer run starting ==
2026-08-21 04:25:33,151  INFO      Watchlist: 11 symbols from data/stock_watchlist.txt
2026-08-21 04:25:33,151  INFO      Universe: 107 symbols (total available: 107)
2026-08-21 04:25:33,862  INFO      [1/107] fetching TATAPOWER.NS …
2026-08-21 04:25:34,507  INFO      [2/107] fetching IRFC.NS …
2026-08-21 04:25:35,110  INFO      [3/107] fetching SUZLON.NS …
2026-08-21 04:25:35,647  INFO      [4/107] fetching IREDA.NS …
2026-08-21 04:25:36,183  INFO      [5/107] fetching BHEL.NS …
2026-08-21 04:25:36,737  INFO      [6/107] fetching KPITTECH.NS …
2026-08-21 04:25:37,273  INFO      [7/107] fetching POLYCAB.NS …
2026-08-21 04:25:37,807  INFO      [8/107] fetching PERSISTENT.NS …
2026-08-21 04:25:38,358  INFO      [9/107] fetching ITC.NS …
2026-08-21 04:25:38,914  INFO      [10/107] fetching POWERGRID.NS …
2026-08-21 04:25:39,463  INFO      [11/107] fetching COALINDIA.NS …
2026-08-21 04:25:40,011  INFO      [12/107] fetching RELIANCE.NS …
2026-08-21 04:25:40,571  INFO      [13/107] fetching TCS.NS …
2026-08-21 04:25:41,133  INFO      [14/107] fetching HDFCBANK.NS …
2026-08-21 04:25:41,699  INFO      [15/107] fetching INFY.NS …
2026-08-21 04:25:42,266  INFO      [16/107] fetching ICICIBANK.NS …
2026-08-21 04:25:42,822  INFO      [17/107] fetching HINDUNILVR.NS …
2026-08-21 04:25:43,388  INFO      [18/107] fetching SBIN.NS …
2026-08-21 04:25:43,948  INFO      [19/107] fetching BHARTIARTL.NS …
2026-08-21 04:25:44,496  INFO      [20/107] fetching KOTAKBANK.NS …
2026-08-21 04:25:45,053  INFO      [21/107] fetching LT.NS …
2026-08-21 04:25:45,599  INFO      [22/107] fetching AXISBANK.NS …
2026-08-21 04:25:46,166  INFO      [23/107] fetching BAJFINANCE.NS …
2026-08-21 04:25:46,793  INFO      [24/107] fetching ASIANPAINT.NS …
2026-08-21 04:25:47,354  INFO      [25/107] fetching MARUTI.NS …
2026-08-21 04:25:47,918  INFO      [26/107] fetching HCLTECH.NS …
2026-08-21 04:25:48,492  INFO      [27/107] fetching SUNPHARMA.NS …
2026-08-21 04:25:49,059  INFO      [28/107] fetching TITAN.NS …
2026-08-21 04:25:49,623  INFO      [29/107] fetching ULTRACEMCO.NS …
2026-08-21 04:25:50,241  INFO      [30/107] fetching WIPRO.NS …
2026-08-21 04:25:50,936  INFO      [31/107] fetching NESTLEIND.NS …
2026-08-21 04:25:51,488  INFO      [32/107] fetching ADANIENT.NS …
2026-08-21 04:25:52,041  INFO      [33/107] fetching NTPC.NS …
2026-08-21 04:25:52,590  INFO      [34/107] fetching TATAMOTORS.NS …
2026-08-21 04:25:53,812  WARNING   [TATAMOTORS.NS] insufficient history (0 rows)
2026-08-21 04:25:54,212  INFO      [35/107] fetching M&M.NS …
2026-08-21 04:25:54,776  INFO      [36/107] fetching TATASTEEL.NS …
2026-08-21 04:25:55,416  INFO      [37/107] fetching JSWSTEEL.NS …
2026-08-21 04:25:55,977  INFO      [38/107] fetching ONGC.NS …
2026-08-21 04:25:56,535  INFO      [39/107] fetching TECHM.NS …
2026-08-21 04:25:57,082  INFO      [40/107] fetching BAJAJFINSV.NS …
2026-08-21 04:25:57,634  INFO      [41/107] fetching HINDALCO.NS …
2026-08-21 04:25:58,195  INFO      [42/107] fetching GRASIM.NS …
2026-08-21 04:25:58,753  INFO      [43/107] fetching DRREDDY.NS …
2026-08-21 04:25:59,301  INFO      [44/107] fetching CIPLA.NS …
2026-08-21 04:25:59,928  INFO      [45/107] fetching DIVISLAB.NS …
2026-08-21 04:26:00,566  INFO      [46/107] fetching EICHERMOT.NS …
2026-08-21 04:26:01,119  INFO      [47/107] fetching BRITANNIA.NS …
2026-08-21 04:26:01,684  INFO      [48/107] fetching HEROMOTOCO.NS …
2026-08-21 04:26:02,239  INFO      [49/107] fetching BAJAJ-AUTO.NS …
2026-08-21 04:26:02,783  INFO      [50/107] fetching INDUSINDBK.NS …
2026-08-21 04:26:03,401  INFO      [51/107] fetching APOLLOHOSP.NS …
2026-08-21 04:26:03,954  INFO      [52/107] fetching TATACONSUM.NS …
2026-08-21 04:26:04,579  INFO      [53/107] fetching UPL.NS …
2026-08-21 04:26:05,137  INFO      [54/107] fetching BPCL.NS …
2026-08-21 04:26:05,698  INFO      [55/107] fetching SBILIFE.NS …
2026-08-21 04:26:06,232  INFO      [56/107] fetching HDFCLIFE.NS …
2026-08-21 04:26:06,767  INFO      [57/107] fetching ADANIPORTS.NS …
2026-08-21 04:26:07,314  INFO      [58/107] fetching LTIM.NS …
2026-08-21 04:26:07,962  WARNING   [LTIM.NS] insufficient history (0 rows)
2026-08-21 04:26:08,362  INFO      [59/107] fetching ABB.NS …
2026-08-21 04:26:08,922  INFO      [60/107] fetching ADANIGREEN.NS …
2026-08-21 04:26:09,450  INFO      [61/107] fetching ADANIPOWER.NS …
2026-08-21 04:26:09,978  INFO      [62/107] fetching AMBUJACEM.NS …
2026-08-21 04:26:10,598  INFO      [63/107] fetching DMART.NS …
2026-08-21 04:26:11,128  INFO      [64/107] fetching BAJAJHLDNG.NS …
2026-08-21 04:26:11,695  INFO      [65/107] fetching BANKBARODA.NS …
2026-08-21 04:26:12,257  INFO      [66/107] fetching BERGEPAINT.NS …
2026-08-21 04:26:12,808  INFO      [67/107] fetching BOSCHLTD.NS …
2026-08-21 04:26:13,357  INFO      [68/107] fetching CANBK.NS …
2026-08-21 04:26:13,912  INFO      [69/107] fetching CHOLAFIN.NS …
2026-08-21 04:26:14,717  INFO      [70/107] fetching COLPAL.NS …
2026-08-21 04:26:15,402  INFO      [71/107] fetching DABUR.NS …
2026-08-21 04:26:15,966  INFO      [72/107] fetching DLF.NS …
2026-08-21 04:26:16,517  INFO      [73/107] fetching GAIL.NS …
2026-08-21 04:26:17,089  INFO      [74/107] fetching GODREJCP.NS …
2026-08-21 04:26:17,639  INFO      [75/107] fetching HAVELLS.NS …
2026-08-21 04:26:18,199  INFO      [76/107] fetching HAL.NS …
2026-08-21 04:26:18,807  INFO      [77/107] fetching ICICIGI.NS …
2026-08-21 04:26:19,344  INFO      [78/107] fetching ICICIPRULI.NS …
2026-08-21 04:26:19,885  INFO      [79/107] fetching IOC.NS …
2026-08-21 04:26:20,445  INFO      [80/107] fetching IRCTC.NS …
2026-08-21 04:26:20,982  INFO      [81/107] fetching JINDALSTEL.NS …
2026-08-21 04:26:21,531  INFO      [82/107] fetching LICI.NS …
2026-08-21 04:26:22,070  INFO      [83/107] fetching MARICO.NS …
2026-08-21 04:26:22,631  INFO      [84/107] fetching MOTHERSON.NS …
2026-08-21 04:26:23,186  INFO      [85/107] fetching NAUKRI.NS …
2026-08-21 04:26:23,804  INFO      [86/107] fetching PIDILITIND.NS …
2026-08-21 04:26:24,353  INFO      [87/107] fetching PNB.NS …
2026-08-21 04:26:24,905  INFO      [88/107] fetching PFC.NS …
2026-08-21 04:26:25,447  INFO      [89/107] fetching RECLTD.NS …
2026-08-21 04:26:25,996  INFO      [90/107] fetching SIEMENS.NS …
2026-08-21 04:26:26,553  INFO      [91/107] fetching SRF.NS …
2026-08-21 04:26:27,101  INFO      [92/107] fetching SHREECEM.NS …
2026-08-21 04:26:27,654  INFO      [93/107] fetching SHRIRAMFIN.NS …
2026-08-21 04:26:28,208  INFO      [94/107] fetching TORNTPHARM.NS …
2026-08-21 04:26:28,764  INFO      [95/107] fetching TRENT.NS …
2026-08-21 04:26:29,323  INFO      [96/107] fetching TVSMOTOR.NS …
2026-08-21 04:26:29,879  INFO      [97/107] fetching VEDL.NS …
2026-08-21 04:26:30,432  INFO      [98/107] fetching VBL.NS …
2026-08-21 04:26:30,969  INFO      [99/107] fetching ZOMATO.NS …
2026-08-21 04:26:31,616  WARNING   [ZOMATO.NS] insufficient history (0 rows)
2026-08-21 04:26:32,017  INFO      [100/107] fetching ZYDUSLIFE.NS …
2026-08-21 04:26:32,579  INFO      [101/107] fetching INDIGO.NS …
2026-08-21 04:26:33,124  INFO      [102/107] fetching IDEA.NS …
2026-08-21 04:26:33,656  INFO      [103/107] fetching BANKINDIA.NS …
2026-08-21 04:26:34,219  INFO      [104/107] fetching PAGEIND.NS …
2026-08-21 04:26:34,767  INFO      [105/107] fetching MUTHOOTFIN.NS …
2026-08-21 04:26:35,312  INFO      [106/107] fetching TATAELXSI.NS …
2026-08-21 04:26:35,889  INFO      [107/107] fetching LUPIN.NS …
2026-08-21 04:26:36,049  INFO      Fetched 104/107 symbols successfully.
2026-08-21 04:26:41,227  INFO      Fetched 200 headlines from RSS (Indian + global/geopolitics).
2026-08-21 04:26:45,026  INFO      Macro regime: risk-off | bias=-3 | geo-risk=40.0
2026-08-21 04:26:45,253  INFO      NSE corp announcements: 20 filings
2026-08-21 04:26:46,910  INFO      Angel One login successful.
2026-08-21 04:26:47,704  INFO      Saved report → data/stock_reports/2026-08-21_0426.json
2026-08-21 04:26:48,088  INFO      Report image saved → logs/stock_analyzer/2026-08-21/stock_report.png  [1920×1280]
2026-08-21 04:26:48,089  INFO      Dry-run: skipping send. Image + PDF saved locally; console printed.
2026-08-21 04:26:48,090  INFO      == Stock analyzer run complete ==
2026-08-21 04:26:48,092  INFO      [Note] PAPER TRADING -- virtual cash Rs 100,000, max_positions=6 max_pct=15% buckets=('intraday', 'swing') state=data/paper_trader_state.json
2026-08-21 04:26:48,092  INFO      [Note] PAPER TRADING -- virtual cash Rs 100,000, max_positions=6 max_pct=15% buckets=('intraday', 'swing') state=data/paper_trader_state.json
2026-08-21 04:26:48,094  INFO      paper-trader: new day, archived 5 trades (cumulative ₹-4,462)
2026-08-21 04:27:30,325  INFO      tick result: {'ok': True, 'actions': 0, 'open_trades': 2, 'closed_today': 0, 'realised_pnl': 0.0, 'cumulative_pnl': -4461.68, 'halted': False, 'messages': []}
2026-08-21 04:27:30,325  INFO      tick result: {'ok': True, 'actions': 0, 'open_trades': 2, 'closed_today': 0, 'realised_pnl': 0.0, 'cumulative_pnl': -4461.68, 'halted': False, 'messages': []}
