2026-05-07 06:28:38,538  INFO      angel_one starting ... (cmd=paper-trade)
2026-05-07 06:28:38,538  INFO      angel_one starting ... (cmd=paper-trade)
2026-05-07 06:28:38,555  INFO      refresh: generating today's picks via analyzer (dry-run, no PDF)
2026-05-07 06:28:38,555  INFO      refresh: generating today's picks via analyzer (dry-run, no PDF)
2026-05-07 06:28:39,721  INFO      == Stock analyzer run starting ==
2026-05-07 06:28:39,721  INFO      Watchlist: 11 symbols from data/stock_watchlist.txt
2026-05-07 06:28:39,721  INFO      Universe: 107 symbols (total available: 107)
2026-05-07 06:28:40,545  INFO      [1/107] fetching TATAPOWER.NS …
2026-05-07 06:28:41,080  INFO      [2/107] fetching IRFC.NS …
2026-05-07 06:28:41,566  INFO      [3/107] fetching SUZLON.NS …
2026-05-07 06:28:42,049  INFO      [4/107] fetching IREDA.NS …
2026-05-07 06:28:42,528  INFO      [5/107] fetching BHEL.NS …
2026-05-07 06:28:43,033  INFO      [6/107] fetching KPITTECH.NS …
2026-05-07 06:28:43,518  INFO      [7/107] fetching POLYCAB.NS …
2026-05-07 06:28:44,002  INFO      [8/107] fetching PERSISTENT.NS …
2026-05-07 06:28:44,570  INFO      [9/107] fetching ITC.NS …
2026-05-07 06:28:45,094  INFO      [10/107] fetching POWERGRID.NS …
2026-05-07 06:28:45,596  INFO      [11/107] fetching COALINDIA.NS …
2026-05-07 06:28:46,096  INFO      [12/107] fetching RELIANCE.NS …
2026-05-07 06:28:46,604  INFO      [13/107] fetching TCS.NS …
2026-05-07 06:28:47,103  INFO      [14/107] fetching HDFCBANK.NS …
2026-05-07 06:28:47,608  INFO      [15/107] fetching INFY.NS …
2026-05-07 06:28:48,123  INFO      [16/107] fetching ICICIBANK.NS …
2026-05-07 06:28:48,646  INFO      [17/107] fetching HINDUNILVR.NS …
2026-05-07 06:28:49,165  INFO      [18/107] fetching SBIN.NS …
2026-05-07 06:28:49,678  INFO      [19/107] fetching BHARTIARTL.NS …
2026-05-07 06:28:50,189  INFO      [20/107] fetching KOTAKBANK.NS …
2026-05-07 06:28:50,785  INFO      [21/107] fetching LT.NS …
2026-05-07 06:28:51,283  INFO      [22/107] fetching AXISBANK.NS …
2026-05-07 06:28:51,792  INFO      [23/107] fetching BAJFINANCE.NS …
2026-05-07 06:28:52,324  INFO      [24/107] fetching ASIANPAINT.NS …
2026-05-07 06:28:52,871  INFO      [25/107] fetching MARUTI.NS …
2026-05-07 06:28:53,374  INFO      [26/107] fetching HCLTECH.NS …
2026-05-07 06:28:53,888  INFO      [27/107] fetching SUNPHARMA.NS …
2026-05-07 06:28:54,407  INFO      [28/107] fetching TITAN.NS …
2026-05-07 06:28:54,906  INFO      [29/107] fetching ULTRACEMCO.NS …
2026-05-07 06:28:55,510  INFO      [30/107] fetching WIPRO.NS …
2026-05-07 06:28:56,022  INFO      [31/107] fetching NESTLEIND.NS …
2026-05-07 06:28:56,525  INFO      [32/107] fetching ADANIENT.NS …
2026-05-07 06:28:57,049  INFO      [33/107] fetching NTPC.NS …
2026-05-07 06:28:57,554  INFO      [34/107] fetching TATAMOTORS.NS …
2026-05-07 06:28:58,825  WARNING   [TATAMOTORS.NS] insufficient history (0 rows)
2026-05-07 06:28:59,225  INFO      [35/107] fetching M&M.NS …
2026-05-07 06:28:59,739  INFO      [36/107] fetching TATASTEEL.NS …
2026-05-07 06:29:00,244  INFO      [37/107] fetching JSWSTEEL.NS …
2026-05-07 06:29:00,742  INFO      [38/107] fetching ONGC.NS …
2026-05-07 06:29:01,271  INFO      [39/107] fetching TECHM.NS …
2026-05-07 06:29:01,772  INFO      [40/107] fetching BAJAJFINSV.NS …
2026-05-07 06:29:02,276  INFO      [41/107] fetching HINDALCO.NS …
2026-05-07 06:29:02,791  INFO      [42/107] fetching GRASIM.NS …
2026-05-07 06:29:03,298  INFO      [43/107] fetching DRREDDY.NS …
2026-05-07 06:29:03,847  INFO      [44/107] fetching CIPLA.NS …
2026-05-07 06:29:04,349  INFO      [45/107] fetching DIVISLAB.NS …
2026-05-07 06:29:04,862  INFO      [46/107] fetching EICHERMOT.NS …
2026-05-07 06:29:05,367  INFO      [47/107] fetching BRITANNIA.NS …
2026-05-07 06:29:05,882  INFO      [48/107] fetching HEROMOTOCO.NS …
2026-05-07 06:29:06,388  INFO      [49/107] fetching BAJAJ-AUTO.NS …
2026-05-07 06:29:06,881  INFO      [50/107] fetching INDUSINDBK.NS …
2026-05-07 06:29:07,379  INFO      [51/107] fetching APOLLOHOSP.NS …
2026-05-07 06:29:07,885  INFO      [52/107] fetching TATACONSUM.NS …
2026-05-07 06:29:08,400  INFO      [53/107] fetching UPL.NS …
2026-05-07 06:29:08,914  INFO      [54/107] fetching BPCL.NS …
2026-05-07 06:29:09,430  INFO      [55/107] fetching SBILIFE.NS …
2026-05-07 06:29:09,915  INFO      [56/107] fetching HDFCLIFE.NS …
2026-05-07 06:29:10,401  INFO      [57/107] fetching ADANIPORTS.NS …
2026-05-07 06:29:10,963  INFO      [58/107] fetching LTIM.NS …
2026-05-07 06:29:12,179  WARNING   [LTIM.NS] insufficient history (0 rows)
2026-05-07 06:29:12,579  INFO      [59/107] fetching ABB.NS …
2026-05-07 06:29:13,083  INFO      [60/107] fetching ADANIGREEN.NS …
2026-05-07 06:29:13,565  INFO      [61/107] fetching ADANIPOWER.NS …
2026-05-07 06:29:14,049  INFO      [62/107] fetching AMBUJACEM.NS …
2026-05-07 06:29:14,574  INFO      [63/107] fetching DMART.NS …
2026-05-07 06:29:15,124  INFO      [64/107] fetching BAJAJHLDNG.NS …
2026-05-07 06:29:15,636  INFO      [65/107] fetching BANKBARODA.NS …
2026-05-07 06:29:16,144  INFO      [66/107] fetching BERGEPAINT.NS …
2026-05-07 06:29:16,656  INFO      [67/107] fetching BOSCHLTD.NS …
2026-05-07 06:29:17,160  INFO      [68/107] fetching CANBK.NS …
2026-05-07 06:29:17,668  INFO      [69/107] fetching CHOLAFIN.NS …
2026-05-07 06:29:18,179  INFO      [70/107] fetching COLPAL.NS …
2026-05-07 06:29:18,683  INFO      [71/107] fetching DABUR.NS …
2026-05-07 06:29:19,204  INFO      [72/107] fetching DLF.NS …
2026-05-07 06:29:19,700  INFO      [73/107] fetching GAIL.NS …
2026-05-07 06:29:20,208  INFO      [74/107] fetching GODREJCP.NS …
2026-05-07 06:29:20,708  INFO      [75/107] fetching HAVELLS.NS …
2026-05-07 06:29:21,220  INFO      [76/107] fetching HAL.NS …
2026-05-07 06:29:21,704  INFO      [77/107] fetching ICICIGI.NS …
2026-05-07 06:29:22,204  INFO      [78/107] fetching ICICIPRULI.NS …
2026-05-07 06:29:22,698  INFO      [79/107] fetching IOC.NS …
2026-05-07 06:29:23,214  INFO      [80/107] fetching IRCTC.NS …
2026-05-07 06:29:23,717  INFO      [81/107] fetching JINDALSTEL.NS …
2026-05-07 06:29:24,227  INFO      [82/107] fetching LICI.NS …
2026-05-07 06:29:24,709  INFO      [83/107] fetching MARICO.NS …
2026-05-07 06:29:25,228  INFO      [84/107] fetching MOTHERSON.NS …
2026-05-07 06:29:25,738  INFO      [85/107] fetching NAUKRI.NS …
2026-05-07 06:29:26,240  INFO      [86/107] fetching PIDILITIND.NS …
2026-05-07 06:29:26,750  INFO      [87/107] fetching PNB.NS …
2026-05-07 06:29:27,255  INFO      [88/107] fetching PFC.NS …
2026-05-07 06:29:27,749  INFO      [89/107] fetching RECLTD.NS …
2026-05-07 06:29:28,244  INFO      [90/107] fetching SIEMENS.NS …
2026-05-07 06:29:28,755  INFO      [91/107] fetching SRF.NS …
2026-05-07 06:29:29,270  INFO      [92/107] fetching SHREECEM.NS …
2026-05-07 06:29:29,770  INFO      [93/107] fetching SHRIRAMFIN.NS …
2026-05-07 06:29:30,277  INFO      [94/107] fetching TORNTPHARM.NS …
2026-05-07 06:29:30,782  INFO      [95/107] fetching TRENT.NS …
2026-05-07 06:29:31,278  INFO      [96/107] fetching TVSMOTOR.NS …
2026-05-07 06:29:31,778  INFO      [97/107] fetching VEDL.NS …
2026-05-07 06:29:32,330  INFO      [98/107] fetching VBL.NS …
2026-05-07 06:29:32,815  INFO      [99/107] fetching ZOMATO.NS …
2026-05-07 06:29:34,253  WARNING   [ZOMATO.NS] insufficient history (0 rows)
2026-05-07 06:29:34,654  INFO      [100/107] fetching ZYDUSLIFE.NS …
2026-05-07 06:29:35,222  INFO      [101/107] fetching INDIGO.NS …
2026-05-07 06:29:35,726  INFO      [102/107] fetching IDEA.NS …
2026-05-07 06:29:36,760  INFO      [103/107] fetching BANKINDIA.NS …
2026-05-07 06:29:37,451  INFO      [104/107] fetching PAGEIND.NS …
2026-05-07 06:29:37,960  INFO      [105/107] fetching MUTHOOTFIN.NS …
2026-05-07 06:29:38,578  INFO      [106/107] fetching TATAELXSI.NS …
2026-05-07 06:29:39,083  INFO      [107/107] fetching LUPIN.NS …
2026-05-07 06:29:39,183  INFO      Fetched 104/107 symbols successfully.
2026-05-07 06:29:44,912  INFO      Fetched 200 headlines from RSS (Indian + global/geopolitics).
2026-05-07 06:29:47,968  INFO      Macro regime: risk-on | bias=2 | geo-risk=38.6
2026-05-07 06:29:48,282  INFO      NSE corp announcements: 20 filings
2026-05-07 06:29:50,119  INFO      Angel One login successful.
2026-05-07 06:29:51,218  INFO      Saved report → data/stock_reports/2026-05-07_0629.json
2026-05-07 06:29:51,735  INFO      Report image saved → logs/stock_analyzer/2026-05-07/stock_report.png  [1920×1280]
2026-05-07 06:29:51,736  INFO      Dry-run: skipping send. Image + PDF saved locally; console printed.
2026-05-07 06:29:51,736  INFO      == Stock analyzer run complete ==
2026-05-07 06:29:51,740  INFO      [Note] PAPER TRADING -- virtual cash Rs 100,000, max_positions=6 max_pct=15% buckets=('intraday', 'swing') state=data/paper_trader_state.json
2026-05-07 06:29:51,740  INFO      [Note] PAPER TRADING -- virtual cash Rs 100,000, max_positions=6 max_pct=15% buckets=('intraday', 'swing') state=data/paper_trader_state.json
2026-05-07 06:29:51,740  INFO      paper-trader: new day, archived 7 trades (cumulative ₹+1,768)
2026-05-07 06:30:07,180  INFO      [DRY] Angel order would be: {'variety': 'NORMAL', 'tradingsymbol': 'POLYCAB-EQ', 'symboltoken': '9590', 'transactiontype': 'BUY', 'exchange': 'NSE', 'ordertype': 'MARKET', 'producttype': 'INTRADAY', 'duration': 'DAY', 'price': '0', 'squareoff': '0', 'stoploss': '0', 'quantity': '1'}
2026-05-07 06:30:07,180  INFO      [OPEN] [DRY] POLYCAB.NS qty=1 @ Rs 8932.50 SL Rs 8708.80 TGT Rs 9388.67 (order=None)
2026-05-07 06:30:07,180  INFO      [DRY] Angel order would be: {'variety': 'NORMAL', 'tradingsymbol': 'BAJAJ-AUTO-EQ', 'symboltoken': '16669', 'transactiontype': 'BUY', 'exchange': 'NSE', 'ordertype': 'MARKET', 'producttype': 'INTRADAY', 'duration': 'DAY', 'price': '0', 'squareoff': '0', 'stoploss': '0', 'quantity': '1'}
2026-05-07 06:30:07,180  INFO      [OPEN] [DRY] BAJAJ-AUTO.NS qty=1 @ Rs 10670.00 SL Rs 10413.60 TGT Rs 11186.33 (order=None)
2026-05-07 06:30:07,180  INFO      [DRY] Angel order would be: {'variety': 'NORMAL', 'tradingsymbol': 'HDFCLIFE-EQ', 'symboltoken': '467', 'transactiontype': 'BUY', 'exchange': 'NSE', 'ordertype': 'MARKET', 'producttype': 'INTRADAY', 'duration': 'DAY', 'price': '0', 'squareoff': '0', 'stoploss': '0', 'quantity': '19'}
2026-05-07 06:30:07,181  INFO      [OPEN] [DRY] HDFCLIFE.NS qty=19 @ Rs 625.85 SL Rs 614.11 TGT Rs 645.31 (order=None)
2026-05-07 06:30:07,181  INFO      [DRY] Angel order would be: {'variety': 'NORMAL', 'tradingsymbol': 'HEROMOTOCO-EQ', 'symboltoken': '1348', 'transactiontype': 'BUY', 'exchange': 'NSE', 'ordertype': 'MARKET', 'producttype': 'INTRADAY', 'duration': 'DAY', 'price': '0', 'squareoff': '0', 'stoploss': '0', 'quantity': '1'}
2026-05-07 06:30:07,181  INFO      [OPEN] [DRY] HEROMOTOCO.NS qty=1 @ Rs 5404.50 SL Rs 5348.12 TGT Rs 5473.53 (order=None)
2026-05-07 06:30:07,181  INFO      [DRY] Angel order would be: {'variety': 'NORMAL', 'tradingsymbol': 'MOTHERSON-EQ', 'symboltoken': '4204', 'transactiontype': 'BUY', 'exchange': 'NSE', 'ordertype': 'MARKET', 'producttype': 'INTRADAY', 'duration': 'DAY', 'price': '0', 'squareoff': '0', 'stoploss': '0', 'quantity': '66'}
2026-05-07 06:30:07,181  INFO      [OPEN] [DRY] MOTHERSON.NS qty=66 @ Rs 127.90 SL Rs 120.22 TGT Rs 145.03 (order=None)
2026-05-07 06:30:07,181  INFO      [DRY] Angel order would be: {'variety': 'NORMAL', 'tradingsymbol': 'DRREDDY-EQ', 'symboltoken': '881', 'transactiontype': 'BUY', 'exchange': 'NSE', 'ordertype': 'MARKET', 'producttype': 'INTRADAY', 'duration': 'DAY', 'price': '0', 'squareoff': '0', 'stoploss': '0', 'quantity': '6'}
2026-05-07 06:30:07,181  INFO      [OPEN] [DRY] DRREDDY.NS qty=6 @ Rs 1308.00 SL Rs 1257.68 TGT Rs 1454.37 (order=None)
2026-05-07 06:30:07,182  INFO      tick result: {'ok': True, 'actions': 6, 'open_trades': 6, 'closed_today': 0, 'realised_pnl': 0.0, 'cumulative_pnl': 1768.23, 'halted': False, 'messages': ['[OPEN] [DRY] POLYCAB.NS qty=1 @ Rs 8932.50 SL Rs 8708.80 TGT Rs 9388.67 (order=None)', '[OPEN] [DRY] BAJAJ-AUTO.NS qty=1 @ Rs 10670.00 SL Rs 10413.60 TGT Rs 11186.33 (order=None)', '[OPEN] [DRY] HDFCLIFE.NS qty=19 @ Rs 625.85 SL Rs 614.11 TGT Rs 645.31 (order=None)', '[OPEN] [DRY] HEROMOTOCO.NS qty=1 @ Rs 5404.50 SL Rs 5348.12 TGT Rs 5473.53 (order=None)', '[OPEN] [DRY] MOTHERSON.NS qty=66 @ Rs 127.90 SL Rs 120.22 TGT Rs 145.03 (order=None)', '[OPEN] [DRY] DRREDDY.NS qty=6 @ Rs 1308.00 SL Rs 1257.68 TGT Rs 1454.37 (order=None)']}
2026-05-07 06:30:07,182  INFO      tick result: {'ok': True, 'actions': 6, 'open_trades': 6, 'closed_today': 0, 'realised_pnl': 0.0, 'cumulative_pnl': 1768.23, 'halted': False, 'messages': ['[OPEN] [DRY] POLYCAB.NS qty=1 @ Rs 8932.50 SL Rs 8708.80 TGT Rs 9388.67 (order=None)', '[OPEN] [DRY] BAJAJ-AUTO.NS qty=1 @ Rs 10670.00 SL Rs 10413.60 TGT Rs 11186.33 (order=None)', '[OPEN] [DRY] HDFCLIFE.NS qty=19 @ Rs 625.85 SL Rs 614.11 TGT Rs 645.31 (order=None)', '[OPEN] [DRY] HEROMOTOCO.NS qty=1 @ Rs 5404.50 SL Rs 5348.12 TGT Rs 5473.53 (order=None)', '[OPEN] [DRY] MOTHERSON.NS qty=66 @ Rs 127.90 SL Rs 120.22 TGT Rs 145.03 (order=None)', '[OPEN] [DRY] DRREDDY.NS qty=6 @ Rs 1308.00 SL Rs 1257.68 TGT Rs 1454.37 (order=None)']}
