2026-07-09 07:25:43,116  INFO      angel_one starting ... (cmd=paper-trade)
2026-07-09 07:25:43,116  INFO      angel_one starting ... (cmd=paper-trade)
2026-07-09 07:25:43,134  INFO      refresh: generating today's picks via analyzer (dry-run, no PDF)
2026-07-09 07:25:43,134  INFO      refresh: generating today's picks via analyzer (dry-run, no PDF)
2026-07-09 07:25:44,118  INFO      == Stock analyzer run starting ==
2026-07-09 07:25:44,118  INFO      Watchlist: 11 symbols from data/stock_watchlist.txt
2026-07-09 07:25:44,119  INFO      Universe: 107 symbols (total available: 107)
2026-07-09 07:25:44,835  INFO      [1/107] fetching TATAPOWER.NS …
2026-07-09 07:25:45,412  INFO      [2/107] fetching IRFC.NS …
2026-07-09 07:25:45,888  INFO      [3/107] fetching SUZLON.NS …
2026-07-09 07:25:46,359  INFO      [4/107] fetching IREDA.NS …
2026-07-09 07:25:46,828  INFO      [5/107] fetching BHEL.NS …
2026-07-09 07:25:47,374  INFO      [6/107] fetching KPITTECH.NS …
2026-07-09 07:25:47,895  INFO      [7/107] fetching POLYCAB.NS …
2026-07-09 07:25:48,391  INFO      [8/107] fetching PERSISTENT.NS …
2026-07-09 07:25:48,884  INFO      [9/107] fetching ITC.NS …
2026-07-09 07:25:49,393  INFO      [10/107] fetching POWERGRID.NS …
2026-07-09 07:25:49,909  INFO      [11/107] fetching COALINDIA.NS …
2026-07-09 07:25:50,400  INFO      [12/107] fetching RELIANCE.NS …
2026-07-09 07:25:50,916  INFO      [13/107] fetching TCS.NS …
2026-07-09 07:25:51,413  INFO      [14/107] fetching HDFCBANK.NS …
2026-07-09 07:25:51,920  INFO      [15/107] fetching INFY.NS …
2026-07-09 07:25:52,429  INFO      [16/107] fetching ICICIBANK.NS …
2026-07-09 07:25:52,929  INFO      [17/107] fetching HINDUNILVR.NS …
2026-07-09 07:25:53,437  INFO      [18/107] fetching SBIN.NS …
2026-07-09 07:25:53,950  INFO      [19/107] fetching BHARTIARTL.NS …
2026-07-09 07:25:54,439  INFO      [20/107] fetching KOTAKBANK.NS …
2026-07-09 07:25:54,954  INFO      [21/107] fetching LT.NS …
2026-07-09 07:25:55,450  INFO      [22/107] fetching AXISBANK.NS …
2026-07-09 07:25:55,950  INFO      [23/107] fetching BAJFINANCE.NS …
2026-07-09 07:25:56,455  INFO      [24/107] fetching ASIANPAINT.NS …
2026-07-09 07:25:56,973  INFO      [25/107] fetching MARUTI.NS …
2026-07-09 07:25:57,472  INFO      [26/107] fetching HCLTECH.NS …
2026-07-09 07:25:57,974  INFO      [27/107] fetching SUNPHARMA.NS …
2026-07-09 07:25:58,481  INFO      [28/107] fetching TITAN.NS …
2026-07-09 07:25:59,008  INFO      [29/107] fetching ULTRACEMCO.NS …
2026-07-09 07:25:59,510  INFO      [30/107] fetching WIPRO.NS …
2026-07-09 07:26:00,023  INFO      [31/107] fetching NESTLEIND.NS …
2026-07-09 07:26:00,525  INFO      [32/107] fetching ADANIENT.NS …
2026-07-09 07:26:01,026  INFO      [33/107] fetching NTPC.NS …
2026-07-09 07:26:01,526  INFO      [34/107] fetching TATAMOTORS.NS …
2026-07-09 07:26:02,475  WARNING   [TATAMOTORS.NS] insufficient history (0 rows)
2026-07-09 07:26:02,876  INFO      [35/107] fetching M&M.NS …
2026-07-09 07:26:03,387  INFO      [36/107] fetching TATASTEEL.NS …
2026-07-09 07:26:03,894  INFO      [37/107] fetching JSWSTEEL.NS …
2026-07-09 07:26:04,386  INFO      [38/107] fetching ONGC.NS …
2026-07-09 07:26:04,897  INFO      [39/107] fetching TECHM.NS …
2026-07-09 07:26:05,430  INFO      [40/107] fetching BAJAJFINSV.NS …
2026-07-09 07:26:05,912  INFO      [41/107] fetching HINDALCO.NS …
2026-07-09 07:26:06,407  INFO      [42/107] fetching GRASIM.NS …
2026-07-09 07:26:06,913  INFO      [43/107] fetching DRREDDY.NS …
2026-07-09 07:26:07,405  INFO      [44/107] fetching CIPLA.NS …
2026-07-09 07:26:07,910  INFO      [45/107] fetching DIVISLAB.NS …
2026-07-09 07:26:08,414  INFO      [46/107] fetching EICHERMOT.NS …
2026-07-09 07:26:08,964  INFO      [47/107] fetching BRITANNIA.NS …
2026-07-09 07:26:09,465  INFO      [48/107] fetching HEROMOTOCO.NS …
2026-07-09 07:26:09,960  INFO      [49/107] fetching BAJAJ-AUTO.NS …
2026-07-09 07:26:10,450  INFO      [50/107] fetching INDUSINDBK.NS …
2026-07-09 07:26:10,951  INFO      [51/107] fetching APOLLOHOSP.NS …
2026-07-09 07:26:11,457  INFO      [52/107] fetching TATACONSUM.NS …
2026-07-09 07:26:11,962  INFO      [53/107] fetching UPL.NS …
2026-07-09 07:26:12,461  INFO      [54/107] fetching BPCL.NS …
2026-07-09 07:26:12,969  INFO      [55/107] fetching SBILIFE.NS …
2026-07-09 07:26:13,479  INFO      [56/107] fetching HDFCLIFE.NS …
2026-07-09 07:26:13,959  INFO      [57/107] fetching ADANIPORTS.NS …
2026-07-09 07:26:14,453  INFO      [58/107] fetching LTIM.NS …
2026-07-09 07:26:14,924  WARNING   [LTIM.NS] insufficient history (0 rows)
2026-07-09 07:26:15,324  INFO      [59/107] fetching ABB.NS …
2026-07-09 07:26:15,832  INFO      [60/107] fetching ADANIGREEN.NS …
2026-07-09 07:26:16,302  INFO      [61/107] fetching ADANIPOWER.NS …
2026-07-09 07:26:16,771  INFO      [62/107] fetching AMBUJACEM.NS …
2026-07-09 07:26:17,283  INFO      [63/107] fetching DMART.NS …
2026-07-09 07:26:17,784  INFO      [64/107] fetching BAJAJHLDNG.NS …
2026-07-09 07:26:18,291  INFO      [65/107] fetching BANKBARODA.NS …
2026-07-09 07:26:18,822  INFO      [66/107] fetching BERGEPAINT.NS …
2026-07-09 07:26:19,331  INFO      [67/107] fetching BOSCHLTD.NS …
2026-07-09 07:26:19,854  INFO      [68/107] fetching CANBK.NS …
2026-07-09 07:26:20,358  INFO      [69/107] fetching CHOLAFIN.NS …
2026-07-09 07:26:20,858  INFO      [70/107] fetching COLPAL.NS …
2026-07-09 07:26:21,352  INFO      [71/107] fetching DABUR.NS …
2026-07-09 07:26:21,871  INFO      [72/107] fetching DLF.NS …
2026-07-09 07:26:22,367  INFO      [73/107] fetching GAIL.NS …
2026-07-09 07:26:22,869  INFO      [74/107] fetching GODREJCP.NS …
2026-07-09 07:26:23,364  INFO      [75/107] fetching HAVELLS.NS …
2026-07-09 07:26:23,861  INFO      [76/107] fetching HAL.NS …
2026-07-09 07:26:24,372  INFO      [77/107] fetching ICICIGI.NS …
2026-07-09 07:26:24,852  INFO      [78/107] fetching ICICIPRULI.NS …
2026-07-09 07:26:25,329  INFO      [79/107] fetching IOC.NS …
2026-07-09 07:26:25,832  INFO      [80/107] fetching IRCTC.NS …
2026-07-09 07:26:26,308  INFO      [81/107] fetching JINDALSTEL.NS …
2026-07-09 07:26:26,818  INFO      [82/107] fetching LICI.NS …
2026-07-09 07:26:27,335  INFO      [83/107] fetching MARICO.NS …
2026-07-09 07:26:27,838  INFO      [84/107] fetching MOTHERSON.NS …
2026-07-09 07:26:28,349  INFO      [85/107] fetching NAUKRI.NS …
2026-07-09 07:26:28,844  INFO      [86/107] fetching PIDILITIND.NS …
2026-07-09 07:26:29,348  INFO      [87/107] fetching PNB.NS …
2026-07-09 07:26:29,845  INFO      [88/107] fetching PFC.NS …
2026-07-09 07:26:30,342  INFO      [89/107] fetching RECLTD.NS …
2026-07-09 07:26:30,831  INFO      [90/107] fetching SIEMENS.NS …
2026-07-09 07:26:31,344  INFO      [91/107] fetching SRF.NS …
2026-07-09 07:26:31,848  INFO      [92/107] fetching SHREECEM.NS …
2026-07-09 07:26:32,348  INFO      [93/107] fetching SHRIRAMFIN.NS …
2026-07-09 07:26:32,848  INFO      [94/107] fetching TORNTPHARM.NS …
2026-07-09 07:26:33,353  INFO      [95/107] fetching TRENT.NS …
2026-07-09 07:26:33,850  INFO      [96/107] fetching TVSMOTOR.NS …
2026-07-09 07:26:34,341  INFO      [97/107] fetching VEDL.NS …
2026-07-09 07:26:34,851  INFO      [98/107] fetching VBL.NS …
2026-07-09 07:26:35,361  INFO      [99/107] fetching ZOMATO.NS …
2026-07-09 07:26:35,874  WARNING   [ZOMATO.NS] insufficient history (0 rows)
2026-07-09 07:26:36,274  INFO      [100/107] fetching ZYDUSLIFE.NS …
2026-07-09 07:26:36,772  INFO      [101/107] fetching INDIGO.NS …
2026-07-09 07:26:37,257  INFO      [102/107] fetching IDEA.NS …
2026-07-09 07:26:37,732  INFO      [103/107] fetching BANKINDIA.NS …
2026-07-09 07:26:38,237  INFO      [104/107] fetching PAGEIND.NS …
2026-07-09 07:26:38,768  INFO      [105/107] fetching MUTHOOTFIN.NS …
2026-07-09 07:26:39,261  INFO      [106/107] fetching TATAELXSI.NS …
2026-07-09 07:26:39,753  INFO      [107/107] fetching LUPIN.NS …
2026-07-09 07:26:39,848  INFO      Fetched 104/107 symbols successfully.
2026-07-09 07:26:42,192  WARNING   [MF 120503] fetch failed: HTTPSConnectionPool(host='api.mfapi.in', port=443): Read timed out. (read timeout=2)
2026-07-09 07:26:44,456  INFO      Fetched 200 headlines from RSS (Indian + global/geopolitics).
2026-07-09 07:26:47,005  INFO      Macro regime: neutral | bias=2 | geo-risk=46.9
2026-07-09 07:26:47,264  INFO      NSE corp announcements: 20 filings
2026-07-09 07:26:48,854  INFO      Angel One login successful.
2026-07-09 07:26:49,641  INFO      Saved report → data/stock_reports/2026-07-09_0726.json
2026-07-09 07:26:50,132  INFO      Report image saved → logs/stock_analyzer/2026-07-09/stock_report.png  [1920×1280]
2026-07-09 07:26:50,133  INFO      Dry-run: skipping send. Image + PDF saved locally; console printed.
2026-07-09 07:26:50,133  INFO      == Stock analyzer run complete ==
2026-07-09 07:26:50,136  INFO      [Note] PAPER TRADING -- virtual cash Rs 100,000, max_positions=6 max_pct=15% buckets=('intraday', 'swing') state=data/paper_trader_state.json
2026-07-09 07:26:50,136  INFO      [Note] PAPER TRADING -- virtual cash Rs 100,000, max_positions=6 max_pct=15% buckets=('intraday', 'swing') state=data/paper_trader_state.json
2026-07-09 07:26:50,138  INFO      paper-trader: new day, archived 5 trades (cumulative ₹-2,745)
2026-07-09 07:27:03,716  INFO      [DRY] Angel order would be: {'variety': 'NORMAL', 'tradingsymbol': 'HAVELLS-EQ', 'symboltoken': '9819', 'transactiontype': 'BUY', 'exchange': 'NSE', 'ordertype': 'MARKET', 'producttype': 'INTRADAY', 'duration': 'DAY', 'price': '0', 'squareoff': '0', 'stoploss': '0', 'quantity': '10'}
2026-07-09 07:27:03,717  INFO      [OPEN] [DRY] HAVELLS.NS qty=10 @ Rs 1193.30 SL Rs 1170.42 TGT Rs 1193.61 (order=None)
2026-07-09 07:27:03,717  INFO      [DRY] Angel order would be: {'variety': 'NORMAL', 'tradingsymbol': 'SUNPHARMA-EQ', 'symboltoken': '3351', 'transactiontype': 'BUY', 'exchange': 'NSE', 'ordertype': 'MARKET', 'producttype': 'INTRADAY', 'duration': 'DAY', 'price': '0', 'squareoff': '0', 'stoploss': '0', 'quantity': '5'}
2026-07-09 07:27:03,717  INFO      [OPEN] [DRY] SUNPHARMA.NS qty=5 @ Rs 1935.20 SL Rs 1904.94 TGT Rs 2013.66 (order=None)
2026-07-09 07:27:03,717  INFO      [DRY] Angel order would be: {'variety': 'NORMAL', 'tradingsymbol': 'BAJAJFINSV-EQ', 'symboltoken': '16675', 'transactiontype': 'BUY', 'exchange': 'NSE', 'ordertype': 'MARKET', 'producttype': 'INTRADAY', 'duration': 'DAY', 'price': '0', 'squareoff': '0', 'stoploss': '0', 'quantity': '5'}
2026-07-09 07:27:03,717  INFO      [OPEN] [DRY] BAJAJFINSV.NS qty=5 @ Rs 1890.20 SL Rs 1849.45 TGT Rs 1912.17 (order=None)
2026-07-09 07:27:03,717  INFO      [DRY] Angel order would be: {'variety': 'NORMAL', 'tradingsymbol': 'INDUSINDBK-EQ', 'symboltoken': '5258', 'transactiontype': 'BUY', 'exchange': 'NSE', 'ordertype': 'MARKET', 'producttype': 'INTRADAY', 'duration': 'DAY', 'price': '0', 'squareoff': '0', 'stoploss': '0', 'quantity': '8'}
2026-07-09 07:27:03,717  INFO      [OPEN] [DRY] INDUSINDBK.NS qty=8 @ Rs 1015.00 SL Rs 988.79 TGT Rs 1063.62 (order=None)
2026-07-09 07:27:03,721  INFO      tick result: {'ok': True, 'actions': 4, 'open_trades': 6, 'closed_today': 0, 'realised_pnl': 0.0, 'cumulative_pnl': -2745.05, 'halted': False, 'messages': ['[OPEN] [DRY] HAVELLS.NS qty=10 @ Rs 1193.30 SL Rs 1170.42 TGT Rs 1193.61 (order=None)', '[OPEN] [DRY] SUNPHARMA.NS qty=5 @ Rs 1935.20 SL Rs 1904.94 TGT Rs 2013.66 (order=None)', '[OPEN] [DRY] BAJAJFINSV.NS qty=5 @ Rs 1890.20 SL Rs 1849.45 TGT Rs 1912.17 (order=None)', '[OPEN] [DRY] INDUSINDBK.NS qty=8 @ Rs 1015.00 SL Rs 988.79 TGT Rs 1063.62 (order=None)']}
2026-07-09 07:27:03,721  INFO      tick result: {'ok': True, 'actions': 4, 'open_trades': 6, 'closed_today': 0, 'realised_pnl': 0.0, 'cumulative_pnl': -2745.05, 'halted': False, 'messages': ['[OPEN] [DRY] HAVELLS.NS qty=10 @ Rs 1193.30 SL Rs 1170.42 TGT Rs 1193.61 (order=None)', '[OPEN] [DRY] SUNPHARMA.NS qty=5 @ Rs 1935.20 SL Rs 1904.94 TGT Rs 2013.66 (order=None)', '[OPEN] [DRY] BAJAJFINSV.NS qty=5 @ Rs 1890.20 SL Rs 1849.45 TGT Rs 1912.17 (order=None)', '[OPEN] [DRY] INDUSINDBK.NS qty=8 @ Rs 1015.00 SL Rs 988.79 TGT Rs 1063.62 (order=None)']}
