2026-08-27 19:11:02,241  INFO      angel_one starting ... (cmd=paper-trade-and-report)
2026-08-27 19:11:02,241  INFO      angel_one starting ... (cmd=paper-trade-and-report)
2026-08-27 19:11:02,254  INFO      refresh: generating today's picks via analyzer (dry-run, no PDF)
2026-08-27 19:11:02,254  INFO      refresh: generating today's picks via analyzer (dry-run, no PDF)
2026-08-27 19:11:02,875  INFO      == Stock analyzer run starting ==
2026-08-27 19:11:02,875  INFO      Watchlist: 11 symbols from data/stock_watchlist.txt
2026-08-27 19:11:02,875  INFO      Universe: 107 symbols (total available: 107)
2026-08-27 19:11:03,391  INFO      [1/107] fetching TATAPOWER.NS …
2026-08-27 19:11:04,005  INFO      [2/107] fetching IRFC.NS …
2026-08-27 19:11:04,551  INFO      [3/107] fetching SUZLON.NS …
2026-08-27 19:11:05,063  INFO      [4/107] fetching IREDA.NS …
2026-08-27 19:11:05,576  INFO      [5/107] fetching BHEL.NS …
2026-08-27 19:11:06,109  INFO      [6/107] fetching KPITTECH.NS …
2026-08-27 19:11:06,624  INFO      [7/107] fetching POLYCAB.NS …
2026-08-27 19:11:07,171  INFO      [8/107] fetching PERSISTENT.NS …
2026-08-27 19:11:07,693  INFO      [9/107] fetching ITC.NS …
2026-08-27 19:11:08,218  INFO      [10/107] fetching POWERGRID.NS …
2026-08-27 19:11:08,739  INFO      [11/107] fetching COALINDIA.NS …
2026-08-27 19:11:09,279  INFO      [12/107] fetching RELIANCE.NS …
2026-08-27 19:11:09,849  INFO      [13/107] fetching TCS.NS …
2026-08-27 19:11:10,405  INFO      [14/107] fetching HDFCBANK.NS …
2026-08-27 19:11:10,954  INFO      [15/107] fetching INFY.NS …
2026-08-27 19:11:11,525  INFO      [16/107] fetching ICICIBANK.NS …
2026-08-27 19:11:12,048  INFO      [17/107] fetching HINDUNILVR.NS …
2026-08-27 19:11:12,568  INFO      [18/107] fetching SBIN.NS …
2026-08-27 19:11:13,103  INFO      [19/107] fetching BHARTIARTL.NS …
2026-08-27 19:11:13,621  INFO      [20/107] fetching KOTAKBANK.NS …
2026-08-27 19:11:14,196  INFO      [21/107] fetching LT.NS …
2026-08-27 19:11:14,775  INFO      [22/107] fetching AXISBANK.NS …
2026-08-27 19:11:15,332  INFO      [23/107] fetching BAJFINANCE.NS …
2026-08-27 19:11:15,854  INFO      [24/107] fetching ASIANPAINT.NS …
2026-08-27 19:11:16,390  INFO      [25/107] fetching MARUTI.NS …
2026-08-27 19:11:16,951  INFO      [26/107] fetching HCLTECH.NS …
2026-08-27 19:11:17,467  INFO      [27/107] fetching SUNPHARMA.NS …
2026-08-27 19:11:18,004  INFO      [28/107] fetching TITAN.NS …
2026-08-27 19:11:18,555  INFO      [29/107] fetching ULTRACEMCO.NS …
2026-08-27 19:11:19,119  INFO      [30/107] fetching WIPRO.NS …
2026-08-27 19:11:19,680  INFO      [31/107] fetching NESTLEIND.NS …
2026-08-27 19:11:20,213  INFO      [32/107] fetching ADANIENT.NS …
2026-08-27 19:11:20,743  INFO      [33/107] fetching NTPC.NS …
2026-08-27 19:11:21,263  INFO      [34/107] fetching TATAMOTORS.NS …
2026-08-27 19:11:22,497  WARNING   [TATAMOTORS.NS] insufficient history (0 rows)
2026-08-27 19:11:22,897  INFO      [35/107] fetching M&M.NS …
2026-08-27 19:11:23,618  INFO      [36/107] fetching TATASTEEL.NS …
2026-08-27 19:11:24,157  INFO      [37/107] fetching JSWSTEEL.NS …
2026-08-27 19:11:24,682  INFO      [38/107] fetching ONGC.NS …
2026-08-27 19:11:25,226  INFO      [39/107] fetching TECHM.NS …
2026-08-27 19:11:25,741  INFO      [40/107] fetching BAJAJFINSV.NS …
2026-08-27 19:11:26,303  INFO      [41/107] fetching HINDALCO.NS …
2026-08-27 19:11:26,830  INFO      [42/107] fetching GRASIM.NS …
2026-08-27 19:11:27,352  INFO      [43/107] fetching DRREDDY.NS …
2026-08-27 19:11:27,869  INFO      [44/107] fetching CIPLA.NS …
2026-08-27 19:11:28,404  INFO      [45/107] fetching DIVISLAB.NS …
2026-08-27 19:11:28,918  INFO      [46/107] fetching EICHERMOT.NS …
2026-08-27 19:11:29,455  INFO      [47/107] fetching BRITANNIA.NS …
2026-08-27 19:11:29,970  INFO      [48/107] fetching HEROMOTOCO.NS …
2026-08-27 19:11:30,536  INFO      [49/107] fetching BAJAJ-AUTO.NS …
2026-08-27 19:11:31,082  INFO      [50/107] fetching INDUSINDBK.NS …
2026-08-27 19:11:31,645  INFO      [51/107] fetching APOLLOHOSP.NS …
2026-08-27 19:11:32,197  INFO      [52/107] fetching TATACONSUM.NS …
2026-08-27 19:11:32,771  INFO      [53/107] fetching UPL.NS …
2026-08-27 19:11:33,348  INFO      [54/107] fetching BPCL.NS …
2026-08-27 19:11:33,894  INFO      [55/107] fetching SBILIFE.NS …
2026-08-27 19:11:34,549  INFO      [56/107] fetching HDFCLIFE.NS …
2026-08-27 19:11:35,058  INFO      [57/107] fetching ADANIPORTS.NS …
2026-08-27 19:11:35,628  INFO      [58/107] fetching LTIM.NS …
2026-08-27 19:11:36,145  WARNING   [LTIM.NS] insufficient history (0 rows)
2026-08-27 19:11:36,546  INFO      [59/107] fetching ABB.NS …
2026-08-27 19:11:37,070  INFO      [60/107] fetching ADANIGREEN.NS …
2026-08-27 19:11:37,585  INFO      [61/107] fetching ADANIPOWER.NS …
2026-08-27 19:11:38,098  INFO      [62/107] fetching AMBUJACEM.NS …
2026-08-27 19:11:38,620  INFO      [63/107] fetching DMART.NS …
2026-08-27 19:11:39,116  INFO      [64/107] fetching BAJAJHLDNG.NS …
2026-08-27 19:11:39,640  INFO      [65/107] fetching BANKBARODA.NS …
2026-08-27 19:11:40,199  INFO      [66/107] fetching BERGEPAINT.NS …
2026-08-27 19:11:40,749  INFO      [67/107] fetching BOSCHLTD.NS …
2026-08-27 19:11:41,317  INFO      [68/107] fetching CANBK.NS …
2026-08-27 19:11:41,831  INFO      [69/107] fetching CHOLAFIN.NS …
2026-08-27 19:11:42,348  INFO      [70/107] fetching COLPAL.NS …
2026-08-27 19:11:42,859  INFO      [71/107] fetching DABUR.NS …
2026-08-27 19:11:43,393  INFO      [72/107] fetching DLF.NS …
2026-08-27 19:11:43,916  INFO      [73/107] fetching GAIL.NS …
2026-08-27 19:11:44,486  INFO      [74/107] fetching GODREJCP.NS …
2026-08-27 19:11:44,998  INFO      [75/107] fetching HAVELLS.NS …
2026-08-27 19:11:45,551  INFO      [76/107] fetching HAL.NS …
2026-08-27 19:11:46,087  INFO      [77/107] fetching ICICIGI.NS …
2026-08-27 19:11:46,630  INFO      [78/107] fetching ICICIPRULI.NS …
2026-08-27 19:11:47,159  INFO      [79/107] fetching IOC.NS …
2026-08-27 19:11:47,688  INFO      [80/107] fetching IRCTC.NS …
2026-08-27 19:11:48,198  INFO      [81/107] fetching JINDALSTEL.NS …
2026-08-27 19:11:48,734  INFO      [82/107] fetching LICI.NS …
2026-08-27 19:11:49,251  INFO      [83/107] fetching MARICO.NS …
2026-08-27 19:11:49,769  INFO      [84/107] fetching MOTHERSON.NS …
2026-08-27 19:11:50,294  INFO      [85/107] fetching NAUKRI.NS …
2026-08-27 19:11:50,811  INFO      [86/107] fetching PIDILITIND.NS …
2026-08-27 19:11:51,362  INFO      [87/107] fetching PNB.NS …
2026-08-27 19:11:51,872  INFO      [88/107] fetching PFC.NS …
2026-08-27 19:11:52,430  INFO      [89/107] fetching RECLTD.NS …
2026-08-27 19:11:52,969  INFO      [90/107] fetching SIEMENS.NS …
2026-08-27 19:11:53,530  INFO      [91/107] fetching SRF.NS …
2026-08-27 19:11:54,049  INFO      [92/107] fetching SHREECEM.NS …
2026-08-27 19:11:54,572  INFO      [93/107] fetching SHRIRAMFIN.NS …
2026-08-27 19:11:55,100  INFO      [94/107] fetching TORNTPHARM.NS …
2026-08-27 19:11:55,612  INFO      [95/107] fetching TRENT.NS …
2026-08-27 19:11:56,164  INFO      [96/107] fetching TVSMOTOR.NS …
2026-08-27 19:11:56,699  INFO      [97/107] fetching VEDL.NS …
2026-08-27 19:11:57,228  INFO      [98/107] fetching VBL.NS …
2026-08-27 19:11:57,730  INFO      [99/107] fetching ZOMATO.NS …
2026-08-27 19:11:58,434  WARNING   [ZOMATO.NS] insufficient history (0 rows)
2026-08-27 19:11:58,835  INFO      [100/107] fetching ZYDUSLIFE.NS …
2026-08-27 19:11:59,635  INFO      [101/107] fetching INDIGO.NS …
2026-08-27 19:12:00,142  INFO      [102/107] fetching IDEA.NS …
2026-08-27 19:12:00,667  INFO      [103/107] fetching BANKINDIA.NS …
2026-08-27 19:12:01,186  INFO      [104/107] fetching PAGEIND.NS …
2026-08-27 19:12:01,746  INFO      [105/107] fetching MUTHOOTFIN.NS …
2026-08-27 19:12:02,257  INFO      [106/107] fetching TATAELXSI.NS …
2026-08-27 19:12:02,775  INFO      [107/107] fetching LUPIN.NS …
2026-08-27 19:12:02,975  INFO      Fetched 104/107 symbols successfully.
2026-08-27 19:12:07,042  INFO      Fetched 200 headlines from RSS (Indian + global/geopolitics).
2026-08-27 19:12:10,372  INFO      Macro regime: neutral | bias=2 | geo-risk=38.1
2026-08-27 19:12:10,620  INFO      NSE corp announcements: 20 filings
2026-08-27 19:12:12,208  INFO      Angel One login successful.
2026-08-27 19:12:12,838  INFO      Saved report → data/stock_reports/2026-08-27_1912.json
2026-08-27 19:12:13,218  INFO      Report image saved → logs/stock_analyzer/2026-08-28/stock_report.png  [1920×1280]
2026-08-27 19:12:13,219  INFO      Dry-run: skipping send. Image + PDF saved locally; console printed.
2026-08-27 19:12:13,219  INFO      == Stock analyzer run complete ==
2026-08-27 19:12:13,223  INFO      [Note] PAPER TRADING -- virtual cash Rs 100,000, max_positions=6 max_pct=15% buckets=('intraday', 'swing') state=data/paper_trader_state.json
2026-08-27 19:12:13,223  INFO      [Note] PAPER TRADING -- virtual cash Rs 100,000, max_positions=6 max_pct=15% buckets=('intraday', 'swing') state=data/paper_trader_state.json
2026-08-27 19:12:13,224  INFO      paper-trader: new day, archived 0 trades (cumulative ₹-4,338)
2026-08-27 19:12:24,888  INFO      tick result: {'ok': True, 'actions': 0, 'open_trades': 1, 'closed_today': 0, 'realised_pnl': 0.0, 'cumulative_pnl': -4337.74, 'halted': False, 'messages': []}
2026-08-27 19:12:24,888  INFO      tick result: {'ok': True, 'actions': 0, 'open_trades': 1, 'closed_today': 0, 'realised_pnl': 0.0, 'cumulative_pnl': -4337.74, 'halted': False, 'messages': []}
2026-08-27 19:12:24,899  INFO      paper report saved to data/paper_reports/2026-08-28_0042.txt
2026-08-27 19:12:24,899  INFO      paper report saved to data/paper_reports/2026-08-28_0042.txt
2026-08-27 19:12:24,988  INFO      paper report image saved to data/paper_reports/2026-08-28_0042.png
2026-08-27 19:12:24,988  INFO      paper report image saved to data/paper_reports/2026-08-28_0042.png
2026-08-27 19:12:24,988  INFO      Sending image to 919790967892 via Green API (2026-08-28_0042.png, 65 KB, caption 108 chars) …
2026-08-27 19:12:25,657  INFO      Image sent (id: 3EB00D191860BC98D44AF0).
2026-08-27 19:12:25,658  INFO      Sending image to 919789990096 via Green API (2026-08-28_0042.png, 65 KB, caption 108 chars) …
2026-08-27 19:12:26,357  INFO      Image sent (id: 3EB0A84F1E9A21C3E675C8).
2026-08-27 19:12:26,358  INFO      paper report sent via whatsapp: image+caption (2 image / 0 text of 2 recipient(s))
2026-08-27 19:12:26,358  INFO      paper report sent via whatsapp: image+caption (2 image / 0 text of 2 recipient(s))
