2026-06-17 08:51:35,084  INFO      angel_one starting ... (cmd=paper-trade)
2026-06-17 08:51:35,084  INFO      angel_one starting ... (cmd=paper-trade)
2026-06-17 08:51:35,100  INFO      refresh: generating today's picks via analyzer (dry-run, no PDF)
2026-06-17 08:51:35,100  INFO      refresh: generating today's picks via analyzer (dry-run, no PDF)
2026-06-17 08:51:35,709  INFO      == Stock analyzer run starting ==
2026-06-17 08:51:35,709  INFO      Watchlist: 11 symbols from data/stock_watchlist.txt
2026-06-17 08:51:35,709  INFO      Universe: 107 symbols (total available: 107)
2026-06-17 08:51:36,475  INFO      [1/107] fetching TATAPOWER.NS …
2026-06-17 08:51:37,156  INFO      [2/107] fetching IRFC.NS …
2026-06-17 08:51:37,790  INFO      [3/107] fetching SUZLON.NS …
2026-06-17 08:51:38,390  INFO      [4/107] fetching IREDA.NS …
2026-06-17 08:51:38,985  INFO      [5/107] fetching BHEL.NS …
2026-06-17 08:51:39,589  INFO      [6/107] fetching KPITTECH.NS …
2026-06-17 08:51:40,176  INFO      [7/107] fetching POLYCAB.NS …
2026-06-17 08:51:40,736  INFO      [8/107] fetching PERSISTENT.NS …
2026-06-17 08:51:41,350  INFO      [9/107] fetching ITC.NS …
2026-06-17 08:51:41,941  INFO      [10/107] fetching POWERGRID.NS …
2026-06-17 08:51:42,566  INFO      [11/107] fetching COALINDIA.NS …
2026-06-17 08:51:43,181  INFO      [12/107] fetching RELIANCE.NS …
2026-06-17 08:51:43,764  INFO      [13/107] fetching TCS.NS …
2026-06-17 08:51:44,405  INFO      [14/107] fetching HDFCBANK.NS …
2026-06-17 08:51:45,064  INFO      [15/107] fetching INFY.NS …
2026-06-17 08:51:45,703  INFO      [16/107] fetching ICICIBANK.NS …
2026-06-17 08:51:46,335  INFO      [17/107] fetching HINDUNILVR.NS …
2026-06-17 08:51:46,967  INFO      [18/107] fetching SBIN.NS …
2026-06-17 08:51:47,608  INFO      [19/107] fetching BHARTIARTL.NS …
2026-06-17 08:51:48,225  INFO      [20/107] fetching KOTAKBANK.NS …
2026-06-17 08:51:48,853  INFO      [21/107] fetching LT.NS …
2026-06-17 08:51:49,427  INFO      [22/107] fetching AXISBANK.NS …
2026-06-17 08:51:50,003  INFO      [23/107] fetching BAJFINANCE.NS …
2026-06-17 08:51:50,608  INFO      [24/107] fetching ASIANPAINT.NS …
2026-06-17 08:51:51,188  INFO      [25/107] fetching MARUTI.NS …
2026-06-17 08:51:51,761  INFO      [26/107] fetching HCLTECH.NS …
2026-06-17 08:51:52,395  INFO      [27/107] fetching SUNPHARMA.NS …
2026-06-17 08:51:53,011  INFO      [28/107] fetching TITAN.NS …
2026-06-17 08:51:53,636  INFO      [29/107] fetching ULTRACEMCO.NS …
2026-06-17 08:51:54,255  INFO      [30/107] fetching WIPRO.NS …
2026-06-17 08:51:54,899  INFO      [31/107] fetching NESTLEIND.NS …
2026-06-17 08:51:55,530  INFO      [32/107] fetching ADANIENT.NS …
2026-06-17 08:51:56,111  INFO      [33/107] fetching NTPC.NS …
2026-06-17 08:51:56,685  INFO      [34/107] fetching TATAMOTORS.NS …
2026-06-17 08:51:59,029  WARNING   [TATAMOTORS.NS] insufficient history (0 rows)
2026-06-17 08:51:59,429  INFO      [35/107] fetching M&M.NS …
2026-06-17 08:52:00,079  INFO      [36/107] fetching TATASTEEL.NS …
2026-06-17 08:52:00,708  INFO      [37/107] fetching JSWSTEEL.NS …
2026-06-17 08:52:01,338  INFO      [38/107] fetching ONGC.NS …
2026-06-17 08:52:01,958  INFO      [39/107] fetching TECHM.NS …
2026-06-17 08:52:02,557  INFO      [40/107] fetching BAJAJFINSV.NS …
2026-06-17 08:52:03,199  INFO      [41/107] fetching HINDALCO.NS …
2026-06-17 08:52:03,832  INFO      [42/107] fetching GRASIM.NS …
2026-06-17 08:52:04,464  INFO      [43/107] fetching DRREDDY.NS …
2026-06-17 08:52:05,091  INFO      [44/107] fetching CIPLA.NS …
2026-06-17 08:52:05,699  INFO      [45/107] fetching DIVISLAB.NS …
2026-06-17 08:52:06,323  INFO      [46/107] fetching EICHERMOT.NS …
2026-06-17 08:52:06,956  INFO      [47/107] fetching BRITANNIA.NS …
2026-06-17 08:52:07,636  INFO      [48/107] fetching HEROMOTOCO.NS …
2026-06-17 08:52:08,265  INFO      [49/107] fetching BAJAJ-AUTO.NS …
2026-06-17 08:52:08,888  INFO      [50/107] fetching INDUSINDBK.NS …
2026-06-17 08:52:09,661  INFO      [51/107] fetching APOLLOHOSP.NS …
2026-06-17 08:52:10,291  INFO      [52/107] fetching TATACONSUM.NS …
2026-06-17 08:52:10,936  INFO      [53/107] fetching UPL.NS …
2026-06-17 08:52:11,564  INFO      [54/107] fetching BPCL.NS …
2026-06-17 08:52:12,193  INFO      [55/107] fetching SBILIFE.NS …
2026-06-17 08:52:12,801  INFO      [56/107] fetching HDFCLIFE.NS …
2026-06-17 08:52:13,414  INFO      [57/107] fetching ADANIPORTS.NS …
2026-06-17 08:52:14,032  INFO      [58/107] fetching LTIM.NS …
2026-06-17 08:52:15,324  WARNING   [LTIM.NS] insufficient history (0 rows)
2026-06-17 08:52:15,724  INFO      [59/107] fetching ABB.NS …
2026-06-17 08:52:16,346  INFO      [60/107] fetching ADANIGREEN.NS …
2026-06-17 08:52:16,942  INFO      [61/107] fetching ADANIPOWER.NS …
2026-06-17 08:52:17,516  INFO      [62/107] fetching AMBUJACEM.NS …
2026-06-17 08:52:18,149  INFO      [63/107] fetching DMART.NS …
2026-06-17 08:52:18,760  INFO      [64/107] fetching BAJAJHLDNG.NS …
2026-06-17 08:52:19,397  INFO      [65/107] fetching BANKBARODA.NS …
2026-06-17 08:52:20,011  INFO      [66/107] fetching BERGEPAINT.NS …
2026-06-17 08:52:20,648  INFO      [67/107] fetching BOSCHLTD.NS …
2026-06-17 08:52:21,266  INFO      [68/107] fetching CANBK.NS …
2026-06-17 08:52:21,865  INFO      [69/107] fetching CHOLAFIN.NS …
2026-06-17 08:52:22,474  INFO      [70/107] fetching COLPAL.NS …
2026-06-17 08:52:23,126  INFO      [71/107] fetching DABUR.NS …
2026-06-17 08:52:23,742  INFO      [72/107] fetching DLF.NS …
2026-06-17 08:52:24,357  INFO      [73/107] fetching GAIL.NS …
2026-06-17 08:52:24,950  INFO      [74/107] fetching GODREJCP.NS …
2026-06-17 08:52:25,606  INFO      [75/107] fetching HAVELLS.NS …
2026-06-17 08:52:26,262  INFO      [76/107] fetching HAL.NS …
2026-06-17 08:52:26,865  INFO      [77/107] fetching ICICIGI.NS …
2026-06-17 08:52:27,475  INFO      [78/107] fetching ICICIPRULI.NS …
2026-06-17 08:52:28,086  INFO      [79/107] fetching IOC.NS …
2026-06-17 08:52:28,697  INFO      [80/107] fetching IRCTC.NS …
2026-06-17 08:52:29,278  INFO      [81/107] fetching JINDALSTEL.NS …
2026-06-17 08:52:29,893  INFO      [82/107] fetching LICI.NS …
2026-06-17 08:52:30,500  INFO      [83/107] fetching MARICO.NS …
2026-06-17 08:52:31,139  INFO      [84/107] fetching MOTHERSON.NS …
2026-06-17 08:52:31,767  INFO      [85/107] fetching NAUKRI.NS …
2026-06-17 08:52:32,347  INFO      [86/107] fetching PIDILITIND.NS …
2026-06-17 08:52:33,005  INFO      [87/107] fetching PNB.NS …
2026-06-17 08:52:33,664  INFO      [88/107] fetching PFC.NS …
2026-06-17 08:52:34,258  INFO      [89/107] fetching RECLTD.NS …
2026-06-17 08:52:34,875  INFO      [90/107] fetching SIEMENS.NS …
2026-06-17 08:52:35,476  INFO      [91/107] fetching SRF.NS …
2026-06-17 08:52:36,092  INFO      [92/107] fetching SHREECEM.NS …
2026-06-17 08:52:36,698  INFO      [93/107] fetching SHRIRAMFIN.NS …
2026-06-17 08:52:37,324  INFO      [94/107] fetching TORNTPHARM.NS …
2026-06-17 08:52:37,971  INFO      [95/107] fetching TRENT.NS …
2026-06-17 08:52:38,582  INFO      [96/107] fetching TVSMOTOR.NS …
2026-06-17 08:52:39,182  INFO      [97/107] fetching VEDL.NS …
2026-06-17 08:52:39,814  INFO      [98/107] fetching VBL.NS …
2026-06-17 08:52:40,413  INFO      [99/107] fetching ZOMATO.NS …
2026-06-17 08:52:41,692  WARNING   [ZOMATO.NS] insufficient history (0 rows)
2026-06-17 08:52:42,092  INFO      [100/107] fetching ZYDUSLIFE.NS …
2026-06-17 08:52:42,715  INFO      [101/107] fetching INDIGO.NS …
2026-06-17 08:52:43,295  INFO      [102/107] fetching IDEA.NS …
2026-06-17 08:52:43,894  INFO      [103/107] fetching BANKINDIA.NS …
2026-06-17 08:52:44,512  INFO      [104/107] fetching PAGEIND.NS …
2026-06-17 08:52:45,144  INFO      [105/107] fetching MUTHOOTFIN.NS …
2026-06-17 08:52:45,738  INFO      [106/107] fetching TATAELXSI.NS …
2026-06-17 08:52:46,383  INFO      [107/107] fetching LUPIN.NS …
2026-06-17 08:52:46,577  INFO      Fetched 104/107 symbols successfully.
2026-06-17 08:52:52,682  WARNING   [MF 119551] fetch failed: HTTPSConnectionPool(host='api.mfapi.in', port=443): Read timed out. (read timeout=5)
2026-06-17 08:52:53,928  INFO      Fetched 200 headlines from RSS (Indian + global/geopolitics).
2026-06-17 08:52:58,991  INFO      Macro regime: neutral | bias=0 | geo-risk=30.8
2026-06-17 08:52:59,301  INFO      NSE corp announcements: 20 filings
2026-06-17 08:53:00,972  INFO      Angel One login successful.
2026-06-17 08:53:01,760  INFO      Saved report → data/stock_reports/2026-06-17_0853.json
2026-06-17 08:53:02,238  INFO      Report image saved → logs/stock_analyzer/2026-06-17/stock_report.png  [1920×1280]
2026-06-17 08:53:02,239  INFO      Dry-run: skipping send. Image + PDF saved locally; console printed.
2026-06-17 08:53:02,240  INFO      == Stock analyzer run complete ==
2026-06-17 08:53:02,243  INFO      [Note] PAPER TRADING -- virtual cash Rs 100,000, max_positions=6 max_pct=15% buckets=('intraday', 'swing') state=data/paper_trader_state.json
2026-06-17 08:53:02,243  INFO      [Note] PAPER TRADING -- virtual cash Rs 100,000, max_positions=6 max_pct=15% buckets=('intraday', 'swing') state=data/paper_trader_state.json
2026-06-17 08:53:02,244  INFO      paper-trader: new day, archived 4 trades (cumulative ₹-1,507)
2026-06-17 08:53:16,991  INFO      [DRY] Angel order would be: {'variety': 'NORMAL', 'tradingsymbol': 'GAIL-EQ', 'symboltoken': '4717', 'transactiontype': 'SELL', 'exchange': 'NSE', 'ordertype': 'MARKET', 'producttype': 'INTRADAY', 'duration': 'DAY', 'price': '0', 'squareoff': '0', 'stoploss': '0', 'quantity': '47'}
2026-06-17 08:53:16,992  INFO      [SL] [DRY] CLOSE GAIL.NS qty=47 @ Rs 174.85 P&L Rs +324 (gross Rs +336, cost Rs 12; trailing-SL hit @ 174.85 (peak 176.38))
2026-06-17 08:53:16,992  INFO      [DRY] Angel order would be: {'variety': 'NORMAL', 'tradingsymbol': 'TRENT-EQ', 'symboltoken': '1964', 'transactiontype': 'BUY', 'exchange': 'NSE', 'ordertype': 'MARKET', 'producttype': 'INTRADAY', 'duration': 'DAY', 'price': '0', 'squareoff': '0', 'stoploss': '0', 'quantity': '4'}
2026-06-17 08:53:16,992  INFO      [OPEN] [DRY] TRENT.NS qty=4 @ Rs 3075.10 SL Rs 2985.03 TGT Rs 3223.23 (order=None)
2026-06-17 08:53:16,992  INFO      [DRY] Angel order would be: {'variety': 'NORMAL', 'tradingsymbol': 'IRFC-EQ', 'symboltoken': '2029', 'transactiontype': 'BUY', 'exchange': 'NSE', 'ordertype': 'MARKET', 'producttype': 'INTRADAY', 'duration': 'DAY', 'price': '0', 'squareoff': '0', 'stoploss': '0', 'quantity': '107'}
2026-06-17 08:53:16,992  INFO      [OPEN] [DRY] IRFC.NS qty=107 @ Rs 100.15 SL Rs 97.86 TGT Rs 100.88 (order=None)
2026-06-17 08:53:16,992  INFO      [DRY] Angel order would be: {'variety': 'NORMAL', 'tradingsymbol': 'HAL-EQ', 'symboltoken': '2303', 'transactiontype': 'BUY', 'exchange': 'NSE', 'ordertype': 'MARKET', 'producttype': 'INTRADAY', 'duration': 'DAY', 'price': '0', 'squareoff': '0', 'stoploss': '0', 'quantity': '2'}
2026-06-17 08:53:16,992  INFO      [OPEN] [DRY] HAL.NS qty=2 @ Rs 4409.00 SL Rs 4298.90 TGT Rs 4404.17 (order=None)
2026-06-17 08:53:16,992  INFO      [DRY] Angel order would be: {'variety': 'NORMAL', 'tradingsymbol': 'DMART-EQ', 'symboltoken': '19913', 'transactiontype': 'BUY', 'exchange': 'NSE', 'ordertype': 'MARKET', 'producttype': 'INTRADAY', 'duration': 'DAY', 'price': '0', 'squareoff': '0', 'stoploss': '0', 'quantity': '1'}
2026-06-17 08:53:16,992  INFO      [OPEN] [DRY] DMART.NS qty=1 @ Rs 4245.30 SL Rs 4143.61 TGT Rs 4439.10 (order=None)
2026-06-17 08:53:16,995  INFO      tick result: {'ok': True, 'actions': 5, 'open_trades': 5, 'closed_today': 1, 'realised_pnl': 323.5, 'cumulative_pnl': -1183.63, 'halted': False, 'messages': ['[SL] [DRY] CLOSE GAIL.NS qty=47 @ Rs 174.85 P&L Rs +324 (gross Rs +336, cost Rs 12; trailing-SL hit @ 174.85 (peak 176.38))', '[OPEN] [DRY] TRENT.NS qty=4 @ Rs 3075.10 SL Rs 2985.03 TGT Rs 3223.23 (order=None)', '[OPEN] [DRY] IRFC.NS qty=107 @ Rs 100.15 SL Rs 97.86 TGT Rs 100.88 (order=None)', '[OPEN] [DRY] HAL.NS qty=2 @ Rs 4409.00 SL Rs 4298.90 TGT Rs 4404.17 (order=None)', '[OPEN] [DRY] DMART.NS qty=1 @ Rs 4245.30 SL Rs 4143.61 TGT Rs 4439.10 (order=None)']}
2026-06-17 08:53:16,995  INFO      tick result: {'ok': True, 'actions': 5, 'open_trades': 5, 'closed_today': 1, 'realised_pnl': 323.5, 'cumulative_pnl': -1183.63, 'halted': False, 'messages': ['[SL] [DRY] CLOSE GAIL.NS qty=47 @ Rs 174.85 P&L Rs +324 (gross Rs +336, cost Rs 12; trailing-SL hit @ 174.85 (peak 176.38))', '[OPEN] [DRY] TRENT.NS qty=4 @ Rs 3075.10 SL Rs 2985.03 TGT Rs 3223.23 (order=None)', '[OPEN] [DRY] IRFC.NS qty=107 @ Rs 100.15 SL Rs 97.86 TGT Rs 100.88 (order=None)', '[OPEN] [DRY] HAL.NS qty=2 @ Rs 4409.00 SL Rs 4298.90 TGT Rs 4404.17 (order=None)', '[OPEN] [DRY] DMART.NS qty=1 @ Rs 4245.30 SL Rs 4143.61 TGT Rs 4439.10 (order=None)']}
