2026-07-31 06:34:14,011  INFO      angel_one starting ... (cmd=paper-trade)
2026-07-31 06:34:14,011  INFO      angel_one starting ... (cmd=paper-trade)
2026-07-31 06:34:14,025  INFO      refresh: generating today's picks via analyzer (dry-run, no PDF)
2026-07-31 06:34:14,025  INFO      refresh: generating today's picks via analyzer (dry-run, no PDF)
2026-07-31 06:34:14,445  INFO      == Stock analyzer run starting ==
2026-07-31 06:34:14,445  INFO      Watchlist: 11 symbols from data/stock_watchlist.txt
2026-07-31 06:34:14,445  INFO      Universe: 107 symbols (total available: 107)
2026-07-31 06:34:15,031  INFO      [1/107] fetching TATAPOWER.NS …
2026-07-31 06:34:15,577  INFO      [2/107] fetching IRFC.NS …
2026-07-31 06:34:16,062  INFO      [3/107] fetching SUZLON.NS …
2026-07-31 06:34:16,546  INFO      [4/107] fetching IREDA.NS …
2026-07-31 06:34:17,033  INFO      [5/107] fetching BHEL.NS …
2026-07-31 06:34:17,548  INFO      [6/107] fetching KPITTECH.NS …
2026-07-31 06:34:18,034  INFO      [7/107] fetching POLYCAB.NS …
2026-07-31 06:34:18,527  INFO      [8/107] fetching PERSISTENT.NS …
2026-07-31 06:34:19,024  INFO      [9/107] fetching ITC.NS …
2026-07-31 06:34:19,541  INFO      [10/107] fetching POWERGRID.NS …
2026-07-31 06:34:20,036  INFO      [11/107] fetching COALINDIA.NS …
2026-07-31 06:34:20,533  INFO      [12/107] fetching RELIANCE.NS …
2026-07-31 06:34:21,049  INFO      [13/107] fetching TCS.NS …
2026-07-31 06:34:21,599  INFO      [14/107] fetching HDFCBANK.NS …
2026-07-31 06:34:22,108  INFO      [15/107] fetching INFY.NS …
2026-07-31 06:34:22,619  INFO      [16/107] fetching ICICIBANK.NS …
2026-07-31 06:34:23,118  INFO      [17/107] fetching HINDUNILVR.NS …
2026-07-31 06:34:23,627  INFO      [18/107] fetching SBIN.NS …
2026-07-31 06:34:24,141  INFO      [19/107] fetching BHARTIARTL.NS …
2026-07-31 06:34:24,643  INFO      [20/107] fetching KOTAKBANK.NS …
2026-07-31 06:34:25,153  INFO      [21/107] fetching LT.NS …
2026-07-31 06:34:25,668  INFO      [22/107] fetching AXISBANK.NS …
2026-07-31 06:34:26,171  INFO      [23/107] fetching BAJFINANCE.NS …
2026-07-31 06:34:26,676  INFO      [24/107] fetching ASIANPAINT.NS …
2026-07-31 06:34:27,182  INFO      [25/107] fetching MARUTI.NS …
2026-07-31 06:34:27,690  INFO      [26/107] fetching HCLTECH.NS …
2026-07-31 06:34:28,198  INFO      [27/107] fetching SUNPHARMA.NS …
2026-07-31 06:34:28,711  INFO      [28/107] fetching TITAN.NS …
2026-07-31 06:34:29,212  INFO      [29/107] fetching ULTRACEMCO.NS …
2026-07-31 06:34:29,716  INFO      [30/107] fetching WIPRO.NS …
2026-07-31 06:34:30,231  INFO      [31/107] fetching NESTLEIND.NS …
2026-07-31 06:34:30,740  INFO      [32/107] fetching ADANIENT.NS …
2026-07-31 06:34:31,245  INFO      [33/107] fetching NTPC.NS …
2026-07-31 06:34:31,785  INFO      [34/107] fetching TATAMOTORS.NS …
2026-07-31 06:34:33,030  WARNING   [TATAMOTORS.NS] insufficient history (0 rows)
2026-07-31 06:34:33,430  INFO      [35/107] fetching M&M.NS …
2026-07-31 06:34:33,947  INFO      [36/107] fetching TATASTEEL.NS …
2026-07-31 06:34:34,466  INFO      [37/107] fetching JSWSTEEL.NS …
2026-07-31 06:34:35,003  INFO      [38/107] fetching ONGC.NS …
2026-07-31 06:34:35,537  INFO      [39/107] fetching TECHM.NS …
2026-07-31 06:34:36,041  INFO      [40/107] fetching BAJAJFINSV.NS …
2026-07-31 06:34:36,542  INFO      [41/107] fetching HINDALCO.NS …
2026-07-31 06:34:37,118  INFO      [42/107] fetching GRASIM.NS …
2026-07-31 06:34:37,635  INFO      [43/107] fetching DRREDDY.NS …
2026-07-31 06:34:38,139  INFO      [44/107] fetching CIPLA.NS …
2026-07-31 06:34:38,654  INFO      [45/107] fetching DIVISLAB.NS …
2026-07-31 06:34:39,152  INFO      [46/107] fetching EICHERMOT.NS …
2026-07-31 06:34:39,672  INFO      [47/107] fetching BRITANNIA.NS …
2026-07-31 06:34:40,186  INFO      [48/107] fetching HEROMOTOCO.NS …
2026-07-31 06:34:40,687  INFO      [49/107] fetching BAJAJ-AUTO.NS …
2026-07-31 06:34:41,195  INFO      [50/107] fetching INDUSINDBK.NS …
2026-07-31 06:34:41,698  INFO      [51/107] fetching APOLLOHOSP.NS …
2026-07-31 06:34:42,211  INFO      [52/107] fetching TATACONSUM.NS …
2026-07-31 06:34:42,764  INFO      [53/107] fetching UPL.NS …
2026-07-31 06:34:43,269  INFO      [54/107] fetching BPCL.NS …
2026-07-31 06:34:43,784  INFO      [55/107] fetching SBILIFE.NS …
2026-07-31 06:34:44,271  INFO      [56/107] fetching HDFCLIFE.NS …
2026-07-31 06:34:44,772  INFO      [57/107] fetching ADANIPORTS.NS …
2026-07-31 06:34:45,273  INFO      [58/107] fetching LTIM.NS …
2026-07-31 06:34:45,790  WARNING   [LTIM.NS] insufficient history (0 rows)
2026-07-31 06:34:46,191  INFO      [59/107] fetching ABB.NS …
2026-07-31 06:34:46,697  INFO      [60/107] fetching ADANIGREEN.NS …
2026-07-31 06:34:47,181  INFO      [61/107] fetching ADANIPOWER.NS …
2026-07-31 06:34:47,669  INFO      [62/107] fetching AMBUJACEM.NS …
2026-07-31 06:34:48,236  INFO      [63/107] fetching DMART.NS …
2026-07-31 06:34:48,722  INFO      [64/107] fetching BAJAJHLDNG.NS …
2026-07-31 06:34:49,229  INFO      [65/107] fetching BANKBARODA.NS …
2026-07-31 06:34:49,736  INFO      [66/107] fetching BERGEPAINT.NS …
2026-07-31 06:34:50,241  INFO      [67/107] fetching BOSCHLTD.NS …
2026-07-31 06:34:50,748  INFO      [68/107] fetching CANBK.NS …
2026-07-31 06:34:51,258  INFO      [69/107] fetching CHOLAFIN.NS …
2026-07-31 06:34:51,764  INFO      [70/107] fetching COLPAL.NS …
2026-07-31 06:34:52,282  INFO      [71/107] fetching DABUR.NS …
2026-07-31 06:34:52,792  INFO      [72/107] fetching DLF.NS …
2026-07-31 06:34:53,290  INFO      [73/107] fetching GAIL.NS …
2026-07-31 06:34:53,809  INFO      [74/107] fetching GODREJCP.NS …
2026-07-31 06:34:54,321  INFO      [75/107] fetching HAVELLS.NS …
2026-07-31 06:34:54,833  INFO      [76/107] fetching HAL.NS …
2026-07-31 06:34:55,323  INFO      [77/107] fetching ICICIGI.NS …
2026-07-31 06:34:55,808  INFO      [78/107] fetching ICICIPRULI.NS …
2026-07-31 06:34:56,296  INFO      [79/107] fetching IOC.NS …
2026-07-31 06:34:56,851  INFO      [80/107] fetching IRCTC.NS …
2026-07-31 06:34:57,346  INFO      [81/107] fetching JINDALSTEL.NS …
2026-07-31 06:34:57,860  INFO      [82/107] fetching LICI.NS …
2026-07-31 06:34:58,343  INFO      [83/107] fetching MARICO.NS …
2026-07-31 06:34:58,866  INFO      [84/107] fetching MOTHERSON.NS …
2026-07-31 06:34:59,375  INFO      [85/107] fetching NAUKRI.NS …
2026-07-31 06:34:59,877  INFO      [86/107] fetching PIDILITIND.NS …
2026-07-31 06:35:00,388  INFO      [87/107] fetching PNB.NS …
2026-07-31 06:35:00,894  INFO      [88/107] fetching PFC.NS …
2026-07-31 06:35:01,401  INFO      [89/107] fetching RECLTD.NS …
2026-07-31 06:35:01,941  INFO      [90/107] fetching SIEMENS.NS …
2026-07-31 06:35:02,448  INFO      [91/107] fetching SRF.NS …
2026-07-31 06:35:02,956  INFO      [92/107] fetching SHREECEM.NS …
2026-07-31 06:35:03,543  INFO      [93/107] fetching SHRIRAMFIN.NS …
2026-07-31 06:35:04,050  INFO      [94/107] fetching TORNTPHARM.NS …
2026-07-31 06:35:04,571  INFO      [95/107] fetching TRENT.NS …
2026-07-31 06:35:05,070  INFO      [96/107] fetching TVSMOTOR.NS …
2026-07-31 06:35:05,569  INFO      [97/107] fetching VEDL.NS …
2026-07-31 06:35:06,083  INFO      [98/107] fetching VBL.NS …
2026-07-31 06:35:06,620  INFO      [99/107] fetching ZOMATO.NS …
2026-07-31 06:35:07,207  WARNING   [ZOMATO.NS] insufficient history (0 rows)
2026-07-31 06:35:07,607  INFO      [100/107] fetching ZYDUSLIFE.NS …
2026-07-31 06:35:08,126  INFO      [101/107] fetching INDIGO.NS …
2026-07-31 06:35:08,615  INFO      [102/107] fetching IDEA.NS …
2026-07-31 06:35:09,101  INFO      [103/107] fetching BANKINDIA.NS …
2026-07-31 06:35:09,632  INFO      [104/107] fetching PAGEIND.NS …
2026-07-31 06:35:10,132  INFO      [105/107] fetching MUTHOOTFIN.NS …
2026-07-31 06:35:10,633  INFO      [106/107] fetching TATAELXSI.NS …
2026-07-31 06:35:11,148  INFO      [107/107] fetching LUPIN.NS …
2026-07-31 06:35:11,280  INFO      Fetched 104/107 symbols successfully.
2026-07-31 06:35:13,545  WARNING   [MF 120503] fetch failed: HTTPSConnectionPool(host='api.mfapi.in', port=443): Read timed out. (read timeout=2)
2026-07-31 06:35:15,484  INFO      Fetched 200 headlines from RSS (Indian + global/geopolitics).
2026-07-31 06:35:19,339  INFO      Macro regime: risk-on | bias=4 | geo-risk=44.8
2026-07-31 06:35:19,579  INFO      NSE corp announcements: 20 filings
2026-07-31 06:35:21,474  INFO      Angel One login successful.
2026-07-31 06:35:22,077  INFO      Saved report → data/stock_reports/2026-07-31_0635.json
2026-07-31 06:35:22,481  INFO      Report image saved → logs/stock_analyzer/2026-07-31/stock_report.png  [1920×1280]
2026-07-31 06:35:22,482  INFO      Dry-run: skipping send. Image + PDF saved locally; console printed.
2026-07-31 06:35:22,482  INFO      == Stock analyzer run complete ==
2026-07-31 06:35:22,484  INFO      [Note] PAPER TRADING -- virtual cash Rs 100,000, max_positions=6 max_pct=15% buckets=('intraday', 'swing') state=data/paper_trader_state.json
2026-07-31 06:35:22,484  INFO      [Note] PAPER TRADING -- virtual cash Rs 100,000, max_positions=6 max_pct=15% buckets=('intraday', 'swing') state=data/paper_trader_state.json
2026-07-31 06:35:22,485  INFO      paper-trader: new day, archived 4 trades (cumulative ₹-4,050)
2026-07-31 06:35:36,116  INFO      [DRY] Angel order would be: {'variety': 'NORMAL', 'tradingsymbol': 'BAJFINANCE-EQ', 'symboltoken': '317', 'transactiontype': 'BUY', 'exchange': 'NSE', 'ordertype': 'MARKET', 'producttype': 'INTRADAY', 'duration': 'DAY', 'price': '0', 'squareoff': '0', 'stoploss': '0', 'quantity': '10'}
2026-07-31 06:35:36,117  INFO      [OPEN] [DRY] BAJFINANCE.NS qty=10 @ Rs 1129.60 SL Rs 1100.65 TGT Rs 1183.18 (order=None)
2026-07-31 06:35:36,117  INFO      [DRY] Angel order would be: {'variety': 'NORMAL', 'tradingsymbol': 'M&M-EQ', 'symboltoken': '2031', 'transactiontype': 'BUY', 'exchange': 'NSE', 'ordertype': 'MARKET', 'producttype': 'INTRADAY', 'duration': 'DAY', 'price': '0', 'squareoff': '0', 'stoploss': '0', 'quantity': '3'}
2026-07-31 06:35:36,117  INFO      [OPEN] [DRY] M&M.NS qty=3 @ Rs 3430.00 SL Rs 3344.36 TGT Rs 3592.93 (order=None)
2026-07-31 06:35:36,117  INFO      [DRY] Angel order would be: {'variety': 'NORMAL', 'tradingsymbol': 'SIEMENS-EQ', 'symboltoken': '3150', 'transactiontype': 'BUY', 'exchange': 'NSE', 'ordertype': 'MARKET', 'producttype': 'INTRADAY', 'duration': 'DAY', 'price': '0', 'squareoff': '0', 'stoploss': '0', 'quantity': '2'}
2026-07-31 06:35:36,117  INFO      [OPEN] [DRY] SIEMENS.NS qty=2 @ Rs 3779.30 SL Rs 3679.97 TGT Rs 3800.08 (order=None)
2026-07-31 06:35:36,117  INFO      [DRY] Angel order would be: {'variety': 'NORMAL', 'tradingsymbol': 'MOTHERSON-EQ', 'symboltoken': '4204', 'transactiontype': 'BUY', 'exchange': 'NSE', 'ordertype': 'MARKET', 'producttype': 'INTRADAY', 'duration': 'DAY', 'price': '0', 'squareoff': '0', 'stoploss': '0', 'quantity': '52'}
2026-07-31 06:35:36,117  INFO      [OPEN] [DRY] MOTHERSON.NS qty=52 @ Rs 152.06 SL Rs 147.96 TGT Rs 154.94 (order=None)
2026-07-31 06:35:36,122  INFO      tick result: {'ok': True, 'actions': 4, 'open_trades': 6, 'closed_today': 0, 'realised_pnl': 0.0, 'cumulative_pnl': -4050.2, 'halted': False, 'messages': ['[OPEN] [DRY] BAJFINANCE.NS qty=10 @ Rs 1129.60 SL Rs 1100.65 TGT Rs 1183.18 (order=None)', '[OPEN] [DRY] M&M.NS qty=3 @ Rs 3430.00 SL Rs 3344.36 TGT Rs 3592.93 (order=None)', '[OPEN] [DRY] SIEMENS.NS qty=2 @ Rs 3779.30 SL Rs 3679.97 TGT Rs 3800.08 (order=None)', '[OPEN] [DRY] MOTHERSON.NS qty=52 @ Rs 152.06 SL Rs 147.96 TGT Rs 154.94 (order=None)']}
2026-07-31 06:35:36,122  INFO      tick result: {'ok': True, 'actions': 4, 'open_trades': 6, 'closed_today': 0, 'realised_pnl': 0.0, 'cumulative_pnl': -4050.2, 'halted': False, 'messages': ['[OPEN] [DRY] BAJFINANCE.NS qty=10 @ Rs 1129.60 SL Rs 1100.65 TGT Rs 1183.18 (order=None)', '[OPEN] [DRY] M&M.NS qty=3 @ Rs 3430.00 SL Rs 3344.36 TGT Rs 3592.93 (order=None)', '[OPEN] [DRY] SIEMENS.NS qty=2 @ Rs 3779.30 SL Rs 3679.97 TGT Rs 3800.08 (order=None)', '[OPEN] [DRY] MOTHERSON.NS qty=52 @ Rs 152.06 SL Rs 147.96 TGT Rs 154.94 (order=None)']}
