2026-07-22 06:18:24,482  INFO      angel_one starting ... (cmd=paper-trade)
2026-07-22 06:18:24,482  INFO      angel_one starting ... (cmd=paper-trade)
2026-07-22 06:18:24,498  INFO      refresh: generating today's picks via analyzer (dry-run, no PDF)
2026-07-22 06:18:24,498  INFO      refresh: generating today's picks via analyzer (dry-run, no PDF)
2026-07-22 06:18:25,128  INFO      == Stock analyzer run starting ==
2026-07-22 06:18:25,128  INFO      Watchlist: 11 symbols from data/stock_watchlist.txt
2026-07-22 06:18:25,129  INFO      Universe: 107 symbols (total available: 107)
2026-07-22 06:18:25,610  INFO      [1/107] fetching TATAPOWER.NS …
2026-07-22 06:18:26,291  INFO      [2/107] fetching IRFC.NS …
2026-07-22 06:18:26,903  INFO      [3/107] fetching SUZLON.NS …
2026-07-22 06:18:27,480  INFO      [4/107] fetching IREDA.NS …
2026-07-22 06:18:28,020  INFO      [5/107] fetching BHEL.NS …
2026-07-22 06:18:28,653  INFO      [6/107] fetching KPITTECH.NS …
2026-07-22 06:18:29,201  INFO      [7/107] fetching POLYCAB.NS …
2026-07-22 06:18:29,813  INFO      [8/107] fetching PERSISTENT.NS …
2026-07-22 06:18:30,400  INFO      [9/107] fetching ITC.NS …
2026-07-22 06:18:31,042  INFO      [10/107] fetching POWERGRID.NS …
2026-07-22 06:18:31,642  INFO      [11/107] fetching COALINDIA.NS …
2026-07-22 06:18:32,288  INFO      [12/107] fetching RELIANCE.NS …
2026-07-22 06:18:32,887  INFO      [13/107] fetching TCS.NS …
2026-07-22 06:18:33,515  INFO      [14/107] fetching HDFCBANK.NS …
2026-07-22 06:18:34,090  INFO      [15/107] fetching INFY.NS …
2026-07-22 06:18:34,706  INFO      [16/107] fetching ICICIBANK.NS …
2026-07-22 06:18:35,308  INFO      [17/107] fetching HINDUNILVR.NS …
2026-07-22 06:18:35,945  INFO      [18/107] fetching SBIN.NS …
2026-07-22 06:18:36,554  INFO      [19/107] fetching BHARTIARTL.NS …
2026-07-22 06:18:37,140  INFO      [20/107] fetching KOTAKBANK.NS …
2026-07-22 06:18:37,765  INFO      [21/107] fetching LT.NS …
2026-07-22 06:18:38,358  INFO      [22/107] fetching AXISBANK.NS …
2026-07-22 06:18:38,987  INFO      [23/107] fetching BAJFINANCE.NS …
2026-07-22 06:18:39,582  INFO      [24/107] fetching ASIANPAINT.NS …
2026-07-22 06:18:40,188  INFO      [25/107] fetching MARUTI.NS …
2026-07-22 06:18:40,785  INFO      [26/107] fetching HCLTECH.NS …
2026-07-22 06:18:41,363  INFO      [27/107] fetching SUNPHARMA.NS …
2026-07-22 06:18:41,968  INFO      [28/107] fetching TITAN.NS …
2026-07-22 06:18:42,557  INFO      [29/107] fetching ULTRACEMCO.NS …
2026-07-22 06:18:43,179  INFO      [30/107] fetching WIPRO.NS …
2026-07-22 06:18:43,832  INFO      [31/107] fetching NESTLEIND.NS …
2026-07-22 06:18:44,431  INFO      [32/107] fetching ADANIENT.NS …
2026-07-22 06:18:45,031  INFO      [33/107] fetching NTPC.NS …
2026-07-22 06:18:45,621  INFO      [34/107] fetching TATAMOTORS.NS …
2026-07-22 06:18:47,003  WARNING   [TATAMOTORS.NS] insufficient history (0 rows)
2026-07-22 06:18:47,403  INFO      [35/107] fetching M&M.NS …
2026-07-22 06:18:48,003  INFO      [36/107] fetching TATASTEEL.NS …
2026-07-22 06:18:48,579  INFO      [37/107] fetching JSWSTEEL.NS …
2026-07-22 06:18:49,141  INFO      [38/107] fetching ONGC.NS …
2026-07-22 06:18:49,749  INFO      [39/107] fetching TECHM.NS …
2026-07-22 06:18:50,340  INFO      [40/107] fetching BAJAJFINSV.NS …
2026-07-22 06:18:50,934  INFO      [41/107] fetching HINDALCO.NS …
2026-07-22 06:18:51,573  INFO      [42/107] fetching GRASIM.NS …
2026-07-22 06:18:52,169  INFO      [43/107] fetching DRREDDY.NS …
2026-07-22 06:18:52,807  INFO      [44/107] fetching CIPLA.NS …
2026-07-22 06:18:53,405  INFO      [45/107] fetching DIVISLAB.NS …
2026-07-22 06:18:54,000  INFO      [46/107] fetching EICHERMOT.NS …
2026-07-22 06:18:54,633  INFO      [47/107] fetching BRITANNIA.NS …
2026-07-22 06:18:55,216  INFO      [48/107] fetching HEROMOTOCO.NS …
2026-07-22 06:18:55,776  INFO      [49/107] fetching BAJAJ-AUTO.NS …
2026-07-22 06:18:56,368  INFO      [50/107] fetching INDUSINDBK.NS …
2026-07-22 06:18:56,966  INFO      [51/107] fetching APOLLOHOSP.NS …
2026-07-22 06:18:57,592  INFO      [52/107] fetching TATACONSUM.NS …
2026-07-22 06:18:58,199  INFO      [53/107] fetching UPL.NS …
2026-07-22 06:18:58,789  INFO      [54/107] fetching BPCL.NS …
2026-07-22 06:18:59,415  INFO      [55/107] fetching SBILIFE.NS …
2026-07-22 06:19:00,026  INFO      [56/107] fetching HDFCLIFE.NS …
2026-07-22 06:19:00,639  INFO      [57/107] fetching ADANIPORTS.NS …
2026-07-22 06:19:01,229  INFO      [58/107] fetching LTIM.NS …
2026-07-22 06:19:02,025  WARNING   [LTIM.NS] insufficient history (0 rows)
2026-07-22 06:19:02,425  INFO      [59/107] fetching ABB.NS …
2026-07-22 06:19:03,035  INFO      [60/107] fetching ADANIGREEN.NS …
2026-07-22 06:19:03,609  INFO      [61/107] fetching ADANIPOWER.NS …
2026-07-22 06:19:04,181  INFO      [62/107] fetching AMBUJACEM.NS …
2026-07-22 06:19:04,785  INFO      [63/107] fetching DMART.NS …
2026-07-22 06:19:05,353  INFO      [64/107] fetching BAJAJHLDNG.NS …
2026-07-22 06:19:05,979  INFO      [65/107] fetching BANKBARODA.NS …
2026-07-22 06:19:06,582  INFO      [66/107] fetching BERGEPAINT.NS …
2026-07-22 06:19:07,215  INFO      [67/107] fetching BOSCHLTD.NS …
2026-07-22 06:19:07,817  INFO      [68/107] fetching CANBK.NS …
2026-07-22 06:19:08,379  INFO      [69/107] fetching CHOLAFIN.NS …
2026-07-22 06:19:09,087  INFO      [70/107] fetching COLPAL.NS …
2026-07-22 06:19:09,681  INFO      [71/107] fetching DABUR.NS …
2026-07-22 06:19:10,246  INFO      [72/107] fetching DLF.NS …
2026-07-22 06:19:10,823  INFO      [73/107] fetching GAIL.NS …
2026-07-22 06:19:11,441  INFO      [74/107] fetching GODREJCP.NS …
2026-07-22 06:19:12,073  INFO      [75/107] fetching HAVELLS.NS …
2026-07-22 06:19:12,673  INFO      [76/107] fetching HAL.NS …
2026-07-22 06:19:13,331  INFO      [77/107] fetching ICICIGI.NS …
2026-07-22 06:19:13,914  INFO      [78/107] fetching ICICIPRULI.NS …
2026-07-22 06:19:14,468  INFO      [79/107] fetching IOC.NS …
2026-07-22 06:19:15,038  INFO      [80/107] fetching IRCTC.NS …
2026-07-22 06:19:15,623  INFO      [81/107] fetching JINDALSTEL.NS …
2026-07-22 06:19:16,231  INFO      [82/107] fetching LICI.NS …
2026-07-22 06:19:16,880  INFO      [83/107] fetching MARICO.NS …
2026-07-22 06:19:17,478  INFO      [84/107] fetching MOTHERSON.NS …
2026-07-22 06:19:18,054  INFO      [85/107] fetching NAUKRI.NS …
2026-07-22 06:19:18,651  INFO      [86/107] fetching PIDILITIND.NS …
2026-07-22 06:19:19,256  INFO      [87/107] fetching PNB.NS …
2026-07-22 06:19:19,852  INFO      [88/107] fetching PFC.NS …
2026-07-22 06:19:20,490  INFO      [89/107] fetching RECLTD.NS …
2026-07-22 06:19:21,083  INFO      [90/107] fetching SIEMENS.NS …
2026-07-22 06:19:21,654  INFO      [91/107] fetching SRF.NS …
2026-07-22 06:19:22,244  INFO      [92/107] fetching SHREECEM.NS …
2026-07-22 06:19:22,845  INFO      [93/107] fetching SHRIRAMFIN.NS …
2026-07-22 06:19:23,445  INFO      [94/107] fetching TORNTPHARM.NS …
2026-07-22 06:19:24,047  INFO      [95/107] fetching TRENT.NS …
2026-07-22 06:19:24,636  INFO      [96/107] fetching TVSMOTOR.NS …
2026-07-22 06:19:25,195  INFO      [97/107] fetching VEDL.NS …
2026-07-22 06:19:25,808  INFO      [98/107] fetching VBL.NS …
2026-07-22 06:19:26,387  INFO      [99/107] fetching ZOMATO.NS …
2026-07-22 06:19:27,162  WARNING   [ZOMATO.NS] insufficient history (0 rows)
2026-07-22 06:19:27,562  INFO      [100/107] fetching ZYDUSLIFE.NS …
2026-07-22 06:19:28,159  INFO      [101/107] fetching INDIGO.NS …
2026-07-22 06:19:28,740  INFO      [102/107] fetching IDEA.NS …
2026-07-22 06:19:29,362  INFO      [103/107] fetching BANKINDIA.NS …
2026-07-22 06:19:29,963  INFO      [104/107] fetching PAGEIND.NS …
2026-07-22 06:19:30,562  INFO      [105/107] fetching MUTHOOTFIN.NS …
2026-07-22 06:19:31,175  INFO      [106/107] fetching TATAELXSI.NS …
2026-07-22 06:19:31,765  INFO      [107/107] fetching LUPIN.NS …
2026-07-22 06:19:31,973  INFO      Fetched 104/107 symbols successfully.
2026-07-22 06:19:34,283  WARNING   [MF 120503] fetch failed: HTTPSConnectionPool(host='api.mfapi.in', port=443): Read timed out. (read timeout=2)
2026-07-22 06:19:36,495  INFO      Fetched 200 headlines from RSS (Indian + global/geopolitics).
2026-07-22 06:19:41,619  INFO      Macro regime: risk-on | bias=4 | geo-risk=37.5
2026-07-22 06:19:41,637  INFO      NSE corp announcements: 20 filings
2026-07-22 06:19:43,400  INFO      Angel One login successful.
2026-07-22 06:19:44,456  INFO      Saved report → data/stock_reports/2026-07-22_0619.json
2026-07-22 06:19:44,999  INFO      Report image saved → logs/stock_analyzer/2026-07-22/stock_report.png  [1920×1280]
2026-07-22 06:19:44,999  INFO      Dry-run: skipping send. Image + PDF saved locally; console printed.
2026-07-22 06:19:45,000  INFO      == Stock analyzer run complete ==
2026-07-22 06:19:45,002  INFO      [Note] PAPER TRADING -- virtual cash Rs 100,000, max_positions=6 max_pct=15% buckets=('intraday', 'swing') state=data/paper_trader_state.json
2026-07-22 06:19:45,002  INFO      [Note] PAPER TRADING -- virtual cash Rs 100,000, max_positions=6 max_pct=15% buckets=('intraday', 'swing') state=data/paper_trader_state.json
2026-07-22 06:19:45,003  INFO      paper-trader: new day, archived 4 trades (cumulative ₹-3,045)
2026-07-22 06:19:59,431  INFO      [DRY] Angel order would be: {'variety': 'NORMAL', 'tradingsymbol': 'TVSMOTOR-EQ', 'symboltoken': '8479', 'transactiontype': 'BUY', 'exchange': 'NSE', 'ordertype': 'MARKET', 'producttype': 'INTRADAY', 'duration': 'DAY', 'price': '0', 'squareoff': '0', 'stoploss': '0', 'quantity': '3'}
2026-07-22 06:19:59,431  INFO      [OPEN] [DRY] TVSMOTOR.NS qty=3 @ Rs 3938.00 SL Rs 3835.46 TGT Rs 4125.05 (order=None)
2026-07-22 06:19:59,431  INFO      [DRY] Angel order would be: {'variety': 'NORMAL', 'tradingsymbol': 'JSWSTEEL-EQ', 'symboltoken': '11723', 'transactiontype': 'BUY', 'exchange': 'NSE', 'ordertype': 'MARKET', 'producttype': 'INTRADAY', 'duration': 'DAY', 'price': '0', 'squareoff': '0', 'stoploss': '0', 'quantity': '8'}
2026-07-22 06:19:59,432  INFO      [OPEN] [DRY] JSWSTEEL.NS qty=8 @ Rs 1272.50 SL Rs 1263.95 TGT Rs 1291.01 (order=None)
2026-07-22 06:19:59,432  INFO      [DRY] Angel order would be: {'variety': 'NORMAL', 'tradingsymbol': 'MUTHOOTFIN-EQ', 'symboltoken': '23650', 'transactiontype': 'BUY', 'exchange': 'NSE', 'ordertype': 'MARKET', 'producttype': 'INTRADAY', 'duration': 'DAY', 'price': '0', 'squareoff': '0', 'stoploss': '0', 'quantity': '2'}
2026-07-22 06:19:59,432  INFO      [OPEN] [DRY] MUTHOOTFIN.NS qty=2 @ Rs 3057.90 SL Rs 2968.82 TGT Rs 3162.66 (order=None)
2026-07-22 06:19:59,432  INFO      [DRY] Angel order would be: {'variety': 'NORMAL', 'tradingsymbol': 'SUNPHARMA-EQ', 'symboltoken': '3351', 'transactiontype': 'BUY', 'exchange': 'NSE', 'ordertype': 'MARKET', 'producttype': 'INTRADAY', 'duration': 'DAY', 'price': '0', 'squareoff': '0', 'stoploss': '0', 'quantity': '4'}
2026-07-22 06:19:59,432  INFO      [OPEN] [DRY] SUNPHARMA.NS qty=4 @ Rs 1942.50 SL Rs 1888.35 TGT Rs 2064.76 (order=None)
2026-07-22 06:19:59,437  INFO      tick result: {'ok': True, 'actions': 4, 'open_trades': 6, 'closed_today': 0, 'realised_pnl': 0.0, 'cumulative_pnl': -3044.67, 'halted': False, 'messages': ['[OPEN] [DRY] TVSMOTOR.NS qty=3 @ Rs 3938.00 SL Rs 3835.46 TGT Rs 4125.05 (order=None)', '[OPEN] [DRY] JSWSTEEL.NS qty=8 @ Rs 1272.50 SL Rs 1263.95 TGT Rs 1291.01 (order=None)', '[OPEN] [DRY] MUTHOOTFIN.NS qty=2 @ Rs 3057.90 SL Rs 2968.82 TGT Rs 3162.66 (order=None)', '[OPEN] [DRY] SUNPHARMA.NS qty=4 @ Rs 1942.50 SL Rs 1888.35 TGT Rs 2064.76 (order=None)']}
2026-07-22 06:19:59,437  INFO      tick result: {'ok': True, 'actions': 4, 'open_trades': 6, 'closed_today': 0, 'realised_pnl': 0.0, 'cumulative_pnl': -3044.67, 'halted': False, 'messages': ['[OPEN] [DRY] TVSMOTOR.NS qty=3 @ Rs 3938.00 SL Rs 3835.46 TGT Rs 4125.05 (order=None)', '[OPEN] [DRY] JSWSTEEL.NS qty=8 @ Rs 1272.50 SL Rs 1263.95 TGT Rs 1291.01 (order=None)', '[OPEN] [DRY] MUTHOOTFIN.NS qty=2 @ Rs 3057.90 SL Rs 2968.82 TGT Rs 3162.66 (order=None)', '[OPEN] [DRY] SUNPHARMA.NS qty=4 @ Rs 1942.50 SL Rs 1888.35 TGT Rs 2064.76 (order=None)']}
