2026-07-24 06:16:11,007  INFO      angel_one starting ... (cmd=paper-trade)
2026-07-24 06:16:11,007  INFO      angel_one starting ... (cmd=paper-trade)
2026-07-24 06:16:11,024  INFO      refresh: generating today's picks via analyzer (dry-run, no PDF)
2026-07-24 06:16:11,024  INFO      refresh: generating today's picks via analyzer (dry-run, no PDF)
2026-07-24 06:16:11,866  INFO      == Stock analyzer run starting ==
2026-07-24 06:16:11,866  INFO      Watchlist: 11 symbols from data/stock_watchlist.txt
2026-07-24 06:16:11,866  INFO      Universe: 107 symbols (total available: 107)
2026-07-24 06:16:12,612  INFO      [1/107] fetching TATAPOWER.NS …
2026-07-24 06:16:13,302  INFO      [2/107] fetching IRFC.NS …
2026-07-24 06:16:13,945  INFO      [3/107] fetching SUZLON.NS …
2026-07-24 06:16:14,555  INFO      [4/107] fetching IREDA.NS …
2026-07-24 06:16:15,253  INFO      [5/107] fetching BHEL.NS …
2026-07-24 06:16:15,858  INFO      [6/107] fetching KPITTECH.NS …
2026-07-24 06:16:16,498  INFO      [7/107] fetching POLYCAB.NS …
2026-07-24 06:16:17,095  INFO      [8/107] fetching PERSISTENT.NS …
2026-07-24 06:16:17,727  INFO      [9/107] fetching ITC.NS …
2026-07-24 06:16:18,366  INFO      [10/107] fetching POWERGRID.NS …
2026-07-24 06:16:18,989  INFO      [11/107] fetching COALINDIA.NS …
2026-07-24 06:16:19,603  INFO      [12/107] fetching RELIANCE.NS …
2026-07-24 06:16:20,280  INFO      [13/107] fetching TCS.NS …
2026-07-24 06:16:20,949  INFO      [14/107] fetching HDFCBANK.NS …
2026-07-24 06:16:21,608  INFO      [15/107] fetching INFY.NS …
2026-07-24 06:16:22,272  INFO      [16/107] fetching ICICIBANK.NS …
2026-07-24 06:16:23,149  INFO      [17/107] fetching HINDUNILVR.NS …
2026-07-24 06:16:23,783  INFO      [18/107] fetching SBIN.NS …
2026-07-24 06:16:24,412  INFO      [19/107] fetching BHARTIARTL.NS …
2026-07-24 06:16:25,037  INFO      [20/107] fetching KOTAKBANK.NS …
2026-07-24 06:16:25,666  INFO      [21/107] fetching LT.NS …
2026-07-24 06:16:26,288  INFO      [22/107] fetching AXISBANK.NS …
2026-07-24 06:16:26,897  INFO      [23/107] fetching BAJFINANCE.NS …
2026-07-24 06:16:27,506  INFO      [24/107] fetching ASIANPAINT.NS …
2026-07-24 06:16:28,127  INFO      [25/107] fetching MARUTI.NS …
2026-07-24 06:16:28,740  INFO      [26/107] fetching HCLTECH.NS …
2026-07-24 06:16:29,407  INFO      [27/107] fetching SUNPHARMA.NS …
2026-07-24 06:16:30,048  INFO      [28/107] fetching TITAN.NS …
2026-07-24 06:16:30,687  INFO      [29/107] fetching ULTRACEMCO.NS …
2026-07-24 06:16:31,432  INFO      [30/107] fetching WIPRO.NS …
2026-07-24 06:16:32,097  INFO      [31/107] fetching NESTLEIND.NS …
2026-07-24 06:16:32,758  INFO      [32/107] fetching ADANIENT.NS …
2026-07-24 06:16:33,592  INFO      [33/107] fetching NTPC.NS …
2026-07-24 06:16:34,254  INFO      [34/107] fetching TATAMOTORS.NS …
2026-07-24 06:16:35,604  WARNING   [TATAMOTORS.NS] insufficient history (0 rows)
2026-07-24 06:16:36,004  INFO      [35/107] fetching M&M.NS …
2026-07-24 06:16:36,675  INFO      [36/107] fetching TATASTEEL.NS …
2026-07-24 06:16:37,338  INFO      [37/107] fetching JSWSTEEL.NS …
2026-07-24 06:16:38,025  INFO      [38/107] fetching ONGC.NS …
2026-07-24 06:16:38,691  INFO      [39/107] fetching TECHM.NS …
2026-07-24 06:16:39,352  INFO      [40/107] fetching BAJAJFINSV.NS …
2026-07-24 06:16:40,009  INFO      [41/107] fetching HINDALCO.NS …
2026-07-24 06:16:40,680  INFO      [42/107] fetching GRASIM.NS …
2026-07-24 06:16:41,340  INFO      [43/107] fetching DRREDDY.NS …
2026-07-24 06:16:41,952  INFO      [44/107] fetching CIPLA.NS …
2026-07-24 06:16:42,582  INFO      [45/107] fetching DIVISLAB.NS …
2026-07-24 06:16:43,219  INFO      [46/107] fetching EICHERMOT.NS …
2026-07-24 06:16:43,855  INFO      [47/107] fetching BRITANNIA.NS …
2026-07-24 06:16:44,526  INFO      [48/107] fetching HEROMOTOCO.NS …
2026-07-24 06:16:45,171  INFO      [49/107] fetching BAJAJ-AUTO.NS …
2026-07-24 06:16:45,779  INFO      [50/107] fetching INDUSINDBK.NS …
2026-07-24 06:16:46,419  INFO      [51/107] fetching APOLLOHOSP.NS …
2026-07-24 06:16:47,048  INFO      [52/107] fetching TATACONSUM.NS …
2026-07-24 06:16:47,724  INFO      [53/107] fetching UPL.NS …
2026-07-24 06:16:48,360  INFO      [54/107] fetching BPCL.NS …
2026-07-24 06:16:49,014  INFO      [55/107] fetching SBILIFE.NS …
2026-07-24 06:16:49,629  INFO      [56/107] fetching HDFCLIFE.NS …
2026-07-24 06:16:50,227  INFO      [57/107] fetching ADANIPORTS.NS …
2026-07-24 06:16:50,856  INFO      [58/107] fetching LTIM.NS …
2026-07-24 06:16:51,717  WARNING   [LTIM.NS] insufficient history (0 rows)
2026-07-24 06:16:52,117  INFO      [59/107] fetching ABB.NS …
2026-07-24 06:16:52,752  INFO      [60/107] fetching ADANIGREEN.NS …
2026-07-24 06:16:53,362  INFO      [61/107] fetching ADANIPOWER.NS …
2026-07-24 06:16:53,973  INFO      [62/107] fetching AMBUJACEM.NS …
2026-07-24 06:16:54,576  INFO      [63/107] fetching DMART.NS …
2026-07-24 06:16:55,186  INFO      [64/107] fetching BAJAJHLDNG.NS …
2026-07-24 06:16:55,793  INFO      [65/107] fetching BANKBARODA.NS …
2026-07-24 06:16:56,406  INFO      [66/107] fetching BERGEPAINT.NS …
2026-07-24 06:16:57,017  INFO      [67/107] fetching BOSCHLTD.NS …
2026-07-24 06:16:57,655  INFO      [68/107] fetching CANBK.NS …
2026-07-24 06:16:58,261  INFO      [69/107] fetching CHOLAFIN.NS …
2026-07-24 06:16:58,902  INFO      [70/107] fetching COLPAL.NS …
2026-07-24 06:16:59,551  INFO      [71/107] fetching DABUR.NS …
2026-07-24 06:17:00,186  INFO      [72/107] fetching DLF.NS …
2026-07-24 06:17:00,817  INFO      [73/107] fetching GAIL.NS …
2026-07-24 06:17:01,492  INFO      [74/107] fetching GODREJCP.NS …
2026-07-24 06:17:02,126  INFO      [75/107] fetching HAVELLS.NS …
2026-07-24 06:17:02,782  INFO      [76/107] fetching HAL.NS …
2026-07-24 06:17:03,478  INFO      [77/107] fetching ICICIGI.NS …
2026-07-24 06:17:04,106  INFO      [78/107] fetching ICICIPRULI.NS …
2026-07-24 06:17:04,718  INFO      [79/107] fetching IOC.NS …
2026-07-24 06:17:05,337  INFO      [80/107] fetching IRCTC.NS …
2026-07-24 06:17:05,955  INFO      [81/107] fetching JINDALSTEL.NS …
2026-07-24 06:17:06,567  INFO      [82/107] fetching LICI.NS …
2026-07-24 06:17:07,215  INFO      [83/107] fetching MARICO.NS …
2026-07-24 06:17:07,848  INFO      [84/107] fetching MOTHERSON.NS …
2026-07-24 06:17:08,453  INFO      [85/107] fetching NAUKRI.NS …
2026-07-24 06:17:09,075  INFO      [86/107] fetching PIDILITIND.NS …
2026-07-24 06:17:09,718  INFO      [87/107] fetching PNB.NS …
2026-07-24 06:17:10,581  INFO      [88/107] fetching PFC.NS …
2026-07-24 06:17:11,185  INFO      [89/107] fetching RECLTD.NS …
2026-07-24 06:17:11,817  INFO      [90/107] fetching SIEMENS.NS …
2026-07-24 06:17:12,462  INFO      [91/107] fetching SRF.NS …
2026-07-24 06:17:13,103  INFO      [92/107] fetching SHREECEM.NS …
2026-07-24 06:17:13,777  INFO      [93/107] fetching SHRIRAMFIN.NS …
2026-07-24 06:17:14,431  INFO      [94/107] fetching TORNTPHARM.NS …
2026-07-24 06:17:15,085  INFO      [95/107] fetching TRENT.NS …
2026-07-24 06:17:15,724  INFO      [96/107] fetching TVSMOTOR.NS …
2026-07-24 06:17:16,350  INFO      [97/107] fetching VEDL.NS …
2026-07-24 06:17:16,974  INFO      [98/107] fetching VBL.NS …
2026-07-24 06:17:17,656  INFO      [99/107] fetching ZOMATO.NS …
2026-07-24 06:17:18,814  WARNING   [ZOMATO.NS] insufficient history (0 rows)
2026-07-24 06:17:19,214  INFO      [100/107] fetching ZYDUSLIFE.NS …
2026-07-24 06:17:19,828  INFO      [101/107] fetching INDIGO.NS …
2026-07-24 06:17:20,450  INFO      [102/107] fetching IDEA.NS …
2026-07-24 06:17:21,066  INFO      [103/107] fetching BANKINDIA.NS …
2026-07-24 06:17:21,711  INFO      [104/107] fetching PAGEIND.NS …
2026-07-24 06:17:22,391  INFO      [105/107] fetching MUTHOOTFIN.NS …
2026-07-24 06:17:22,999  INFO      [106/107] fetching TATAELXSI.NS …
2026-07-24 06:17:23,603  INFO      [107/107] fetching LUPIN.NS …
2026-07-24 06:17:23,813  INFO      Fetched 104/107 symbols successfully.
2026-07-24 06:17:26,119  WARNING   [MF 120503] fetch failed: HTTPSConnectionPool(host='api.mfapi.in', port=443): Read timed out. (read timeout=2)
2026-07-24 06:17:27,253  INFO      Fetched 200 headlines from RSS (Indian + global/geopolitics).
2026-07-24 06:17:33,781  INFO      Macro regime: risk-off | bias=-5 | geo-risk=51.7
2026-07-24 06:17:33,865  INFO      NSE corp announcements: 20 filings
2026-07-24 06:17:35,669  INFO      Angel One login successful.
2026-07-24 06:17:36,771  INFO      Saved report → data/stock_reports/2026-07-24_0617.json
2026-07-24 06:17:37,328  INFO      Report image saved → logs/stock_analyzer/2026-07-24/stock_report.png  [1920×1280]
2026-07-24 06:17:37,328  INFO      Dry-run: skipping send. Image + PDF saved locally; console printed.
2026-07-24 06:17:37,329  INFO      == Stock analyzer run complete ==
2026-07-24 06:17:37,332  INFO      [Note] PAPER TRADING -- virtual cash Rs 100,000, max_positions=6 max_pct=15% buckets=('intraday', 'swing') state=data/paper_trader_state.json
2026-07-24 06:17:37,332  INFO      [Note] PAPER TRADING -- virtual cash Rs 100,000, max_positions=6 max_pct=15% buckets=('intraday', 'swing') state=data/paper_trader_state.json
2026-07-24 06:17:37,333  INFO      paper-trader: new day, archived 7 trades (cumulative ₹-3,486)
2026-07-24 06:17:51,062  INFO      [DRY] Angel order would be: {'variety': 'NORMAL', 'tradingsymbol': 'HAVELLS-EQ', 'symboltoken': '9819', 'transactiontype': 'BUY', 'exchange': 'NSE', 'ordertype': 'MARKET', 'producttype': 'INTRADAY', 'duration': 'DAY', 'price': '0', 'squareoff': '0', 'stoploss': '0', 'quantity': '10'}
2026-07-24 06:17:51,063  INFO      [OPEN] [DRY] HAVELLS.NS qty=10 @ Rs 1230.20 SL Rs 1199.98 TGT Rs 1231.53 (order=None)
2026-07-24 06:17:51,063  INFO      [DRY] Angel order would be: {'variety': 'NORMAL', 'tradingsymbol': 'NESTLEIND-EQ', 'symboltoken': '17963', 'transactiontype': 'BUY', 'exchange': 'NSE', 'ordertype': 'MARKET', 'producttype': 'INTRADAY', 'duration': 'DAY', 'price': '0', 'squareoff': '0', 'stoploss': '0', 'quantity': '7'}
2026-07-24 06:17:51,063  INFO      [OPEN] [DRY] NESTLEIND.NS qty=7 @ Rs 1450.10 SL Rs 1418.59 TGT Rs 1451.99 (order=None)
2026-07-24 06:17:51,063  INFO      [DRY] Angel order would be: {'variety': 'NORMAL', 'tradingsymbol': 'HCLTECH-EQ', 'symboltoken': '7229', 'transactiontype': 'BUY', 'exchange': 'NSE', 'ordertype': 'MARKET', 'producttype': 'INTRADAY', 'duration': 'DAY', 'price': '0', 'squareoff': '0', 'stoploss': '0', 'quantity': '7'}
2026-07-24 06:17:51,063  INFO      [OPEN] [DRY] HCLTECH.NS qty=7 @ Rs 1250.00 SL Rs 1214.96 TGT Rs 1254.49 (order=None)
2026-07-24 06:17:51,063  INFO      [DRY] Angel order would be: {'variety': 'NORMAL', 'tradingsymbol': 'CIPLA-EQ', 'symboltoken': '694', 'transactiontype': 'BUY', 'exchange': 'NSE', 'ordertype': 'MARKET', 'producttype': 'INTRADAY', 'duration': 'DAY', 'price': '0', 'squareoff': '0', 'stoploss': '0', 'quantity': '6'}
2026-07-24 06:17:51,063  INFO      [OPEN] [DRY] CIPLA.NS qty=6 @ Rs 1424.30 SL Rs 1412.90 TGT Rs 1429.14 (order=None)
2026-07-24 06:17:51,063  INFO      [DRY] Angel order would be: {'variety': 'NORMAL', 'tradingsymbol': 'TORNTPHARM-EQ', 'symboltoken': '3518', 'transactiontype': 'BUY', 'exchange': 'NSE', 'ordertype': 'MARKET', 'producttype': 'INTRADAY', 'duration': 'DAY', 'price': '0', 'squareoff': '0', 'stoploss': '0', 'quantity': '1'}
2026-07-24 06:17:51,063  INFO      [OPEN] [DRY] TORNTPHARM.NS qty=1 @ Rs 4971.30 SL Rs 4754.91 TGT Rs 5496.93 (order=None)
2026-07-24 06:17:51,068  INFO      tick result: {'ok': True, 'actions': 5, 'open_trades': 6, 'closed_today': 0, 'realised_pnl': 0.0, 'cumulative_pnl': -3486.09, 'halted': False, 'messages': ['[OPEN] [DRY] HAVELLS.NS qty=10 @ Rs 1230.20 SL Rs 1199.98 TGT Rs 1231.53 (order=None)', '[OPEN] [DRY] NESTLEIND.NS qty=7 @ Rs 1450.10 SL Rs 1418.59 TGT Rs 1451.99 (order=None)', '[OPEN] [DRY] HCLTECH.NS qty=7 @ Rs 1250.00 SL Rs 1214.96 TGT Rs 1254.49 (order=None)', '[OPEN] [DRY] CIPLA.NS qty=6 @ Rs 1424.30 SL Rs 1412.90 TGT Rs 1429.14 (order=None)', '[OPEN] [DRY] TORNTPHARM.NS qty=1 @ Rs 4971.30 SL Rs 4754.91 TGT Rs 5496.93 (order=None)']}
2026-07-24 06:17:51,068  INFO      tick result: {'ok': True, 'actions': 5, 'open_trades': 6, 'closed_today': 0, 'realised_pnl': 0.0, 'cumulative_pnl': -3486.09, 'halted': False, 'messages': ['[OPEN] [DRY] HAVELLS.NS qty=10 @ Rs 1230.20 SL Rs 1199.98 TGT Rs 1231.53 (order=None)', '[OPEN] [DRY] NESTLEIND.NS qty=7 @ Rs 1450.10 SL Rs 1418.59 TGT Rs 1451.99 (order=None)', '[OPEN] [DRY] HCLTECH.NS qty=7 @ Rs 1250.00 SL Rs 1214.96 TGT Rs 1254.49 (order=None)', '[OPEN] [DRY] CIPLA.NS qty=6 @ Rs 1424.30 SL Rs 1412.90 TGT Rs 1429.14 (order=None)', '[OPEN] [DRY] TORNTPHARM.NS qty=1 @ Rs 4971.30 SL Rs 4754.91 TGT Rs 5496.93 (order=None)']}
