2026-08-24 04:32:15,118  INFO      angel_one starting ... (cmd=paper-trade)
2026-08-24 04:32:15,118  INFO      angel_one starting ... (cmd=paper-trade)
2026-08-24 04:32:15,136  INFO      refresh: generating today's picks via analyzer (dry-run, no PDF)
2026-08-24 04:32:15,136  INFO      refresh: generating today's picks via analyzer (dry-run, no PDF)
2026-08-24 04:32:15,849  INFO      == Stock analyzer run starting ==
2026-08-24 04:32:15,849  INFO      Watchlist: 11 symbols from data/stock_watchlist.txt
2026-08-24 04:32:15,850  INFO      Universe: 107 symbols (total available: 107)
2026-08-24 04:32:16,239  INFO      [1/107] fetching TATAPOWER.NS …
2026-08-24 04:32:16,812  INFO      [2/107] fetching IRFC.NS …
2026-08-24 04:32:17,309  INFO      [3/107] fetching SUZLON.NS …
2026-08-24 04:32:17,807  INFO      [4/107] fetching IREDA.NS …
2026-08-24 04:32:18,301  INFO      [5/107] fetching BHEL.NS …
2026-08-24 04:32:18,844  INFO      [6/107] fetching KPITTECH.NS …
2026-08-24 04:32:19,350  INFO      [7/107] fetching POLYCAB.NS …
2026-08-24 04:32:19,852  INFO      [8/107] fetching PERSISTENT.NS …
2026-08-24 04:32:20,398  INFO      [9/107] fetching ITC.NS …
2026-08-24 04:32:20,913  INFO      [10/107] fetching POWERGRID.NS …
2026-08-24 04:32:21,452  INFO      [11/107] fetching COALINDIA.NS …
2026-08-24 04:32:21,964  INFO      [12/107] fetching RELIANCE.NS …
2026-08-24 04:32:22,480  INFO      [13/107] fetching TCS.NS …
2026-08-24 04:32:22,996  INFO      [14/107] fetching HDFCBANK.NS …
2026-08-24 04:32:23,512  INFO      [15/107] fetching INFY.NS …
2026-08-24 04:32:24,029  INFO      [16/107] fetching ICICIBANK.NS …
2026-08-24 04:32:24,543  INFO      [17/107] fetching HINDUNILVR.NS …
2026-08-24 04:32:25,059  INFO      [18/107] fetching SBIN.NS …
2026-08-24 04:32:25,573  INFO      [19/107] fetching BHARTIARTL.NS …
2026-08-24 04:32:26,080  INFO      [20/107] fetching KOTAKBANK.NS …
2026-08-24 04:32:26,595  INFO      [21/107] fetching LT.NS …
2026-08-24 04:32:27,102  INFO      [22/107] fetching AXISBANK.NS …
2026-08-24 04:32:27,612  INFO      [23/107] fetching BAJFINANCE.NS …
2026-08-24 04:32:28,123  INFO      [24/107] fetching ASIANPAINT.NS …
2026-08-24 04:32:28,666  INFO      [25/107] fetching MARUTI.NS …
2026-08-24 04:32:29,181  INFO      [26/107] fetching HCLTECH.NS …
2026-08-24 04:32:29,690  INFO      [27/107] fetching SUNPHARMA.NS …
2026-08-24 04:32:30,200  INFO      [28/107] fetching TITAN.NS …
2026-08-24 04:32:30,713  INFO      [29/107] fetching ULTRACEMCO.NS …
2026-08-24 04:32:31,247  INFO      [30/107] fetching WIPRO.NS …
2026-08-24 04:32:31,762  INFO      [31/107] fetching NESTLEIND.NS …
2026-08-24 04:32:32,272  INFO      [32/107] fetching ADANIENT.NS …
2026-08-24 04:32:32,782  INFO      [33/107] fetching NTPC.NS …
2026-08-24 04:32:33,289  INFO      [34/107] fetching TATAMOTORS.NS …
2026-08-24 04:32:34,507  WARNING   [TATAMOTORS.NS] insufficient history (0 rows)
2026-08-24 04:32:34,907  INFO      [35/107] fetching M&M.NS …
2026-08-24 04:32:35,447  INFO      [36/107] fetching TATASTEEL.NS …
2026-08-24 04:32:35,959  INFO      [37/107] fetching JSWSTEEL.NS …
2026-08-24 04:32:36,476  INFO      [38/107] fetching ONGC.NS …
2026-08-24 04:32:37,001  INFO      [39/107] fetching TECHM.NS …
2026-08-24 04:32:37,523  INFO      [40/107] fetching BAJAJFINSV.NS …
2026-08-24 04:32:38,030  INFO      [41/107] fetching HINDALCO.NS …
2026-08-24 04:32:38,543  INFO      [42/107] fetching GRASIM.NS …
2026-08-24 04:32:39,057  INFO      [43/107] fetching DRREDDY.NS …
2026-08-24 04:32:39,565  INFO      [44/107] fetching CIPLA.NS …
2026-08-24 04:32:40,082  INFO      [45/107] fetching DIVISLAB.NS …
2026-08-24 04:32:40,606  INFO      [46/107] fetching EICHERMOT.NS …
2026-08-24 04:32:41,122  INFO      [47/107] fetching BRITANNIA.NS …
2026-08-24 04:32:41,646  INFO      [48/107] fetching HEROMOTOCO.NS …
2026-08-24 04:32:42,159  INFO      [49/107] fetching BAJAJ-AUTO.NS …
2026-08-24 04:32:42,663  INFO      [50/107] fetching INDUSINDBK.NS …
2026-08-24 04:32:43,182  INFO      [51/107] fetching APOLLOHOSP.NS …
2026-08-24 04:32:43,692  INFO      [52/107] fetching TATACONSUM.NS …
2026-08-24 04:32:44,208  INFO      [53/107] fetching UPL.NS …
2026-08-24 04:32:44,716  INFO      [54/107] fetching BPCL.NS …
2026-08-24 04:32:45,230  INFO      [55/107] fetching SBILIFE.NS …
2026-08-24 04:32:45,731  INFO      [56/107] fetching HDFCLIFE.NS …
2026-08-24 04:32:46,246  INFO      [57/107] fetching ADANIPORTS.NS …
2026-08-24 04:32:46,755  INFO      [58/107] fetching LTIM.NS …
2026-08-24 04:32:47,257  WARNING   [LTIM.NS] insufficient history (0 rows)
2026-08-24 04:32:47,657  INFO      [59/107] fetching ABB.NS …
2026-08-24 04:32:48,181  INFO      [60/107] fetching ADANIGREEN.NS …
2026-08-24 04:32:48,675  INFO      [61/107] fetching ADANIPOWER.NS …
2026-08-24 04:32:49,171  INFO      [62/107] fetching AMBUJACEM.NS …
2026-08-24 04:32:49,683  INFO      [63/107] fetching DMART.NS …
2026-08-24 04:32:50,175  INFO      [64/107] fetching BAJAJHLDNG.NS …
2026-08-24 04:32:50,684  INFO      [65/107] fetching BANKBARODA.NS …
2026-08-24 04:32:51,200  INFO      [66/107] fetching BERGEPAINT.NS …
2026-08-24 04:32:51,715  INFO      [67/107] fetching BOSCHLTD.NS …
2026-08-24 04:32:52,257  INFO      [68/107] fetching CANBK.NS …
2026-08-24 04:32:52,776  INFO      [69/107] fetching CHOLAFIN.NS …
2026-08-24 04:32:53,294  INFO      [70/107] fetching COLPAL.NS …
2026-08-24 04:32:53,804  INFO      [71/107] fetching DABUR.NS …
2026-08-24 04:32:54,317  INFO      [72/107] fetching DLF.NS …
2026-08-24 04:32:54,852  INFO      [73/107] fetching GAIL.NS …
2026-08-24 04:32:55,366  INFO      [74/107] fetching GODREJCP.NS …
2026-08-24 04:32:55,877  INFO      [75/107] fetching HAVELLS.NS …
2026-08-24 04:32:56,390  INFO      [76/107] fetching HAL.NS …
2026-08-24 04:32:56,892  INFO      [77/107] fetching ICICIGI.NS …
2026-08-24 04:32:57,393  INFO      [78/107] fetching ICICIPRULI.NS …
2026-08-24 04:32:57,893  INFO      [79/107] fetching IOC.NS …
2026-08-24 04:32:58,405  INFO      [80/107] fetching IRCTC.NS …
2026-08-24 04:32:58,906  INFO      [81/107] fetching JINDALSTEL.NS …
2026-08-24 04:32:59,425  INFO      [82/107] fetching LICI.NS …
2026-08-24 04:32:59,925  INFO      [83/107] fetching MARICO.NS …
2026-08-24 04:33:00,470  INFO      [84/107] fetching MOTHERSON.NS …
2026-08-24 04:33:00,990  INFO      [85/107] fetching NAUKRI.NS …
2026-08-24 04:33:01,501  INFO      [86/107] fetching PIDILITIND.NS …
2026-08-24 04:33:02,016  INFO      [87/107] fetching PNB.NS …
2026-08-24 04:33:02,529  INFO      [88/107] fetching PFC.NS …
2026-08-24 04:33:03,037  INFO      [89/107] fetching RECLTD.NS …
2026-08-24 04:33:03,549  INFO      [90/107] fetching SIEMENS.NS …
2026-08-24 04:33:04,109  INFO      [91/107] fetching SRF.NS …
2026-08-24 04:33:04,647  INFO      [92/107] fetching SHREECEM.NS …
2026-08-24 04:33:05,191  INFO      [93/107] fetching SHRIRAMFIN.NS …
2026-08-24 04:33:05,711  INFO      [94/107] fetching TORNTPHARM.NS …
2026-08-24 04:33:06,252  INFO      [95/107] fetching TRENT.NS …
2026-08-24 04:33:06,757  INFO      [96/107] fetching TVSMOTOR.NS …
2026-08-24 04:33:07,272  INFO      [97/107] fetching VEDL.NS …
2026-08-24 04:33:07,788  INFO      [98/107] fetching VBL.NS …
2026-08-24 04:33:08,286  INFO      [99/107] fetching ZOMATO.NS …
2026-08-24 04:33:08,942  WARNING   [ZOMATO.NS] insufficient history (0 rows)
2026-08-24 04:33:09,342  INFO      [100/107] fetching ZYDUSLIFE.NS …
2026-08-24 04:33:09,852  INFO      [101/107] fetching INDIGO.NS …
2026-08-24 04:33:10,380  INFO      [102/107] fetching IDEA.NS …
2026-08-24 04:33:10,885  INFO      [103/107] fetching BANKINDIA.NS …
2026-08-24 04:33:11,436  INFO      [104/107] fetching PAGEIND.NS …
2026-08-24 04:33:11,981  INFO      [105/107] fetching MUTHOOTFIN.NS …
2026-08-24 04:33:12,515  INFO      [106/107] fetching TATAELXSI.NS …
2026-08-24 04:33:13,022  INFO      [107/107] fetching LUPIN.NS …
2026-08-24 04:33:13,134  INFO      Fetched 104/107 symbols successfully.
2026-08-24 04:33:17,434  INFO      Fetched 200 headlines from RSS (Indian + global/geopolitics).
2026-08-24 04:33:20,432  INFO      Macro regime: risk-on | bias=2 | geo-risk=36.7
2026-08-24 04:33:20,690  INFO      NSE corp announcements: 20 filings
2026-08-24 04:33:22,157  INFO      Angel One login successful.
2026-08-24 04:33:22,889  INFO      Saved report → data/stock_reports/2026-08-24_0433.json
2026-08-24 04:33:23,326  INFO      Report image saved → logs/stock_analyzer/2026-08-24/stock_report.png  [1920×1280]
2026-08-24 04:33:23,327  INFO      Dry-run: skipping send. Image + PDF saved locally; console printed.
2026-08-24 04:33:23,327  INFO      == Stock analyzer run complete ==
2026-08-24 04:33:23,332  INFO      [Note] PAPER TRADING -- virtual cash Rs 100,000, max_positions=6 max_pct=15% buckets=('intraday', 'swing') state=data/paper_trader_state.json
2026-08-24 04:33:23,332  INFO      [Note] PAPER TRADING -- virtual cash Rs 100,000, max_positions=6 max_pct=15% buckets=('intraday', 'swing') state=data/paper_trader_state.json
2026-08-24 04:33:23,333  INFO      paper-trader: new day, archived 4 trades (cumulative ₹-4,443)
2026-08-24 04:33:34,981  INFO      [DRY] Angel order would be: {'variety': 'NORMAL', 'tradingsymbol': 'MUTHOOTFIN-EQ', 'symboltoken': '23650', 'transactiontype': 'BUY', 'exchange': 'NSE', 'ordertype': 'MARKET', 'producttype': 'INTRADAY', 'duration': 'DAY', 'price': '0', 'squareoff': '0', 'stoploss': '0', 'quantity': '4'}
2026-08-24 04:33:34,981  INFO      [OPEN] [DRY] MUTHOOTFIN.NS qty=4 @ Rs 3163.60 SL Rs 3076.30 TGT Rs 3162.66 (order=None)
2026-08-24 04:33:34,981  INFO      [DRY] Angel order would be: {'variety': 'NORMAL', 'tradingsymbol': 'TATAELXSI-EQ', 'symboltoken': '3411', 'transactiontype': 'BUY', 'exchange': 'NSE', 'ordertype': 'MARKET', 'producttype': 'INTRADAY', 'duration': 'DAY', 'price': '0', 'squareoff': '0', 'stoploss': '0', 'quantity': '2'}
2026-08-24 04:33:34,981  INFO      [OPEN] [DRY] TATAELXSI.NS qty=2 @ Rs 3757.70 SL Rs 3666.57 TGT Rs 3832.32 (order=None)
2026-08-24 04:33:34,981  INFO      [DRY] Angel order would be: {'variety': 'NORMAL', 'tradingsymbol': 'VEDL-EQ', 'symboltoken': '3063', 'transactiontype': 'BUY', 'exchange': 'NSE', 'ordertype': 'MARKET', 'producttype': 'INTRADAY', 'duration': 'DAY', 'price': '0', 'squareoff': '0', 'stoploss': '0', 'quantity': '35'}
2026-08-24 04:33:34,981  INFO      [OPEN] [DRY] VEDL.NS qty=35 @ Rs 280.30 SL Rs 272.95 TGT Rs 282.28 (order=None)
2026-08-24 04:33:34,981  INFO      [DRY] Angel order would be: {'variety': 'NORMAL', 'tradingsymbol': 'IDEA-EQ', 'symboltoken': '14366', 'transactiontype': 'BUY', 'exchange': 'NSE', 'ordertype': 'MARKET', 'producttype': 'INTRADAY', 'duration': 'DAY', 'price': '0', 'squareoff': '0', 'stoploss': '0', 'quantity': '596'}
2026-08-24 04:33:34,981  INFO      [OPEN] [DRY] IDEA.NS qty=596 @ Rs 14.06 SL Rs 13.76 TGT Rs 14.28 (order=None)
2026-08-24 04:33:34,987  INFO      tick result: {'ok': True, 'actions': 4, 'open_trades': 6, 'closed_today': 0, 'realised_pnl': 0.0, 'cumulative_pnl': -4443.35, 'halted': False, 'messages': ['[OPEN] [DRY] MUTHOOTFIN.NS qty=4 @ Rs 3163.60 SL Rs 3076.30 TGT Rs 3162.66 (order=None)', '[OPEN] [DRY] TATAELXSI.NS qty=2 @ Rs 3757.70 SL Rs 3666.57 TGT Rs 3832.32 (order=None)', '[OPEN] [DRY] VEDL.NS qty=35 @ Rs 280.30 SL Rs 272.95 TGT Rs 282.28 (order=None)', '[OPEN] [DRY] IDEA.NS qty=596 @ Rs 14.06 SL Rs 13.76 TGT Rs 14.28 (order=None)']}
2026-08-24 04:33:34,987  INFO      tick result: {'ok': True, 'actions': 4, 'open_trades': 6, 'closed_today': 0, 'realised_pnl': 0.0, 'cumulative_pnl': -4443.35, 'halted': False, 'messages': ['[OPEN] [DRY] MUTHOOTFIN.NS qty=4 @ Rs 3163.60 SL Rs 3076.30 TGT Rs 3162.66 (order=None)', '[OPEN] [DRY] TATAELXSI.NS qty=2 @ Rs 3757.70 SL Rs 3666.57 TGT Rs 3832.32 (order=None)', '[OPEN] [DRY] VEDL.NS qty=35 @ Rs 280.30 SL Rs 272.95 TGT Rs 282.28 (order=None)', '[OPEN] [DRY] IDEA.NS qty=596 @ Rs 14.06 SL Rs 13.76 TGT Rs 14.28 (order=None)']}
