2026-06-30 07:39:53,854  INFO      angel_one starting ... (cmd=paper-trade)
2026-06-30 07:39:53,854  INFO      angel_one starting ... (cmd=paper-trade)
2026-06-30 07:39:53,871  INFO      refresh: generating today's picks via analyzer (dry-run, no PDF)
2026-06-30 07:39:53,871  INFO      refresh: generating today's picks via analyzer (dry-run, no PDF)
2026-06-30 07:39:54,584  INFO      == Stock analyzer run starting ==
2026-06-30 07:39:54,584  INFO      Watchlist: 11 symbols from data/stock_watchlist.txt
2026-06-30 07:39:54,584  INFO      Universe: 107 symbols (total available: 107)
2026-06-30 07:39:55,191  INFO      [1/107] fetching TATAPOWER.NS …
2026-06-30 07:39:55,747  INFO      [2/107] fetching IRFC.NS …
2026-06-30 07:39:56,234  INFO      [3/107] fetching SUZLON.NS …
2026-06-30 07:39:56,724  INFO      [4/107] fetching IREDA.NS …
2026-06-30 07:39:57,262  INFO      [5/107] fetching BHEL.NS …
2026-06-30 07:39:57,776  INFO      [6/107] fetching KPITTECH.NS …
2026-06-30 07:39:58,266  INFO      [7/107] fetching POLYCAB.NS …
2026-06-30 07:39:58,758  INFO      [8/107] fetching PERSISTENT.NS …
2026-06-30 07:39:59,260  INFO      [9/107] fetching ITC.NS …
2026-06-30 07:39:59,786  INFO      [10/107] fetching POWERGRID.NS …
2026-06-30 07:40:00,288  INFO      [11/107] fetching COALINDIA.NS …
2026-06-30 07:40:00,789  INFO      [12/107] fetching RELIANCE.NS …
2026-06-30 07:40:01,302  INFO      [13/107] fetching TCS.NS …
2026-06-30 07:40:01,812  INFO      [14/107] fetching HDFCBANK.NS …
2026-06-30 07:40:02,333  INFO      [15/107] fetching INFY.NS …
2026-06-30 07:40:02,859  INFO      [16/107] fetching ICICIBANK.NS …
2026-06-30 07:40:03,370  INFO      [17/107] fetching HINDUNILVR.NS …
2026-06-30 07:40:03,879  INFO      [18/107] fetching SBIN.NS …
2026-06-30 07:40:04,397  INFO      [19/107] fetching BHARTIARTL.NS …
2026-06-30 07:40:04,900  INFO      [20/107] fetching KOTAKBANK.NS …
2026-06-30 07:40:05,467  INFO      [21/107] fetching LT.NS …
2026-06-30 07:40:05,974  INFO      [22/107] fetching AXISBANK.NS …
2026-06-30 07:40:06,509  INFO      [23/107] fetching BAJFINANCE.NS …
2026-06-30 07:40:07,072  INFO      [24/107] fetching ASIANPAINT.NS …
2026-06-30 07:40:07,587  INFO      [25/107] fetching MARUTI.NS …
2026-06-30 07:40:08,095  INFO      [26/107] fetching HCLTECH.NS …
2026-06-30 07:40:08,610  INFO      [27/107] fetching SUNPHARMA.NS …
2026-06-30 07:40:09,127  INFO      [28/107] fetching TITAN.NS …
2026-06-30 07:40:09,645  INFO      [29/107] fetching ULTRACEMCO.NS …
2026-06-30 07:40:10,211  INFO      [30/107] fetching WIPRO.NS …
2026-06-30 07:40:10,734  INFO      [31/107] fetching NESTLEIND.NS …
2026-06-30 07:40:11,242  INFO      [32/107] fetching ADANIENT.NS …
2026-06-30 07:40:11,753  INFO      [33/107] fetching NTPC.NS …
2026-06-30 07:40:12,264  INFO      [34/107] fetching TATAMOTORS.NS …
2026-06-30 07:40:13,351  WARNING   [TATAMOTORS.NS] insufficient history (0 rows)
2026-06-30 07:40:13,751  INFO      [35/107] fetching M&M.NS …
2026-06-30 07:40:14,270  INFO      [36/107] fetching TATASTEEL.NS …
2026-06-30 07:40:14,790  INFO      [37/107] fetching JSWSTEEL.NS …
2026-06-30 07:40:15,292  INFO      [38/107] fetching ONGC.NS …
2026-06-30 07:40:15,808  INFO      [39/107] fetching TECHM.NS …
2026-06-30 07:40:16,317  INFO      [40/107] fetching BAJAJFINSV.NS …
2026-06-30 07:40:16,823  INFO      [41/107] fetching HINDALCO.NS …
2026-06-30 07:40:17,353  INFO      [42/107] fetching GRASIM.NS …
2026-06-30 07:40:17,865  INFO      [43/107] fetching DRREDDY.NS …
2026-06-30 07:40:18,374  INFO      [44/107] fetching CIPLA.NS …
2026-06-30 07:40:18,892  INFO      [45/107] fetching DIVISLAB.NS …
2026-06-30 07:40:19,405  INFO      [46/107] fetching EICHERMOT.NS …
2026-06-30 07:40:19,922  INFO      [47/107] fetching BRITANNIA.NS …
2026-06-30 07:40:20,436  INFO      [48/107] fetching HEROMOTOCO.NS …
2026-06-30 07:40:20,951  INFO      [49/107] fetching BAJAJ-AUTO.NS …
2026-06-30 07:40:21,457  INFO      [50/107] fetching INDUSINDBK.NS …
2026-06-30 07:40:21,970  INFO      [51/107] fetching APOLLOHOSP.NS …
2026-06-30 07:40:22,487  INFO      [52/107] fetching TATACONSUM.NS …
2026-06-30 07:40:23,001  INFO      [53/107] fetching UPL.NS …
2026-06-30 07:40:23,502  INFO      [54/107] fetching BPCL.NS …
2026-06-30 07:40:24,028  INFO      [55/107] fetching SBILIFE.NS …
2026-06-30 07:40:24,519  INFO      [56/107] fetching HDFCLIFE.NS …
2026-06-30 07:40:25,013  INFO      [57/107] fetching ADANIPORTS.NS …
2026-06-30 07:40:25,521  INFO      [58/107] fetching LTIM.NS …
2026-06-30 07:40:26,378  WARNING   [LTIM.NS] insufficient history (0 rows)
2026-06-30 07:40:26,778  INFO      [59/107] fetching ABB.NS …
2026-06-30 07:40:27,297  INFO      [60/107] fetching ADANIGREEN.NS …
2026-06-30 07:40:27,782  INFO      [61/107] fetching ADANIPOWER.NS …
2026-06-30 07:40:28,271  INFO      [62/107] fetching AMBUJACEM.NS …
2026-06-30 07:40:28,792  INFO      [63/107] fetching DMART.NS …
2026-06-30 07:40:29,274  INFO      [64/107] fetching BAJAJHLDNG.NS …
2026-06-30 07:40:29,836  INFO      [65/107] fetching BANKBARODA.NS …
2026-06-30 07:40:30,348  INFO      [66/107] fetching BERGEPAINT.NS …
2026-06-30 07:40:30,861  INFO      [67/107] fetching BOSCHLTD.NS …
2026-06-30 07:40:31,427  INFO      [68/107] fetching CANBK.NS …
2026-06-30 07:40:31,939  INFO      [69/107] fetching CHOLAFIN.NS …
2026-06-30 07:40:32,460  INFO      [70/107] fetching COLPAL.NS …
2026-06-30 07:40:32,967  INFO      [71/107] fetching DABUR.NS …
2026-06-30 07:40:33,476  INFO      [72/107] fetching DLF.NS …
2026-06-30 07:40:33,982  INFO      [73/107] fetching GAIL.NS …
2026-06-30 07:40:34,501  INFO      [74/107] fetching GODREJCP.NS …
2026-06-30 07:40:35,020  INFO      [75/107] fetching HAVELLS.NS …
2026-06-30 07:40:35,530  INFO      [76/107] fetching HAL.NS …
2026-06-30 07:40:36,022  INFO      [77/107] fetching ICICIGI.NS …
2026-06-30 07:40:36,515  INFO      [78/107] fetching ICICIPRULI.NS …
2026-06-30 07:40:37,010  INFO      [79/107] fetching IOC.NS …
2026-06-30 07:40:37,527  INFO      [80/107] fetching IRCTC.NS …
2026-06-30 07:40:38,017  INFO      [81/107] fetching JINDALSTEL.NS …
2026-06-30 07:40:38,531  INFO      [82/107] fetching LICI.NS …
2026-06-30 07:40:39,019  INFO      [83/107] fetching MARICO.NS …
2026-06-30 07:40:39,543  INFO      [84/107] fetching MOTHERSON.NS …
2026-06-30 07:40:40,047  INFO      [85/107] fetching NAUKRI.NS …
2026-06-30 07:40:40,549  INFO      [86/107] fetching PIDILITIND.NS …
2026-06-30 07:40:41,061  INFO      [87/107] fetching PNB.NS …
2026-06-30 07:40:41,573  INFO      [88/107] fetching PFC.NS …
2026-06-30 07:40:42,073  INFO      [89/107] fetching RECLTD.NS …
2026-06-30 07:40:42,576  INFO      [90/107] fetching SIEMENS.NS …
2026-06-30 07:40:43,093  INFO      [91/107] fetching SRF.NS …
2026-06-30 07:40:43,649  INFO      [92/107] fetching SHREECEM.NS …
2026-06-30 07:40:44,154  INFO      [93/107] fetching SHRIRAMFIN.NS …
2026-06-30 07:40:44,667  INFO      [94/107] fetching TORNTPHARM.NS …
2026-06-30 07:40:45,181  INFO      [95/107] fetching TRENT.NS …
2026-06-30 07:40:45,691  INFO      [96/107] fetching TVSMOTOR.NS …
2026-06-30 07:40:46,205  INFO      [97/107] fetching VEDL.NS …
2026-06-30 07:40:46,728  INFO      [98/107] fetching VBL.NS …
2026-06-30 07:40:47,219  INFO      [99/107] fetching ZOMATO.NS …
2026-06-30 07:40:47,851  WARNING   [ZOMATO.NS] insufficient history (0 rows)
2026-06-30 07:40:48,251  INFO      [100/107] fetching ZYDUSLIFE.NS …
2026-06-30 07:40:48,765  INFO      [101/107] fetching INDIGO.NS …
2026-06-30 07:40:49,254  INFO      [102/107] fetching IDEA.NS …
2026-06-30 07:40:49,741  INFO      [103/107] fetching BANKINDIA.NS …
2026-06-30 07:40:50,262  INFO      [104/107] fetching PAGEIND.NS …
2026-06-30 07:40:50,769  INFO      [105/107] fetching MUTHOOTFIN.NS …
2026-06-30 07:40:51,267  INFO      [106/107] fetching TATAELXSI.NS …
2026-06-30 07:40:51,776  INFO      [107/107] fetching LUPIN.NS …
2026-06-30 07:40:51,889  INFO      Fetched 104/107 symbols successfully.
2026-06-30 07:40:54,159  WARNING   [MF 120503] fetch failed: HTTPSConnectionPool(host='api.mfapi.in', port=443): Read timed out. (read timeout=2)
2026-06-30 07:40:56,627  INFO      Fetched 200 headlines from RSS (Indian + global/geopolitics).
2026-06-30 07:40:59,304  INFO      Macro regime: risk-on | bias=4 | geo-risk=24.1
2026-06-30 07:40:59,576  INFO      NSE corp announcements: 20 filings
2026-06-30 07:41:01,249  INFO      Angel One login successful.
2026-06-30 07:41:02,374  INFO      Saved report → data/stock_reports/2026-06-30_0741.json
2026-06-30 07:41:02,876  INFO      Report image saved → logs/stock_analyzer/2026-06-30/stock_report.png  [1920×1280]
2026-06-30 07:41:02,877  INFO      Dry-run: skipping send. Image + PDF saved locally; console printed.
2026-06-30 07:41:02,877  INFO      == Stock analyzer run complete ==
2026-06-30 07:41:02,879  INFO      [Note] PAPER TRADING -- virtual cash Rs 100,000, max_positions=6 max_pct=15% buckets=('intraday', 'swing') state=data/paper_trader_state.json
2026-06-30 07:41:02,879  INFO      [Note] PAPER TRADING -- virtual cash Rs 100,000, max_positions=6 max_pct=15% buckets=('intraday', 'swing') state=data/paper_trader_state.json
2026-06-30 07:41:02,880  INFO      paper-trader: new day, archived 3 trades (cumulative ₹-1,339)
2026-06-30 07:41:16,969  INFO      [DRY] Angel order would be: {'variety': 'NORMAL', 'tradingsymbol': 'IREDA-EQ', 'symboltoken': '20261', 'transactiontype': 'BUY', 'exchange': 'NSE', 'ordertype': 'MARKET', 'producttype': 'INTRADAY', 'duration': 'DAY', 'price': '0', 'squareoff': '0', 'stoploss': '0', 'quantity': '91'}
2026-06-30 07:41:16,970  INFO      [OPEN] [DRY] IREDA.NS qty=91 @ Rs 129.19 SL Rs 126.16 TGT Rs 132.13 (order=None)
2026-06-30 07:41:16,970  INFO      [DRY] Angel order would be: {'variety': 'NORMAL', 'tradingsymbol': 'CIPLA-EQ', 'symboltoken': '694', 'transactiontype': 'BUY', 'exchange': 'NSE', 'ordertype': 'MARKET', 'producttype': 'INTRADAY', 'duration': 'DAY', 'price': '0', 'squareoff': '0', 'stoploss': '0', 'quantity': '6'}
2026-06-30 07:41:16,970  INFO      [OPEN] [DRY] CIPLA.NS qty=6 @ Rs 1469.00 SL Rs 1440.64 TGT Rs 1539.68 (order=None)
2026-06-30 07:41:16,970  INFO      [DRY] Angel order would be: {'variety': 'NORMAL', 'tradingsymbol': 'AXISBANK-EQ', 'symboltoken': '5900', 'transactiontype': 'BUY', 'exchange': 'NSE', 'ordertype': 'MARKET', 'producttype': 'INTRADAY', 'duration': 'DAY', 'price': '0', 'squareoff': '0', 'stoploss': '0', 'quantity': '6'}
2026-06-30 07:41:16,970  INFO      [OPEN] [DRY] AXISBANK.NS qty=6 @ Rs 1360.00 SL Rs 1338.28 TGT Rs 1454.91 (order=None)
2026-06-30 07:41:16,974  INFO      tick result: {'ok': True, 'actions': 3, 'open_trades': 6, 'closed_today': 0, 'realised_pnl': 0.0, 'cumulative_pnl': -1339.01, 'halted': False, 'messages': ['[OPEN] [DRY] IREDA.NS qty=91 @ Rs 129.19 SL Rs 126.16 TGT Rs 132.13 (order=None)', '[OPEN] [DRY] CIPLA.NS qty=6 @ Rs 1469.00 SL Rs 1440.64 TGT Rs 1539.68 (order=None)', '[OPEN] [DRY] AXISBANK.NS qty=6 @ Rs 1360.00 SL Rs 1338.28 TGT Rs 1454.91 (order=None)']}
2026-06-30 07:41:16,974  INFO      tick result: {'ok': True, 'actions': 3, 'open_trades': 6, 'closed_today': 0, 'realised_pnl': 0.0, 'cumulative_pnl': -1339.01, 'halted': False, 'messages': ['[OPEN] [DRY] IREDA.NS qty=91 @ Rs 129.19 SL Rs 126.16 TGT Rs 132.13 (order=None)', '[OPEN] [DRY] CIPLA.NS qty=6 @ Rs 1469.00 SL Rs 1440.64 TGT Rs 1539.68 (order=None)', '[OPEN] [DRY] AXISBANK.NS qty=6 @ Rs 1360.00 SL Rs 1338.28 TGT Rs 1454.91 (order=None)']}
