2026-07-27 06:52:24,755  INFO      angel_one starting ... (cmd=paper-trade)
2026-07-27 06:52:24,755  INFO      angel_one starting ... (cmd=paper-trade)
2026-07-27 06:52:24,771  INFO      refresh: generating today's picks via analyzer (dry-run, no PDF)
2026-07-27 06:52:24,771  INFO      refresh: generating today's picks via analyzer (dry-run, no PDF)
2026-07-27 06:52:25,659  INFO      == Stock analyzer run starting ==
2026-07-27 06:52:25,659  INFO      Watchlist: 11 symbols from data/stock_watchlist.txt
2026-07-27 06:52:25,660  INFO      Universe: 107 symbols (total available: 107)
2026-07-27 06:52:26,206  INFO      [1/107] fetching TATAPOWER.NS …
2026-07-27 06:52:26,775  INFO      [2/107] fetching IRFC.NS …
2026-07-27 06:52:27,259  INFO      [3/107] fetching SUZLON.NS …
2026-07-27 06:52:27,739  INFO      [4/107] fetching IREDA.NS …
2026-07-27 06:52:28,211  INFO      [5/107] fetching BHEL.NS …
2026-07-27 06:52:28,707  INFO      [6/107] fetching KPITTECH.NS …
2026-07-27 06:52:29,186  INFO      [7/107] fetching POLYCAB.NS …
2026-07-27 06:52:29,669  INFO      [8/107] fetching PERSISTENT.NS …
2026-07-27 06:52:30,162  INFO      [9/107] fetching ITC.NS …
2026-07-27 06:52:30,673  INFO      [10/107] fetching POWERGRID.NS …
2026-07-27 06:52:31,162  INFO      [11/107] fetching COALINDIA.NS …
2026-07-27 06:52:31,653  INFO      [12/107] fetching RELIANCE.NS …
2026-07-27 06:52:32,153  INFO      [13/107] fetching TCS.NS …
2026-07-27 06:52:32,648  INFO      [14/107] fetching HDFCBANK.NS …
2026-07-27 06:52:33,145  INFO      [15/107] fetching INFY.NS …
2026-07-27 06:52:33,654  INFO      [16/107] fetching ICICIBANK.NS …
2026-07-27 06:52:34,143  INFO      [17/107] fetching HINDUNILVR.NS …
2026-07-27 06:52:34,661  INFO      [18/107] fetching SBIN.NS …
2026-07-27 06:52:35,160  INFO      [19/107] fetching BHARTIARTL.NS …
2026-07-27 06:52:35,657  INFO      [20/107] fetching KOTAKBANK.NS …
2026-07-27 06:52:36,157  INFO      [21/107] fetching LT.NS …
2026-07-27 06:52:36,652  INFO      [22/107] fetching AXISBANK.NS …
2026-07-27 06:52:37,160  INFO      [23/107] fetching BAJFINANCE.NS …
2026-07-27 06:52:37,708  INFO      [24/107] fetching ASIANPAINT.NS …
2026-07-27 06:52:38,213  INFO      [25/107] fetching MARUTI.NS …
2026-07-27 06:52:38,705  INFO      [26/107] fetching HCLTECH.NS …
2026-07-27 06:52:39,237  INFO      [27/107] fetching SUNPHARMA.NS …
2026-07-27 06:52:39,779  INFO      [28/107] fetching TITAN.NS …
2026-07-27 06:52:40,268  INFO      [29/107] fetching ULTRACEMCO.NS …
2026-07-27 06:52:40,757  INFO      [30/107] fetching WIPRO.NS …
2026-07-27 06:52:41,262  INFO      [31/107] fetching NESTLEIND.NS …
2026-07-27 06:52:41,751  INFO      [32/107] fetching ADANIENT.NS …
2026-07-27 06:52:42,257  INFO      [33/107] fetching NTPC.NS …
2026-07-27 06:52:42,745  INFO      [34/107] fetching TATAMOTORS.NS …
2026-07-27 06:52:43,759  WARNING   [TATAMOTORS.NS] insufficient history (0 rows)
2026-07-27 06:52:44,159  INFO      [35/107] fetching M&M.NS …
2026-07-27 06:52:44,661  INFO      [36/107] fetching TATASTEEL.NS …
2026-07-27 06:52:45,171  INFO      [37/107] fetching JSWSTEEL.NS …
2026-07-27 06:52:45,664  INFO      [38/107] fetching ONGC.NS …
2026-07-27 06:52:46,170  INFO      [39/107] fetching TECHM.NS …
2026-07-27 06:52:46,665  INFO      [40/107] fetching BAJAJFINSV.NS …
2026-07-27 06:52:47,235  INFO      [41/107] fetching HINDALCO.NS …
2026-07-27 06:52:47,736  INFO      [42/107] fetching GRASIM.NS …
2026-07-27 06:52:48,241  INFO      [43/107] fetching DRREDDY.NS …
2026-07-27 06:52:48,743  INFO      [44/107] fetching CIPLA.NS …
2026-07-27 06:52:49,242  INFO      [45/107] fetching DIVISLAB.NS …
2026-07-27 06:52:49,741  INFO      [46/107] fetching EICHERMOT.NS …
2026-07-27 06:52:50,288  INFO      [47/107] fetching BRITANNIA.NS …
2026-07-27 06:52:50,836  INFO      [48/107] fetching HEROMOTOCO.NS …
2026-07-27 06:52:51,334  INFO      [49/107] fetching BAJAJ-AUTO.NS …
2026-07-27 06:52:51,837  INFO      [50/107] fetching INDUSINDBK.NS …
2026-07-27 06:52:52,331  INFO      [51/107] fetching APOLLOHOSP.NS …
2026-07-27 06:52:52,829  INFO      [52/107] fetching TATACONSUM.NS …
2026-07-27 06:52:53,326  INFO      [53/107] fetching UPL.NS …
2026-07-27 06:52:53,814  INFO      [54/107] fetching BPCL.NS …
2026-07-27 06:52:54,313  INFO      [55/107] fetching SBILIFE.NS …
2026-07-27 06:52:54,827  INFO      [56/107] fetching HDFCLIFE.NS …
2026-07-27 06:52:55,310  INFO      [57/107] fetching ADANIPORTS.NS …
2026-07-27 06:52:55,799  INFO      [58/107] fetching LTIM.NS …
2026-07-27 06:52:56,233  WARNING   [LTIM.NS] insufficient history (0 rows)
2026-07-27 06:52:56,634  INFO      [59/107] fetching ABB.NS …
2026-07-27 06:52:57,135  INFO      [60/107] fetching ADANIGREEN.NS …
2026-07-27 06:52:57,608  INFO      [61/107] fetching ADANIPOWER.NS …
2026-07-27 06:52:58,078  INFO      [62/107] fetching AMBUJACEM.NS …
2026-07-27 06:52:58,589  INFO      [63/107] fetching DMART.NS …
2026-07-27 06:52:59,062  INFO      [64/107] fetching BAJAJHLDNG.NS …
2026-07-27 06:52:59,560  INFO      [65/107] fetching BANKBARODA.NS …
2026-07-27 06:53:00,053  INFO      [66/107] fetching BERGEPAINT.NS …
2026-07-27 06:53:00,549  INFO      [67/107] fetching BOSCHLTD.NS …
2026-07-27 06:53:01,092  INFO      [68/107] fetching CANBK.NS …
2026-07-27 06:53:01,589  INFO      [69/107] fetching CHOLAFIN.NS …
2026-07-27 06:53:02,086  INFO      [70/107] fetching COLPAL.NS …
2026-07-27 06:53:02,621  INFO      [71/107] fetching DABUR.NS …
2026-07-27 06:53:03,117  INFO      [72/107] fetching DLF.NS …
2026-07-27 06:53:03,667  INFO      [73/107] fetching GAIL.NS …
2026-07-27 06:53:04,174  INFO      [74/107] fetching GODREJCP.NS …
2026-07-27 06:53:04,707  INFO      [75/107] fetching HAVELLS.NS …
2026-07-27 06:53:05,204  INFO      [76/107] fetching HAL.NS …
2026-07-27 06:53:05,686  INFO      [77/107] fetching ICICIGI.NS …
2026-07-27 06:53:06,166  INFO      [78/107] fetching ICICIPRULI.NS …
2026-07-27 06:53:06,664  INFO      [79/107] fetching IOC.NS …
2026-07-27 06:53:07,162  INFO      [80/107] fetching IRCTC.NS …
2026-07-27 06:53:07,638  INFO      [81/107] fetching JINDALSTEL.NS …
2026-07-27 06:53:08,140  INFO      [82/107] fetching LICI.NS …
2026-07-27 06:53:08,623  INFO      [83/107] fetching MARICO.NS …
2026-07-27 06:53:09,166  INFO      [84/107] fetching MOTHERSON.NS …
2026-07-27 06:53:09,668  INFO      [85/107] fetching NAUKRI.NS …
2026-07-27 06:53:10,165  INFO      [86/107] fetching PIDILITIND.NS …
2026-07-27 06:53:10,670  INFO      [87/107] fetching PNB.NS …
2026-07-27 06:53:11,172  INFO      [88/107] fetching PFC.NS …
2026-07-27 06:53:11,663  INFO      [89/107] fetching RECLTD.NS …
2026-07-27 06:53:12,158  INFO      [90/107] fetching SIEMENS.NS …
2026-07-27 06:53:12,665  INFO      [91/107] fetching SRF.NS …
2026-07-27 06:53:13,160  INFO      [92/107] fetching SHREECEM.NS …
2026-07-27 06:53:13,655  INFO      [93/107] fetching SHRIRAMFIN.NS …
2026-07-27 06:53:14,159  INFO      [94/107] fetching TORNTPHARM.NS …
2026-07-27 06:53:14,665  INFO      [95/107] fetching TRENT.NS …
2026-07-27 06:53:15,156  INFO      [96/107] fetching TVSMOTOR.NS …
2026-07-27 06:53:15,667  INFO      [97/107] fetching VEDL.NS …
2026-07-27 06:53:16,164  INFO      [98/107] fetching VBL.NS …
2026-07-27 06:53:16,649  INFO      [99/107] fetching ZOMATO.NS …
2026-07-27 06:53:17,126  WARNING   [ZOMATO.NS] insufficient history (0 rows)
2026-07-27 06:53:17,526  INFO      [100/107] fetching ZYDUSLIFE.NS …
2026-07-27 06:53:18,043  INFO      [101/107] fetching INDIGO.NS …
2026-07-27 06:53:18,526  INFO      [102/107] fetching IDEA.NS …
2026-07-27 06:53:19,001  INFO      [103/107] fetching BANKINDIA.NS …
2026-07-27 06:53:19,500  INFO      [104/107] fetching PAGEIND.NS …
2026-07-27 06:53:19,995  INFO      [105/107] fetching MUTHOOTFIN.NS …
2026-07-27 06:53:20,482  INFO      [106/107] fetching TATAELXSI.NS …
2026-07-27 06:53:20,975  INFO      [107/107] fetching LUPIN.NS …
2026-07-27 06:53:21,074  INFO      Fetched 104/107 symbols successfully.
2026-07-27 06:53:23,415  WARNING   [MF 120503] fetch failed: HTTPSConnectionPool(host='api.mfapi.in', port=443): Read timed out. (read timeout=2)
2026-07-27 06:53:23,979  INFO      Fetched 200 headlines from RSS (Indian + global/geopolitics).
2026-07-27 06:53:30,733  INFO      Macro regime: neutral | bias=0 | geo-risk=40.6
2026-07-27 06:53:30,974  INFO      NSE corp announcements: 20 filings
2026-07-27 06:53:32,604  INFO      Angel One login successful.
2026-07-27 06:53:33,726  INFO      Saved report → data/stock_reports/2026-07-27_0653.json
2026-07-27 06:53:34,437  INFO      Report image saved → logs/stock_analyzer/2026-07-27/stock_report.png  [1920×1280]
2026-07-27 06:53:34,438  INFO      Dry-run: skipping send. Image + PDF saved locally; console printed.
2026-07-27 06:53:34,439  INFO      == Stock analyzer run complete ==
2026-07-27 06:53:34,441  INFO      [Note] PAPER TRADING -- virtual cash Rs 100,000, max_positions=6 max_pct=15% buckets=('intraday', 'swing') state=data/paper_trader_state.json
2026-07-27 06:53:34,441  INFO      [Note] PAPER TRADING -- virtual cash Rs 100,000, max_positions=6 max_pct=15% buckets=('intraday', 'swing') state=data/paper_trader_state.json
2026-07-27 06:53:34,442  INFO      paper-trader: new day, archived 4 trades (cumulative ₹-3,524)
2026-07-27 06:54:20,192  INFO      [DRY] Angel order would be: {'variety': 'NORMAL', 'tradingsymbol': 'JINDALSTEL-EQ', 'symboltoken': '6733', 'transactiontype': 'BUY', 'exchange': 'NSE', 'ordertype': 'MARKET', 'producttype': 'INTRADAY', 'duration': 'DAY', 'price': '0', 'squareoff': '0', 'stoploss': '0', 'quantity': '11'}
2026-07-27 06:54:20,192  INFO      [OPEN] [DRY] JINDALSTEL.NS qty=11 @ Rs 1063.40 SL Rs 1038.80 TGT Rs 1061.47 (order=None)
2026-07-27 06:54:20,192  INFO      [DRY] Angel order would be: {'variety': 'NORMAL', 'tradingsymbol': 'INFY-EQ', 'symboltoken': '1594', 'transactiontype': 'BUY', 'exchange': 'NSE', 'ordertype': 'MARKET', 'producttype': 'INTRADAY', 'duration': 'DAY', 'price': '0', 'squareoff': '0', 'stoploss': '0', 'quantity': '10'}
2026-07-27 06:54:20,192  INFO      [OPEN] [DRY] INFY.NS qty=10 @ Rs 1077.80 SL Rs 1046.79 TGT Rs 1112.67 (order=None)
2026-07-27 06:54:20,192  INFO      [DRY] Angel order would be: {'variety': 'NORMAL', 'tradingsymbol': 'CANBK-EQ', 'symboltoken': '10794', 'transactiontype': 'BUY', 'exchange': 'NSE', 'ordertype': 'MARKET', 'producttype': 'INTRADAY', 'duration': 'DAY', 'price': '0', 'squareoff': '0', 'stoploss': '0', 'quantity': '71'}
2026-07-27 06:54:20,192  INFO      [OPEN] [DRY] CANBK.NS qty=71 @ Rs 128.36 SL Rs 128.16 TGT Rs 130.94 (order=None)
2026-07-27 06:54:20,192  INFO      [DRY] Angel order would be: {'variety': 'NORMAL', 'tradingsymbol': 'TATACONSUM-EQ', 'symboltoken': '3432', 'transactiontype': 'BUY', 'exchange': 'NSE', 'ordertype': 'MARKET', 'producttype': 'INTRADAY', 'duration': 'DAY', 'price': '0', 'squareoff': '0', 'stoploss': '0', 'quantity': '7'}
2026-07-27 06:54:20,192  INFO      [OPEN] [DRY] TATACONSUM.NS qty=7 @ Rs 1106.40 SL Rs 1088.13 TGT Rs 1127.74 (order=None)
2026-07-27 06:54:20,197  INFO      tick result: {'ok': True, 'actions': 4, 'open_trades': 6, 'closed_today': 0, 'realised_pnl': 0.0, 'cumulative_pnl': -3524.32, 'halted': False, 'messages': ['[OPEN] [DRY] JINDALSTEL.NS qty=11 @ Rs 1063.40 SL Rs 1038.80 TGT Rs 1061.47 (order=None)', '[OPEN] [DRY] INFY.NS qty=10 @ Rs 1077.80 SL Rs 1046.79 TGT Rs 1112.67 (order=None)', '[OPEN] [DRY] CANBK.NS qty=71 @ Rs 128.36 SL Rs 128.16 TGT Rs 130.94 (order=None)', '[OPEN] [DRY] TATACONSUM.NS qty=7 @ Rs 1106.40 SL Rs 1088.13 TGT Rs 1127.74 (order=None)']}
2026-07-27 06:54:20,197  INFO      tick result: {'ok': True, 'actions': 4, 'open_trades': 6, 'closed_today': 0, 'realised_pnl': 0.0, 'cumulative_pnl': -3524.32, 'halted': False, 'messages': ['[OPEN] [DRY] JINDALSTEL.NS qty=11 @ Rs 1063.40 SL Rs 1038.80 TGT Rs 1061.47 (order=None)', '[OPEN] [DRY] INFY.NS qty=10 @ Rs 1077.80 SL Rs 1046.79 TGT Rs 1112.67 (order=None)', '[OPEN] [DRY] CANBK.NS qty=71 @ Rs 128.36 SL Rs 128.16 TGT Rs 130.94 (order=None)', '[OPEN] [DRY] TATACONSUM.NS qty=7 @ Rs 1106.40 SL Rs 1088.13 TGT Rs 1127.74 (order=None)']}
