2026-06-15 09:48:25,851  INFO      angel_one starting ... (cmd=paper-trade)
2026-06-15 09:48:25,851  INFO      angel_one starting ... (cmd=paper-trade)
2026-06-15 09:48:25,868  INFO      refresh: generating today's picks via analyzer (dry-run, no PDF)
2026-06-15 09:48:25,868  INFO      refresh: generating today's picks via analyzer (dry-run, no PDF)
2026-06-15 09:48:27,177  INFO      == Stock analyzer run starting ==
2026-06-15 09:48:27,177  INFO      Watchlist: 11 symbols from data/stock_watchlist.txt
2026-06-15 09:48:27,177  INFO      Universe: 107 symbols (total available: 107)
2026-06-15 09:48:28,234  INFO      [1/107] fetching TATAPOWER.NS …
2026-06-15 09:48:28,832  INFO      [2/107] fetching IRFC.NS …
2026-06-15 09:48:29,322  INFO      [3/107] fetching SUZLON.NS …
2026-06-15 09:48:29,814  INFO      [4/107] fetching IREDA.NS …
2026-06-15 09:48:30,314  INFO      [5/107] fetching BHEL.NS …
2026-06-15 09:48:30,827  INFO      [6/107] fetching KPITTECH.NS …
2026-06-15 09:48:31,354  INFO      [7/107] fetching POLYCAB.NS …
2026-06-15 09:48:31,845  INFO      [8/107] fetching PERSISTENT.NS …
2026-06-15 09:48:32,437  INFO      [9/107] fetching ITC.NS …
2026-06-15 09:48:32,955  INFO      [10/107] fetching POWERGRID.NS …
2026-06-15 09:48:33,491  INFO      [11/107] fetching COALINDIA.NS …
2026-06-15 09:48:33,998  INFO      [12/107] fetching RELIANCE.NS …
2026-06-15 09:48:34,524  INFO      [13/107] fetching TCS.NS …
2026-06-15 09:48:35,038  INFO      [14/107] fetching HDFCBANK.NS …
2026-06-15 09:48:35,566  INFO      [15/107] fetching INFY.NS …
2026-06-15 09:48:36,091  INFO      [16/107] fetching ICICIBANK.NS …
2026-06-15 09:48:36,607  INFO      [17/107] fetching HINDUNILVR.NS …
2026-06-15 09:48:37,120  INFO      [18/107] fetching SBIN.NS …
2026-06-15 09:48:37,638  INFO      [19/107] fetching BHARTIARTL.NS …
2026-06-15 09:48:38,143  INFO      [20/107] fetching KOTAKBANK.NS …
2026-06-15 09:48:38,659  INFO      [21/107] fetching LT.NS …
2026-06-15 09:48:39,210  INFO      [22/107] fetching AXISBANK.NS …
2026-06-15 09:48:39,728  INFO      [23/107] fetching BAJFINANCE.NS …
2026-06-15 09:48:40,236  INFO      [24/107] fetching ASIANPAINT.NS …
2026-06-15 09:48:40,752  INFO      [25/107] fetching MARUTI.NS …
2026-06-15 09:48:41,293  INFO      [26/107] fetching HCLTECH.NS …
2026-06-15 09:48:41,840  INFO      [27/107] fetching SUNPHARMA.NS …
2026-06-15 09:48:42,361  INFO      [28/107] fetching TITAN.NS …
2026-06-15 09:48:42,871  INFO      [29/107] fetching ULTRACEMCO.NS …
2026-06-15 09:48:43,377  INFO      [30/107] fetching WIPRO.NS …
2026-06-15 09:48:43,928  INFO      [31/107] fetching NESTLEIND.NS …
2026-06-15 09:48:44,469  INFO      [32/107] fetching ADANIENT.NS …
2026-06-15 09:48:44,984  INFO      [33/107] fetching NTPC.NS …
2026-06-15 09:48:45,520  INFO      [34/107] fetching TATAMOTORS.NS …
2026-06-15 09:48:47,475  WARNING   [TATAMOTORS.NS] insufficient history (0 rows)
2026-06-15 09:48:47,876  INFO      [35/107] fetching M&M.NS …
2026-06-15 09:48:48,418  INFO      [36/107] fetching TATASTEEL.NS …
2026-06-15 09:48:48,936  INFO      [37/107] fetching JSWSTEEL.NS …
2026-06-15 09:48:49,447  INFO      [38/107] fetching ONGC.NS …
2026-06-15 09:48:49,964  INFO      [39/107] fetching TECHM.NS …
2026-06-15 09:48:50,486  INFO      [40/107] fetching BAJAJFINSV.NS …
2026-06-15 09:48:50,988  INFO      [41/107] fetching HINDALCO.NS …
2026-06-15 09:48:51,508  INFO      [42/107] fetching GRASIM.NS …
2026-06-15 09:48:52,018  INFO      [43/107] fetching DRREDDY.NS …
2026-06-15 09:48:52,560  INFO      [44/107] fetching CIPLA.NS …
2026-06-15 09:48:53,129  INFO      [45/107] fetching DIVISLAB.NS …
2026-06-15 09:48:53,636  INFO      [46/107] fetching EICHERMOT.NS …
2026-06-15 09:48:54,151  INFO      [47/107] fetching BRITANNIA.NS …
2026-06-15 09:48:54,699  INFO      [48/107] fetching HEROMOTOCO.NS …
2026-06-15 09:48:55,214  INFO      [49/107] fetching BAJAJ-AUTO.NS …
2026-06-15 09:48:55,717  INFO      [50/107] fetching INDUSINDBK.NS …
2026-06-15 09:48:56,232  INFO      [51/107] fetching APOLLOHOSP.NS …
2026-06-15 09:48:56,748  INFO      [52/107] fetching TATACONSUM.NS …
2026-06-15 09:48:57,262  INFO      [53/107] fetching UPL.NS …
2026-06-15 09:48:57,774  INFO      [54/107] fetching BPCL.NS …
2026-06-15 09:48:58,301  INFO      [55/107] fetching SBILIFE.NS …
2026-06-15 09:48:58,792  INFO      [56/107] fetching HDFCLIFE.NS …
2026-06-15 09:48:59,286  INFO      [57/107] fetching ADANIPORTS.NS …
2026-06-15 09:48:59,794  INFO      [58/107] fetching LTIM.NS …
2026-06-15 09:49:01,131  WARNING   [LTIM.NS] insufficient history (0 rows)
2026-06-15 09:49:01,532  INFO      [59/107] fetching ABB.NS …
2026-06-15 09:49:02,064  INFO      [60/107] fetching ADANIGREEN.NS …
2026-06-15 09:49:02,554  INFO      [61/107] fetching ADANIPOWER.NS …
2026-06-15 09:49:03,078  INFO      [62/107] fetching AMBUJACEM.NS …
2026-06-15 09:49:03,596  INFO      [63/107] fetching DMART.NS …
2026-06-15 09:49:04,080  INFO      [64/107] fetching BAJAJHLDNG.NS …
2026-06-15 09:49:04,598  INFO      [65/107] fetching BANKBARODA.NS …
2026-06-15 09:49:05,136  INFO      [66/107] fetching BERGEPAINT.NS …
2026-06-15 09:49:05,661  INFO      [67/107] fetching BOSCHLTD.NS …
2026-06-15 09:49:06,171  INFO      [68/107] fetching CANBK.NS …
2026-06-15 09:49:06,682  INFO      [69/107] fetching CHOLAFIN.NS …
2026-06-15 09:49:07,200  INFO      [70/107] fetching COLPAL.NS …
2026-06-15 09:49:07,704  INFO      [71/107] fetching DABUR.NS …
2026-06-15 09:49:08,231  INFO      [72/107] fetching DLF.NS …
2026-06-15 09:49:08,733  INFO      [73/107] fetching GAIL.NS …
2026-06-15 09:49:09,248  INFO      [74/107] fetching GODREJCP.NS …
2026-06-15 09:49:09,795  INFO      [75/107] fetching HAVELLS.NS …
2026-06-15 09:49:10,312  INFO      [76/107] fetching HAL.NS …
2026-06-15 09:49:10,800  INFO      [77/107] fetching ICICIGI.NS …
2026-06-15 09:49:11,295  INFO      [78/107] fetching ICICIPRULI.NS …
2026-06-15 09:49:11,794  INFO      [79/107] fetching IOC.NS …
2026-06-15 09:49:12,323  INFO      [80/107] fetching IRCTC.NS …
2026-06-15 09:49:12,815  INFO      [81/107] fetching JINDALSTEL.NS …
2026-06-15 09:49:13,336  INFO      [82/107] fetching LICI.NS …
2026-06-15 09:49:13,872  INFO      [83/107] fetching MARICO.NS …
2026-06-15 09:49:14,396  INFO      [84/107] fetching MOTHERSON.NS …
2026-06-15 09:49:14,927  INFO      [85/107] fetching NAUKRI.NS …
2026-06-15 09:49:15,440  INFO      [86/107] fetching PIDILITIND.NS …
2026-06-15 09:49:15,967  INFO      [87/107] fetching PNB.NS …
2026-06-15 09:49:16,473  INFO      [88/107] fetching PFC.NS …
2026-06-15 09:49:16,995  INFO      [89/107] fetching RECLTD.NS …
2026-06-15 09:49:17,533  INFO      [90/107] fetching SIEMENS.NS …
2026-06-15 09:49:18,048  INFO      [91/107] fetching SRF.NS …
2026-06-15 09:49:18,565  INFO      [92/107] fetching SHREECEM.NS …
2026-06-15 09:49:19,087  INFO      [93/107] fetching SHRIRAMFIN.NS …
2026-06-15 09:49:19,615  INFO      [94/107] fetching TORNTPHARM.NS …
2026-06-15 09:49:20,122  INFO      [95/107] fetching TRENT.NS …
2026-06-15 09:49:20,645  INFO      [96/107] fetching TVSMOTOR.NS …
2026-06-15 09:49:21,155  INFO      [97/107] fetching VEDL.NS …
2026-06-15 09:49:21,680  INFO      [98/107] fetching VBL.NS …
2026-06-15 09:49:22,176  INFO      [99/107] fetching ZOMATO.NS …
2026-06-15 09:49:23,948  WARNING   [ZOMATO.NS] insufficient history (0 rows)
2026-06-15 09:49:24,348  INFO      [100/107] fetching ZYDUSLIFE.NS …
2026-06-15 09:49:24,916  INFO      [101/107] fetching INDIGO.NS …
2026-06-15 09:49:25,435  INFO      [102/107] fetching IDEA.NS …
2026-06-15 09:49:25,928  INFO      [103/107] fetching BANKINDIA.NS …
2026-06-15 09:49:26,445  INFO      [104/107] fetching PAGEIND.NS …
2026-06-15 09:49:26,968  INFO      [105/107] fetching MUTHOOTFIN.NS …
2026-06-15 09:49:27,502  INFO      [106/107] fetching TATAELXSI.NS …
2026-06-15 09:49:28,016  INFO      [107/107] fetching LUPIN.NS …
2026-06-15 09:49:28,130  INFO      Fetched 104/107 symbols successfully.
2026-06-15 09:49:32,123  INFO      Fetched 200 headlines from RSS (Indian + global/geopolitics).
2026-06-15 09:49:35,642  INFO      Macro regime: risk-on | bias=4 | geo-risk=32.6
2026-06-15 09:49:35,899  INFO      NSE corp announcements: 20 filings
2026-06-15 09:49:37,500  INFO      Angel One login successful.
2026-06-15 09:49:38,287  INFO      Saved report → data/stock_reports/2026-06-15_0949.json
2026-06-15 09:49:38,950  INFO      Report image saved → logs/stock_analyzer/2026-06-15/stock_report.png  [1920×1280]
2026-06-15 09:49:38,951  INFO      Dry-run: skipping send. Image + PDF saved locally; console printed.
2026-06-15 09:49:38,951  INFO      == Stock analyzer run complete ==
2026-06-15 09:49:38,955  INFO      [Note] PAPER TRADING -- virtual cash Rs 100,000, max_positions=6 max_pct=15% buckets=('intraday', 'swing') state=data/paper_trader_state.json
2026-06-15 09:49:38,955  INFO      [Note] PAPER TRADING -- virtual cash Rs 100,000, max_positions=6 max_pct=15% buckets=('intraday', 'swing') state=data/paper_trader_state.json
2026-06-15 09:49:38,956  INFO      paper-trader: new day, archived 4 trades (cumulative ₹-1,338)
2026-06-15 09:49:53,220  INFO      [DRY] Angel order would be: {'variety': 'NORMAL', 'tradingsymbol': 'CHOLAFIN-EQ', 'symboltoken': '685', 'transactiontype': 'BUY', 'exchange': 'NSE', 'ordertype': 'MARKET', 'producttype': 'INTRADAY', 'duration': 'DAY', 'price': '0', 'squareoff': '0', 'stoploss': '0', 'quantity': '7'}
2026-06-15 09:49:53,221  INFO      [OPEN] [DRY] CHOLAFIN.NS qty=7 @ Rs 1653.90 SL Rs 1598.44 TGT Rs 1731.33 (order=None)
2026-06-15 09:49:53,221  INFO      [DRY] Angel order would be: {'variety': 'NORMAL', 'tradingsymbol': 'DLF-EQ', 'symboltoken': '14732', 'transactiontype': 'BUY', 'exchange': 'NSE', 'ordertype': 'MARKET', 'producttype': 'INTRADAY', 'duration': 'DAY', 'price': '0', 'squareoff': '0', 'stoploss': '0', 'quantity': '17'}
2026-06-15 09:49:53,221  INFO      [OPEN] [DRY] DLF.NS qty=17 @ Rs 615.50 SL Rs 598.05 TGT Rs 618.76 (order=None)
2026-06-15 09:49:53,221  INFO      [DRY] Angel order would be: {'variety': 'NORMAL', 'tradingsymbol': 'SHRIRAMFIN-EQ', 'symboltoken': '4306', 'transactiontype': 'BUY', 'exchange': 'NSE', 'ordertype': 'MARKET', 'producttype': 'INTRADAY', 'duration': 'DAY', 'price': '0', 'squareoff': '0', 'stoploss': '0', 'quantity': '9'}
2026-06-15 09:49:53,221  INFO      [OPEN] [DRY] SHRIRAMFIN.NS qty=9 @ Rs 1001.30 SL Rs 970.44 TGT Rs 1021.70 (order=None)
2026-06-15 09:49:53,221  INFO      [DRY] Angel order would be: {'variety': 'NORMAL', 'tradingsymbol': 'INDIGO-EQ', 'symboltoken': '11195', 'transactiontype': 'BUY', 'exchange': 'NSE', 'ordertype': 'MARKET', 'producttype': 'INTRADAY', 'duration': 'DAY', 'price': '0', 'squareoff': '0', 'stoploss': '0', 'quantity': '1'}
2026-06-15 09:49:53,221  INFO      [OPEN] [DRY] INDIGO.NS qty=1 @ Rs 4878.90 SL Rs 4740.40 TGT Rs 5112.08 (order=None)
2026-06-15 09:49:53,224  INFO      tick result: {'ok': True, 'actions': 4, 'open_trades': 6, 'closed_today': 0, 'realised_pnl': 0.0, 'cumulative_pnl': -1338.46, 'halted': False, 'messages': ['[OPEN] [DRY] CHOLAFIN.NS qty=7 @ Rs 1653.90 SL Rs 1598.44 TGT Rs 1731.33 (order=None)', '[OPEN] [DRY] DLF.NS qty=17 @ Rs 615.50 SL Rs 598.05 TGT Rs 618.76 (order=None)', '[OPEN] [DRY] SHRIRAMFIN.NS qty=9 @ Rs 1001.30 SL Rs 970.44 TGT Rs 1021.70 (order=None)', '[OPEN] [DRY] INDIGO.NS qty=1 @ Rs 4878.90 SL Rs 4740.40 TGT Rs 5112.08 (order=None)']}
2026-06-15 09:49:53,224  INFO      tick result: {'ok': True, 'actions': 4, 'open_trades': 6, 'closed_today': 0, 'realised_pnl': 0.0, 'cumulative_pnl': -1338.46, 'halted': False, 'messages': ['[OPEN] [DRY] CHOLAFIN.NS qty=7 @ Rs 1653.90 SL Rs 1598.44 TGT Rs 1731.33 (order=None)', '[OPEN] [DRY] DLF.NS qty=17 @ Rs 615.50 SL Rs 598.05 TGT Rs 618.76 (order=None)', '[OPEN] [DRY] SHRIRAMFIN.NS qty=9 @ Rs 1001.30 SL Rs 970.44 TGT Rs 1021.70 (order=None)', '[OPEN] [DRY] INDIGO.NS qty=1 @ Rs 4878.90 SL Rs 4740.40 TGT Rs 5112.08 (order=None)']}
