2026-09-24 08:47:44,511  INFO      angel_one starting ... (cmd=paper-trade)
2026-09-24 08:47:44,511  INFO      angel_one starting ... (cmd=paper-trade)
2026-09-24 08:47:44,527  INFO      refresh: generating today's picks via analyzer (dry-run, no PDF)
2026-09-24 08:47:44,527  INFO      refresh: generating today's picks via analyzer (dry-run, no PDF)
2026-09-24 08:47:45,060  INFO      == Stock analyzer run starting ==
2026-09-24 08:47:45,061  INFO      Watchlist: 11 symbols from data/stock_watchlist.txt
2026-09-24 08:47:45,061  INFO      Universe: 107 symbols (total available: 107)
2026-09-24 08:47:45,989  INFO      [1/107] fetching TATAPOWER.NS …
2026-09-24 08:47:46,652  INFO      [2/107] fetching IRFC.NS …
2026-09-24 08:47:47,191  INFO      [3/107] fetching SUZLON.NS …
2026-09-24 08:47:47,726  INFO      [4/107] fetching IREDA.NS …
2026-09-24 08:47:48,268  INFO      [5/107] fetching BHEL.NS …
2026-09-24 08:47:48,819  INFO      [6/107] fetching KPITTECH.NS …
2026-09-24 08:47:49,358  INFO      [7/107] fetching POLYCAB.NS …
2026-09-24 08:47:49,897  INFO      [8/107] fetching PERSISTENT.NS …
2026-09-24 08:47:50,448  INFO      [9/107] fetching ITC.NS …
2026-09-24 08:47:51,012  INFO      [10/107] fetching POWERGRID.NS …
2026-09-24 08:47:51,563  INFO      [11/107] fetching COALINDIA.NS …
2026-09-24 08:47:52,107  INFO      [12/107] fetching RELIANCE.NS …
2026-09-24 08:47:52,673  INFO      [13/107] fetching TCS.NS …
2026-09-24 08:47:53,225  INFO      [14/107] fetching HDFCBANK.NS …
2026-09-24 08:47:53,778  INFO      [15/107] fetching INFY.NS …
2026-09-24 08:47:54,333  INFO      [16/107] fetching ICICIBANK.NS …
2026-09-24 08:47:54,891  INFO      [17/107] fetching HINDUNILVR.NS …
2026-09-24 08:47:55,455  INFO      [18/107] fetching SBIN.NS …
2026-09-24 08:47:56,016  INFO      [19/107] fetching BHARTIARTL.NS …
2026-09-24 08:47:56,561  INFO      [20/107] fetching KOTAKBANK.NS …
2026-09-24 08:47:57,115  INFO      [21/107] fetching LT.NS …
2026-09-24 08:47:57,662  INFO      [22/107] fetching AXISBANK.NS …
2026-09-24 08:47:58,215  INFO      [23/107] fetching BAJFINANCE.NS …
2026-09-24 08:47:58,768  INFO      [24/107] fetching ASIANPAINT.NS …
2026-09-24 08:47:59,377  INFO      [25/107] fetching MARUTI.NS …
2026-09-24 08:47:59,926  INFO      [26/107] fetching HCLTECH.NS …
2026-09-24 08:48:00,477  INFO      [27/107] fetching SUNPHARMA.NS …
2026-09-24 08:48:01,033  INFO      [28/107] fetching TITAN.NS …
2026-09-24 08:48:01,588  INFO      [29/107] fetching ULTRACEMCO.NS …
2026-09-24 08:48:02,189  INFO      [30/107] fetching WIPRO.NS …
2026-09-24 08:48:02,767  INFO      [31/107] fetching NESTLEIND.NS …
2026-09-24 08:48:03,323  INFO      [32/107] fetching ADANIENT.NS …
2026-09-24 08:48:03,878  INFO      [33/107] fetching NTPC.NS …
2026-09-24 08:48:04,432  INFO      [34/107] fetching TATAMOTORS.NS …
2026-09-24 08:48:05,596  WARNING   [TATAMOTORS.NS] insufficient history (0 rows)
2026-09-24 08:48:05,996  INFO      [35/107] fetching M&M.NS …
2026-09-24 08:48:06,558  INFO      [36/107] fetching TATASTEEL.NS …
2026-09-24 08:48:07,110  INFO      [37/107] fetching JSWSTEEL.NS …
2026-09-24 08:48:07,661  INFO      [38/107] fetching ONGC.NS …
2026-09-24 08:48:08,225  INFO      [39/107] fetching TECHM.NS …
2026-09-24 08:48:08,780  INFO      [40/107] fetching BAJAJFINSV.NS …
2026-09-24 08:48:09,327  INFO      [41/107] fetching HINDALCO.NS …
2026-09-24 08:48:09,883  INFO      [42/107] fetching GRASIM.NS …
2026-09-24 08:48:10,440  INFO      [43/107] fetching DRREDDY.NS …
2026-09-24 08:48:10,990  INFO      [44/107] fetching CIPLA.NS …
2026-09-24 08:48:11,556  INFO      [45/107] fetching DIVISLAB.NS …
2026-09-24 08:48:12,117  INFO      [46/107] fetching EICHERMOT.NS …
2026-09-24 08:48:12,673  INFO      [47/107] fetching BRITANNIA.NS …
2026-09-24 08:48:13,239  INFO      [48/107] fetching HEROMOTOCO.NS …
2026-09-24 08:48:13,794  INFO      [49/107] fetching BAJAJ-AUTO.NS …
2026-09-24 08:48:14,344  INFO      [50/107] fetching INDUSINDBK.NS …
2026-09-24 08:48:14,902  INFO      [51/107] fetching APOLLOHOSP.NS …
2026-09-24 08:48:15,456  INFO      [52/107] fetching TATACONSUM.NS …
2026-09-24 08:48:16,009  INFO      [53/107] fetching UPL.NS …
2026-09-24 08:48:16,610  INFO      [54/107] fetching BPCL.NS …
2026-09-24 08:48:17,174  INFO      [55/107] fetching SBILIFE.NS …
2026-09-24 08:48:17,716  INFO      [56/107] fetching HDFCLIFE.NS …
2026-09-24 08:48:18,260  INFO      [57/107] fetching ADANIPORTS.NS …
2026-09-24 08:48:18,810  INFO      [58/107] fetching LTIM.NS …
2026-09-24 08:48:19,463  WARNING   [LTIM.NS] insufficient history (0 rows)
2026-09-24 08:48:19,863  INFO      [59/107] fetching ABB.NS …
2026-09-24 08:48:20,419  INFO      [60/107] fetching ADANIGREEN.NS …
2026-09-24 08:48:20,950  INFO      [61/107] fetching ADANIPOWER.NS …
2026-09-24 08:48:21,486  INFO      [62/107] fetching AMBUJACEM.NS …
2026-09-24 08:48:22,044  INFO      [63/107] fetching DMART.NS …
2026-09-24 08:48:22,593  INFO      [64/107] fetching BAJAJHLDNG.NS …
2026-09-24 08:48:23,149  INFO      [65/107] fetching BANKBARODA.NS …
2026-09-24 08:48:23,706  INFO      [66/107] fetching BERGEPAINT.NS …
2026-09-24 08:48:24,258  INFO      [67/107] fetching BOSCHLTD.NS …
2026-09-24 08:48:24,811  INFO      [68/107] fetching CANBK.NS …
2026-09-24 08:48:25,366  INFO      [69/107] fetching CHOLAFIN.NS …
2026-09-24 08:48:25,924  INFO      [70/107] fetching COLPAL.NS …
2026-09-24 08:48:26,472  INFO      [71/107] fetching DABUR.NS …
2026-09-24 08:48:27,042  INFO      [72/107] fetching DLF.NS …
2026-09-24 08:48:27,592  INFO      [73/107] fetching GAIL.NS …
2026-09-24 08:48:28,151  INFO      [74/107] fetching GODREJCP.NS …
2026-09-24 08:48:28,711  INFO      [75/107] fetching HAVELLS.NS …
2026-09-24 08:48:29,264  INFO      [76/107] fetching HAL.NS …
2026-09-24 08:48:29,805  INFO      [77/107] fetching ICICIGI.NS …
2026-09-24 08:48:30,345  INFO      [78/107] fetching ICICIPRULI.NS …
2026-09-24 08:48:30,895  INFO      [79/107] fetching IOC.NS …
2026-09-24 08:48:31,461  INFO      [80/107] fetching IRCTC.NS …
2026-09-24 08:48:32,001  INFO      [81/107] fetching JINDALSTEL.NS …
2026-09-24 08:48:32,568  INFO      [82/107] fetching LICI.NS …
2026-09-24 08:48:33,104  INFO      [83/107] fetching MARICO.NS …
2026-09-24 08:48:33,671  INFO      [84/107] fetching MOTHERSON.NS …
2026-09-24 08:48:34,226  INFO      [85/107] fetching NAUKRI.NS …
2026-09-24 08:48:34,773  INFO      [86/107] fetching PIDILITIND.NS …
2026-09-24 08:48:35,327  INFO      [87/107] fetching PNB.NS …
2026-09-24 08:48:35,892  INFO      [88/107] fetching PFC.NS …
2026-09-24 08:48:36,499  INFO      [89/107] fetching RECLTD.NS …
2026-09-24 08:48:37,052  INFO      [90/107] fetching SIEMENS.NS …
2026-09-24 08:48:37,608  INFO      [91/107] fetching SRF.NS …
2026-09-24 08:48:38,157  INFO      [92/107] fetching SHREECEM.NS …
2026-09-24 08:48:38,713  INFO      [93/107] fetching SHRIRAMFIN.NS …
2026-09-24 08:48:39,271  INFO      [94/107] fetching TORNTPHARM.NS …
2026-09-24 08:48:39,820  INFO      [95/107] fetching TRENT.NS …
2026-09-24 08:48:40,369  INFO      [96/107] fetching TVSMOTOR.NS …
2026-09-24 08:48:40,922  INFO      [97/107] fetching VEDL.NS …
2026-09-24 08:48:41,488  INFO      [98/107] fetching VBL.NS …
2026-09-24 08:48:42,031  INFO      [99/107] fetching ZOMATO.NS …
2026-09-24 08:48:42,655  WARNING   [ZOMATO.NS] insufficient history (0 rows)
2026-09-24 08:48:43,055  INFO      [100/107] fetching ZYDUSLIFE.NS …
2026-09-24 08:48:43,605  INFO      [101/107] fetching INDIGO.NS …
2026-09-24 08:48:44,148  INFO      [102/107] fetching IDEA.NS …
2026-09-24 08:48:44,685  INFO      [103/107] fetching BANKINDIA.NS …
2026-09-24 08:48:45,242  INFO      [104/107] fetching PAGEIND.NS …
2026-09-24 08:48:45,790  INFO      [105/107] fetching MUTHOOTFIN.NS …
2026-09-24 08:48:46,343  INFO      [106/107] fetching TATAELXSI.NS …
2026-09-24 08:48:46,897  INFO      [107/107] fetching LUPIN.NS …
2026-09-24 08:48:47,051  INFO      Fetched 104/107 symbols successfully.
2026-09-24 08:48:54,966  INFO      Fetched 200 headlines from RSS (Indian + global/geopolitics).
2026-09-24 08:48:59,136  INFO      Macro regime: neutral | bias=1 | geo-risk=67.9
2026-09-24 08:48:59,479  INFO      NSE corp announcements: 20 filings
2026-09-24 08:49:04,578  INFO      Angel One login successful.
2026-09-24 08:49:05,682  INFO      Saved report → data/stock_reports/2026-09-24_0849.json
2026-09-24 08:49:06,177  INFO      Report image saved → logs/stock_analyzer/2026-09-24/stock_report.png  [1920×1280]
2026-09-24 08:49:06,178  INFO      Dry-run: skipping send. Image + PDF saved locally; console printed.
2026-09-24 08:49:06,178  INFO      == Stock analyzer run complete ==
2026-09-24 08:49:06,182  INFO      [Note] PAPER TRADING -- virtual cash Rs 100,000, max_positions=6 max_pct=15% buckets=('intraday', 'swing') state=data/paper_trader_state.json
2026-09-24 08:49:06,182  INFO      [Note] PAPER TRADING -- virtual cash Rs 100,000, max_positions=6 max_pct=15% buckets=('intraday', 'swing') state=data/paper_trader_state.json
2026-09-24 08:49:06,183  INFO      paper-trader: new day, archived 4 trades (cumulative ₹-5,767)
2026-09-24 08:49:21,693  INFO      [DRY] Angel order would be: {'variety': 'NORMAL', 'tradingsymbol': 'ICICIGI-EQ', 'symboltoken': '21770', 'transactiontype': 'BUY', 'exchange': 'NSE', 'ordertype': 'MARKET', 'producttype': 'INTRADAY', 'duration': 'DAY', 'price': '0', 'squareoff': '0', 'stoploss': '0', 'quantity': '7'}
2026-09-24 08:49:21,693  INFO      [OPEN] [DRY] ICICIGI.NS qty=7 @ Rs 1570.20 SL Rs 1536.88 TGT Rs 1646.70 (order=None)
2026-09-24 08:49:21,693  INFO      [DRY] Angel order would be: {'variety': 'NORMAL', 'tradingsymbol': 'SBILIFE-EQ', 'symboltoken': '21808', 'transactiontype': 'BUY', 'exchange': 'NSE', 'ordertype': 'MARKET', 'producttype': 'INTRADAY', 'duration': 'DAY', 'price': '0', 'squareoff': '0', 'stoploss': '0', 'quantity': '5'}
2026-09-24 08:49:21,693  INFO      [OPEN] [DRY] SBILIFE.NS qty=5 @ Rs 1756.10 SL Rs 1737.67 TGT Rs 1771.45 (order=None)
2026-09-24 08:49:21,694  INFO      [DRY] Angel order would be: {'variety': 'NORMAL', 'tradingsymbol': 'LICI-EQ', 'symboltoken': '9480', 'transactiontype': 'BUY', 'exchange': 'NSE', 'ordertype': 'MARKET', 'producttype': 'INTRADAY', 'duration': 'DAY', 'price': '0', 'squareoff': '0', 'stoploss': '0', 'quantity': '22'}
2026-09-24 08:49:21,694  INFO      [OPEN] [DRY] LICI.NS qty=22 @ Rs 401.40 SL Rs 392.49 TGT Rs 406.88 (order=None)
2026-09-24 08:49:21,694  INFO      [DRY] Angel order would be: {'variety': 'NORMAL', 'tradingsymbol': 'CIPLA-EQ', 'symboltoken': '694', 'transactiontype': 'BUY', 'exchange': 'NSE', 'ordertype': 'MARKET', 'producttype': 'INTRADAY', 'duration': 'DAY', 'price': '0', 'squareoff': '0', 'stoploss': '0', 'quantity': '5'}
2026-09-24 08:49:21,694  INFO      [OPEN] [DRY] CIPLA.NS qty=5 @ Rs 1399.30 SL Rs 1375.69 TGT Rs 1423.25 (order=None)
2026-09-24 08:49:21,701  INFO      tick result: {'ok': True, 'actions': 4, 'open_trades': 6, 'closed_today': 0, 'realised_pnl': 0.0, 'cumulative_pnl': -5767.43, 'halted': False, 'messages': ['[OPEN] [DRY] ICICIGI.NS qty=7 @ Rs 1570.20 SL Rs 1536.88 TGT Rs 1646.70 (order=None)', '[OPEN] [DRY] SBILIFE.NS qty=5 @ Rs 1756.10 SL Rs 1737.67 TGT Rs 1771.45 (order=None)', '[OPEN] [DRY] LICI.NS qty=22 @ Rs 401.40 SL Rs 392.49 TGT Rs 406.88 (order=None)', '[OPEN] [DRY] CIPLA.NS qty=5 @ Rs 1399.30 SL Rs 1375.69 TGT Rs 1423.25 (order=None)']}
2026-09-24 08:49:21,701  INFO      tick result: {'ok': True, 'actions': 4, 'open_trades': 6, 'closed_today': 0, 'realised_pnl': 0.0, 'cumulative_pnl': -5767.43, 'halted': False, 'messages': ['[OPEN] [DRY] ICICIGI.NS qty=7 @ Rs 1570.20 SL Rs 1536.88 TGT Rs 1646.70 (order=None)', '[OPEN] [DRY] SBILIFE.NS qty=5 @ Rs 1756.10 SL Rs 1737.67 TGT Rs 1771.45 (order=None)', '[OPEN] [DRY] LICI.NS qty=22 @ Rs 401.40 SL Rs 392.49 TGT Rs 406.88 (order=None)', '[OPEN] [DRY] CIPLA.NS qty=5 @ Rs 1399.30 SL Rs 1375.69 TGT Rs 1423.25 (order=None)']}
