2026-07-10 07:24:00,322  INFO      angel_one starting ... (cmd=paper-trade)
2026-07-10 07:24:00,322  INFO      angel_one starting ... (cmd=paper-trade)
2026-07-10 07:24:00,337  INFO      refresh: generating today's picks via analyzer (dry-run, no PDF)
2026-07-10 07:24:00,337  INFO      refresh: generating today's picks via analyzer (dry-run, no PDF)
2026-07-10 07:24:01,123  INFO      == Stock analyzer run starting ==
2026-07-10 07:24:01,123  INFO      Watchlist: 11 symbols from data/stock_watchlist.txt
2026-07-10 07:24:01,123  INFO      Universe: 107 symbols (total available: 107)
2026-07-10 07:24:01,709  INFO      [1/107] fetching TATAPOWER.NS …
2026-07-10 07:24:02,233  INFO      [2/107] fetching IRFC.NS …
2026-07-10 07:24:02,691  INFO      [3/107] fetching SUZLON.NS …
2026-07-10 07:24:03,143  INFO      [4/107] fetching IREDA.NS …
2026-07-10 07:24:03,595  INFO      [5/107] fetching BHEL.NS …
2026-07-10 07:24:04,063  INFO      [6/107] fetching KPITTECH.NS …
2026-07-10 07:24:04,520  INFO      [7/107] fetching POLYCAB.NS …
2026-07-10 07:24:04,978  INFO      [8/107] fetching PERSISTENT.NS …
2026-07-10 07:24:05,443  INFO      [9/107] fetching ITC.NS …
2026-07-10 07:24:05,928  INFO      [10/107] fetching POWERGRID.NS …
2026-07-10 07:24:06,398  INFO      [11/107] fetching COALINDIA.NS …
2026-07-10 07:24:06,860  INFO      [12/107] fetching RELIANCE.NS …
2026-07-10 07:24:07,337  INFO      [13/107] fetching TCS.NS …
2026-07-10 07:24:07,816  INFO      [14/107] fetching HDFCBANK.NS …
2026-07-10 07:24:08,306  INFO      [15/107] fetching INFY.NS …
2026-07-10 07:24:08,793  INFO      [16/107] fetching ICICIBANK.NS …
2026-07-10 07:24:09,296  INFO      [17/107] fetching HINDUNILVR.NS …
2026-07-10 07:24:09,786  INFO      [18/107] fetching SBIN.NS …
2026-07-10 07:24:10,280  INFO      [19/107] fetching BHARTIARTL.NS …
2026-07-10 07:24:10,764  INFO      [20/107] fetching KOTAKBANK.NS …
2026-07-10 07:24:11,243  INFO      [21/107] fetching LT.NS …
2026-07-10 07:24:11,722  INFO      [22/107] fetching AXISBANK.NS …
2026-07-10 07:24:12,200  INFO      [23/107] fetching BAJFINANCE.NS …
2026-07-10 07:24:12,687  INFO      [24/107] fetching ASIANPAINT.NS …
2026-07-10 07:24:13,172  INFO      [25/107] fetching MARUTI.NS …
2026-07-10 07:24:13,662  INFO      [26/107] fetching HCLTECH.NS …
2026-07-10 07:24:14,141  INFO      [27/107] fetching SUNPHARMA.NS …
2026-07-10 07:24:14,639  INFO      [28/107] fetching TITAN.NS …
2026-07-10 07:24:15,115  INFO      [29/107] fetching ULTRACEMCO.NS …
2026-07-10 07:24:15,588  INFO      [30/107] fetching WIPRO.NS …
2026-07-10 07:24:16,075  INFO      [31/107] fetching NESTLEIND.NS …
2026-07-10 07:24:16,555  INFO      [32/107] fetching ADANIENT.NS …
2026-07-10 07:24:17,032  INFO      [33/107] fetching NTPC.NS …
2026-07-10 07:24:17,502  INFO      [34/107] fetching TATAMOTORS.NS …
2026-07-10 07:24:19,279  WARNING   [TATAMOTORS.NS] insufficient history (0 rows)
2026-07-10 07:24:19,679  INFO      [35/107] fetching M&M.NS …
2026-07-10 07:24:20,164  INFO      [36/107] fetching TATASTEEL.NS …
2026-07-10 07:24:20,640  INFO      [37/107] fetching JSWSTEEL.NS …
2026-07-10 07:24:21,112  INFO      [38/107] fetching ONGC.NS …
2026-07-10 07:24:21,600  INFO      [39/107] fetching TECHM.NS …
2026-07-10 07:24:22,076  INFO      [40/107] fetching BAJAJFINSV.NS …
2026-07-10 07:24:22,548  INFO      [41/107] fetching HINDALCO.NS …
2026-07-10 07:24:23,028  INFO      [42/107] fetching GRASIM.NS …
2026-07-10 07:24:23,502  INFO      [43/107] fetching DRREDDY.NS …
2026-07-10 07:24:23,980  INFO      [44/107] fetching CIPLA.NS …
2026-07-10 07:24:24,459  INFO      [45/107] fetching DIVISLAB.NS …
2026-07-10 07:24:24,932  INFO      [46/107] fetching EICHERMOT.NS …
2026-07-10 07:24:25,428  INFO      [47/107] fetching BRITANNIA.NS …
2026-07-10 07:24:25,914  INFO      [48/107] fetching HEROMOTOCO.NS …
2026-07-10 07:24:26,392  INFO      [49/107] fetching BAJAJ-AUTO.NS …
2026-07-10 07:24:26,866  INFO      [50/107] fetching INDUSINDBK.NS …
2026-07-10 07:24:27,335  INFO      [51/107] fetching APOLLOHOSP.NS …
2026-07-10 07:24:27,812  INFO      [52/107] fetching TATACONSUM.NS …
2026-07-10 07:24:28,292  INFO      [53/107] fetching UPL.NS …
2026-07-10 07:24:28,763  INFO      [54/107] fetching BPCL.NS …
2026-07-10 07:24:29,247  INFO      [55/107] fetching SBILIFE.NS …
2026-07-10 07:24:29,713  INFO      [56/107] fetching HDFCLIFE.NS …
2026-07-10 07:24:30,177  INFO      [57/107] fetching ADANIPORTS.NS …
2026-07-10 07:24:30,640  INFO      [58/107] fetching LTIM.NS …
2026-07-10 07:24:31,359  WARNING   [LTIM.NS] insufficient history (0 rows)
2026-07-10 07:24:31,759  INFO      [59/107] fetching ABB.NS …
2026-07-10 07:24:32,232  INFO      [60/107] fetching ADANIGREEN.NS …
2026-07-10 07:24:32,677  INFO      [61/107] fetching ADANIPOWER.NS …
2026-07-10 07:24:33,122  INFO      [62/107] fetching AMBUJACEM.NS …
2026-07-10 07:24:33,593  INFO      [63/107] fetching DMART.NS …
2026-07-10 07:24:34,041  INFO      [64/107] fetching BAJAJHLDNG.NS …
2026-07-10 07:24:34,525  INFO      [65/107] fetching BANKBARODA.NS …
2026-07-10 07:24:34,994  INFO      [66/107] fetching BERGEPAINT.NS …
2026-07-10 07:24:35,467  INFO      [67/107] fetching BOSCHLTD.NS …
2026-07-10 07:24:35,935  INFO      [68/107] fetching CANBK.NS …
2026-07-10 07:24:36,413  INFO      [69/107] fetching CHOLAFIN.NS …
2026-07-10 07:24:36,896  INFO      [70/107] fetching COLPAL.NS …
2026-07-10 07:24:37,366  INFO      [71/107] fetching DABUR.NS …
2026-07-10 07:24:37,846  INFO      [72/107] fetching DLF.NS …
2026-07-10 07:24:38,311  INFO      [73/107] fetching GAIL.NS …
2026-07-10 07:24:38,791  INFO      [74/107] fetching GODREJCP.NS …
2026-07-10 07:24:39,265  INFO      [75/107] fetching HAVELLS.NS …
2026-07-10 07:24:39,743  INFO      [76/107] fetching HAL.NS …
2026-07-10 07:24:40,205  INFO      [77/107] fetching ICICIGI.NS …
2026-07-10 07:24:40,665  INFO      [78/107] fetching ICICIPRULI.NS …
2026-07-10 07:24:41,124  INFO      [79/107] fetching IOC.NS …
2026-07-10 07:24:41,611  INFO      [80/107] fetching IRCTC.NS …
2026-07-10 07:24:42,063  INFO      [81/107] fetching JINDALSTEL.NS …
2026-07-10 07:24:42,775  INFO      [82/107] fetching LICI.NS …
2026-07-10 07:24:43,236  INFO      [83/107] fetching MARICO.NS …
2026-07-10 07:24:43,723  INFO      [84/107] fetching MOTHERSON.NS …
2026-07-10 07:24:44,207  INFO      [85/107] fetching NAUKRI.NS …
2026-07-10 07:24:44,682  INFO      [86/107] fetching PIDILITIND.NS …
2026-07-10 07:24:45,162  INFO      [87/107] fetching PNB.NS …
2026-07-10 07:24:45,643  INFO      [88/107] fetching PFC.NS …
2026-07-10 07:24:46,115  INFO      [89/107] fetching RECLTD.NS …
2026-07-10 07:24:46,583  INFO      [90/107] fetching SIEMENS.NS …
2026-07-10 07:24:47,067  INFO      [91/107] fetching SRF.NS …
2026-07-10 07:24:47,549  INFO      [92/107] fetching SHREECEM.NS …
2026-07-10 07:24:48,027  INFO      [93/107] fetching SHRIRAMFIN.NS …
2026-07-10 07:24:48,499  INFO      [94/107] fetching TORNTPHARM.NS …
2026-07-10 07:24:48,981  INFO      [95/107] fetching TRENT.NS …
2026-07-10 07:24:49,450  INFO      [96/107] fetching TVSMOTOR.NS …
2026-07-10 07:24:49,924  INFO      [97/107] fetching VEDL.NS …
2026-07-10 07:24:50,398  INFO      [98/107] fetching VBL.NS …
2026-07-10 07:24:50,854  INFO      [99/107] fetching ZOMATO.NS …
2026-07-10 07:24:51,451  WARNING   [ZOMATO.NS] insufficient history (0 rows)
2026-07-10 07:24:51,851  INFO      [100/107] fetching ZYDUSLIFE.NS …
2026-07-10 07:24:52,328  INFO      [101/107] fetching INDIGO.NS …
2026-07-10 07:24:52,784  INFO      [102/107] fetching IDEA.NS …
2026-07-10 07:24:53,237  INFO      [103/107] fetching BANKINDIA.NS …
2026-07-10 07:24:53,716  INFO      [104/107] fetching PAGEIND.NS …
2026-07-10 07:24:54,202  INFO      [105/107] fetching MUTHOOTFIN.NS …
2026-07-10 07:24:54,667  INFO      [106/107] fetching TATAELXSI.NS …
2026-07-10 07:24:55,133  INFO      [107/107] fetching LUPIN.NS …
2026-07-10 07:24:55,207  INFO      Fetched 104/107 symbols successfully.
2026-07-10 07:25:03,324  WARNING   [MF 125354] fetch failed: HTTPSConnectionPool(host='api.mfapi.in', port=443): Read timed out. (read timeout=5)
2026-07-10 07:25:04,647  INFO      Fetched 200 headlines from RSS (Indian + global/geopolitics).
2026-07-10 07:25:06,426  INFO      Macro regime: risk-on | bias=2 | geo-risk=38.2
2026-07-10 07:25:06,638  INFO      NSE corp announcements: 20 filings
2026-07-10 07:25:08,392  INFO      Angel One login successful.
2026-07-10 07:25:09,314  INFO      Saved report → data/stock_reports/2026-07-10_0725.json
2026-07-10 07:25:09,729  INFO      Report image saved → logs/stock_analyzer/2026-07-10/stock_report.png  [1920×1280]
2026-07-10 07:25:09,729  INFO      Dry-run: skipping send. Image + PDF saved locally; console printed.
2026-07-10 07:25:09,730  INFO      == Stock analyzer run complete ==
2026-07-10 07:25:09,732  INFO      [Note] PAPER TRADING -- virtual cash Rs 100,000, max_positions=6 max_pct=15% buckets=('intraday', 'swing') state=data/paper_trader_state.json
2026-07-10 07:25:09,732  INFO      [Note] PAPER TRADING -- virtual cash Rs 100,000, max_positions=6 max_pct=15% buckets=('intraday', 'swing') state=data/paper_trader_state.json
2026-07-10 07:25:09,733  INFO      paper-trader: new day, archived 1 trades (cumulative ₹-2,463)
2026-07-10 07:26:02,836  INFO      tick result: {'ok': True, 'actions': 0, 'open_trades': 5, 'closed_today': 0, 'realised_pnl': 0.0, 'cumulative_pnl': -2463.07, 'halted': False, 'messages': []}
2026-07-10 07:26:02,836  INFO      tick result: {'ok': True, 'actions': 0, 'open_trades': 5, 'closed_today': 0, 'realised_pnl': 0.0, 'cumulative_pnl': -2463.07, 'halted': False, 'messages': []}
