2026-10-07 10:36:48,158  INFO      angel_one starting ... (cmd=paper-trade)
2026-10-07 10:36:48,158  INFO      angel_one starting ... (cmd=paper-trade)
2026-10-07 10:36:48,169  INFO      refresh: generating today's picks via analyzer (dry-run, no PDF)
2026-10-07 10:36:48,169  INFO      refresh: generating today's picks via analyzer (dry-run, no PDF)
2026-10-07 10:36:48,750  INFO      == Stock analyzer run starting ==
2026-10-07 10:36:48,750  INFO      Watchlist: 11 symbols from data/stock_watchlist.txt
2026-10-07 10:36:48,750  INFO      Universe: 107 symbols (total available: 107)
2026-10-07 10:36:49,421  INFO      [1/107] fetching TATAPOWER.NS …
2026-10-07 10:36:50,217  INFO      [2/107] fetching IRFC.NS …
2026-10-07 10:36:50,816  INFO      [3/107] fetching SUZLON.NS …
2026-10-07 10:36:51,428  INFO      [4/107] fetching IREDA.NS …
2026-10-07 10:36:52,030  INFO      [5/107] fetching BHEL.NS …
2026-10-07 10:36:52,718  INFO      [6/107] fetching KPITTECH.NS …
2026-10-07 10:36:53,333  INFO      [7/107] fetching POLYCAB.NS …
2026-10-07 10:36:53,928  INFO      [8/107] fetching PERSISTENT.NS …
2026-10-07 10:36:54,534  INFO      [9/107] fetching ITC.NS …
2026-10-07 10:36:55,142  INFO      [10/107] fetching POWERGRID.NS …
2026-10-07 10:36:55,813  INFO      [11/107] fetching COALINDIA.NS …
2026-10-07 10:36:56,555  INFO      [12/107] fetching RELIANCE.NS …
2026-10-07 10:36:57,165  INFO      [13/107] fetching TCS.NS …
2026-10-07 10:36:57,770  INFO      [14/107] fetching HDFCBANK.NS …
2026-10-07 10:36:58,421  INFO      [15/107] fetching INFY.NS …
2026-10-07 10:36:59,035  INFO      [16/107] fetching ICICIBANK.NS …
2026-10-07 10:36:59,649  INFO      [17/107] fetching HINDUNILVR.NS …
2026-10-07 10:37:00,253  INFO      [18/107] fetching SBIN.NS …
2026-10-07 10:37:00,878  INFO      [19/107] fetching BHARTIARTL.NS …
2026-10-07 10:37:01,563  INFO      [20/107] fetching KOTAKBANK.NS …
2026-10-07 10:37:02,175  INFO      [21/107] fetching LT.NS …
2026-10-07 10:37:02,819  INFO      [22/107] fetching AXISBANK.NS …
2026-10-07 10:37:03,427  INFO      [23/107] fetching BAJFINANCE.NS …
2026-10-07 10:37:04,038  INFO      [24/107] fetching ASIANPAINT.NS …
2026-10-07 10:37:04,651  INFO      [25/107] fetching MARUTI.NS …
2026-10-07 10:37:05,309  INFO      [26/107] fetching HCLTECH.NS …
2026-10-07 10:37:05,960  INFO      [27/107] fetching SUNPHARMA.NS …
2026-10-07 10:37:06,574  INFO      [28/107] fetching TITAN.NS …
2026-10-07 10:37:07,179  INFO      [29/107] fetching ULTRACEMCO.NS …
2026-10-07 10:37:07,785  INFO      [30/107] fetching WIPRO.NS …
2026-10-07 10:37:08,454  INFO      [31/107] fetching NESTLEIND.NS …
2026-10-07 10:37:09,059  INFO      [32/107] fetching ADANIENT.NS …
2026-10-07 10:37:09,739  INFO      [33/107] fetching NTPC.NS …
2026-10-07 10:37:10,373  INFO      [34/107] fetching TATAMOTORS.NS …
2026-10-07 10:37:12,147  WARNING   [TATAMOTORS.NS] insufficient history (0 rows)
2026-10-07 10:37:12,547  INFO      [35/107] fetching M&M.NS …
2026-10-07 10:37:13,165  INFO      [36/107] fetching TATASTEEL.NS …
2026-10-07 10:37:13,775  INFO      [37/107] fetching JSWSTEEL.NS …
2026-10-07 10:37:14,399  INFO      [38/107] fetching ONGC.NS …
2026-10-07 10:37:15,006  INFO      [39/107] fetching TECHM.NS …
2026-10-07 10:37:15,630  INFO      [40/107] fetching BAJAJFINSV.NS …
2026-10-07 10:37:16,235  INFO      [41/107] fetching HINDALCO.NS …
2026-10-07 10:37:16,862  INFO      [42/107] fetching GRASIM.NS …
2026-10-07 10:37:17,473  INFO      [43/107] fetching DRREDDY.NS …
2026-10-07 10:37:18,081  INFO      [44/107] fetching CIPLA.NS …
2026-10-07 10:37:18,732  INFO      [45/107] fetching DIVISLAB.NS …
2026-10-07 10:37:19,340  INFO      [46/107] fetching EICHERMOT.NS …
2026-10-07 10:37:19,947  INFO      [47/107] fetching BRITANNIA.NS …
2026-10-07 10:37:20,555  INFO      [48/107] fetching HEROMOTOCO.NS …
2026-10-07 10:37:21,166  INFO      [49/107] fetching BAJAJ-AUTO.NS …
2026-10-07 10:37:21,795  INFO      [50/107] fetching INDUSINDBK.NS …
2026-10-07 10:37:22,397  INFO      [51/107] fetching APOLLOHOSP.NS …
2026-10-07 10:37:23,004  INFO      [52/107] fetching TATACONSUM.NS …
2026-10-07 10:37:23,623  INFO      [53/107] fetching UPL.NS …
2026-10-07 10:37:24,260  INFO      [54/107] fetching BPCL.NS …
2026-10-07 10:37:24,881  INFO      [55/107] fetching SBILIFE.NS …
2026-10-07 10:37:25,481  INFO      [56/107] fetching HDFCLIFE.NS …
2026-10-07 10:37:26,074  INFO      [57/107] fetching ADANIPORTS.NS …
2026-10-07 10:37:26,674  INFO      [58/107] fetching LTIM.NS …
2026-10-07 10:37:27,346  WARNING   [LTIM.NS] insufficient history (0 rows)
2026-10-07 10:37:27,746  INFO      [59/107] fetching ABB.NS …
2026-10-07 10:37:28,351  INFO      [60/107] fetching ADANIGREEN.NS …
2026-10-07 10:37:28,985  INFO      [61/107] fetching ADANIPOWER.NS …
2026-10-07 10:37:29,578  INFO      [62/107] fetching AMBUJACEM.NS …
2026-10-07 10:37:30,192  INFO      [63/107] fetching DMART.NS …
2026-10-07 10:37:30,787  INFO      [64/107] fetching BAJAJHLDNG.NS …
2026-10-07 10:37:31,431  INFO      [65/107] fetching BANKBARODA.NS …
2026-10-07 10:37:32,044  INFO      [66/107] fetching BERGEPAINT.NS …
2026-10-07 10:37:32,650  INFO      [67/107] fetching BOSCHLTD.NS …
2026-10-07 10:37:33,348  INFO      [68/107] fetching CANBK.NS …
2026-10-07 10:37:33,950  INFO      [69/107] fetching CHOLAFIN.NS …
2026-10-07 10:37:34,560  INFO      [70/107] fetching COLPAL.NS …
2026-10-07 10:37:35,217  INFO      [71/107] fetching DABUR.NS …
2026-10-07 10:37:35,827  INFO      [72/107] fetching DLF.NS …
2026-10-07 10:37:36,516  INFO      [73/107] fetching GAIL.NS …
2026-10-07 10:37:37,231  INFO      [74/107] fetching GODREJCP.NS …
2026-10-07 10:37:37,843  INFO      [75/107] fetching HAVELLS.NS …
2026-10-07 10:37:38,456  INFO      [76/107] fetching HAL.NS …
2026-10-07 10:37:39,079  INFO      [77/107] fetching ICICIGI.NS …
2026-10-07 10:37:39,676  INFO      [78/107] fetching ICICIPRULI.NS …
2026-10-07 10:37:40,276  INFO      [79/107] fetching IOC.NS …
2026-10-07 10:37:40,881  INFO      [80/107] fetching IRCTC.NS …
2026-10-07 10:37:41,481  INFO      [81/107] fetching JINDALSTEL.NS …
2026-10-07 10:37:42,088  INFO      [82/107] fetching LICI.NS …
2026-10-07 10:37:42,687  INFO      [83/107] fetching MARICO.NS …
2026-10-07 10:37:43,337  INFO      [84/107] fetching MOTHERSON.NS …
2026-10-07 10:37:43,944  INFO      [85/107] fetching NAUKRI.NS …
2026-10-07 10:37:44,546  INFO      [86/107] fetching PIDILITIND.NS …
2026-10-07 10:37:45,358  INFO      [87/107] fetching PNB.NS …
2026-10-07 10:37:45,965  INFO      [88/107] fetching PFC.NS …
2026-10-07 10:37:46,573  INFO      [89/107] fetching RECLTD.NS …
2026-10-07 10:37:47,226  INFO      [90/107] fetching SIEMENS.NS …
2026-10-07 10:37:47,834  INFO      [91/107] fetching SRF.NS …
2026-10-07 10:37:48,440  INFO      [92/107] fetching SHREECEM.NS …
2026-10-07 10:37:49,063  INFO      [93/107] fetching SHRIRAMFIN.NS …
2026-10-07 10:37:49,676  INFO      [94/107] fetching TORNTPHARM.NS …
2026-10-07 10:37:50,389  INFO      [95/107] fetching TRENT.NS …
2026-10-07 10:37:51,073  INFO      [96/107] fetching TVSMOTOR.NS …
2026-10-07 10:37:51,680  INFO      [97/107] fetching VEDL.NS …
2026-10-07 10:37:52,309  INFO      [98/107] fetching VBL.NS …
2026-10-07 10:37:52,904  INFO      [99/107] fetching ZOMATO.NS …
2026-10-07 10:37:53,624  WARNING   [ZOMATO.NS] insufficient history (0 rows)
2026-10-07 10:37:54,024  INFO      [100/107] fetching ZYDUSLIFE.NS …
2026-10-07 10:37:54,629  INFO      [101/107] fetching INDIGO.NS …
2026-10-07 10:37:55,244  INFO      [102/107] fetching IDEA.NS …
2026-10-07 10:37:55,910  INFO      [103/107] fetching BANKINDIA.NS …
2026-10-07 10:37:56,513  INFO      [104/107] fetching PAGEIND.NS …
2026-10-07 10:37:57,109  INFO      [105/107] fetching MUTHOOTFIN.NS …
2026-10-07 10:37:57,704  INFO      [106/107] fetching TATAELXSI.NS …
2026-10-07 10:37:58,321  INFO      [107/107] fetching LUPIN.NS …
2026-10-07 10:37:58,528  INFO      Fetched 104/107 symbols successfully.
2026-10-07 10:38:03,489  INFO      Fetched 200 headlines from RSS (Indian + global/geopolitics).
2026-10-07 10:38:08,164  INFO      Macro regime: risk-on | bias=1 | geo-risk=56.7
2026-10-07 10:38:08,408  INFO      NSE corp announcements: 20 filings
2026-10-07 10:38:10,189  INFO      Angel One login successful.
2026-10-07 10:38:10,644  INFO      Saved report → data/stock_reports/2026-10-07_1038.json
2026-10-07 10:38:10,912  INFO      Report image saved → logs/stock_analyzer/2026-10-07/stock_report.png  [1920×1280]
2026-10-07 10:38:10,913  INFO      Dry-run: skipping send. Image + PDF saved locally; console printed.
2026-10-07 10:38:10,913  INFO      == Stock analyzer run complete ==
2026-10-07 10:38:10,916  INFO      [Note] PAPER TRADING -- virtual cash Rs 100,000, max_positions=6 max_pct=15% buckets=('intraday', 'swing') state=data/paper_trader_state.json
2026-10-07 10:38:10,916  INFO      [Note] PAPER TRADING -- virtual cash Rs 100,000, max_positions=6 max_pct=15% buckets=('intraday', 'swing') state=data/paper_trader_state.json
2026-10-07 10:38:10,917  INFO      paper-trader: new day, archived 0 trades (cumulative ₹-5,782)
2026-10-07 10:38:24,164  INFO      tick result: {'ok': True, 'actions': 0, 'open_trades': 0, 'closed_today': 0, 'realised_pnl': 0.0, 'cumulative_pnl': -5781.86, 'halted': False, 'messages': []}
2026-10-07 10:38:24,164  INFO      tick result: {'ok': True, 'actions': 0, 'open_trades': 0, 'closed_today': 0, 'realised_pnl': 0.0, 'cumulative_pnl': -5781.86, 'halted': False, 'messages': []}
