2026-06-08 08:42:01,600  INFO      angel_one starting ... (cmd=paper-trade)
2026-06-08 08:42:01,600  INFO      angel_one starting ... (cmd=paper-trade)
2026-06-08 08:42:01,613  INFO      refresh: generating today's picks via analyzer (dry-run, no PDF)
2026-06-08 08:42:01,613  INFO      refresh: generating today's picks via analyzer (dry-run, no PDF)
2026-06-08 08:42:02,580  INFO      == Stock analyzer run starting ==
2026-06-08 08:42:02,580  INFO      Watchlist: 11 symbols from data/stock_watchlist.txt
2026-06-08 08:42:02,580  INFO      Universe: 107 symbols (total available: 107)
2026-06-08 08:42:03,152  INFO      [1/107] fetching TATAPOWER.NS …
2026-06-08 08:42:03,759  INFO      [2/107] fetching IRFC.NS …
2026-06-08 08:42:04,291  INFO      [3/107] fetching SUZLON.NS …
2026-06-08 08:42:04,802  INFO      [4/107] fetching IREDA.NS …
2026-06-08 08:42:05,308  INFO      [5/107] fetching BHEL.NS …
2026-06-08 08:42:05,809  INFO      [6/107] fetching KPITTECH.NS …
2026-06-08 08:42:06,296  INFO      [7/107] fetching POLYCAB.NS …
2026-06-08 08:42:06,774  INFO      [8/107] fetching PERSISTENT.NS …
2026-06-08 08:42:07,299  INFO      [9/107] fetching ITC.NS …
2026-06-08 08:42:07,875  INFO      [10/107] fetching POWERGRID.NS …
2026-06-08 08:42:08,452  INFO      [11/107] fetching COALINDIA.NS …
2026-06-08 08:42:08,930  INFO      [12/107] fetching RELIANCE.NS …
2026-06-08 08:42:09,423  INFO      [13/107] fetching TCS.NS …
2026-06-08 08:42:10,079  INFO      [14/107] fetching HDFCBANK.NS …
2026-06-08 08:42:10,618  INFO      [15/107] fetching INFY.NS …
2026-06-08 08:42:11,113  INFO      [16/107] fetching ICICIBANK.NS …
2026-06-08 08:42:11,613  INFO      [17/107] fetching HINDUNILVR.NS …
2026-06-08 08:42:12,106  INFO      [18/107] fetching SBIN.NS …
2026-06-08 08:42:12,704  INFO      [19/107] fetching BHARTIARTL.NS …
2026-06-08 08:42:13,198  INFO      [20/107] fetching KOTAKBANK.NS …
2026-06-08 08:42:13,701  INFO      [21/107] fetching LT.NS …
2026-06-08 08:42:14,205  INFO      [22/107] fetching AXISBANK.NS …
2026-06-08 08:42:14,781  INFO      [23/107] fetching BAJFINANCE.NS …
2026-06-08 08:42:15,292  INFO      [24/107] fetching ASIANPAINT.NS …
2026-06-08 08:42:15,792  INFO      [25/107] fetching MARUTI.NS …
2026-06-08 08:42:16,280  INFO      [26/107] fetching HCLTECH.NS …
2026-06-08 08:42:16,781  INFO      [27/107] fetching SUNPHARMA.NS …
2026-06-08 08:42:17,320  INFO      [28/107] fetching TITAN.NS …
2026-06-08 08:42:17,897  INFO      [29/107] fetching ULTRACEMCO.NS …
2026-06-08 08:42:18,392  INFO      [30/107] fetching WIPRO.NS …
2026-06-08 08:42:18,900  INFO      [31/107] fetching NESTLEIND.NS …
2026-06-08 08:42:19,399  INFO      [32/107] fetching ADANIENT.NS …
2026-06-08 08:42:19,895  INFO      [33/107] fetching NTPC.NS …
2026-06-08 08:42:20,387  INFO      [34/107] fetching TATAMOTORS.NS …
2026-06-08 08:42:21,336  WARNING   [TATAMOTORS.NS] insufficient history (0 rows)
2026-06-08 08:42:21,736  INFO      [35/107] fetching M&M.NS …
2026-06-08 08:42:22,309  INFO      [36/107] fetching TATASTEEL.NS …
2026-06-08 08:42:22,867  INFO      [37/107] fetching JSWSTEEL.NS …
2026-06-08 08:42:23,355  INFO      [38/107] fetching ONGC.NS …
2026-06-08 08:42:23,907  INFO      [39/107] fetching TECHM.NS …
2026-06-08 08:42:24,402  INFO      [40/107] fetching BAJAJFINSV.NS …
2026-06-08 08:42:24,973  INFO      [41/107] fetching HINDALCO.NS …
2026-06-08 08:42:25,469  INFO      [42/107] fetching GRASIM.NS …
2026-06-08 08:42:25,971  INFO      [43/107] fetching DRREDDY.NS …
2026-06-08 08:42:26,474  INFO      [44/107] fetching CIPLA.NS …
2026-06-08 08:42:27,040  INFO      [45/107] fetching DIVISLAB.NS …
2026-06-08 08:42:27,596  INFO      [46/107] fetching EICHERMOT.NS …
2026-06-08 08:42:28,128  INFO      [47/107] fetching BRITANNIA.NS …
2026-06-08 08:42:28,634  INFO      [48/107] fetching HEROMOTOCO.NS …
2026-06-08 08:42:29,137  INFO      [49/107] fetching BAJAJ-AUTO.NS …
2026-06-08 08:42:29,654  INFO      [50/107] fetching INDUSINDBK.NS …
2026-06-08 08:42:30,213  INFO      [51/107] fetching APOLLOHOSP.NS …
2026-06-08 08:42:30,712  INFO      [52/107] fetching TATACONSUM.NS …
2026-06-08 08:42:31,265  INFO      [53/107] fetching UPL.NS …
2026-06-08 08:42:31,764  INFO      [54/107] fetching BPCL.NS …
2026-06-08 08:42:32,266  INFO      [55/107] fetching SBILIFE.NS …
2026-06-08 08:42:32,796  INFO      [56/107] fetching HDFCLIFE.NS …
2026-06-08 08:42:33,294  INFO      [57/107] fetching ADANIPORTS.NS …
2026-06-08 08:42:33,839  INFO      [58/107] fetching LTIM.NS …
2026-06-08 08:42:34,380  WARNING   [LTIM.NS] insufficient history (0 rows)
2026-06-08 08:42:34,781  INFO      [59/107] fetching ABB.NS …
2026-06-08 08:42:35,284  INFO      [60/107] fetching ADANIGREEN.NS …
2026-06-08 08:42:35,824  INFO      [61/107] fetching ADANIPOWER.NS …
2026-06-08 08:42:36,350  INFO      [62/107] fetching AMBUJACEM.NS …
2026-06-08 08:42:36,862  INFO      [63/107] fetching DMART.NS …
2026-06-08 08:42:37,374  INFO      [64/107] fetching BAJAJHLDNG.NS …
2026-06-08 08:42:37,879  INFO      [65/107] fetching BANKBARODA.NS …
2026-06-08 08:42:38,450  INFO      [66/107] fetching BERGEPAINT.NS …
2026-06-08 08:42:38,943  INFO      [67/107] fetching BOSCHLTD.NS …
2026-06-08 08:42:39,503  INFO      [68/107] fetching CANBK.NS …
2026-06-08 08:42:40,015  INFO      [69/107] fetching CHOLAFIN.NS …
2026-06-08 08:42:40,555  INFO      [70/107] fetching COLPAL.NS …
2026-06-08 08:42:41,096  INFO      [71/107] fetching DABUR.NS …
2026-06-08 08:42:41,648  INFO      [72/107] fetching DLF.NS …
2026-06-08 08:42:42,191  INFO      [73/107] fetching GAIL.NS …
2026-06-08 08:42:42,692  INFO      [74/107] fetching GODREJCP.NS …
2026-06-08 08:42:43,204  INFO      [75/107] fetching HAVELLS.NS …
2026-06-08 08:42:43,728  INFO      [76/107] fetching HAL.NS …
2026-06-08 08:42:44,211  INFO      [77/107] fetching ICICIGI.NS …
2026-06-08 08:42:44,697  INFO      [78/107] fetching ICICIPRULI.NS …
2026-06-08 08:42:45,175  INFO      [79/107] fetching IOC.NS …
2026-06-08 08:42:45,749  INFO      [80/107] fetching IRCTC.NS …
2026-06-08 08:42:46,227  INFO      [81/107] fetching JINDALSTEL.NS …
2026-06-08 08:42:46,735  INFO      [82/107] fetching LICI.NS …
2026-06-08 08:42:47,221  INFO      [83/107] fetching MARICO.NS …
2026-06-08 08:42:47,722  INFO      [84/107] fetching MOTHERSON.NS …
2026-06-08 08:42:48,230  INFO      [85/107] fetching NAUKRI.NS …
2026-06-08 08:42:48,731  INFO      [86/107] fetching PIDILITIND.NS …
2026-06-08 08:42:49,334  INFO      [87/107] fetching PNB.NS …
2026-06-08 08:42:49,825  INFO      [88/107] fetching PFC.NS …
2026-06-08 08:42:50,320  INFO      [89/107] fetching RECLTD.NS …
2026-06-08 08:42:50,848  INFO      [90/107] fetching SIEMENS.NS …
2026-06-08 08:42:51,366  INFO      [91/107] fetching SRF.NS …
2026-06-08 08:42:51,854  INFO      [92/107] fetching SHREECEM.NS …
2026-06-08 08:42:52,353  INFO      [93/107] fetching SHRIRAMFIN.NS …
2026-06-08 08:42:52,872  INFO      [94/107] fetching TORNTPHARM.NS …
2026-06-08 08:42:53,367  INFO      [95/107] fetching TRENT.NS …
2026-06-08 08:42:53,862  INFO      [96/107] fetching TVSMOTOR.NS …
2026-06-08 08:42:54,360  INFO      [97/107] fetching VEDL.NS …
2026-06-08 08:42:54,898  INFO      [98/107] fetching VBL.NS …
2026-06-08 08:42:55,392  INFO      [99/107] fetching ZOMATO.NS …
2026-06-08 08:42:55,902  WARNING   [ZOMATO.NS] insufficient history (0 rows)
2026-06-08 08:42:56,302  INFO      [100/107] fetching ZYDUSLIFE.NS …
2026-06-08 08:42:56,841  INFO      [101/107] fetching INDIGO.NS …
2026-06-08 08:42:57,334  INFO      [102/107] fetching IDEA.NS …
2026-06-08 08:42:57,810  INFO      [103/107] fetching BANKINDIA.NS …
2026-06-08 08:42:58,314  INFO      [104/107] fetching PAGEIND.NS …
2026-06-08 08:42:58,822  INFO      [105/107] fetching MUTHOOTFIN.NS …
2026-06-08 08:42:59,370  INFO      [106/107] fetching TATAELXSI.NS …
2026-06-08 08:42:59,868  INFO      [107/107] fetching LUPIN.NS …
2026-06-08 08:42:59,970  INFO      Fetched 104/107 symbols successfully.
2026-06-08 08:43:06,537  INFO      Fetched 200 headlines from RSS (Indian + global/geopolitics).
2026-06-08 08:43:09,281  INFO      Macro regime: risk-off | bias=-6 | geo-risk=59.6
2026-06-08 08:43:09,302  INFO      NSE corp announcements: 20 filings
2026-06-08 08:43:10,783  INFO      Angel One login successful.
2026-06-08 08:43:11,380  INFO      Saved report → data/stock_reports/2026-06-08_0843.json
2026-06-08 08:43:11,779  INFO      Report image saved → logs/stock_analyzer/2026-06-08/stock_report.png  [1920×1280]
2026-06-08 08:43:11,779  INFO      Dry-run: skipping send. Image + PDF saved locally; console printed.
2026-06-08 08:43:11,780  INFO      == Stock analyzer run complete ==
2026-06-08 08:43:11,783  INFO      [Note] PAPER TRADING -- virtual cash Rs 100,000, max_positions=6 max_pct=15% buckets=('intraday', 'swing') state=data/paper_trader_state.json
2026-06-08 08:43:11,783  INFO      [Note] PAPER TRADING -- virtual cash Rs 100,000, max_positions=6 max_pct=15% buckets=('intraday', 'swing') state=data/paper_trader_state.json
2026-06-08 08:43:11,784  INFO      paper-trader: new day, archived 5 trades (cumulative ₹-155)
2026-06-08 08:43:24,500  INFO      [DRY] Angel order would be: {'variety': 'NORMAL', 'tradingsymbol': 'HINDALCO-EQ', 'symboltoken': '1363', 'transactiontype': 'SELL', 'exchange': 'NSE', 'ordertype': 'MARKET', 'producttype': 'INTRADAY', 'duration': 'DAY', 'price': '0', 'squareoff': '0', 'stoploss': '0', 'quantity': '6'}
2026-06-08 08:43:24,500  INFO      [SL] [DRY] CLOSE HINDALCO.NS qty=6 @ Rs 1068.00 P&L Rs -438 (gross Rs -428, cost Rs 10; SL hit @ 1068.00)
2026-06-08 08:43:24,500  INFO      [DRY] Angel order would be: {'variety': 'NORMAL', 'tradingsymbol': 'RECLTD-EQ', 'symboltoken': '15355', 'transactiontype': 'BUY', 'exchange': 'NSE', 'ordertype': 'MARKET', 'producttype': 'INTRADAY', 'duration': 'DAY', 'price': '0', 'squareoff': '0', 'stoploss': '0', 'quantity': '40'}
2026-06-08 08:43:24,500  INFO      [OPEN] [DRY] RECLTD.NS qty=40 @ Rs 345.35 SL Rs 336.88 TGT Rs 348.45 (order=None)
2026-06-08 08:43:24,500  INFO      [DRY] Angel order would be: {'variety': 'NORMAL', 'tradingsymbol': 'TECHM-EQ', 'symboltoken': '13538', 'transactiontype': 'BUY', 'exchange': 'NSE', 'ordertype': 'MARKET', 'producttype': 'INTRADAY', 'duration': 'DAY', 'price': '0', 'squareoff': '0', 'stoploss': '0', 'quantity': '7'}
2026-06-08 08:43:24,500  INFO      [OPEN] [DRY] TECHM.NS qty=7 @ Rs 1502.00 SL Rs 1455.33 TGT Rs 1503.79 (order=None)
2026-06-08 08:43:24,500  INFO      [DRY] Angel order would be: {'variety': 'NORMAL', 'tradingsymbol': 'SBIN-EQ', 'symboltoken': '3045', 'transactiontype': 'BUY', 'exchange': 'NSE', 'ordertype': 'MARKET', 'producttype': 'INTRADAY', 'duration': 'DAY', 'price': '0', 'squareoff': '0', 'stoploss': '0', 'quantity': '10'}
2026-06-08 08:43:24,500  INFO      [OPEN] [DRY] SBIN.NS qty=10 @ Rs 981.30 SL Rs 970.92 TGT Rs 1037.18 (order=None)
2026-06-08 08:43:24,501  INFO      [DRY] Angel order would be: {'variety': 'NORMAL', 'tradingsymbol': 'BANKINDIA-EQ', 'symboltoken': '4745', 'transactiontype': 'BUY', 'exchange': 'NSE', 'ordertype': 'MARKET', 'producttype': 'INTRADAY', 'duration': 'DAY', 'price': '0', 'squareoff': '0', 'stoploss': '0', 'quantity': '62'}
2026-06-08 08:43:24,501  INFO      [OPEN] [DRY] BANKINDIA.NS qty=62 @ Rs 141.14 SL Rs 140.34 TGT Rs 145.80 (order=None)
2026-06-08 08:43:24,501  INFO      [DRY] Angel order would be: {'variety': 'NORMAL', 'tradingsymbol': 'PERSISTENT-EQ', 'symboltoken': '18365', 'transactiontype': 'BUY', 'exchange': 'NSE', 'ordertype': 'MARKET', 'producttype': 'INTRADAY', 'duration': 'DAY', 'price': '0', 'squareoff': '0', 'stoploss': '0', 'quantity': '1'}
2026-06-08 08:43:24,501  INFO      [OPEN] [DRY] PERSISTENT.NS qty=1 @ Rs 5067.50 SL Rs 4900.38 TGT Rs 5162.95 (order=None)
2026-06-08 08:43:24,503  INFO      tick result: {'ok': True, 'actions': 6, 'open_trades': 5, 'closed_today': 1, 'realised_pnl': -437.73, 'cumulative_pnl': -592.63, 'halted': False, 'messages': ['[SL] [DRY] CLOSE HINDALCO.NS qty=6 @ Rs 1068.00 P&L Rs -438 (gross Rs -428, cost Rs 10; SL hit @ 1068.00)', '[OPEN] [DRY] RECLTD.NS qty=40 @ Rs 345.35 SL Rs 336.88 TGT Rs 348.45 (order=None)', '[OPEN] [DRY] TECHM.NS qty=7 @ Rs 1502.00 SL Rs 1455.33 TGT Rs 1503.79 (order=None)', '[OPEN] [DRY] SBIN.NS qty=10 @ Rs 981.30 SL Rs 970.92 TGT Rs 1037.18 (order=None)', '[OPEN] [DRY] BANKINDIA.NS qty=62 @ Rs 141.14 SL Rs 140.34 TGT Rs 145.80 (order=None)', '[OPEN] [DRY] PERSISTENT.NS qty=1 @ Rs 5067.50 SL Rs 4900.38 TGT Rs 5162.95 (order=None)']}
2026-06-08 08:43:24,503  INFO      tick result: {'ok': True, 'actions': 6, 'open_trades': 5, 'closed_today': 1, 'realised_pnl': -437.73, 'cumulative_pnl': -592.63, 'halted': False, 'messages': ['[SL] [DRY] CLOSE HINDALCO.NS qty=6 @ Rs 1068.00 P&L Rs -438 (gross Rs -428, cost Rs 10; SL hit @ 1068.00)', '[OPEN] [DRY] RECLTD.NS qty=40 @ Rs 345.35 SL Rs 336.88 TGT Rs 348.45 (order=None)', '[OPEN] [DRY] TECHM.NS qty=7 @ Rs 1502.00 SL Rs 1455.33 TGT Rs 1503.79 (order=None)', '[OPEN] [DRY] SBIN.NS qty=10 @ Rs 981.30 SL Rs 970.92 TGT Rs 1037.18 (order=None)', '[OPEN] [DRY] BANKINDIA.NS qty=62 @ Rs 141.14 SL Rs 140.34 TGT Rs 145.80 (order=None)', '[OPEN] [DRY] PERSISTENT.NS qty=1 @ Rs 5067.50 SL Rs 4900.38 TGT Rs 5162.95 (order=None)']}
