2026-08-26 04:26:53,349  INFO      angel_one starting ... (cmd=paper-trade)
2026-08-26 04:26:53,349  INFO      angel_one starting ... (cmd=paper-trade)
2026-08-26 04:26:53,365  INFO      refresh: generating today's picks via analyzer (dry-run, no PDF)
2026-08-26 04:26:53,365  INFO      refresh: generating today's picks via analyzer (dry-run, no PDF)
2026-08-26 04:26:53,903  INFO      == Stock analyzer run starting ==
2026-08-26 04:26:53,904  INFO      Watchlist: 11 symbols from data/stock_watchlist.txt
2026-08-26 04:26:53,904  INFO      Universe: 107 symbols (total available: 107)
2026-08-26 04:26:54,498  INFO      [1/107] fetching TATAPOWER.NS …
2026-08-26 04:26:55,039  INFO      [2/107] fetching IRFC.NS …
2026-08-26 04:26:55,534  INFO      [3/107] fetching SUZLON.NS …
2026-08-26 04:26:56,029  INFO      [4/107] fetching IREDA.NS …
2026-08-26 04:26:56,531  INFO      [5/107] fetching BHEL.NS …
2026-08-26 04:26:57,042  INFO      [6/107] fetching KPITTECH.NS …
2026-08-26 04:26:57,547  INFO      [7/107] fetching POLYCAB.NS …
2026-08-26 04:26:58,047  INFO      [8/107] fetching PERSISTENT.NS …
2026-08-26 04:26:58,566  INFO      [9/107] fetching ITC.NS …
2026-08-26 04:26:59,088  INFO      [10/107] fetching POWERGRID.NS …
2026-08-26 04:26:59,601  INFO      [11/107] fetching COALINDIA.NS …
2026-08-26 04:27:00,110  INFO      [12/107] fetching RELIANCE.NS …
2026-08-26 04:27:00,631  INFO      [13/107] fetching TCS.NS …
2026-08-26 04:27:01,145  INFO      [14/107] fetching HDFCBANK.NS …
2026-08-26 04:27:01,672  INFO      [15/107] fetching INFY.NS …
2026-08-26 04:27:02,190  INFO      [16/107] fetching ICICIBANK.NS …
2026-08-26 04:27:02,705  INFO      [17/107] fetching HINDUNILVR.NS …
2026-08-26 04:27:03,218  INFO      [18/107] fetching SBIN.NS …
2026-08-26 04:27:03,742  INFO      [19/107] fetching BHARTIARTL.NS …
2026-08-26 04:27:04,243  INFO      [20/107] fetching KOTAKBANK.NS …
2026-08-26 04:27:04,759  INFO      [21/107] fetching LT.NS …
2026-08-26 04:27:05,279  INFO      [22/107] fetching AXISBANK.NS …
2026-08-26 04:27:05,789  INFO      [23/107] fetching BAJFINANCE.NS …
2026-08-26 04:27:06,315  INFO      [24/107] fetching ASIANPAINT.NS …
2026-08-26 04:27:06,830  INFO      [25/107] fetching MARUTI.NS …
2026-08-26 04:27:07,374  INFO      [26/107] fetching HCLTECH.NS …
2026-08-26 04:27:07,965  INFO      [27/107] fetching SUNPHARMA.NS …
2026-08-26 04:27:08,529  INFO      [28/107] fetching TITAN.NS …
2026-08-26 04:27:09,047  INFO      [29/107] fetching ULTRACEMCO.NS …
2026-08-26 04:27:09,553  INFO      [30/107] fetching WIPRO.NS …
2026-08-26 04:27:10,095  INFO      [31/107] fetching NESTLEIND.NS …
2026-08-26 04:27:10,604  INFO      [32/107] fetching ADANIENT.NS …
2026-08-26 04:27:11,118  INFO      [33/107] fetching NTPC.NS …
2026-08-26 04:27:11,701  INFO      [34/107] fetching TATAMOTORS.NS …
2026-08-26 04:27:12,667  WARNING   [TATAMOTORS.NS] insufficient history (0 rows)
2026-08-26 04:27:13,068  INFO      [35/107] fetching M&M.NS …
2026-08-26 04:27:13,585  INFO      [36/107] fetching TATASTEEL.NS …
2026-08-26 04:27:14,098  INFO      [37/107] fetching JSWSTEEL.NS …
2026-08-26 04:27:14,605  INFO      [38/107] fetching ONGC.NS …
2026-08-26 04:27:15,127  INFO      [39/107] fetching TECHM.NS …
2026-08-26 04:27:15,661  INFO      [40/107] fetching BAJAJFINSV.NS …
2026-08-26 04:27:16,165  INFO      [41/107] fetching HINDALCO.NS …
2026-08-26 04:27:16,709  INFO      [42/107] fetching GRASIM.NS …
2026-08-26 04:27:17,222  INFO      [43/107] fetching DRREDDY.NS …
2026-08-26 04:27:17,736  INFO      [44/107] fetching CIPLA.NS …
2026-08-26 04:27:18,277  INFO      [45/107] fetching DIVISLAB.NS …
2026-08-26 04:27:18,786  INFO      [46/107] fetching EICHERMOT.NS …
2026-08-26 04:27:19,308  INFO      [47/107] fetching BRITANNIA.NS …
2026-08-26 04:27:19,822  INFO      [48/107] fetching HEROMOTOCO.NS …
2026-08-26 04:27:20,333  INFO      [49/107] fetching BAJAJ-AUTO.NS …
2026-08-26 04:27:20,871  INFO      [50/107] fetching INDUSINDBK.NS …
2026-08-26 04:27:21,424  INFO      [51/107] fetching APOLLOHOSP.NS …
2026-08-26 04:27:21,933  INFO      [52/107] fetching TATACONSUM.NS …
2026-08-26 04:27:22,449  INFO      [53/107] fetching UPL.NS …
2026-08-26 04:27:22,992  INFO      [54/107] fetching BPCL.NS …
2026-08-26 04:27:23,505  INFO      [55/107] fetching SBILIFE.NS …
2026-08-26 04:27:24,037  INFO      [56/107] fetching HDFCLIFE.NS …
2026-08-26 04:27:24,537  INFO      [57/107] fetching ADANIPORTS.NS …
2026-08-26 04:27:25,077  INFO      [58/107] fetching LTIM.NS …
2026-08-26 04:27:25,590  WARNING   [LTIM.NS] insufficient history (0 rows)
2026-08-26 04:27:25,990  INFO      [59/107] fetching ABB.NS …
2026-08-26 04:27:26,498  INFO      [60/107] fetching ADANIGREEN.NS …
2026-08-26 04:27:27,018  INFO      [61/107] fetching ADANIPOWER.NS …
2026-08-26 04:27:27,506  INFO      [62/107] fetching AMBUJACEM.NS …
2026-08-26 04:27:28,024  INFO      [63/107] fetching DMART.NS …
2026-08-26 04:27:28,520  INFO      [64/107] fetching BAJAJHLDNG.NS …
2026-08-26 04:27:29,051  INFO      [65/107] fetching BANKBARODA.NS …
2026-08-26 04:27:29,572  INFO      [66/107] fetching BERGEPAINT.NS …
2026-08-26 04:27:30,083  INFO      [67/107] fetching BOSCHLTD.NS …
2026-08-26 04:27:30,591  INFO      [68/107] fetching CANBK.NS …
2026-08-26 04:27:31,105  INFO      [69/107] fetching CHOLAFIN.NS …
2026-08-26 04:27:31,615  INFO      [70/107] fetching COLPAL.NS …
2026-08-26 04:27:32,122  INFO      [71/107] fetching DABUR.NS …
2026-08-26 04:27:32,644  INFO      [72/107] fetching DLF.NS …
2026-08-26 04:27:33,159  INFO      [73/107] fetching GAIL.NS …
2026-08-26 04:27:33,670  INFO      [74/107] fetching GODREJCP.NS …
2026-08-26 04:27:34,193  INFO      [75/107] fetching HAVELLS.NS …
2026-08-26 04:27:34,701  INFO      [76/107] fetching HAL.NS …
2026-08-26 04:27:35,285  INFO      [77/107] fetching ICICIGI.NS …
2026-08-26 04:27:35,794  INFO      [78/107] fetching ICICIPRULI.NS …
2026-08-26 04:27:36,309  INFO      [79/107] fetching IOC.NS …
2026-08-26 04:27:36,822  INFO      [80/107] fetching IRCTC.NS …
2026-08-26 04:27:37,321  INFO      [81/107] fetching JINDALSTEL.NS …
2026-08-26 04:27:37,832  INFO      [82/107] fetching LICI.NS …
2026-08-26 04:27:38,324  INFO      [83/107] fetching MARICO.NS …
2026-08-26 04:27:38,843  INFO      [84/107] fetching MOTHERSON.NS …
2026-08-26 04:27:39,356  INFO      [85/107] fetching NAUKRI.NS …
2026-08-26 04:27:39,858  INFO      [86/107] fetching PIDILITIND.NS …
2026-08-26 04:27:40,371  INFO      [87/107] fetching PNB.NS …
2026-08-26 04:27:40,886  INFO      [88/107] fetching PFC.NS …
2026-08-26 04:27:41,401  INFO      [89/107] fetching RECLTD.NS …
2026-08-26 04:27:41,907  INFO      [90/107] fetching SIEMENS.NS …
2026-08-26 04:27:42,422  INFO      [91/107] fetching SRF.NS …
2026-08-26 04:27:42,933  INFO      [92/107] fetching SHREECEM.NS …
2026-08-26 04:27:43,451  INFO      [93/107] fetching SHRIRAMFIN.NS …
2026-08-26 04:27:43,960  INFO      [94/107] fetching TORNTPHARM.NS …
2026-08-26 04:27:44,503  INFO      [95/107] fetching TRENT.NS …
2026-08-26 04:27:45,020  INFO      [96/107] fetching TVSMOTOR.NS …
2026-08-26 04:27:45,530  INFO      [97/107] fetching VEDL.NS …
2026-08-26 04:27:46,044  INFO      [98/107] fetching VBL.NS …
2026-08-26 04:27:46,567  INFO      [99/107] fetching ZOMATO.NS …
2026-08-26 04:27:47,125  WARNING   [ZOMATO.NS] insufficient history (0 rows)
2026-08-26 04:27:47,525  INFO      [100/107] fetching ZYDUSLIFE.NS …
2026-08-26 04:27:48,040  INFO      [101/107] fetching INDIGO.NS …
2026-08-26 04:27:48,540  INFO      [102/107] fetching IDEA.NS …
2026-08-26 04:27:49,041  INFO      [103/107] fetching BANKINDIA.NS …
2026-08-26 04:27:49,559  INFO      [104/107] fetching PAGEIND.NS …
2026-08-26 04:27:50,070  INFO      [105/107] fetching MUTHOOTFIN.NS …
2026-08-26 04:27:50,587  INFO      [106/107] fetching TATAELXSI.NS …
2026-08-26 04:27:51,099  INFO      [107/107] fetching LUPIN.NS …
2026-08-26 04:27:51,216  INFO      Fetched 104/107 symbols successfully.
2026-08-26 04:27:55,820  INFO      Fetched 200 headlines from RSS (Indian + global/geopolitics).
2026-08-26 04:27:58,598  INFO      Macro regime: neutral | bias=2 | geo-risk=43.3
2026-08-26 04:27:58,942  INFO      NSE corp announcements: 20 filings
2026-08-26 04:28:00,402  INFO      Angel One login successful.
2026-08-26 04:28:01,501  INFO      Saved report → data/stock_reports/2026-08-26_0428.json
2026-08-26 04:28:02,007  INFO      Report image saved → logs/stock_analyzer/2026-08-26/stock_report.png  [1920×1280]
2026-08-26 04:28:02,007  INFO      Dry-run: skipping send. Image + PDF saved locally; console printed.
2026-08-26 04:28:02,008  INFO      == Stock analyzer run complete ==
2026-08-26 04:28:02,011  INFO      [Note] PAPER TRADING -- virtual cash Rs 100,000, max_positions=6 max_pct=15% buckets=('intraday', 'swing') state=data/paper_trader_state.json
2026-08-26 04:28:02,011  INFO      [Note] PAPER TRADING -- virtual cash Rs 100,000, max_positions=6 max_pct=15% buckets=('intraday', 'swing') state=data/paper_trader_state.json
2026-08-26 04:28:02,012  INFO      paper-trader: new day, archived 9 trades (cumulative ₹-3,914)
2026-08-26 04:28:13,841  INFO      [DRY] Angel order would be: {'variety': 'NORMAL', 'tradingsymbol': 'ADANIPOWER-EQ', 'symboltoken': '17388', 'transactiontype': 'BUY', 'exchange': 'NSE', 'ordertype': 'MARKET', 'producttype': 'INTRADAY', 'duration': 'DAY', 'price': '0', 'squareoff': '0', 'stoploss': '0', 'quantity': '64'}
2026-08-26 04:28:13,841  INFO      [OPEN] [DRY] ADANIPOWER.NS qty=64 @ Rs 211.20 SL Rs 208.00 TGT Rs 213.37 (order=None)
2026-08-26 04:28:13,841  INFO      [DRY] Angel order would be: {'variety': 'NORMAL', 'tradingsymbol': 'BANKINDIA-EQ', 'symboltoken': '4745', 'transactiontype': 'BUY', 'exchange': 'NSE', 'ordertype': 'MARKET', 'producttype': 'INTRADAY', 'duration': 'DAY', 'price': '0', 'squareoff': '0', 'stoploss': '0', 'quantity': '78'}
2026-08-26 04:28:13,841  INFO      [OPEN] [DRY] BANKINDIA.NS qty=78 @ Rs 146.98 SL Rs 143.91 TGT Rs 146.82 (order=None)
2026-08-26 04:28:13,841  INFO      [DRY] Angel order would be: {'variety': 'NORMAL', 'tradingsymbol': 'VEDL-EQ', 'symboltoken': '3063', 'transactiontype': 'BUY', 'exchange': 'NSE', 'ordertype': 'MARKET', 'producttype': 'INTRADAY', 'duration': 'DAY', 'price': '0', 'squareoff': '0', 'stoploss': '0', 'quantity': '34'}
2026-08-26 04:28:13,841  INFO      [OPEN] [DRY] VEDL.NS qty=34 @ Rs 280.45 SL Rs 272.37 TGT Rs 282.28 (order=None)
2026-08-26 04:28:13,841  INFO      [DRY] Angel order would be: {'variety': 'NORMAL', 'tradingsymbol': 'ADANIENT-EQ', 'symboltoken': '25', 'transactiontype': 'BUY', 'exchange': 'NSE', 'ordertype': 'MARKET', 'producttype': 'INTRADAY', 'duration': 'DAY', 'price': '0', 'squareoff': '0', 'stoploss': '0', 'quantity': '2'}
2026-08-26 04:28:13,842  INFO      [OPEN] [DRY] ADANIENT.NS qty=2 @ Rs 3146.40 SL Rs 3094.58 TGT Rs 3207.07 (order=None)
2026-08-26 04:28:13,842  INFO      [DRY] Angel order would be: {'variety': 'NORMAL', 'tradingsymbol': 'VBL-EQ', 'symboltoken': '18921', 'transactiontype': 'BUY', 'exchange': 'NSE', 'ordertype': 'MARKET', 'producttype': 'INTRADAY', 'duration': 'DAY', 'price': '0', 'squareoff': '0', 'stoploss': '0', 'quantity': '17'}
2026-08-26 04:28:13,842  INFO      [OPEN] [DRY] VBL.NS qty=17 @ Rs 429.00 SL Rs 420.88 TGT Rs 442.41 (order=None)
2026-08-26 04:28:13,848  INFO      tick result: {'ok': True, 'actions': 5, 'open_trades': 6, 'closed_today': 0, 'realised_pnl': 0.0, 'cumulative_pnl': -3914.0, 'halted': False, 'messages': ['[OPEN] [DRY] ADANIPOWER.NS qty=64 @ Rs 211.20 SL Rs 208.00 TGT Rs 213.37 (order=None)', '[OPEN] [DRY] BANKINDIA.NS qty=78 @ Rs 146.98 SL Rs 143.91 TGT Rs 146.82 (order=None)', '[OPEN] [DRY] VEDL.NS qty=34 @ Rs 280.45 SL Rs 272.37 TGT Rs 282.28 (order=None)', '[OPEN] [DRY] ADANIENT.NS qty=2 @ Rs 3146.40 SL Rs 3094.58 TGT Rs 3207.07 (order=None)', '[OPEN] [DRY] VBL.NS qty=17 @ Rs 429.00 SL Rs 420.88 TGT Rs 442.41 (order=None)']}
2026-08-26 04:28:13,848  INFO      tick result: {'ok': True, 'actions': 5, 'open_trades': 6, 'closed_today': 0, 'realised_pnl': 0.0, 'cumulative_pnl': -3914.0, 'halted': False, 'messages': ['[OPEN] [DRY] ADANIPOWER.NS qty=64 @ Rs 211.20 SL Rs 208.00 TGT Rs 213.37 (order=None)', '[OPEN] [DRY] BANKINDIA.NS qty=78 @ Rs 146.98 SL Rs 143.91 TGT Rs 146.82 (order=None)', '[OPEN] [DRY] VEDL.NS qty=34 @ Rs 280.45 SL Rs 272.37 TGT Rs 282.28 (order=None)', '[OPEN] [DRY] ADANIENT.NS qty=2 @ Rs 3146.40 SL Rs 3094.58 TGT Rs 3207.07 (order=None)', '[OPEN] [DRY] VBL.NS qty=17 @ Rs 429.00 SL Rs 420.88 TGT Rs 442.41 (order=None)']}
