2026-09-04 08:15:28,035  INFO      angel_one starting ... (cmd=paper-trade)
2026-09-04 08:15:28,035  INFO      angel_one starting ... (cmd=paper-trade)
2026-09-04 08:15:28,053  INFO      refresh: generating today's picks via analyzer (dry-run, no PDF)
2026-09-04 08:15:28,053  INFO      refresh: generating today's picks via analyzer (dry-run, no PDF)
2026-09-04 08:15:29,557  INFO      == Stock analyzer run starting ==
2026-09-04 08:15:29,558  INFO      Watchlist: 11 symbols from data/stock_watchlist.txt
2026-09-04 08:15:29,558  INFO      Universe: 107 symbols (total available: 107)
2026-09-04 08:15:30,009  INFO      [1/107] fetching TATAPOWER.NS …
2026-09-04 08:15:30,555  INFO      [2/107] fetching IRFC.NS …
2026-09-04 08:15:31,058  INFO      [3/107] fetching SUZLON.NS …
2026-09-04 08:15:31,561  INFO      [4/107] fetching IREDA.NS …
2026-09-04 08:15:32,095  INFO      [5/107] fetching BHEL.NS …
2026-09-04 08:15:32,606  INFO      [6/107] fetching KPITTECH.NS …
2026-09-04 08:15:33,111  INFO      [7/107] fetching POLYCAB.NS …
2026-09-04 08:15:33,613  INFO      [8/107] fetching PERSISTENT.NS …
2026-09-04 08:15:34,154  INFO      [9/107] fetching ITC.NS …
2026-09-04 08:15:34,674  INFO      [10/107] fetching POWERGRID.NS …
2026-09-04 08:15:35,214  INFO      [11/107] fetching COALINDIA.NS …
2026-09-04 08:15:35,749  INFO      [12/107] fetching RELIANCE.NS …
2026-09-04 08:15:36,284  INFO      [13/107] fetching TCS.NS …
2026-09-04 08:15:36,794  INFO      [14/107] fetching HDFCBANK.NS …
2026-09-04 08:15:37,304  INFO      [15/107] fetching INFY.NS …
2026-09-04 08:15:37,816  INFO      [16/107] fetching ICICIBANK.NS …
2026-09-04 08:15:38,326  INFO      [17/107] fetching HINDUNILVR.NS …
2026-09-04 08:15:38,842  INFO      [18/107] fetching SBIN.NS …
2026-09-04 08:15:39,355  INFO      [19/107] fetching BHARTIARTL.NS …
2026-09-04 08:15:39,861  INFO      [20/107] fetching KOTAKBANK.NS …
2026-09-04 08:15:40,376  INFO      [21/107] fetching LT.NS …
2026-09-04 08:15:40,889  INFO      [22/107] fetching AXISBANK.NS …
2026-09-04 08:15:41,415  INFO      [23/107] fetching BAJFINANCE.NS …
2026-09-04 08:15:41,919  INFO      [24/107] fetching ASIANPAINT.NS …
2026-09-04 08:15:42,426  INFO      [25/107] fetching MARUTI.NS …
2026-09-04 08:15:42,942  INFO      [26/107] fetching HCLTECH.NS …
2026-09-04 08:15:43,462  INFO      [27/107] fetching SUNPHARMA.NS …
2026-09-04 08:15:43,975  INFO      [28/107] fetching TITAN.NS …
2026-09-04 08:15:44,494  INFO      [29/107] fetching ULTRACEMCO.NS …
2026-09-04 08:15:45,007  INFO      [30/107] fetching WIPRO.NS …
2026-09-04 08:15:45,519  INFO      [31/107] fetching NESTLEIND.NS …
2026-09-04 08:15:46,030  INFO      [32/107] fetching ADANIENT.NS …
2026-09-04 08:15:46,548  INFO      [33/107] fetching NTPC.NS …
2026-09-04 08:15:47,059  INFO      [34/107] fetching TATAMOTORS.NS …
2026-09-04 08:15:48,214  WARNING   [TATAMOTORS.NS] insufficient history (0 rows)
2026-09-04 08:15:48,614  INFO      [35/107] fetching M&M.NS …
2026-09-04 08:15:49,161  INFO      [36/107] fetching TATASTEEL.NS …
2026-09-04 08:15:49,711  INFO      [37/107] fetching JSWSTEEL.NS …
2026-09-04 08:15:50,239  INFO      [38/107] fetching ONGC.NS …
2026-09-04 08:15:50,749  INFO      [39/107] fetching TECHM.NS …
2026-09-04 08:15:51,261  INFO      [40/107] fetching BAJAJFINSV.NS …
2026-09-04 08:15:51,768  INFO      [41/107] fetching HINDALCO.NS …
2026-09-04 08:15:52,278  INFO      [42/107] fetching GRASIM.NS …
2026-09-04 08:15:52,788  INFO      [43/107] fetching DRREDDY.NS …
2026-09-04 08:15:53,305  INFO      [44/107] fetching CIPLA.NS …
2026-09-04 08:15:53,821  INFO      [45/107] fetching DIVISLAB.NS …
2026-09-04 08:15:54,328  INFO      [46/107] fetching EICHERMOT.NS …
2026-09-04 08:15:54,841  INFO      [47/107] fetching BRITANNIA.NS …
2026-09-04 08:15:55,373  INFO      [48/107] fetching HEROMOTOCO.NS …
2026-09-04 08:15:55,882  INFO      [49/107] fetching BAJAJ-AUTO.NS …
2026-09-04 08:15:56,391  INFO      [50/107] fetching INDUSINDBK.NS …
2026-09-04 08:15:56,899  INFO      [51/107] fetching APOLLOHOSP.NS …
2026-09-04 08:15:57,405  INFO      [52/107] fetching TATACONSUM.NS …
2026-09-04 08:15:57,919  INFO      [53/107] fetching UPL.NS …
2026-09-04 08:15:58,429  INFO      [54/107] fetching BPCL.NS …
2026-09-04 08:15:58,940  INFO      [55/107] fetching SBILIFE.NS …
2026-09-04 08:15:59,443  INFO      [56/107] fetching HDFCLIFE.NS …
2026-09-04 08:15:59,944  INFO      [57/107] fetching ADANIPORTS.NS …
2026-09-04 08:16:00,451  INFO      [58/107] fetching LTIM.NS …
2026-09-04 08:16:01,015  WARNING   [LTIM.NS] insufficient history (0 rows)
2026-09-04 08:16:01,415  INFO      [59/107] fetching ABB.NS …
2026-09-04 08:16:01,927  INFO      [60/107] fetching ADANIGREEN.NS …
2026-09-04 08:16:02,432  INFO      [61/107] fetching ADANIPOWER.NS …
2026-09-04 08:16:02,936  INFO      [62/107] fetching AMBUJACEM.NS …
2026-09-04 08:16:03,448  INFO      [63/107] fetching DMART.NS …
2026-09-04 08:16:03,945  INFO      [64/107] fetching BAJAJHLDNG.NS …
2026-09-04 08:16:04,459  INFO      [65/107] fetching BANKBARODA.NS …
2026-09-04 08:16:05,001  INFO      [66/107] fetching BERGEPAINT.NS …
2026-09-04 08:16:05,513  INFO      [67/107] fetching BOSCHLTD.NS …
2026-09-04 08:16:06,024  INFO      [68/107] fetching CANBK.NS …
2026-09-04 08:16:06,539  INFO      [69/107] fetching CHOLAFIN.NS …
2026-09-04 08:16:07,059  INFO      [70/107] fetching COLPAL.NS …
2026-09-04 08:16:07,574  INFO      [71/107] fetching DABUR.NS …
2026-09-04 08:16:08,084  INFO      [72/107] fetching DLF.NS …
2026-09-04 08:16:08,592  INFO      [73/107] fetching GAIL.NS …
2026-09-04 08:16:09,137  INFO      [74/107] fetching GODREJCP.NS …
2026-09-04 08:16:09,657  INFO      [75/107] fetching HAVELLS.NS …
2026-09-04 08:16:10,174  INFO      [76/107] fetching HAL.NS …
2026-09-04 08:16:10,678  INFO      [77/107] fetching ICICIGI.NS …
2026-09-04 08:16:11,186  INFO      [78/107] fetching ICICIPRULI.NS …
2026-09-04 08:16:11,690  INFO      [79/107] fetching IOC.NS …
2026-09-04 08:16:12,213  INFO      [80/107] fetching IRCTC.NS …
2026-09-04 08:16:12,715  INFO      [81/107] fetching JINDALSTEL.NS …
2026-09-04 08:16:13,232  INFO      [82/107] fetching LICI.NS …
2026-09-04 08:16:13,730  INFO      [83/107] fetching MARICO.NS …
2026-09-04 08:16:14,245  INFO      [84/107] fetching MOTHERSON.NS …
2026-09-04 08:16:14,760  INFO      [85/107] fetching NAUKRI.NS …
2026-09-04 08:16:15,268  INFO      [86/107] fetching PIDILITIND.NS …
2026-09-04 08:16:15,786  INFO      [87/107] fetching PNB.NS …
2026-09-04 08:16:16,296  INFO      [88/107] fetching PFC.NS …
2026-09-04 08:16:16,801  INFO      [89/107] fetching RECLTD.NS …
2026-09-04 08:16:17,323  INFO      [90/107] fetching SIEMENS.NS …
2026-09-04 08:16:17,864  INFO      [91/107] fetching SRF.NS …
2026-09-04 08:16:18,377  INFO      [92/107] fetching SHREECEM.NS …
2026-09-04 08:16:18,890  INFO      [93/107] fetching SHRIRAMFIN.NS …
2026-09-04 08:16:19,440  INFO      [94/107] fetching TORNTPHARM.NS …
2026-09-04 08:16:19,951  INFO      [95/107] fetching TRENT.NS …
2026-09-04 08:16:20,476  INFO      [96/107] fetching TVSMOTOR.NS …
2026-09-04 08:16:20,987  INFO      [97/107] fetching VEDL.NS …
2026-09-04 08:16:21,500  INFO      [98/107] fetching VBL.NS …
2026-09-04 08:16:22,006  INFO      [99/107] fetching ZOMATO.NS …
2026-09-04 08:16:22,561  WARNING   [ZOMATO.NS] insufficient history (0 rows)
2026-09-04 08:16:22,961  INFO      [100/107] fetching ZYDUSLIFE.NS …
2026-09-04 08:16:23,531  INFO      [101/107] fetching INDIGO.NS …
2026-09-04 08:16:24,032  INFO      [102/107] fetching IDEA.NS …
2026-09-04 08:16:24,531  INFO      [103/107] fetching BANKINDIA.NS …
2026-09-04 08:16:25,057  INFO      [104/107] fetching PAGEIND.NS …
2026-09-04 08:16:25,566  INFO      [105/107] fetching MUTHOOTFIN.NS …
2026-09-04 08:16:26,071  INFO      [106/107] fetching TATAELXSI.NS …
2026-09-04 08:16:26,623  INFO      [107/107] fetching LUPIN.NS …
2026-09-04 08:16:26,733  INFO      Fetched 104/107 symbols successfully.
2026-09-04 08:16:31,366  INFO      Fetched 200 headlines from RSS (Indian + global/geopolitics).
2026-09-04 08:16:34,470  INFO      Macro regime: risk-on | bias=3 | geo-risk=32.1
2026-09-04 08:16:34,505  INFO      NSE corp announcements: 20 filings
2026-09-04 08:16:36,354  INFO      Angel One login successful.
2026-09-04 08:16:37,481  INFO      Saved report → data/stock_reports/2026-09-04_0816.json
2026-09-04 08:16:38,308  INFO      Report image saved → logs/stock_analyzer/2026-09-04/stock_report.png  [1920×1280]
2026-09-04 08:16:38,309  INFO      Dry-run: skipping send. Image + PDF saved locally; console printed.
2026-09-04 08:16:38,310  INFO      == Stock analyzer run complete ==
2026-09-04 08:16:38,314  INFO      [Note] PAPER TRADING -- virtual cash Rs 100,000, max_positions=6 max_pct=15% buckets=('intraday', 'swing') state=data/paper_trader_state.json
2026-09-04 08:16:38,314  INFO      [Note] PAPER TRADING -- virtual cash Rs 100,000, max_positions=6 max_pct=15% buckets=('intraday', 'swing') state=data/paper_trader_state.json
2026-09-04 08:16:38,316  INFO      paper-trader: new day, archived 4 trades (cumulative ₹-4,446)
2026-09-04 08:16:50,877  INFO      [DRY] Angel order would be: {'variety': 'NORMAL', 'tradingsymbol': 'HDFCLIFE-EQ', 'symboltoken': '467', 'transactiontype': 'BUY', 'exchange': 'NSE', 'ordertype': 'MARKET', 'producttype': 'INTRADAY', 'duration': 'DAY', 'price': '0', 'squareoff': '0', 'stoploss': '0', 'quantity': '22'}
2026-09-04 08:16:50,877  INFO      [OPEN] [DRY] HDFCLIFE.NS qty=22 @ Rs 544.25 SL Rs 534.59 TGT Rs 560.83 (order=None)
2026-09-04 08:16:50,878  INFO      [DRY] Angel order would be: {'variety': 'NORMAL', 'tradingsymbol': 'TATASTEEL-EQ', 'symboltoken': '3499', 'transactiontype': 'BUY', 'exchange': 'NSE', 'ordertype': 'MARKET', 'producttype': 'INTRADAY', 'duration': 'DAY', 'price': '0', 'squareoff': '0', 'stoploss': '0', 'quantity': '54'}
2026-09-04 08:16:50,878  INFO      [OPEN] [DRY] TATASTEEL.NS qty=54 @ Rs 188.16 SL Rs 183.90 TGT Rs 189.87 (order=None)
2026-09-04 08:16:50,878  INFO      [DRY] Angel order would be: {'variety': 'NORMAL', 'tradingsymbol': 'HAL-EQ', 'symboltoken': '2303', 'transactiontype': 'BUY', 'exchange': 'NSE', 'ordertype': 'MARKET', 'producttype': 'INTRADAY', 'duration': 'DAY', 'price': '0', 'squareoff': '0', 'stoploss': '0', 'quantity': '1'}
2026-09-04 08:16:50,878  INFO      [OPEN] [DRY] HAL.NS qty=1 @ Rs 4920.00 SL Rs 4819.57 TGT Rs 5139.60 (order=None)
2026-09-04 08:16:50,878  INFO      [DRY] Angel order would be: {'variety': 'NORMAL', 'tradingsymbol': 'LICI-EQ', 'symboltoken': '9480', 'transactiontype': 'BUY', 'exchange': 'NSE', 'ordertype': 'MARKET', 'producttype': 'INTRADAY', 'duration': 'DAY', 'price': '0', 'squareoff': '0', 'stoploss': '0', 'quantity': '19'}
2026-09-04 08:16:50,878  INFO      [OPEN] [DRY] LICI.NS qty=19 @ Rs 416.50 SL Rs 414.52 TGT Rs 451.99 (order=None)
2026-09-04 08:16:50,885  INFO      tick result: {'ok': True, 'actions': 4, 'open_trades': 6, 'closed_today': 0, 'realised_pnl': 0.0, 'cumulative_pnl': -4445.52, 'halted': False, 'messages': ['[OPEN] [DRY] HDFCLIFE.NS qty=22 @ Rs 544.25 SL Rs 534.59 TGT Rs 560.83 (order=None)', '[OPEN] [DRY] TATASTEEL.NS qty=54 @ Rs 188.16 SL Rs 183.90 TGT Rs 189.87 (order=None)', '[OPEN] [DRY] HAL.NS qty=1 @ Rs 4920.00 SL Rs 4819.57 TGT Rs 5139.60 (order=None)', '[OPEN] [DRY] LICI.NS qty=19 @ Rs 416.50 SL Rs 414.52 TGT Rs 451.99 (order=None)']}
2026-09-04 08:16:50,885  INFO      tick result: {'ok': True, 'actions': 4, 'open_trades': 6, 'closed_today': 0, 'realised_pnl': 0.0, 'cumulative_pnl': -4445.52, 'halted': False, 'messages': ['[OPEN] [DRY] HDFCLIFE.NS qty=22 @ Rs 544.25 SL Rs 534.59 TGT Rs 560.83 (order=None)', '[OPEN] [DRY] TATASTEEL.NS qty=54 @ Rs 188.16 SL Rs 183.90 TGT Rs 189.87 (order=None)', '[OPEN] [DRY] HAL.NS qty=1 @ Rs 4920.00 SL Rs 4819.57 TGT Rs 5139.60 (order=None)', '[OPEN] [DRY] LICI.NS qty=19 @ Rs 416.50 SL Rs 414.52 TGT Rs 451.99 (order=None)']}
