2026-05-14 06:39:34,100  INFO      angel_one starting ... (cmd=paper-trade)
2026-05-14 06:39:34,100  INFO      angel_one starting ... (cmd=paper-trade)
2026-05-14 06:39:34,118  INFO      refresh: generating today's picks via analyzer (dry-run, no PDF)
2026-05-14 06:39:34,118  INFO      refresh: generating today's picks via analyzer (dry-run, no PDF)
2026-05-14 06:39:35,635  INFO      == Stock analyzer run starting ==
2026-05-14 06:39:35,636  INFO      Watchlist: 11 symbols from data/stock_watchlist.txt
2026-05-14 06:39:35,636  INFO      Universe: 107 symbols (total available: 107)
2026-05-14 06:39:36,855  INFO      [1/107] fetching TATAPOWER.NS …
2026-05-14 06:39:37,553  INFO      [2/107] fetching IRFC.NS …
2026-05-14 06:39:38,188  INFO      [3/107] fetching SUZLON.NS …
2026-05-14 06:39:38,889  INFO      [4/107] fetching IREDA.NS …
2026-05-14 06:39:39,514  INFO      [5/107] fetching BHEL.NS …
2026-05-14 06:39:40,172  INFO      [6/107] fetching KPITTECH.NS …
2026-05-14 06:39:40,805  INFO      [7/107] fetching POLYCAB.NS …
2026-05-14 06:39:41,437  INFO      [8/107] fetching PERSISTENT.NS …
2026-05-14 06:39:42,081  INFO      [9/107] fetching ITC.NS …
2026-05-14 06:39:42,740  INFO      [10/107] fetching POWERGRID.NS …
2026-05-14 06:39:43,321  INFO      [11/107] fetching COALINDIA.NS …
2026-05-14 06:39:43,903  INFO      [12/107] fetching RELIANCE.NS …
2026-05-14 06:39:44,524  INFO      [13/107] fetching TCS.NS …
2026-05-14 06:39:45,140  INFO      [14/107] fetching HDFCBANK.NS …
2026-05-14 06:39:45,798  INFO      [15/107] fetching INFY.NS …
2026-05-14 06:39:46,464  INFO      [16/107] fetching ICICIBANK.NS …
2026-05-14 06:39:47,091  INFO      [17/107] fetching HINDUNILVR.NS …
2026-05-14 06:39:47,780  INFO      [18/107] fetching SBIN.NS …
2026-05-14 06:39:48,377  INFO      [19/107] fetching BHARTIARTL.NS …
2026-05-14 06:39:48,994  INFO      [20/107] fetching KOTAKBANK.NS …
2026-05-14 06:39:49,589  INFO      [21/107] fetching LT.NS …
2026-05-14 06:39:50,213  INFO      [22/107] fetching AXISBANK.NS …
2026-05-14 06:39:50,809  INFO      [23/107] fetching BAJFINANCE.NS …
2026-05-14 06:39:51,461  INFO      [24/107] fetching ASIANPAINT.NS …
2026-05-14 06:39:52,119  INFO      [25/107] fetching MARUTI.NS …
2026-05-14 06:39:52,759  INFO      [26/107] fetching HCLTECH.NS …
2026-05-14 06:39:53,408  INFO      [27/107] fetching SUNPHARMA.NS …
2026-05-14 06:39:54,009  INFO      [28/107] fetching TITAN.NS …
2026-05-14 06:39:54,605  INFO      [29/107] fetching ULTRACEMCO.NS …
2026-05-14 06:39:55,258  INFO      [30/107] fetching WIPRO.NS …
2026-05-14 06:39:55,883  INFO      [31/107] fetching NESTLEIND.NS …
2026-05-14 06:39:56,518  INFO      [32/107] fetching ADANIENT.NS …
2026-05-14 06:39:57,143  INFO      [33/107] fetching NTPC.NS …
2026-05-14 06:39:57,773  INFO      [34/107] fetching TATAMOTORS.NS …
2026-05-14 06:40:00,103  WARNING   [TATAMOTORS.NS] insufficient history (0 rows)
2026-05-14 06:40:00,503  INFO      [35/107] fetching M&M.NS …
2026-05-14 06:40:01,131  INFO      [36/107] fetching TATASTEEL.NS …
2026-05-14 06:40:01,757  INFO      [37/107] fetching JSWSTEEL.NS …
2026-05-14 06:40:02,400  INFO      [38/107] fetching ONGC.NS …
2026-05-14 06:40:03,054  INFO      [39/107] fetching TECHM.NS …
2026-05-14 06:40:03,666  INFO      [40/107] fetching BAJAJFINSV.NS …
2026-05-14 06:40:04,268  INFO      [41/107] fetching HINDALCO.NS …
2026-05-14 06:40:04,905  INFO      [42/107] fetching GRASIM.NS …
2026-05-14 06:40:05,494  INFO      [43/107] fetching DRREDDY.NS …
2026-05-14 06:40:06,077  INFO      [44/107] fetching CIPLA.NS …
2026-05-14 06:40:06,703  INFO      [45/107] fetching DIVISLAB.NS …
2026-05-14 06:40:07,334  INFO      [46/107] fetching EICHERMOT.NS …
2026-05-14 06:40:08,005  INFO      [47/107] fetching BRITANNIA.NS …
2026-05-14 06:40:08,671  INFO      [48/107] fetching HEROMOTOCO.NS …
2026-05-14 06:40:09,265  INFO      [49/107] fetching BAJAJ-AUTO.NS …
2026-05-14 06:40:09,904  INFO      [50/107] fetching INDUSINDBK.NS …
2026-05-14 06:40:10,523  INFO      [51/107] fetching APOLLOHOSP.NS …
2026-05-14 06:40:11,158  INFO      [52/107] fetching TATACONSUM.NS …
2026-05-14 06:40:11,784  INFO      [53/107] fetching UPL.NS …
2026-05-14 06:40:12,399  INFO      [54/107] fetching BPCL.NS …
2026-05-14 06:40:13,038  INFO      [55/107] fetching SBILIFE.NS …
2026-05-14 06:40:13,644  INFO      [56/107] fetching HDFCLIFE.NS …
2026-05-14 06:40:14,247  INFO      [57/107] fetching ADANIPORTS.NS …
2026-05-14 06:40:15,008  INFO      [58/107] fetching LTIM.NS …
2026-05-14 06:40:16,270  WARNING   [LTIM.NS] insufficient history (0 rows)
2026-05-14 06:40:16,670  INFO      [59/107] fetching ABB.NS …
2026-05-14 06:40:17,289  INFO      [60/107] fetching ADANIGREEN.NS …
2026-05-14 06:40:17,850  INFO      [61/107] fetching ADANIPOWER.NS …
2026-05-14 06:40:18,443  INFO      [62/107] fetching AMBUJACEM.NS …
2026-05-14 06:40:19,089  INFO      [63/107] fetching DMART.NS …
2026-05-14 06:40:19,730  INFO      [64/107] fetching BAJAJHLDNG.NS …
2026-05-14 06:40:20,348  INFO      [65/107] fetching BANKBARODA.NS …
2026-05-14 06:40:20,970  INFO      [66/107] fetching BERGEPAINT.NS …
2026-05-14 06:40:21,616  INFO      [67/107] fetching BOSCHLTD.NS …
2026-05-14 06:40:22,238  INFO      [68/107] fetching CANBK.NS …
2026-05-14 06:40:22,864  INFO      [69/107] fetching CHOLAFIN.NS …
2026-05-14 06:40:23,477  INFO      [70/107] fetching COLPAL.NS …
2026-05-14 06:40:24,092  INFO      [71/107] fetching DABUR.NS …
2026-05-14 06:40:24,710  INFO      [72/107] fetching DLF.NS …
2026-05-14 06:40:25,361  INFO      [73/107] fetching GAIL.NS …
2026-05-14 06:40:26,025  INFO      [74/107] fetching GODREJCP.NS …
2026-05-14 06:40:26,614  INFO      [75/107] fetching HAVELLS.NS …
2026-05-14 06:40:27,333  INFO      [76/107] fetching HAL.NS …
2026-05-14 06:40:27,909  INFO      [77/107] fetching ICICIGI.NS …
2026-05-14 06:40:28,547  INFO      [78/107] fetching ICICIPRULI.NS …
2026-05-14 06:40:29,211  INFO      [79/107] fetching IOC.NS …
2026-05-14 06:40:29,876  INFO      [80/107] fetching IRCTC.NS …
2026-05-14 06:40:30,445  INFO      [81/107] fetching JINDALSTEL.NS …
2026-05-14 06:40:31,046  INFO      [82/107] fetching LICI.NS …
2026-05-14 06:40:31,654  INFO      [83/107] fetching MARICO.NS …
2026-05-14 06:40:32,287  INFO      [84/107] fetching MOTHERSON.NS …
2026-05-14 06:40:32,914  INFO      [85/107] fetching NAUKRI.NS …
2026-05-14 06:40:33,666  INFO      [86/107] fetching PIDILITIND.NS …
2026-05-14 06:40:34,303  INFO      [87/107] fetching PNB.NS …
2026-05-14 06:40:34,925  INFO      [88/107] fetching PFC.NS …
2026-05-14 06:40:35,570  INFO      [89/107] fetching RECLTD.NS …
2026-05-14 06:40:36,190  INFO      [90/107] fetching SIEMENS.NS …
2026-05-14 06:40:36,782  INFO      [91/107] fetching SRF.NS …
2026-05-14 06:40:37,431  INFO      [92/107] fetching SHREECEM.NS …
2026-05-14 06:40:38,015  INFO      [93/107] fetching SHRIRAMFIN.NS …
2026-05-14 06:40:38,639  INFO      [94/107] fetching TORNTPHARM.NS …
2026-05-14 06:40:39,312  INFO      [95/107] fetching TRENT.NS …
2026-05-14 06:40:39,971  INFO      [96/107] fetching TVSMOTOR.NS …
2026-05-14 06:40:40,594  INFO      [97/107] fetching VEDL.NS …
2026-05-14 06:40:41,259  INFO      [98/107] fetching VBL.NS …
2026-05-14 06:40:41,893  INFO      [99/107] fetching ZOMATO.NS …
2026-05-14 06:40:43,155  WARNING   [ZOMATO.NS] insufficient history (0 rows)
2026-05-14 06:40:43,555  INFO      [100/107] fetching ZYDUSLIFE.NS …
2026-05-14 06:40:44,198  INFO      [101/107] fetching INDIGO.NS …
2026-05-14 06:40:44,807  INFO      [102/107] fetching IDEA.NS …
2026-05-14 06:40:45,372  INFO      [103/107] fetching BANKINDIA.NS …
2026-05-14 06:40:45,968  INFO      [104/107] fetching PAGEIND.NS …
2026-05-14 06:40:46,594  INFO      [105/107] fetching MUTHOOTFIN.NS …
2026-05-14 06:40:47,203  INFO      [106/107] fetching TATAELXSI.NS …
2026-05-14 06:40:47,818  INFO      [107/107] fetching LUPIN.NS …
2026-05-14 06:40:48,036  INFO      Fetched 104/107 symbols successfully.
2026-05-14 06:40:53,623  INFO      Fetched 200 headlines from RSS (Indian + global/geopolitics).
2026-05-14 06:40:58,278  INFO      Macro regime: neutral | bias=-1 | geo-risk=57.9
2026-05-14 06:40:58,321  INFO      NSE corp announcements: 20 filings
2026-05-14 06:41:00,040  INFO      Angel One login successful.
2026-05-14 06:41:00,830  INFO      Saved report → data/stock_reports/2026-05-14_0641.json
2026-05-14 06:41:01,426  INFO      Report image saved → logs/stock_analyzer/2026-05-14/stock_report.png  [1920×1280]
2026-05-14 06:41:01,427  INFO      Dry-run: skipping send. Image + PDF saved locally; console printed.
2026-05-14 06:41:01,428  INFO      == Stock analyzer run complete ==
2026-05-14 06:41:01,432  INFO      [Note] PAPER TRADING -- virtual cash Rs 100,000, max_positions=6 max_pct=15% buckets=('intraday', 'swing') state=data/paper_trader_state.json
2026-05-14 06:41:01,432  INFO      [Note] PAPER TRADING -- virtual cash Rs 100,000, max_positions=6 max_pct=15% buckets=('intraday', 'swing') state=data/paper_trader_state.json
2026-05-14 06:41:01,432  INFO      paper-trader: new day, archived 5 trades (cumulative ₹+1,243)
2026-05-14 06:41:17,134  INFO      [DRY] Angel order would be: {'variety': 'NORMAL', 'tradingsymbol': 'ADANIENT-EQ', 'symboltoken': '25', 'transactiontype': 'BUY', 'exchange': 'NSE', 'ordertype': 'MARKET', 'producttype': 'INTRADAY', 'duration': 'DAY', 'price': '0', 'squareoff': '0', 'stoploss': '0', 'quantity': '5'}
2026-05-14 06:41:17,135  INFO      [OPEN] [DRY] ADANIENT.NS qty=5 @ Rs 2669.30 SL Rs 2580.50 TGT Rs 2795.28 (order=None)
2026-05-14 06:41:17,135  INFO      [DRY] Angel order would be: {'variety': 'NORMAL', 'tradingsymbol': 'CIPLA-EQ', 'symboltoken': '694', 'transactiontype': 'BUY', 'exchange': 'NSE', 'ordertype': 'MARKET', 'producttype': 'INTRADAY', 'duration': 'DAY', 'price': '0', 'squareoff': '0', 'stoploss': '0', 'quantity': '8'}
2026-05-14 06:41:17,135  INFO      [OPEN] [DRY] CIPLA.NS qty=8 @ Rs 1415.00 SL Rs 1379.36 TGT Rs 1483.73 (order=None)
2026-05-14 06:41:17,135  INFO      [DRY] Angel order would be: {'variety': 'NORMAL', 'tradingsymbol': 'BERGEPAINT-EQ', 'symboltoken': '404', 'transactiontype': 'BUY', 'exchange': 'NSE', 'ordertype': 'MARKET', 'producttype': 'INTRADAY', 'duration': 'DAY', 'price': '0', 'squareoff': '0', 'stoploss': '0', 'quantity': '19'}
2026-05-14 06:41:17,135  INFO      [OPEN] [DRY] BERGEPAINT.NS qty=19 @ Rs 536.30 SL Rs 517.32 TGT Rs 561.93 (order=None)
2026-05-14 06:41:17,135  INFO      [DRY] Angel order would be: {'variety': 'NORMAL', 'tradingsymbol': 'ZYDUSLIFE-EQ', 'symboltoken': '7929', 'transactiontype': 'BUY', 'exchange': 'NSE', 'ordertype': 'MARKET', 'producttype': 'INTRADAY', 'duration': 'DAY', 'price': '0', 'squareoff': '0', 'stoploss': '0', 'quantity': '8'}
2026-05-14 06:41:17,135  INFO      [OPEN] [DRY] ZYDUSLIFE.NS qty=8 @ Rs 991.20 SL Rs 965.75 TGT Rs 1037.84 (order=None)
2026-05-14 06:41:17,135  INFO      [DRY] Angel order would be: {'variety': 'NORMAL', 'tradingsymbol': 'ADANIGREEN-EQ', 'symboltoken': '3563', 'transactiontype': 'BUY', 'exchange': 'NSE', 'ordertype': 'MARKET', 'producttype': 'INTRADAY', 'duration': 'DAY', 'price': '0', 'squareoff': '0', 'stoploss': '0', 'quantity': '5'}
2026-05-14 06:41:17,135  INFO      [OPEN] [DRY] ADANIGREEN.NS qty=5 @ Rs 1408.00 SL Rs 1353.99 TGT Rs 1474.60 (order=None)
2026-05-14 06:41:17,137  INFO      tick result: {'ok': True, 'actions': 5, 'open_trades': 6, 'closed_today': 0, 'realised_pnl': 0.0, 'cumulative_pnl': 1242.73, 'halted': False, 'messages': ['[OPEN] [DRY] ADANIENT.NS qty=5 @ Rs 2669.30 SL Rs 2580.50 TGT Rs 2795.28 (order=None)', '[OPEN] [DRY] CIPLA.NS qty=8 @ Rs 1415.00 SL Rs 1379.36 TGT Rs 1483.73 (order=None)', '[OPEN] [DRY] BERGEPAINT.NS qty=19 @ Rs 536.30 SL Rs 517.32 TGT Rs 561.93 (order=None)', '[OPEN] [DRY] ZYDUSLIFE.NS qty=8 @ Rs 991.20 SL Rs 965.75 TGT Rs 1037.84 (order=None)', '[OPEN] [DRY] ADANIGREEN.NS qty=5 @ Rs 1408.00 SL Rs 1353.99 TGT Rs 1474.60 (order=None)']}
2026-05-14 06:41:17,137  INFO      tick result: {'ok': True, 'actions': 5, 'open_trades': 6, 'closed_today': 0, 'realised_pnl': 0.0, 'cumulative_pnl': 1242.73, 'halted': False, 'messages': ['[OPEN] [DRY] ADANIENT.NS qty=5 @ Rs 2669.30 SL Rs 2580.50 TGT Rs 2795.28 (order=None)', '[OPEN] [DRY] CIPLA.NS qty=8 @ Rs 1415.00 SL Rs 1379.36 TGT Rs 1483.73 (order=None)', '[OPEN] [DRY] BERGEPAINT.NS qty=19 @ Rs 536.30 SL Rs 517.32 TGT Rs 561.93 (order=None)', '[OPEN] [DRY] ZYDUSLIFE.NS qty=8 @ Rs 991.20 SL Rs 965.75 TGT Rs 1037.84 (order=None)', '[OPEN] [DRY] ADANIGREEN.NS qty=5 @ Rs 1408.00 SL Rs 1353.99 TGT Rs 1474.60 (order=None)']}
