2026-08-10 05:12:50,901  INFO      angel_one starting ... (cmd=paper-trade)
2026-08-10 05:12:50,901  INFO      angel_one starting ... (cmd=paper-trade)
2026-08-10 05:12:50,916  INFO      refresh: generating today's picks via analyzer (dry-run, no PDF)
2026-08-10 05:12:50,916  INFO      refresh: generating today's picks via analyzer (dry-run, no PDF)
2026-08-10 05:12:51,461  INFO      == Stock analyzer run starting ==
2026-08-10 05:12:51,461  INFO      Watchlist: 11 symbols from data/stock_watchlist.txt
2026-08-10 05:12:51,462  INFO      Universe: 107 symbols (total available: 107)
2026-08-10 05:12:52,119  INFO      [1/107] fetching TATAPOWER.NS …
2026-08-10 05:12:52,754  INFO      [2/107] fetching IRFC.NS …
2026-08-10 05:12:53,287  INFO      [3/107] fetching SUZLON.NS …
2026-08-10 05:12:53,822  INFO      [4/107] fetching IREDA.NS …
2026-08-10 05:12:54,478  INFO      [5/107] fetching BHEL.NS …
2026-08-10 05:12:55,030  INFO      [6/107] fetching KPITTECH.NS …
2026-08-10 05:12:55,566  INFO      [7/107] fetching POLYCAB.NS …
2026-08-10 05:12:56,101  INFO      [8/107] fetching PERSISTENT.NS …
2026-08-10 05:12:56,653  INFO      [9/107] fetching ITC.NS …
2026-08-10 05:12:57,222  INFO      [10/107] fetching POWERGRID.NS …
2026-08-10 05:12:57,786  INFO      [11/107] fetching COALINDIA.NS …
2026-08-10 05:12:58,329  INFO      [12/107] fetching RELIANCE.NS …
2026-08-10 05:12:59,065  INFO      [13/107] fetching TCS.NS …
2026-08-10 05:12:59,634  INFO      [14/107] fetching HDFCBANK.NS …
2026-08-10 05:13:00,192  INFO      [15/107] fetching INFY.NS …
2026-08-10 05:13:00,760  INFO      [16/107] fetching ICICIBANK.NS …
2026-08-10 05:13:01,324  INFO      [17/107] fetching HINDUNILVR.NS …
2026-08-10 05:13:01,949  INFO      [18/107] fetching SBIN.NS …
2026-08-10 05:13:02,510  INFO      [19/107] fetching BHARTIARTL.NS …
2026-08-10 05:13:03,067  INFO      [20/107] fetching KOTAKBANK.NS …
2026-08-10 05:13:03,636  INFO      [21/107] fetching LT.NS …
2026-08-10 05:13:04,190  INFO      [22/107] fetching AXISBANK.NS …
2026-08-10 05:13:04,823  INFO      [23/107] fetching BAJFINANCE.NS …
2026-08-10 05:13:05,379  INFO      [24/107] fetching ASIANPAINT.NS …
2026-08-10 05:13:05,937  INFO      [25/107] fetching MARUTI.NS …
2026-08-10 05:13:06,552  INFO      [26/107] fetching HCLTECH.NS …
2026-08-10 05:13:07,115  INFO      [27/107] fetching SUNPHARMA.NS …
2026-08-10 05:13:07,681  INFO      [28/107] fetching TITAN.NS …
2026-08-10 05:13:08,239  INFO      [29/107] fetching ULTRACEMCO.NS …
2026-08-10 05:13:08,856  INFO      [30/107] fetching WIPRO.NS …
2026-08-10 05:13:09,408  INFO      [31/107] fetching NESTLEIND.NS …
2026-08-10 05:13:09,994  INFO      [32/107] fetching ADANIENT.NS …
2026-08-10 05:13:10,553  INFO      [33/107] fetching NTPC.NS …
2026-08-10 05:13:11,098  INFO      [34/107] fetching TATAMOTORS.NS …
2026-08-10 05:13:12,356  WARNING   [TATAMOTORS.NS] insufficient history (0 rows)
2026-08-10 05:13:12,756  INFO      [35/107] fetching M&M.NS …
2026-08-10 05:13:13,311  INFO      [36/107] fetching TATASTEEL.NS …
2026-08-10 05:13:13,871  INFO      [37/107] fetching JSWSTEEL.NS …
2026-08-10 05:13:14,422  INFO      [38/107] fetching ONGC.NS …
2026-08-10 05:13:14,978  INFO      [39/107] fetching TECHM.NS …
2026-08-10 05:13:15,586  INFO      [40/107] fetching BAJAJFINSV.NS …
2026-08-10 05:13:16,144  INFO      [41/107] fetching HINDALCO.NS …
2026-08-10 05:13:16,784  INFO      [42/107] fetching GRASIM.NS …
2026-08-10 05:13:17,341  INFO      [43/107] fetching DRREDDY.NS …
2026-08-10 05:13:17,966  INFO      [44/107] fetching CIPLA.NS …
2026-08-10 05:13:18,588  INFO      [45/107] fetching DIVISLAB.NS …
2026-08-10 05:13:19,145  INFO      [46/107] fetching EICHERMOT.NS …
2026-08-10 05:13:19,701  INFO      [47/107] fetching BRITANNIA.NS …
2026-08-10 05:13:20,254  INFO      [48/107] fetching HEROMOTOCO.NS …
2026-08-10 05:13:20,801  INFO      [49/107] fetching BAJAJ-AUTO.NS …
2026-08-10 05:13:21,410  INFO      [50/107] fetching INDUSINDBK.NS …
2026-08-10 05:13:21,960  INFO      [51/107] fetching APOLLOHOSP.NS …
2026-08-10 05:13:22,505  INFO      [52/107] fetching TATACONSUM.NS …
2026-08-10 05:13:23,065  INFO      [53/107] fetching UPL.NS …
2026-08-10 05:13:23,615  INFO      [54/107] fetching BPCL.NS …
2026-08-10 05:13:24,246  INFO      [55/107] fetching SBILIFE.NS …
2026-08-10 05:13:24,780  INFO      [56/107] fetching HDFCLIFE.NS …
2026-08-10 05:13:25,383  INFO      [57/107] fetching ADANIPORTS.NS …
2026-08-10 05:13:25,929  INFO      [58/107] fetching LTIM.NS …
2026-08-10 05:13:26,478  WARNING   [LTIM.NS] insufficient history (0 rows)
2026-08-10 05:13:26,878  INFO      [59/107] fetching ABB.NS …
2026-08-10 05:13:27,428  INFO      [60/107] fetching ADANIGREEN.NS …
2026-08-10 05:13:27,970  INFO      [61/107] fetching ADANIPOWER.NS …
2026-08-10 05:13:28,500  INFO      [62/107] fetching AMBUJACEM.NS …
2026-08-10 05:13:29,121  INFO      [63/107] fetching DMART.NS …
2026-08-10 05:13:29,647  INFO      [64/107] fetching BAJAJHLDNG.NS …
2026-08-10 05:13:30,194  INFO      [65/107] fetching BANKBARODA.NS …
2026-08-10 05:13:30,764  INFO      [66/107] fetching BERGEPAINT.NS …
2026-08-10 05:13:31,312  INFO      [67/107] fetching BOSCHLTD.NS …
2026-08-10 05:13:31,870  INFO      [68/107] fetching CANBK.NS …
2026-08-10 05:13:32,439  INFO      [69/107] fetching CHOLAFIN.NS …
2026-08-10 05:13:32,994  INFO      [70/107] fetching COLPAL.NS …
2026-08-10 05:13:33,566  INFO      [71/107] fetching DABUR.NS …
2026-08-10 05:13:34,123  INFO      [72/107] fetching DLF.NS …
2026-08-10 05:13:34,676  INFO      [73/107] fetching GAIL.NS …
2026-08-10 05:13:35,234  INFO      [74/107] fetching GODREJCP.NS …
2026-08-10 05:13:35,792  INFO      [75/107] fetching HAVELLS.NS …
2026-08-10 05:13:36,348  INFO      [76/107] fetching HAL.NS …
2026-08-10 05:13:36,880  INFO      [77/107] fetching ICICIGI.NS …
2026-08-10 05:13:37,420  INFO      [78/107] fetching ICICIPRULI.NS …
2026-08-10 05:13:37,961  INFO      [79/107] fetching IOC.NS …
2026-08-10 05:13:38,524  INFO      [80/107] fetching IRCTC.NS …
2026-08-10 05:13:39,058  INFO      [81/107] fetching JINDALSTEL.NS …
2026-08-10 05:13:39,615  INFO      [82/107] fetching LICI.NS …
2026-08-10 05:13:40,150  INFO      [83/107] fetching MARICO.NS …
2026-08-10 05:13:40,769  INFO      [84/107] fetching MOTHERSON.NS …
2026-08-10 05:13:41,315  INFO      [85/107] fetching NAUKRI.NS …
2026-08-10 05:13:41,873  INFO      [86/107] fetching PIDILITIND.NS …
2026-08-10 05:13:42,488  INFO      [87/107] fetching PNB.NS …
2026-08-10 05:13:43,039  INFO      [88/107] fetching PFC.NS …
2026-08-10 05:13:43,585  INFO      [89/107] fetching RECLTD.NS …
2026-08-10 05:13:44,196  INFO      [90/107] fetching SIEMENS.NS …
2026-08-10 05:13:44,750  INFO      [91/107] fetching SRF.NS …
2026-08-10 05:13:45,387  INFO      [92/107] fetching SHREECEM.NS …
2026-08-10 05:13:46,002  INFO      [93/107] fetching SHRIRAMFIN.NS …
2026-08-10 05:13:46,565  INFO      [94/107] fetching TORNTPHARM.NS …
2026-08-10 05:13:47,115  INFO      [95/107] fetching TRENT.NS …
2026-08-10 05:13:47,668  INFO      [96/107] fetching TVSMOTOR.NS …
2026-08-10 05:13:48,231  INFO      [97/107] fetching VEDL.NS …
2026-08-10 05:13:48,791  INFO      [98/107] fetching VBL.NS …
2026-08-10 05:13:49,327  INFO      [99/107] fetching ZOMATO.NS …
2026-08-10 05:13:50,058  WARNING   [ZOMATO.NS] insufficient history (0 rows)
2026-08-10 05:13:50,458  INFO      [100/107] fetching ZYDUSLIFE.NS …
2026-08-10 05:13:51,015  INFO      [101/107] fetching INDIGO.NS …
2026-08-10 05:13:51,551  INFO      [102/107] fetching IDEA.NS …
2026-08-10 05:13:52,081  INFO      [103/107] fetching BANKINDIA.NS …
2026-08-10 05:13:52,705  INFO      [104/107] fetching PAGEIND.NS …
2026-08-10 05:13:53,251  INFO      [105/107] fetching MUTHOOTFIN.NS …
2026-08-10 05:13:53,792  INFO      [106/107] fetching TATAELXSI.NS …
2026-08-10 05:13:54,343  INFO      [107/107] fetching LUPIN.NS …
2026-08-10 05:13:54,500  INFO      Fetched 104/107 symbols successfully.
2026-08-10 05:13:56,935  WARNING   [MF 120503] fetch failed: HTTPSConnectionPool(host='api.mfapi.in', port=443): Read timed out. (read timeout=2)
2026-08-10 05:13:58,567  INFO      Fetched 200 headlines from RSS (Indian + global/geopolitics).
2026-08-10 05:14:02,958  INFO      Macro regime: risk-on | bias=3 | geo-risk=46.7
2026-08-10 05:14:03,287  INFO      NSE corp announcements: 20 filings
2026-08-10 05:14:05,058  INFO      Angel One login successful.
2026-08-10 05:14:06,007  INFO      Saved report → data/stock_reports/2026-08-10_0514.json
2026-08-10 05:14:06,415  INFO      Report image saved → logs/stock_analyzer/2026-08-10/stock_report.png  [1920×1280]
2026-08-10 05:14:06,415  INFO      Dry-run: skipping send. Image + PDF saved locally; console printed.
2026-08-10 05:14:06,416  INFO      == Stock analyzer run complete ==
2026-08-10 05:14:06,418  INFO      [Note] PAPER TRADING -- virtual cash Rs 100,000, max_positions=6 max_pct=15% buckets=('intraday', 'swing') state=data/paper_trader_state.json
2026-08-10 05:14:06,418  INFO      [Note] PAPER TRADING -- virtual cash Rs 100,000, max_positions=6 max_pct=15% buckets=('intraday', 'swing') state=data/paper_trader_state.json
2026-08-10 05:14:06,420  INFO      paper-trader: new day, archived 6 trades (cumulative ₹-3,743)
2026-08-10 05:14:20,227  INFO      [DRY] Angel order would be: {'variety': 'NORMAL', 'tradingsymbol': 'TITAN-EQ', 'symboltoken': '3506', 'transactiontype': 'BUY', 'exchange': 'NSE', 'ordertype': 'MARKET', 'producttype': 'INTRADAY', 'duration': 'DAY', 'price': '0', 'squareoff': '0', 'stoploss': '0', 'quantity': '2'}
2026-08-10 05:14:20,228  INFO      [OPEN] [DRY] TITAN.NS qty=2 @ Rs 5102.00 SL Rs 4999.27 TGT Rs 5335.37 (order=None)
2026-08-10 05:14:20,228  INFO      [DRY] Angel order would be: {'variety': 'NORMAL', 'tradingsymbol': 'VEDL-EQ', 'symboltoken': '3063', 'transactiontype': 'BUY', 'exchange': 'NSE', 'ordertype': 'MARKET', 'producttype': 'INTRADAY', 'duration': 'DAY', 'price': '0', 'squareoff': '0', 'stoploss': '0', 'quantity': '42'}
2026-08-10 05:14:20,228  INFO      [OPEN] [DRY] VEDL.NS qty=42 @ Rs 284.05 SL Rs 276.62 TGT Rs 286.83 (order=None)
2026-08-10 05:14:20,228  INFO      [DRY] Angel order would be: {'variety': 'NORMAL', 'tradingsymbol': 'GRASIM-EQ', 'symboltoken': '1232', 'transactiontype': 'BUY', 'exchange': 'NSE', 'ordertype': 'MARKET', 'producttype': 'INTRADAY', 'duration': 'DAY', 'price': '0', 'squareoff': '0', 'stoploss': '0', 'quantity': '3'}
2026-08-10 05:14:20,228  INFO      [OPEN] [DRY] GRASIM.NS qty=3 @ Rs 3368.30 SL Rs 3297.55 TGT Rs 3533.52 (order=None)
2026-08-10 05:14:20,228  INFO      [DRY] Angel order would be: {'variety': 'NORMAL', 'tradingsymbol': 'TECHM-EQ', 'symboltoken': '13538', 'transactiontype': 'BUY', 'exchange': 'NSE', 'ordertype': 'MARKET', 'producttype': 'INTRADAY', 'duration': 'DAY', 'price': '0', 'squareoff': '0', 'stoploss': '0', 'quantity': '5'}
2026-08-10 05:14:20,228  INFO      [OPEN] [DRY] TECHM.NS qty=5 @ Rs 1655.50 SL Rs 1614.18 TGT Rs 1683.23 (order=None)
2026-08-10 05:14:20,228  INFO      [DRY] Angel order would be: {'variety': 'NORMAL', 'tradingsymbol': 'INFY-EQ', 'symboltoken': '1594', 'transactiontype': 'BUY', 'exchange': 'NSE', 'ordertype': 'MARKET', 'producttype': 'INTRADAY', 'duration': 'DAY', 'price': '0', 'squareoff': '0', 'stoploss': '0', 'quantity': '6'}
2026-08-10 05:14:20,228  INFO      [OPEN] [DRY] INFY.NS qty=6 @ Rs 1189.00 SL Rs 1156.44 TGT Rs 1267.94 (order=None)
2026-08-10 05:14:20,233  INFO      tick result: {'ok': True, 'actions': 5, 'open_trades': 6, 'closed_today': 0, 'realised_pnl': 0.0, 'cumulative_pnl': -3742.87, 'halted': False, 'messages': ['[OPEN] [DRY] TITAN.NS qty=2 @ Rs 5102.00 SL Rs 4999.27 TGT Rs 5335.37 (order=None)', '[OPEN] [DRY] VEDL.NS qty=42 @ Rs 284.05 SL Rs 276.62 TGT Rs 286.83 (order=None)', '[OPEN] [DRY] GRASIM.NS qty=3 @ Rs 3368.30 SL Rs 3297.55 TGT Rs 3533.52 (order=None)', '[OPEN] [DRY] TECHM.NS qty=5 @ Rs 1655.50 SL Rs 1614.18 TGT Rs 1683.23 (order=None)', '[OPEN] [DRY] INFY.NS qty=6 @ Rs 1189.00 SL Rs 1156.44 TGT Rs 1267.94 (order=None)']}
2026-08-10 05:14:20,233  INFO      tick result: {'ok': True, 'actions': 5, 'open_trades': 6, 'closed_today': 0, 'realised_pnl': 0.0, 'cumulative_pnl': -3742.87, 'halted': False, 'messages': ['[OPEN] [DRY] TITAN.NS qty=2 @ Rs 5102.00 SL Rs 4999.27 TGT Rs 5335.37 (order=None)', '[OPEN] [DRY] VEDL.NS qty=42 @ Rs 284.05 SL Rs 276.62 TGT Rs 286.83 (order=None)', '[OPEN] [DRY] GRASIM.NS qty=3 @ Rs 3368.30 SL Rs 3297.55 TGT Rs 3533.52 (order=None)', '[OPEN] [DRY] TECHM.NS qty=5 @ Rs 1655.50 SL Rs 1614.18 TGT Rs 1683.23 (order=None)', '[OPEN] [DRY] INFY.NS qty=6 @ Rs 1189.00 SL Rs 1156.44 TGT Rs 1267.94 (order=None)']}
