2026-08-20 04:23:06,957  INFO      angel_one starting ... (cmd=paper-trade)
2026-08-20 04:23:06,957  INFO      angel_one starting ... (cmd=paper-trade)
2026-08-20 04:23:06,974  INFO      refresh: generating today's picks via analyzer (dry-run, no PDF)
2026-08-20 04:23:06,974  INFO      refresh: generating today's picks via analyzer (dry-run, no PDF)
2026-08-20 04:23:07,910  INFO      == Stock analyzer run starting ==
2026-08-20 04:23:07,910  INFO      Watchlist: 11 symbols from data/stock_watchlist.txt
2026-08-20 04:23:07,910  INFO      Universe: 107 symbols (total available: 107)
2026-08-20 04:23:08,483  INFO      [1/107] fetching TATAPOWER.NS …
2026-08-20 04:23:09,071  INFO      [2/107] fetching IRFC.NS …
2026-08-20 04:23:09,584  INFO      [3/107] fetching SUZLON.NS …
2026-08-20 04:23:10,131  INFO      [4/107] fetching IREDA.NS …
2026-08-20 04:23:10,618  INFO      [5/107] fetching BHEL.NS …
2026-08-20 04:23:11,149  INFO      [6/107] fetching KPITTECH.NS …
2026-08-20 04:23:11,654  INFO      [7/107] fetching POLYCAB.NS …
2026-08-20 04:23:12,149  INFO      [8/107] fetching PERSISTENT.NS …
2026-08-20 04:23:12,666  INFO      [9/107] fetching ITC.NS …
2026-08-20 04:23:13,193  INFO      [10/107] fetching POWERGRID.NS …
2026-08-20 04:23:13,700  INFO      [11/107] fetching COALINDIA.NS …
2026-08-20 04:23:14,216  INFO      [12/107] fetching RELIANCE.NS …
2026-08-20 04:23:14,769  INFO      [13/107] fetching TCS.NS …
2026-08-20 04:23:15,327  INFO      [14/107] fetching HDFCBANK.NS …
2026-08-20 04:23:15,869  INFO      [15/107] fetching INFY.NS …
2026-08-20 04:23:16,390  INFO      [16/107] fetching ICICIBANK.NS …
2026-08-20 04:23:16,920  INFO      [17/107] fetching HINDUNILVR.NS …
2026-08-20 04:23:17,494  INFO      [18/107] fetching SBIN.NS …
2026-08-20 04:23:18,028  INFO      [19/107] fetching BHARTIARTL.NS …
2026-08-20 04:23:18,545  INFO      [20/107] fetching KOTAKBANK.NS …
2026-08-20 04:23:19,068  INFO      [21/107] fetching LT.NS …
2026-08-20 04:23:19,582  INFO      [22/107] fetching AXISBANK.NS …
2026-08-20 04:23:20,103  INFO      [23/107] fetching BAJFINANCE.NS …
2026-08-20 04:23:20,632  INFO      [24/107] fetching ASIANPAINT.NS …
2026-08-20 04:23:21,167  INFO      [25/107] fetching MARUTI.NS …
2026-08-20 04:23:21,686  INFO      [26/107] fetching HCLTECH.NS …
2026-08-20 04:23:22,217  INFO      [27/107] fetching SUNPHARMA.NS …
2026-08-20 04:23:22,750  INFO      [28/107] fetching TITAN.NS …
2026-08-20 04:23:23,259  INFO      [29/107] fetching ULTRACEMCO.NS …
2026-08-20 04:23:23,815  INFO      [30/107] fetching WIPRO.NS …
2026-08-20 04:23:24,343  INFO      [31/107] fetching NESTLEIND.NS …
2026-08-20 04:23:24,864  INFO      [32/107] fetching ADANIENT.NS …
2026-08-20 04:23:25,384  INFO      [33/107] fetching NTPC.NS …
2026-08-20 04:23:25,901  INFO      [34/107] fetching TATAMOTORS.NS …
2026-08-20 04:23:27,000  WARNING   [TATAMOTORS.NS] insufficient history (0 rows)
2026-08-20 04:23:27,401  INFO      [35/107] fetching M&M.NS …
2026-08-20 04:23:27,938  INFO      [36/107] fetching TATASTEEL.NS …
2026-08-20 04:23:28,458  INFO      [37/107] fetching JSWSTEEL.NS …
2026-08-20 04:23:28,976  INFO      [38/107] fetching ONGC.NS …
2026-08-20 04:23:29,505  INFO      [39/107] fetching TECHM.NS …
2026-08-20 04:23:30,052  INFO      [40/107] fetching BAJAJFINSV.NS …
2026-08-20 04:23:30,659  INFO      [41/107] fetching HINDALCO.NS …
2026-08-20 04:23:31,184  INFO      [42/107] fetching GRASIM.NS …
2026-08-20 04:23:31,737  INFO      [43/107] fetching DRREDDY.NS …
2026-08-20 04:23:32,287  INFO      [44/107] fetching CIPLA.NS …
2026-08-20 04:23:32,811  INFO      [45/107] fetching DIVISLAB.NS …
2026-08-20 04:23:33,327  INFO      [46/107] fetching EICHERMOT.NS …
2026-08-20 04:23:33,856  INFO      [47/107] fetching BRITANNIA.NS …
2026-08-20 04:23:34,383  INFO      [48/107] fetching HEROMOTOCO.NS …
2026-08-20 04:23:34,909  INFO      [49/107] fetching BAJAJ-AUTO.NS …
2026-08-20 04:23:35,426  INFO      [50/107] fetching INDUSINDBK.NS …
2026-08-20 04:23:35,960  INFO      [51/107] fetching APOLLOHOSP.NS …
2026-08-20 04:23:36,481  INFO      [52/107] fetching TATACONSUM.NS …
2026-08-20 04:23:37,062  INFO      [53/107] fetching UPL.NS …
2026-08-20 04:23:37,584  INFO      [54/107] fetching BPCL.NS …
2026-08-20 04:23:38,104  INFO      [55/107] fetching SBILIFE.NS …
2026-08-20 04:23:38,618  INFO      [56/107] fetching HDFCLIFE.NS …
2026-08-20 04:23:39,120  INFO      [57/107] fetching ADANIPORTS.NS …
2026-08-20 04:23:39,723  INFO      [58/107] fetching LTIM.NS …
2026-08-20 04:23:40,464  WARNING   [LTIM.NS] insufficient history (0 rows)
2026-08-20 04:23:40,864  INFO      [59/107] fetching ABB.NS …
2026-08-20 04:23:41,389  INFO      [60/107] fetching ADANIGREEN.NS …
2026-08-20 04:23:41,891  INFO      [61/107] fetching ADANIPOWER.NS …
2026-08-20 04:23:42,398  INFO      [62/107] fetching AMBUJACEM.NS …
2026-08-20 04:23:42,925  INFO      [63/107] fetching DMART.NS …
2026-08-20 04:23:43,427  INFO      [64/107] fetching BAJAJHLDNG.NS …
2026-08-20 04:23:43,945  INFO      [65/107] fetching BANKBARODA.NS …
2026-08-20 04:23:44,465  INFO      [66/107] fetching BERGEPAINT.NS …
2026-08-20 04:23:45,024  INFO      [67/107] fetching BOSCHLTD.NS …
2026-08-20 04:23:45,542  INFO      [68/107] fetching CANBK.NS …
2026-08-20 04:23:46,065  INFO      [69/107] fetching CHOLAFIN.NS …
2026-08-20 04:23:46,586  INFO      [70/107] fetching COLPAL.NS …
2026-08-20 04:23:47,116  INFO      [71/107] fetching DABUR.NS …
2026-08-20 04:23:47,638  INFO      [72/107] fetching DLF.NS …
2026-08-20 04:23:48,153  INFO      [73/107] fetching GAIL.NS …
2026-08-20 04:23:48,682  INFO      [74/107] fetching GODREJCP.NS …
2026-08-20 04:23:49,206  INFO      [75/107] fetching HAVELLS.NS …
2026-08-20 04:23:49,740  INFO      [76/107] fetching HAL.NS …
2026-08-20 04:23:50,292  INFO      [77/107] fetching ICICIGI.NS …
2026-08-20 04:23:50,804  INFO      [78/107] fetching ICICIPRULI.NS …
2026-08-20 04:23:51,344  INFO      [79/107] fetching IOC.NS …
2026-08-20 04:23:51,852  INFO      [80/107] fetching IRCTC.NS …
2026-08-20 04:23:52,359  INFO      [81/107] fetching JINDALSTEL.NS …
2026-08-20 04:23:52,878  INFO      [82/107] fetching LICI.NS …
2026-08-20 04:23:53,389  INFO      [83/107] fetching MARICO.NS …
2026-08-20 04:23:53,910  INFO      [84/107] fetching MOTHERSON.NS …
2026-08-20 04:23:54,434  INFO      [85/107] fetching NAUKRI.NS …
2026-08-20 04:23:54,969  INFO      [86/107] fetching PIDILITIND.NS …
2026-08-20 04:23:55,508  INFO      [87/107] fetching PNB.NS …
2026-08-20 04:23:56,041  INFO      [88/107] fetching PFC.NS …
2026-08-20 04:23:56,589  INFO      [89/107] fetching RECLTD.NS …
2026-08-20 04:23:57,109  INFO      [90/107] fetching SIEMENS.NS …
2026-08-20 04:23:57,643  INFO      [91/107] fetching SRF.NS …
2026-08-20 04:23:58,160  INFO      [92/107] fetching SHREECEM.NS …
2026-08-20 04:23:58,684  INFO      [93/107] fetching SHRIRAMFIN.NS …
2026-08-20 04:23:59,203  INFO      [94/107] fetching TORNTPHARM.NS …
2026-08-20 04:23:59,720  INFO      [95/107] fetching TRENT.NS …
2026-08-20 04:24:00,275  INFO      [96/107] fetching TVSMOTOR.NS …
2026-08-20 04:24:00,788  INFO      [97/107] fetching VEDL.NS …
2026-08-20 04:24:01,351  INFO      [98/107] fetching VBL.NS …
2026-08-20 04:24:01,858  INFO      [99/107] fetching ZOMATO.NS …
2026-08-20 04:24:02,490  WARNING   [ZOMATO.NS] insufficient history (0 rows)
2026-08-20 04:24:02,890  INFO      [100/107] fetching ZYDUSLIFE.NS …
2026-08-20 04:24:03,413  INFO      [101/107] fetching INDIGO.NS …
2026-08-20 04:24:03,955  INFO      [102/107] fetching IDEA.NS …
2026-08-20 04:24:04,465  INFO      [103/107] fetching BANKINDIA.NS …
2026-08-20 04:24:04,993  INFO      [104/107] fetching PAGEIND.NS …
2026-08-20 04:24:05,498  INFO      [105/107] fetching MUTHOOTFIN.NS …
2026-08-20 04:24:06,012  INFO      [106/107] fetching TATAELXSI.NS …
2026-08-20 04:24:06,604  INFO      [107/107] fetching LUPIN.NS …
2026-08-20 04:24:06,724  INFO      Fetched 104/107 symbols successfully.
2026-08-20 04:24:11,050  INFO      Fetched 200 headlines from RSS (Indian + global/geopolitics).
2026-08-20 04:24:14,180  INFO      Macro regime: neutral | bias=2 | geo-risk=40.0
2026-08-20 04:24:14,422  INFO      NSE corp announcements: 20 filings
2026-08-20 04:24:15,933  INFO      Angel One login successful.
2026-08-20 04:24:16,730  INFO      Saved report → data/stock_reports/2026-08-20_0424.json
2026-08-20 04:24:17,314  INFO      Report image saved → logs/stock_analyzer/2026-08-20/stock_report.png  [1920×1280]
2026-08-20 04:24:17,314  INFO      Dry-run: skipping send. Image + PDF saved locally; console printed.
2026-08-20 04:24:17,315  INFO      == Stock analyzer run complete ==
2026-08-20 04:24:17,318  INFO      [Note] PAPER TRADING -- virtual cash Rs 100,000, max_positions=6 max_pct=15% buckets=('intraday', 'swing') state=data/paper_trader_state.json
2026-08-20 04:24:17,318  INFO      [Note] PAPER TRADING -- virtual cash Rs 100,000, max_positions=6 max_pct=15% buckets=('intraday', 'swing') state=data/paper_trader_state.json
2026-08-20 04:24:17,320  INFO      paper-trader: new day, archived 5 trades (cumulative ₹-4,026)
2026-08-20 04:24:30,589  INFO      [DRY] Angel order would be: {'variety': 'NORMAL', 'tradingsymbol': 'MUTHOOTFIN-EQ', 'symboltoken': '23650', 'transactiontype': 'BUY', 'exchange': 'NSE', 'ordertype': 'MARKET', 'producttype': 'INTRADAY', 'duration': 'DAY', 'price': '0', 'squareoff': '0', 'stoploss': '0', 'quantity': '4'}
2026-08-20 04:24:30,590  INFO      [OPEN] [DRY] MUTHOOTFIN.NS qty=4 @ Rs 2969.00 SL Rs 2921.42 TGT Rs 3132.42 (order=None)
2026-08-20 04:24:30,590  INFO      [DRY] Angel order would be: {'variety': 'NORMAL', 'tradingsymbol': 'TATAELXSI-EQ', 'symboltoken': '3411', 'transactiontype': 'BUY', 'exchange': 'NSE', 'ordertype': 'MARKET', 'producttype': 'INTRADAY', 'duration': 'DAY', 'price': '0', 'squareoff': '0', 'stoploss': '0', 'quantity': '3'}
2026-08-20 04:24:30,590  INFO      [OPEN] [DRY] TATAELXSI.NS qty=3 @ Rs 3718.00 SL Rs 3623.29 TGT Rs 3832.32 (order=None)
2026-08-20 04:24:30,590  INFO      [DRY] Angel order would be: {'variety': 'NORMAL', 'tradingsymbol': 'VEDL-EQ', 'symboltoken': '3063', 'transactiontype': 'BUY', 'exchange': 'NSE', 'ordertype': 'MARKET', 'producttype': 'INTRADAY', 'duration': 'DAY', 'price': '0', 'squareoff': '0', 'stoploss': '0', 'quantity': '35'}
2026-08-20 04:24:30,590  INFO      [OPEN] [DRY] VEDL.NS qty=35 @ Rs 267.85 SL Rs 260.75 TGT Rs 267.76 (order=None)
2026-08-20 04:24:30,590  INFO      [DRY] Angel order would be: {'variety': 'NORMAL', 'tradingsymbol': 'DMART-EQ', 'symboltoken': '19913', 'transactiontype': 'BUY', 'exchange': 'NSE', 'ordertype': 'MARKET', 'producttype': 'INTRADAY', 'duration': 'DAY', 'price': '0', 'squareoff': '0', 'stoploss': '0', 'quantity': '2'}
2026-08-20 04:24:30,590  INFO      [OPEN] [DRY] DMART.NS qty=2 @ Rs 4031.00 SL Rs 3968.86 TGT Rs 4090.70 (order=None)
2026-08-20 04:24:30,596  INFO      tick result: {'ok': True, 'actions': 4, 'open_trades': 6, 'closed_today': 0, 'realised_pnl': 0.0, 'cumulative_pnl': -4026.11, 'halted': False, 'messages': ['[OPEN] [DRY] MUTHOOTFIN.NS qty=4 @ Rs 2969.00 SL Rs 2921.42 TGT Rs 3132.42 (order=None)', '[OPEN] [DRY] TATAELXSI.NS qty=3 @ Rs 3718.00 SL Rs 3623.29 TGT Rs 3832.32 (order=None)', '[OPEN] [DRY] VEDL.NS qty=35 @ Rs 267.85 SL Rs 260.75 TGT Rs 267.76 (order=None)', '[OPEN] [DRY] DMART.NS qty=2 @ Rs 4031.00 SL Rs 3968.86 TGT Rs 4090.70 (order=None)']}
2026-08-20 04:24:30,596  INFO      tick result: {'ok': True, 'actions': 4, 'open_trades': 6, 'closed_today': 0, 'realised_pnl': 0.0, 'cumulative_pnl': -4026.11, 'halted': False, 'messages': ['[OPEN] [DRY] MUTHOOTFIN.NS qty=4 @ Rs 2969.00 SL Rs 2921.42 TGT Rs 3132.42 (order=None)', '[OPEN] [DRY] TATAELXSI.NS qty=3 @ Rs 3718.00 SL Rs 3623.29 TGT Rs 3832.32 (order=None)', '[OPEN] [DRY] VEDL.NS qty=35 @ Rs 267.85 SL Rs 260.75 TGT Rs 267.76 (order=None)', '[OPEN] [DRY] DMART.NS qty=2 @ Rs 4031.00 SL Rs 3968.86 TGT Rs 4090.70 (order=None)']}
