2026-05-22 07:33:30,877  INFO      angel_one starting ... (cmd=paper-trade)
2026-05-22 07:33:30,877  INFO      angel_one starting ... (cmd=paper-trade)
2026-05-22 07:33:30,894  INFO      refresh: generating today's picks via analyzer (dry-run, no PDF)
2026-05-22 07:33:30,894  INFO      refresh: generating today's picks via analyzer (dry-run, no PDF)
2026-05-22 07:33:32,263  INFO      == Stock analyzer run starting ==
2026-05-22 07:33:32,263  INFO      Watchlist: 11 symbols from data/stock_watchlist.txt
2026-05-22 07:33:32,263  INFO      Universe: 107 symbols (total available: 107)
2026-05-22 07:33:33,442  INFO      [1/107] fetching TATAPOWER.NS …
2026-05-22 07:33:34,056  INFO      [2/107] fetching IRFC.NS …
2026-05-22 07:33:34,526  INFO      [3/107] fetching SUZLON.NS …
2026-05-22 07:33:35,001  INFO      [4/107] fetching IREDA.NS …
2026-05-22 07:33:35,560  INFO      [5/107] fetching BHEL.NS …
2026-05-22 07:33:36,073  INFO      [6/107] fetching KPITTECH.NS …
2026-05-22 07:33:36,551  INFO      [7/107] fetching POLYCAB.NS …
2026-05-22 07:33:37,027  INFO      [8/107] fetching PERSISTENT.NS …
2026-05-22 07:33:37,602  INFO      [9/107] fetching ITC.NS …
2026-05-22 07:33:38,168  INFO      [10/107] fetching POWERGRID.NS …
2026-05-22 07:33:38,657  INFO      [11/107] fetching COALINDIA.NS …
2026-05-22 07:33:39,184  INFO      [12/107] fetching RELIANCE.NS …
2026-05-22 07:33:39,727  INFO      [13/107] fetching TCS.NS …
2026-05-22 07:33:40,382  INFO      [14/107] fetching HDFCBANK.NS …
2026-05-22 07:33:40,936  INFO      [15/107] fetching INFY.NS …
2026-05-22 07:33:41,525  INFO      [16/107] fetching ICICIBANK.NS …
2026-05-22 07:33:42,045  INFO      [17/107] fetching HINDUNILVR.NS …
2026-05-22 07:33:42,605  INFO      [18/107] fetching SBIN.NS …
2026-05-22 07:33:43,162  INFO      [19/107] fetching BHARTIARTL.NS …
2026-05-22 07:33:43,656  INFO      [20/107] fetching KOTAKBANK.NS …
2026-05-22 07:33:44,232  INFO      [21/107] fetching LT.NS …
2026-05-22 07:33:44,793  INFO      [22/107] fetching AXISBANK.NS …
2026-05-22 07:33:45,293  INFO      [23/107] fetching BAJFINANCE.NS …
2026-05-22 07:33:45,869  INFO      [24/107] fetching ASIANPAINT.NS …
2026-05-22 07:33:46,438  INFO      [25/107] fetching MARUTI.NS …
2026-05-22 07:33:46,930  INFO      [26/107] fetching HCLTECH.NS …
2026-05-22 07:33:47,511  INFO      [27/107] fetching SUNPHARMA.NS …
2026-05-22 07:33:48,008  INFO      [28/107] fetching TITAN.NS …
2026-05-22 07:33:48,505  INFO      [29/107] fetching ULTRACEMCO.NS …
2026-05-22 07:33:49,073  INFO      [30/107] fetching WIPRO.NS …
2026-05-22 07:33:49,631  INFO      [31/107] fetching NESTLEIND.NS …
2026-05-22 07:33:50,182  INFO      [32/107] fetching ADANIENT.NS …
2026-05-22 07:33:50,754  INFO      [33/107] fetching NTPC.NS …
2026-05-22 07:33:51,359  INFO      [34/107] fetching TATAMOTORS.NS …
2026-05-22 07:33:52,508  WARNING   [TATAMOTORS.NS] insufficient history (0 rows)
2026-05-22 07:33:52,908  INFO      [35/107] fetching M&M.NS …
2026-05-22 07:33:53,462  INFO      [36/107] fetching TATASTEEL.NS …
2026-05-22 07:33:53,962  INFO      [37/107] fetching JSWSTEEL.NS …
2026-05-22 07:33:54,496  INFO      [38/107] fetching ONGC.NS …
2026-05-22 07:33:54,992  INFO      [39/107] fetching TECHM.NS …
2026-05-22 07:33:55,491  INFO      [40/107] fetching BAJAJFINSV.NS …
2026-05-22 07:33:55,982  INFO      [41/107] fetching HINDALCO.NS …
2026-05-22 07:33:56,486  INFO      [42/107] fetching GRASIM.NS …
2026-05-22 07:33:57,082  INFO      [43/107] fetching DRREDDY.NS …
2026-05-22 07:33:57,580  INFO      [44/107] fetching CIPLA.NS …
2026-05-22 07:33:58,141  INFO      [45/107] fetching DIVISLAB.NS …
2026-05-22 07:33:58,643  INFO      [46/107] fetching EICHERMOT.NS …
2026-05-22 07:33:59,148  INFO      [47/107] fetching BRITANNIA.NS …
2026-05-22 07:33:59,665  INFO      [48/107] fetching HEROMOTOCO.NS …
2026-05-22 07:34:00,165  INFO      [49/107] fetching BAJAJ-AUTO.NS …
2026-05-22 07:34:00,809  INFO      [50/107] fetching INDUSINDBK.NS …
2026-05-22 07:34:01,305  INFO      [51/107] fetching APOLLOHOSP.NS …
2026-05-22 07:34:01,807  INFO      [52/107] fetching TATACONSUM.NS …
2026-05-22 07:34:02,387  INFO      [53/107] fetching UPL.NS …
2026-05-22 07:34:02,879  INFO      [54/107] fetching BPCL.NS …
2026-05-22 07:34:03,394  INFO      [55/107] fetching SBILIFE.NS …
2026-05-22 07:34:03,877  INFO      [56/107] fetching HDFCLIFE.NS …
2026-05-22 07:34:04,359  INFO      [57/107] fetching ADANIPORTS.NS …
2026-05-22 07:34:04,896  INFO      [58/107] fetching LTIM.NS …
2026-05-22 07:34:05,357  WARNING   [LTIM.NS] insufficient history (0 rows)
2026-05-22 07:34:05,757  INFO      [59/107] fetching ABB.NS …
2026-05-22 07:34:06,256  INFO      [60/107] fetching ADANIGREEN.NS …
2026-05-22 07:34:06,728  INFO      [61/107] fetching ADANIPOWER.NS …
2026-05-22 07:34:07,259  INFO      [62/107] fetching AMBUJACEM.NS …
2026-05-22 07:34:07,835  INFO      [63/107] fetching DMART.NS …
2026-05-22 07:34:08,314  INFO      [64/107] fetching BAJAJHLDNG.NS …
2026-05-22 07:34:08,809  INFO      [65/107] fetching BANKBARODA.NS …
2026-05-22 07:34:09,333  INFO      [66/107] fetching BERGEPAINT.NS …
2026-05-22 07:34:09,846  INFO      [67/107] fetching BOSCHLTD.NS …
2026-05-22 07:34:10,435  INFO      [68/107] fetching CANBK.NS …
2026-05-22 07:34:10,938  INFO      [69/107] fetching CHOLAFIN.NS …
2026-05-22 07:34:11,435  INFO      [70/107] fetching COLPAL.NS …
2026-05-22 07:34:11,991  INFO      [71/107] fetching DABUR.NS …
2026-05-22 07:34:12,563  INFO      [72/107] fetching DLF.NS …
2026-05-22 07:34:13,104  INFO      [73/107] fetching GAIL.NS …
2026-05-22 07:34:13,613  INFO      [74/107] fetching GODREJCP.NS …
2026-05-22 07:34:14,119  INFO      [75/107] fetching HAVELLS.NS …
2026-05-22 07:34:14,674  INFO      [76/107] fetching HAL.NS …
2026-05-22 07:34:15,199  INFO      [77/107] fetching ICICIGI.NS …
2026-05-22 07:34:15,714  INFO      [78/107] fetching ICICIPRULI.NS …
2026-05-22 07:34:16,253  INFO      [79/107] fetching IOC.NS …
2026-05-22 07:34:16,831  INFO      [80/107] fetching IRCTC.NS …
2026-05-22 07:34:17,312  INFO      [81/107] fetching JINDALSTEL.NS …
2026-05-22 07:34:17,840  INFO      [82/107] fetching LICI.NS …
2026-05-22 07:34:18,348  INFO      [83/107] fetching MARICO.NS …
2026-05-22 07:34:18,854  INFO      [84/107] fetching MOTHERSON.NS …
2026-05-22 07:34:19,396  INFO      [85/107] fetching NAUKRI.NS …
2026-05-22 07:34:19,903  INFO      [86/107] fetching PIDILITIND.NS …
2026-05-22 07:34:20,469  INFO      [87/107] fetching PNB.NS …
2026-05-22 07:34:21,025  INFO      [88/107] fetching PFC.NS …
2026-05-22 07:34:21,646  INFO      [89/107] fetching RECLTD.NS …
2026-05-22 07:34:22,142  INFO      [90/107] fetching SIEMENS.NS …
2026-05-22 07:34:22,703  INFO      [91/107] fetching SRF.NS …
2026-05-22 07:34:23,194  INFO      [92/107] fetching SHREECEM.NS …
2026-05-22 07:34:23,694  INFO      [93/107] fetching SHRIRAMFIN.NS …
2026-05-22 07:34:24,190  INFO      [94/107] fetching TORNTPHARM.NS …
2026-05-22 07:34:24,773  INFO      [95/107] fetching TRENT.NS …
2026-05-22 07:34:25,328  INFO      [96/107] fetching TVSMOTOR.NS …
2026-05-22 07:34:25,885  INFO      [97/107] fetching VEDL.NS …
2026-05-22 07:34:26,451  INFO      [98/107] fetching VBL.NS …
2026-05-22 07:34:26,933  INFO      [99/107] fetching ZOMATO.NS …
2026-05-22 07:34:27,432  WARNING   [ZOMATO.NS] insufficient history (0 rows)
2026-05-22 07:34:27,832  INFO      [100/107] fetching ZYDUSLIFE.NS …
2026-05-22 07:34:28,340  INFO      [101/107] fetching INDIGO.NS …
2026-05-22 07:34:28,827  INFO      [102/107] fetching IDEA.NS …
2026-05-22 07:34:29,308  INFO      [103/107] fetching BANKINDIA.NS …
2026-05-22 07:34:29,849  INFO      [104/107] fetching PAGEIND.NS …
2026-05-22 07:34:30,343  INFO      [105/107] fetching MUTHOOTFIN.NS …
2026-05-22 07:34:30,886  INFO      [106/107] fetching TATAELXSI.NS …
2026-05-22 07:34:31,384  INFO      [107/107] fetching LUPIN.NS …
2026-05-22 07:34:31,553  INFO      Fetched 104/107 symbols successfully.
2026-05-22 07:34:36,079  INFO      Fetched 200 headlines from RSS (Indian + global/geopolitics).
2026-05-22 07:34:38,702  INFO      Macro regime: neutral | bias=-1 | geo-risk=38.1
2026-05-22 07:34:38,938  INFO      NSE corp announcements: 20 filings
2026-05-22 07:34:40,449  INFO      Angel One login successful.
2026-05-22 07:34:41,590  INFO      Saved report → data/stock_reports/2026-05-22_0734.json
2026-05-22 07:34:42,109  INFO      Report image saved → logs/stock_analyzer/2026-05-22/stock_report.png  [1920×1280]
2026-05-22 07:34:42,110  INFO      Dry-run: skipping send. Image + PDF saved locally; console printed.
2026-05-22 07:34:42,111  INFO      == Stock analyzer run complete ==
2026-05-22 07:34:42,114  INFO      [Note] PAPER TRADING -- virtual cash Rs 100,000, max_positions=6 max_pct=15% buckets=('intraday', 'swing') state=data/paper_trader_state.json
2026-05-22 07:34:42,114  INFO      [Note] PAPER TRADING -- virtual cash Rs 100,000, max_positions=6 max_pct=15% buckets=('intraday', 'swing') state=data/paper_trader_state.json
2026-05-22 07:34:42,114  INFO      paper-trader: new day, archived 4 trades (cumulative ₹+688)
2026-05-22 07:34:54,820  INFO      [DRY] Angel order would be: {'variety': 'NORMAL', 'tradingsymbol': 'LICI-EQ', 'symboltoken': '9480', 'transactiontype': 'BUY', 'exchange': 'NSE', 'ordertype': 'MARKET', 'producttype': 'INTRADAY', 'duration': 'DAY', 'price': '0', 'squareoff': '0', 'stoploss': '0', 'quantity': '15'}
2026-05-22 07:34:54,820  INFO      [OPEN] [DRY] LICI.NS qty=15 @ Rs 818.25 SL Rs 800.85 TGT Rs 824.95 (order=None)
2026-05-22 07:34:54,820  INFO      [DRY] Angel order would be: {'variety': 'NORMAL', 'tradingsymbol': 'ASIANPAINT-EQ', 'symboltoken': '236', 'transactiontype': 'BUY', 'exchange': 'NSE', 'ordertype': 'MARKET', 'producttype': 'INTRADAY', 'duration': 'DAY', 'price': '0', 'squareoff': '0', 'stoploss': '0', 'quantity': '4'}
2026-05-22 07:34:54,820  INFO      [OPEN] [DRY] ASIANPAINT.NS qty=4 @ Rs 2662.80 SL Rs 2600.22 TGT Rs 2660.37 (order=None)
2026-05-22 07:34:54,820  INFO      [DRY] Angel order would be: {'variety': 'NORMAL', 'tradingsymbol': 'WIPRO-EQ', 'symboltoken': '3787', 'transactiontype': 'BUY', 'exchange': 'NSE', 'ordertype': 'MARKET', 'producttype': 'INTRADAY', 'duration': 'DAY', 'price': '0', 'squareoff': '0', 'stoploss': '0', 'quantity': '46'}
2026-05-22 07:34:54,820  INFO      [OPEN] [DRY] WIPRO.NS qty=46 @ Rs 204.80 SL Rs 200.99 TGT Rs 205.27 (order=None)
2026-05-22 07:34:54,821  INFO      [DRY] Angel order would be: {'variety': 'NORMAL', 'tradingsymbol': 'VBL-EQ', 'symboltoken': '18921', 'transactiontype': 'BUY', 'exchange': 'NSE', 'ordertype': 'MARKET', 'producttype': 'INTRADAY', 'duration': 'DAY', 'price': '0', 'squareoff': '0', 'stoploss': '0', 'quantity': '15'}
2026-05-22 07:34:54,821  INFO      [OPEN] [DRY] VBL.NS qty=15 @ Rs 538.10 SL Rs 523.32 TGT Rs 563.35 (order=None)
2026-05-22 07:34:54,823  INFO      tick result: {'ok': True, 'actions': 4, 'open_trades': 6, 'closed_today': 0, 'realised_pnl': 0.0, 'cumulative_pnl': 687.58, 'halted': False, 'messages': ['[OPEN] [DRY] LICI.NS qty=15 @ Rs 818.25 SL Rs 800.85 TGT Rs 824.95 (order=None)', '[OPEN] [DRY] ASIANPAINT.NS qty=4 @ Rs 2662.80 SL Rs 2600.22 TGT Rs 2660.37 (order=None)', '[OPEN] [DRY] WIPRO.NS qty=46 @ Rs 204.80 SL Rs 200.99 TGT Rs 205.27 (order=None)', '[OPEN] [DRY] VBL.NS qty=15 @ Rs 538.10 SL Rs 523.32 TGT Rs 563.35 (order=None)']}
2026-05-22 07:34:54,823  INFO      tick result: {'ok': True, 'actions': 4, 'open_trades': 6, 'closed_today': 0, 'realised_pnl': 0.0, 'cumulative_pnl': 687.58, 'halted': False, 'messages': ['[OPEN] [DRY] LICI.NS qty=15 @ Rs 818.25 SL Rs 800.85 TGT Rs 824.95 (order=None)', '[OPEN] [DRY] ASIANPAINT.NS qty=4 @ Rs 2662.80 SL Rs 2600.22 TGT Rs 2660.37 (order=None)', '[OPEN] [DRY] WIPRO.NS qty=46 @ Rs 204.80 SL Rs 200.99 TGT Rs 205.27 (order=None)', '[OPEN] [DRY] VBL.NS qty=15 @ Rs 538.10 SL Rs 523.32 TGT Rs 563.35 (order=None)']}
