2026-07-03 06:52:01,085  INFO      angel_one starting ... (cmd=paper-trade)
2026-07-03 06:52:01,085  INFO      angel_one starting ... (cmd=paper-trade)
2026-07-03 06:52:01,102  INFO      refresh: generating today's picks via analyzer (dry-run, no PDF)
2026-07-03 06:52:01,102  INFO      refresh: generating today's picks via analyzer (dry-run, no PDF)
2026-07-03 06:52:01,975  INFO      == Stock analyzer run starting ==
2026-07-03 06:52:01,975  INFO      Watchlist: 11 symbols from data/stock_watchlist.txt
2026-07-03 06:52:01,975  INFO      Universe: 107 symbols (total available: 107)
2026-07-03 06:52:02,420  INFO      [1/107] fetching TATAPOWER.NS …
2026-07-03 06:52:02,965  INFO      [2/107] fetching IRFC.NS …
2026-07-03 06:52:03,446  INFO      [3/107] fetching SUZLON.NS …
2026-07-03 06:52:03,939  INFO      [4/107] fetching IREDA.NS …
2026-07-03 06:52:04,417  INFO      [5/107] fetching BHEL.NS …
2026-07-03 06:52:04,915  INFO      [6/107] fetching KPITTECH.NS …
2026-07-03 06:52:05,396  INFO      [7/107] fetching POLYCAB.NS …
2026-07-03 06:52:05,882  INFO      [8/107] fetching PERSISTENT.NS …
2026-07-03 06:52:06,372  INFO      [9/107] fetching ITC.NS …
2026-07-03 06:52:06,881  INFO      [10/107] fetching POWERGRID.NS …
2026-07-03 06:52:07,385  INFO      [11/107] fetching COALINDIA.NS …
2026-07-03 06:52:07,873  INFO      [12/107] fetching RELIANCE.NS …
2026-07-03 06:52:08,388  INFO      [13/107] fetching TCS.NS …
2026-07-03 06:52:08,917  INFO      [14/107] fetching HDFCBANK.NS …
2026-07-03 06:52:09,448  INFO      [15/107] fetching INFY.NS …
2026-07-03 06:52:09,963  INFO      [16/107] fetching ICICIBANK.NS …
2026-07-03 06:52:10,462  INFO      [17/107] fetching HINDUNILVR.NS …
2026-07-03 06:52:10,969  INFO      [18/107] fetching SBIN.NS …
2026-07-03 06:52:11,534  INFO      [19/107] fetching BHARTIARTL.NS …
2026-07-03 06:52:12,038  INFO      [20/107] fetching KOTAKBANK.NS …
2026-07-03 06:52:12,568  INFO      [21/107] fetching LT.NS …
2026-07-03 06:52:13,072  INFO      [22/107] fetching AXISBANK.NS …
2026-07-03 06:52:13,592  INFO      [23/107] fetching BAJFINANCE.NS …
2026-07-03 06:52:14,109  INFO      [24/107] fetching ASIANPAINT.NS …
2026-07-03 06:52:14,614  INFO      [25/107] fetching MARUTI.NS …
2026-07-03 06:52:15,118  INFO      [26/107] fetching HCLTECH.NS …
2026-07-03 06:52:15,650  INFO      [27/107] fetching SUNPHARMA.NS …
2026-07-03 06:52:16,159  INFO      [28/107] fetching TITAN.NS …
2026-07-03 06:52:16,665  INFO      [29/107] fetching ULTRACEMCO.NS …
2026-07-03 06:52:17,169  INFO      [30/107] fetching WIPRO.NS …
2026-07-03 06:52:17,678  INFO      [31/107] fetching NESTLEIND.NS …
2026-07-03 06:52:18,183  INFO      [32/107] fetching ADANIENT.NS …
2026-07-03 06:52:18,684  INFO      [33/107] fetching NTPC.NS …
2026-07-03 06:52:19,182  INFO      [34/107] fetching TATAMOTORS.NS …
2026-07-03 06:52:20,283  WARNING   [TATAMOTORS.NS] insufficient history (0 rows)
2026-07-03 06:52:20,683  INFO      [35/107] fetching M&M.NS …
2026-07-03 06:52:21,227  INFO      [36/107] fetching TATASTEEL.NS …
2026-07-03 06:52:21,738  INFO      [37/107] fetching JSWSTEEL.NS …
2026-07-03 06:52:22,264  INFO      [38/107] fetching ONGC.NS …
2026-07-03 06:52:22,779  INFO      [39/107] fetching TECHM.NS …
2026-07-03 06:52:23,269  INFO      [40/107] fetching BAJAJFINSV.NS …
2026-07-03 06:52:23,771  INFO      [41/107] fetching HINDALCO.NS …
2026-07-03 06:52:24,302  INFO      [42/107] fetching GRASIM.NS …
2026-07-03 06:52:24,817  INFO      [43/107] fetching DRREDDY.NS …
2026-07-03 06:52:25,324  INFO      [44/107] fetching CIPLA.NS …
2026-07-03 06:52:25,831  INFO      [45/107] fetching DIVISLAB.NS …
2026-07-03 06:52:26,333  INFO      [46/107] fetching EICHERMOT.NS …
2026-07-03 06:52:26,847  INFO      [47/107] fetching BRITANNIA.NS …
2026-07-03 06:52:27,367  INFO      [48/107] fetching HEROMOTOCO.NS …
2026-07-03 06:52:27,870  INFO      [49/107] fetching BAJAJ-AUTO.NS …
2026-07-03 06:52:28,361  INFO      [50/107] fetching INDUSINDBK.NS …
2026-07-03 06:52:28,871  INFO      [51/107] fetching APOLLOHOSP.NS …
2026-07-03 06:52:29,375  INFO      [52/107] fetching TATACONSUM.NS …
2026-07-03 06:52:29,876  INFO      [53/107] fetching UPL.NS …
2026-07-03 06:52:30,374  INFO      [54/107] fetching BPCL.NS …
2026-07-03 06:52:30,885  INFO      [55/107] fetching SBILIFE.NS …
2026-07-03 06:52:31,367  INFO      [56/107] fetching HDFCLIFE.NS …
2026-07-03 06:52:31,851  INFO      [57/107] fetching ADANIPORTS.NS …
2026-07-03 06:52:32,351  INFO      [58/107] fetching LTIM.NS …
2026-07-03 06:52:33,168  WARNING   [LTIM.NS] insufficient history (0 rows)
2026-07-03 06:52:33,568  INFO      [59/107] fetching ABB.NS …
2026-07-03 06:52:34,072  INFO      [60/107] fetching ADANIGREEN.NS …
2026-07-03 06:52:34,546  INFO      [61/107] fetching ADANIPOWER.NS …
2026-07-03 06:52:35,021  INFO      [62/107] fetching AMBUJACEM.NS …
2026-07-03 06:52:35,523  INFO      [63/107] fetching DMART.NS …
2026-07-03 06:52:35,998  INFO      [64/107] fetching BAJAJHLDNG.NS …
2026-07-03 06:52:36,506  INFO      [65/107] fetching BANKBARODA.NS …
2026-07-03 06:52:37,018  INFO      [66/107] fetching BERGEPAINT.NS …
2026-07-03 06:52:37,521  INFO      [67/107] fetching BOSCHLTD.NS …
2026-07-03 06:52:38,021  INFO      [68/107] fetching CANBK.NS …
2026-07-03 06:52:38,527  INFO      [69/107] fetching CHOLAFIN.NS …
2026-07-03 06:52:39,034  INFO      [70/107] fetching COLPAL.NS …
2026-07-03 06:52:39,542  INFO      [71/107] fetching DABUR.NS …
2026-07-03 06:52:40,041  INFO      [72/107] fetching DLF.NS …
2026-07-03 06:52:40,535  INFO      [73/107] fetching GAIL.NS …
2026-07-03 06:52:41,052  INFO      [74/107] fetching GODREJCP.NS …
2026-07-03 06:52:41,562  INFO      [75/107] fetching HAVELLS.NS …
2026-07-03 06:52:42,108  INFO      [76/107] fetching HAL.NS …
2026-07-03 06:52:42,597  INFO      [77/107] fetching ICICIGI.NS …
2026-07-03 06:52:43,084  INFO      [78/107] fetching ICICIPRULI.NS …
2026-07-03 06:52:43,571  INFO      [79/107] fetching IOC.NS …
2026-07-03 06:52:44,108  INFO      [80/107] fetching IRCTC.NS …
2026-07-03 06:52:44,595  INFO      [81/107] fetching JINDALSTEL.NS …
2026-07-03 06:52:45,104  INFO      [82/107] fetching LICI.NS …
2026-07-03 06:52:45,591  INFO      [83/107] fetching MARICO.NS …
2026-07-03 06:52:46,105  INFO      [84/107] fetching MOTHERSON.NS …
2026-07-03 06:52:46,606  INFO      [85/107] fetching NAUKRI.NS …
2026-07-03 06:52:47,095  INFO      [86/107] fetching PIDILITIND.NS …
2026-07-03 06:52:47,596  INFO      [87/107] fetching PNB.NS …
2026-07-03 06:52:48,090  INFO      [88/107] fetching PFC.NS …
2026-07-03 06:52:48,595  INFO      [89/107] fetching RECLTD.NS …
2026-07-03 06:52:49,092  INFO      [90/107] fetching SIEMENS.NS …
2026-07-03 06:52:49,591  INFO      [91/107] fetching SRF.NS …
2026-07-03 06:52:50,090  INFO      [92/107] fetching SHREECEM.NS …
2026-07-03 06:52:50,594  INFO      [93/107] fetching SHRIRAMFIN.NS …
2026-07-03 06:52:51,095  INFO      [94/107] fetching TORNTPHARM.NS …
2026-07-03 06:52:51,604  INFO      [95/107] fetching TRENT.NS …
2026-07-03 06:52:52,155  INFO      [96/107] fetching TVSMOTOR.NS …
2026-07-03 06:52:52,673  INFO      [97/107] fetching VEDL.NS …
2026-07-03 06:52:53,210  INFO      [98/107] fetching VBL.NS …
2026-07-03 06:52:53,695  INFO      [99/107] fetching ZOMATO.NS …
2026-07-03 06:52:54,245  WARNING   [ZOMATO.NS] insufficient history (0 rows)
2026-07-03 06:52:54,646  INFO      [100/107] fetching ZYDUSLIFE.NS …
2026-07-03 06:52:55,153  INFO      [101/107] fetching INDIGO.NS …
2026-07-03 06:52:55,667  INFO      [102/107] fetching IDEA.NS …
2026-07-03 06:52:56,145  INFO      [103/107] fetching BANKINDIA.NS …
2026-07-03 06:52:56,652  INFO      [104/107] fetching PAGEIND.NS …
2026-07-03 06:52:57,149  INFO      [105/107] fetching MUTHOOTFIN.NS …
2026-07-03 06:52:57,641  INFO      [106/107] fetching TATAELXSI.NS …
2026-07-03 06:52:58,139  INFO      [107/107] fetching LUPIN.NS …
2026-07-03 06:52:58,249  INFO      Fetched 104/107 symbols successfully.
2026-07-03 06:53:03,453  INFO      Fetched 200 headlines from RSS (Indian + global/geopolitics).
2026-07-03 06:53:05,893  INFO      Macro regime: risk-on | bias=3 | geo-risk=45.5
2026-07-03 06:53:06,180  INFO      NSE corp announcements: 20 filings
2026-07-03 06:53:08,010  INFO      Angel One login successful.
2026-07-03 06:53:09,096  INFO      Saved report → data/stock_reports/2026-07-03_0653.json
2026-07-03 06:53:09,686  INFO      Report image saved → logs/stock_analyzer/2026-07-03/stock_report.png  [1920×1280]
2026-07-03 06:53:09,687  INFO      Dry-run: skipping send. Image + PDF saved locally; console printed.
2026-07-03 06:53:09,688  INFO      == Stock analyzer run complete ==
2026-07-03 06:53:09,692  INFO      [Note] PAPER TRADING -- virtual cash Rs 100,000, max_positions=6 max_pct=15% buckets=('intraday', 'swing') state=data/paper_trader_state.json
2026-07-03 06:53:09,692  INFO      [Note] PAPER TRADING -- virtual cash Rs 100,000, max_positions=6 max_pct=15% buckets=('intraday', 'swing') state=data/paper_trader_state.json
2026-07-03 06:53:09,693  INFO      paper-trader: new day, archived 5 trades (cumulative ₹-1,561)
2026-07-03 06:53:23,658  INFO      [DRY] Angel order would be: {'variety': 'NORMAL', 'tradingsymbol': 'HCLTECH-EQ', 'symboltoken': '7229', 'transactiontype': 'BUY', 'exchange': 'NSE', 'ordertype': 'MARKET', 'producttype': 'INTRADAY', 'duration': 'DAY', 'price': '0', 'squareoff': '0', 'stoploss': '0', 'quantity': '11'}
2026-07-03 06:53:23,658  INFO      [OPEN] [DRY] HCLTECH.NS qty=11 @ Rs 1155.00 SL Rs 1147.93 TGT Rs 1171.25 (order=None)
2026-07-03 06:53:23,658  INFO      [DRY] Angel order would be: {'variety': 'NORMAL', 'tradingsymbol': 'MUTHOOTFIN-EQ', 'symboltoken': '23650', 'transactiontype': 'BUY', 'exchange': 'NSE', 'ordertype': 'MARKET', 'producttype': 'INTRADAY', 'duration': 'DAY', 'price': '0', 'squareoff': '0', 'stoploss': '0', 'quantity': '3'}
2026-07-03 06:53:23,658  INFO      [OPEN] [DRY] MUTHOOTFIN.NS qty=3 @ Rs 3087.00 SL Rs 2991.41 TGT Rs 3207.57 (order=None)
2026-07-03 06:53:23,658  INFO      [DRY] Angel order would be: {'variety': 'NORMAL', 'tradingsymbol': 'AMBUJACEM-EQ', 'symboltoken': '1270', 'transactiontype': 'BUY', 'exchange': 'NSE', 'ordertype': 'MARKET', 'producttype': 'INTRADAY', 'duration': 'DAY', 'price': '0', 'squareoff': '0', 'stoploss': '0', 'quantity': '21'}
2026-07-03 06:53:23,658  INFO      [OPEN] [DRY] AMBUJACEM.NS qty=21 @ Rs 439.70 SL Rs 429.78 TGT Rs 450.65 (order=None)
2026-07-03 06:53:23,658  INFO      [DRY] Angel order would be: {'variety': 'NORMAL', 'tradingsymbol': 'UPL-EQ', 'symboltoken': '11287', 'transactiontype': 'BUY', 'exchange': 'NSE', 'ordertype': 'MARKET', 'producttype': 'INTRADAY', 'duration': 'DAY', 'price': '0', 'squareoff': '0', 'stoploss': '0', 'quantity': '13'}
2026-07-03 06:53:23,658  INFO      [OPEN] [DRY] UPL.NS qty=13 @ Rs 607.65 SL Rs 592.53 TGT Rs 644.96 (order=None)
2026-07-03 06:53:23,663  INFO      tick result: {'ok': True, 'actions': 4, 'open_trades': 6, 'closed_today': 0, 'realised_pnl': 0.0, 'cumulative_pnl': -1561.08, 'halted': False, 'messages': ['[OPEN] [DRY] HCLTECH.NS qty=11 @ Rs 1155.00 SL Rs 1147.93 TGT Rs 1171.25 (order=None)', '[OPEN] [DRY] MUTHOOTFIN.NS qty=3 @ Rs 3087.00 SL Rs 2991.41 TGT Rs 3207.57 (order=None)', '[OPEN] [DRY] AMBUJACEM.NS qty=21 @ Rs 439.70 SL Rs 429.78 TGT Rs 450.65 (order=None)', '[OPEN] [DRY] UPL.NS qty=13 @ Rs 607.65 SL Rs 592.53 TGT Rs 644.96 (order=None)']}
2026-07-03 06:53:23,663  INFO      tick result: {'ok': True, 'actions': 4, 'open_trades': 6, 'closed_today': 0, 'realised_pnl': 0.0, 'cumulative_pnl': -1561.08, 'halted': False, 'messages': ['[OPEN] [DRY] HCLTECH.NS qty=11 @ Rs 1155.00 SL Rs 1147.93 TGT Rs 1171.25 (order=None)', '[OPEN] [DRY] MUTHOOTFIN.NS qty=3 @ Rs 3087.00 SL Rs 2991.41 TGT Rs 3207.57 (order=None)', '[OPEN] [DRY] AMBUJACEM.NS qty=21 @ Rs 439.70 SL Rs 429.78 TGT Rs 450.65 (order=None)', '[OPEN] [DRY] UPL.NS qty=13 @ Rs 607.65 SL Rs 592.53 TGT Rs 644.96 (order=None)']}
