2026-08-03 06:49:23,886  INFO      angel_one starting ... (cmd=paper-trade)
2026-08-03 06:49:23,886  INFO      angel_one starting ... (cmd=paper-trade)
2026-08-03 06:49:23,901  INFO      refresh: generating today's picks via analyzer (dry-run, no PDF)
2026-08-03 06:49:23,901  INFO      refresh: generating today's picks via analyzer (dry-run, no PDF)
2026-08-03 06:49:24,698  INFO      == Stock analyzer run starting ==
2026-08-03 06:49:24,698  INFO      Watchlist: 11 symbols from data/stock_watchlist.txt
2026-08-03 06:49:24,698  INFO      Universe: 107 symbols (total available: 107)
2026-08-03 06:49:25,439  INFO      [1/107] fetching TATAPOWER.NS …
2026-08-03 06:49:26,082  INFO      [2/107] fetching IRFC.NS …
2026-08-03 06:49:26,627  INFO      [3/107] fetching SUZLON.NS …
2026-08-03 06:49:27,157  INFO      [4/107] fetching IREDA.NS …
2026-08-03 06:49:27,683  INFO      [5/107] fetching BHEL.NS …
2026-08-03 06:49:28,366  INFO      [6/107] fetching KPITTECH.NS …
2026-08-03 06:49:28,899  INFO      [7/107] fetching POLYCAB.NS …
2026-08-03 06:49:29,434  INFO      [8/107] fetching PERSISTENT.NS …
2026-08-03 06:49:29,984  INFO      [9/107] fetching ITC.NS …
2026-08-03 06:49:30,602  INFO      [10/107] fetching POWERGRID.NS …
2026-08-03 06:49:31,206  INFO      [11/107] fetching COALINDIA.NS …
2026-08-03 06:49:31,754  INFO      [12/107] fetching RELIANCE.NS …
2026-08-03 06:49:32,312  INFO      [13/107] fetching TCS.NS …
2026-08-03 06:49:32,877  INFO      [14/107] fetching HDFCBANK.NS …
2026-08-03 06:49:33,437  INFO      [15/107] fetching INFY.NS …
2026-08-03 06:49:34,016  INFO      [16/107] fetching ICICIBANK.NS …
2026-08-03 06:49:34,572  INFO      [17/107] fetching HINDUNILVR.NS …
2026-08-03 06:49:35,132  INFO      [18/107] fetching SBIN.NS …
2026-08-03 06:49:35,696  INFO      [19/107] fetching BHARTIARTL.NS …
2026-08-03 06:49:36,313  INFO      [20/107] fetching KOTAKBANK.NS …
2026-08-03 06:49:36,875  INFO      [21/107] fetching LT.NS …
2026-08-03 06:49:37,429  INFO      [22/107] fetching AXISBANK.NS …
2026-08-03 06:49:37,974  INFO      [23/107] fetching BAJFINANCE.NS …
2026-08-03 06:49:38,526  INFO      [24/107] fetching ASIANPAINT.NS …
2026-08-03 06:49:39,184  INFO      [25/107] fetching MARUTI.NS …
2026-08-03 06:49:39,741  INFO      [26/107] fetching HCLTECH.NS …
2026-08-03 06:49:40,310  INFO      [27/107] fetching SUNPHARMA.NS …
2026-08-03 06:49:40,873  INFO      [28/107] fetching TITAN.NS …
2026-08-03 06:49:41,422  INFO      [29/107] fetching ULTRACEMCO.NS …
2026-08-03 06:49:41,984  INFO      [30/107] fetching WIPRO.NS …
2026-08-03 06:49:42,568  INFO      [31/107] fetching NESTLEIND.NS …
2026-08-03 06:49:43,123  INFO      [32/107] fetching ADANIENT.NS …
2026-08-03 06:49:43,694  INFO      [33/107] fetching NTPC.NS …
2026-08-03 06:49:44,243  INFO      [34/107] fetching TATAMOTORS.NS …
2026-08-03 06:49:45,564  WARNING   [TATAMOTORS.NS] insufficient history (0 rows)
2026-08-03 06:49:45,964  INFO      [35/107] fetching M&M.NS …
2026-08-03 06:49:46,530  INFO      [36/107] fetching TATASTEEL.NS …
2026-08-03 06:49:47,085  INFO      [37/107] fetching JSWSTEEL.NS …
2026-08-03 06:49:47,640  INFO      [38/107] fetching ONGC.NS …
2026-08-03 06:49:48,197  INFO      [39/107] fetching TECHM.NS …
2026-08-03 06:49:48,748  INFO      [40/107] fetching BAJAJFINSV.NS …
2026-08-03 06:49:49,289  INFO      [41/107] fetching HINDALCO.NS …
2026-08-03 06:49:49,855  INFO      [42/107] fetching GRASIM.NS …
2026-08-03 06:49:50,474  INFO      [43/107] fetching DRREDDY.NS …
2026-08-03 06:49:51,025  INFO      [44/107] fetching CIPLA.NS …
2026-08-03 06:49:51,593  INFO      [45/107] fetching DIVISLAB.NS …
2026-08-03 06:49:52,144  INFO      [46/107] fetching EICHERMOT.NS …
2026-08-03 06:49:52,706  INFO      [47/107] fetching BRITANNIA.NS …
2026-08-03 06:49:53,259  INFO      [48/107] fetching HEROMOTOCO.NS …
2026-08-03 06:49:53,817  INFO      [49/107] fetching BAJAJ-AUTO.NS …
2026-08-03 06:49:54,362  INFO      [50/107] fetching INDUSINDBK.NS …
2026-08-03 06:49:54,917  INFO      [51/107] fetching APOLLOHOSP.NS …
2026-08-03 06:49:55,465  INFO      [52/107] fetching TATACONSUM.NS …
2026-08-03 06:49:56,017  INFO      [53/107] fetching UPL.NS …
2026-08-03 06:49:56,564  INFO      [54/107] fetching BPCL.NS …
2026-08-03 06:49:57,125  INFO      [55/107] fetching SBILIFE.NS …
2026-08-03 06:49:57,666  INFO      [56/107] fetching HDFCLIFE.NS …
2026-08-03 06:49:58,213  INFO      [57/107] fetching ADANIPORTS.NS …
2026-08-03 06:49:58,759  INFO      [58/107] fetching LTIM.NS …
2026-08-03 06:49:59,586  WARNING   [LTIM.NS] insufficient history (0 rows)
2026-08-03 06:49:59,987  INFO      [59/107] fetching ABB.NS …
2026-08-03 06:50:00,540  INFO      [60/107] fetching ADANIGREEN.NS …
2026-08-03 06:50:01,065  INFO      [61/107] fetching ADANIPOWER.NS …
2026-08-03 06:50:01,598  INFO      [62/107] fetching AMBUJACEM.NS …
2026-08-03 06:50:02,157  INFO      [63/107] fetching DMART.NS …
2026-08-03 06:50:02,686  INFO      [64/107] fetching BAJAJHLDNG.NS …
2026-08-03 06:50:03,238  INFO      [65/107] fetching BANKBARODA.NS …
2026-08-03 06:50:03,813  INFO      [66/107] fetching BERGEPAINT.NS …
2026-08-03 06:50:04,359  INFO      [67/107] fetching BOSCHLTD.NS …
2026-08-03 06:50:04,917  INFO      [68/107] fetching CANBK.NS …
2026-08-03 06:50:05,468  INFO      [69/107] fetching CHOLAFIN.NS …
2026-08-03 06:50:06,026  INFO      [70/107] fetching COLPAL.NS …
2026-08-03 06:50:06,572  INFO      [71/107] fetching DABUR.NS …
2026-08-03 06:50:07,123  INFO      [72/107] fetching DLF.NS …
2026-08-03 06:50:07,665  INFO      [73/107] fetching GAIL.NS …
2026-08-03 06:50:08,223  INFO      [74/107] fetching GODREJCP.NS …
2026-08-03 06:50:08,773  INFO      [75/107] fetching HAVELLS.NS …
2026-08-03 06:50:09,334  INFO      [76/107] fetching HAL.NS …
2026-08-03 06:50:09,867  INFO      [77/107] fetching ICICIGI.NS …
2026-08-03 06:50:10,403  INFO      [78/107] fetching ICICIPRULI.NS …
2026-08-03 06:50:10,942  INFO      [79/107] fetching IOC.NS …
2026-08-03 06:50:11,515  INFO      [80/107] fetching IRCTC.NS …
2026-08-03 06:50:12,060  INFO      [81/107] fetching JINDALSTEL.NS …
2026-08-03 06:50:12,617  INFO      [82/107] fetching LICI.NS …
2026-08-03 06:50:13,154  INFO      [83/107] fetching MARICO.NS …
2026-08-03 06:50:13,724  INFO      [84/107] fetching MOTHERSON.NS …
2026-08-03 06:50:14,277  INFO      [85/107] fetching NAUKRI.NS …
2026-08-03 06:50:14,832  INFO      [86/107] fetching PIDILITIND.NS …
2026-08-03 06:50:15,385  INFO      [87/107] fetching PNB.NS …
2026-08-03 06:50:15,939  INFO      [88/107] fetching PFC.NS …
2026-08-03 06:50:16,491  INFO      [89/107] fetching RECLTD.NS …
2026-08-03 06:50:17,031  INFO      [90/107] fetching SIEMENS.NS …
2026-08-03 06:50:17,587  INFO      [91/107] fetching SRF.NS …
2026-08-03 06:50:18,139  INFO      [92/107] fetching SHREECEM.NS …
2026-08-03 06:50:18,689  INFO      [93/107] fetching SHRIRAMFIN.NS …
2026-08-03 06:50:19,234  INFO      [94/107] fetching TORNTPHARM.NS …
2026-08-03 06:50:19,796  INFO      [95/107] fetching TRENT.NS …
2026-08-03 06:50:20,341  INFO      [96/107] fetching TVSMOTOR.NS …
2026-08-03 06:50:20,911  INFO      [97/107] fetching VEDL.NS …
2026-08-03 06:50:21,484  INFO      [98/107] fetching VBL.NS …
2026-08-03 06:50:22,025  INFO      [99/107] fetching ZOMATO.NS …
2026-08-03 06:50:22,656  WARNING   [ZOMATO.NS] insufficient history (0 rows)
2026-08-03 06:50:23,056  INFO      [100/107] fetching ZYDUSLIFE.NS …
2026-08-03 06:50:23,609  INFO      [101/107] fetching INDIGO.NS …
2026-08-03 06:50:24,149  INFO      [102/107] fetching IDEA.NS …
2026-08-03 06:50:24,680  INFO      [103/107] fetching BANKINDIA.NS …
2026-08-03 06:50:25,237  INFO      [104/107] fetching PAGEIND.NS …
2026-08-03 06:50:25,789  INFO      [105/107] fetching MUTHOOTFIN.NS …
2026-08-03 06:50:26,393  INFO      [106/107] fetching TATAELXSI.NS …
2026-08-03 06:50:26,943  INFO      [107/107] fetching LUPIN.NS …
2026-08-03 06:50:27,101  INFO      Fetched 104/107 symbols successfully.
2026-08-03 06:50:29,420  WARNING   [MF 120503] fetch failed: HTTPSConnectionPool(host='api.mfapi.in', port=443): Read timed out. (read timeout=2)
2026-08-03 06:50:31,257  INFO      Fetched 200 headlines from RSS (Indian + global/geopolitics).
2026-08-03 06:50:34,524  INFO      Macro regime: risk-on | bias=4 | geo-risk=61.5
2026-08-03 06:50:34,775  INFO      NSE corp announcements: 20 filings
2026-08-03 06:50:36,488  INFO      Angel One login successful.
2026-08-03 06:50:37,269  INFO      Saved report → data/stock_reports/2026-08-03_0650.json
2026-08-03 06:50:37,628  INFO      Report image saved → logs/stock_analyzer/2026-08-03/stock_report.png  [1920×1280]
2026-08-03 06:50:37,628  INFO      Dry-run: skipping send. Image + PDF saved locally; console printed.
2026-08-03 06:50:37,629  INFO      == Stock analyzer run complete ==
2026-08-03 06:50:37,631  INFO      [Note] PAPER TRADING -- virtual cash Rs 100,000, max_positions=6 max_pct=15% buckets=('intraday', 'swing') state=data/paper_trader_state.json
2026-08-03 06:50:37,631  INFO      [Note] PAPER TRADING -- virtual cash Rs 100,000, max_positions=6 max_pct=15% buckets=('intraday', 'swing') state=data/paper_trader_state.json
2026-08-03 06:50:37,633  INFO      paper-trader: new day, archived 5 trades (cumulative ₹-4,017)
2026-08-03 06:50:52,019  INFO      [DRY] Angel order would be: {'variety': 'NORMAL', 'tradingsymbol': 'BAJAJFINSV-EQ', 'symboltoken': '16675', 'transactiontype': 'SELL', 'exchange': 'NSE', 'ordertype': 'MARKET', 'producttype': 'INTRADAY', 'duration': 'DAY', 'price': '0', 'squareoff': '0', 'stoploss': '0', 'quantity': '3'}
2026-08-03 06:50:52,020  INFO      [TGT] [DRY] CLOSE BAJAJFINSV.NS qty=3 @ Rs 2082.50 P&L Rs +542 (gross Rs +551, cost Rs 9; target @ 2082.50)
2026-08-03 06:50:52,020  INFO      [DRY] Angel order would be: {'variety': 'NORMAL', 'tradingsymbol': 'ABB-EQ', 'symboltoken': '13', 'transactiontype': 'BUY', 'exchange': 'NSE', 'ordertype': 'MARKET', 'producttype': 'INTRADAY', 'duration': 'DAY', 'price': '0', 'squareoff': '0', 'stoploss': '0', 'quantity': '1'}
2026-08-03 06:50:52,020  INFO      [OPEN] [DRY] ABB.NS qty=1 @ Rs 7567.50 SL Rs 7333.84 TGT Rs 7669.13 (order=None)
2026-08-03 06:50:52,020  INFO      [DRY] Angel order would be: {'variety': 'NORMAL', 'tradingsymbol': 'SIEMENS-EQ', 'symboltoken': '3150', 'transactiontype': 'BUY', 'exchange': 'NSE', 'ordertype': 'MARKET', 'producttype': 'INTRADAY', 'duration': 'DAY', 'price': '0', 'squareoff': '0', 'stoploss': '0', 'quantity': '3'}
2026-08-03 06:50:52,020  INFO      [OPEN] [DRY] SIEMENS.NS qty=3 @ Rs 3892.00 SL Rs 3782.18 TGT Rs 3929.43 (order=None)
2026-08-03 06:50:52,020  INFO      [DRY] Angel order would be: {'variety': 'NORMAL', 'tradingsymbol': 'DIVISLAB-EQ', 'symboltoken': '10940', 'transactiontype': 'BUY', 'exchange': 'NSE', 'ordertype': 'MARKET', 'producttype': 'INTRADAY', 'duration': 'DAY', 'price': '0', 'squareoff': '0', 'stoploss': '0', 'quantity': '1'}
2026-08-03 06:50:52,020  INFO      [OPEN] [DRY] DIVISLAB.NS qty=1 @ Rs 8466.50 SL Rs 8274.64 TGT Rs 8872.05 (order=None)
2026-08-03 06:50:52,020  INFO      [DRY] Angel order would be: {'variety': 'NORMAL', 'tradingsymbol': 'ITC-EQ', 'symboltoken': '1660', 'transactiontype': 'BUY', 'exchange': 'NSE', 'ordertype': 'MARKET', 'producttype': 'INTRADAY', 'duration': 'DAY', 'price': '0', 'squareoff': '0', 'stoploss': '0', 'quantity': '32'}
2026-08-03 06:50:52,020  INFO      [OPEN] [DRY] ITC.NS qty=32 @ Rs 288.35 SL Rs 284.07 TGT Rs 291.02 (order=None)
2026-08-03 06:50:52,020  INFO      [DRY] Angel order would be: {'variety': 'NORMAL', 'tradingsymbol': 'AMBUJACEM-EQ', 'symboltoken': '1270', 'transactiontype': 'BUY', 'exchange': 'NSE', 'ordertype': 'MARKET', 'producttype': 'INTRADAY', 'duration': 'DAY', 'price': '0', 'squareoff': '0', 'stoploss': '0', 'quantity': '18'}
2026-08-03 06:50:52,020  INFO      [OPEN] [DRY] AMBUJACEM.NS qty=18 @ Rs 443.80 SL Rs 433.05 TGT Rs 444.16 (order=None)
2026-08-03 06:50:52,025  INFO      tick result: {'ok': True, 'actions': 6, 'open_trades': 5, 'closed_today': 1, 'realised_pnl': 541.84, 'cumulative_pnl': -3474.88, 'halted': False, 'messages': ['[TGT] [DRY] CLOSE BAJAJFINSV.NS qty=3 @ Rs 2082.50 P&L Rs +542 (gross Rs +551, cost Rs 9; target @ 2082.50)', '[OPEN] [DRY] ABB.NS qty=1 @ Rs 7567.50 SL Rs 7333.84 TGT Rs 7669.13 (order=None)', '[OPEN] [DRY] SIEMENS.NS qty=3 @ Rs 3892.00 SL Rs 3782.18 TGT Rs 3929.43 (order=None)', '[OPEN] [DRY] DIVISLAB.NS qty=1 @ Rs 8466.50 SL Rs 8274.64 TGT Rs 8872.05 (order=None)', '[OPEN] [DRY] ITC.NS qty=32 @ Rs 288.35 SL Rs 284.07 TGT Rs 291.02 (order=None)', '[OPEN] [DRY] AMBUJACEM.NS qty=18 @ Rs 443.80 SL Rs 433.05 TGT Rs 444.16 (order=None)']}
2026-08-03 06:50:52,025  INFO      tick result: {'ok': True, 'actions': 6, 'open_trades': 5, 'closed_today': 1, 'realised_pnl': 541.84, 'cumulative_pnl': -3474.88, 'halted': False, 'messages': ['[TGT] [DRY] CLOSE BAJAJFINSV.NS qty=3 @ Rs 2082.50 P&L Rs +542 (gross Rs +551, cost Rs 9; target @ 2082.50)', '[OPEN] [DRY] ABB.NS qty=1 @ Rs 7567.50 SL Rs 7333.84 TGT Rs 7669.13 (order=None)', '[OPEN] [DRY] SIEMENS.NS qty=3 @ Rs 3892.00 SL Rs 3782.18 TGT Rs 3929.43 (order=None)', '[OPEN] [DRY] DIVISLAB.NS qty=1 @ Rs 8466.50 SL Rs 8274.64 TGT Rs 8872.05 (order=None)', '[OPEN] [DRY] ITC.NS qty=32 @ Rs 288.35 SL Rs 284.07 TGT Rs 291.02 (order=None)', '[OPEN] [DRY] AMBUJACEM.NS qty=18 @ Rs 443.80 SL Rs 433.05 TGT Rs 444.16 (order=None)']}
