2026-09-25 09:07:41,349  INFO      angel_one starting ... (cmd=paper-trade)
2026-09-25 09:07:41,349  INFO      angel_one starting ... (cmd=paper-trade)
2026-09-25 09:07:41,366  INFO      refresh: generating today's picks via analyzer (dry-run, no PDF)
2026-09-25 09:07:41,366  INFO      refresh: generating today's picks via analyzer (dry-run, no PDF)
2026-09-25 09:07:42,149  INFO      == Stock analyzer run starting ==
2026-09-25 09:07:42,150  INFO      Watchlist: 11 symbols from data/stock_watchlist.txt
2026-09-25 09:07:42,150  INFO      Universe: 107 symbols (total available: 107)
2026-09-25 09:07:42,862  INFO      [1/107] fetching TATAPOWER.NS …
2026-09-25 09:07:43,390  INFO      [2/107] fetching IRFC.NS …
2026-09-25 09:07:43,869  INFO      [3/107] fetching SUZLON.NS …
2026-09-25 09:07:44,347  INFO      [4/107] fetching IREDA.NS …
2026-09-25 09:07:44,819  INFO      [5/107] fetching BHEL.NS …
2026-09-25 09:07:45,321  INFO      [6/107] fetching KPITTECH.NS …
2026-09-25 09:07:45,809  INFO      [7/107] fetching POLYCAB.NS …
2026-09-25 09:07:46,292  INFO      [8/107] fetching PERSISTENT.NS …
2026-09-25 09:07:46,781  INFO      [9/107] fetching ITC.NS …
2026-09-25 09:07:47,292  INFO      [10/107] fetching POWERGRID.NS …
2026-09-25 09:07:47,780  INFO      [11/107] fetching COALINDIA.NS …
2026-09-25 09:07:48,269  INFO      [12/107] fetching RELIANCE.NS …
2026-09-25 09:07:48,814  INFO      [13/107] fetching TCS.NS …
2026-09-25 09:07:49,306  INFO      [14/107] fetching HDFCBANK.NS …
2026-09-25 09:07:49,830  INFO      [15/107] fetching INFY.NS …
2026-09-25 09:07:50,321  INFO      [16/107] fetching ICICIBANK.NS …
2026-09-25 09:07:50,808  INFO      [17/107] fetching HINDUNILVR.NS …
2026-09-25 09:07:51,304  INFO      [18/107] fetching SBIN.NS …
2026-09-25 09:07:51,803  INFO      [19/107] fetching BHARTIARTL.NS …
2026-09-25 09:07:52,286  INFO      [20/107] fetching KOTAKBANK.NS …
2026-09-25 09:07:52,779  INFO      [21/107] fetching LT.NS …
2026-09-25 09:07:53,278  INFO      [22/107] fetching AXISBANK.NS …
2026-09-25 09:07:53,780  INFO      [23/107] fetching BAJFINANCE.NS …
2026-09-25 09:07:54,278  INFO      [24/107] fetching ASIANPAINT.NS …
2026-09-25 09:07:54,774  INFO      [25/107] fetching MARUTI.NS …
2026-09-25 09:07:55,269  INFO      [26/107] fetching HCLTECH.NS …
2026-09-25 09:07:55,787  INFO      [27/107] fetching SUNPHARMA.NS …
2026-09-25 09:07:56,311  INFO      [28/107] fetching TITAN.NS …
2026-09-25 09:07:56,814  INFO      [29/107] fetching ULTRACEMCO.NS …
2026-09-25 09:07:57,306  INFO      [30/107] fetching WIPRO.NS …
2026-09-25 09:07:57,810  INFO      [31/107] fetching NESTLEIND.NS …
2026-09-25 09:07:58,307  INFO      [32/107] fetching ADANIENT.NS …
2026-09-25 09:07:58,796  INFO      [33/107] fetching NTPC.NS …
2026-09-25 09:07:59,285  INFO      [34/107] fetching TATAMOTORS.NS …
2026-09-25 09:08:08,059  WARNING   [TATAMOTORS.NS] insufficient history (0 rows)
2026-09-25 09:08:08,459  INFO      [35/107] fetching M&M.NS …
2026-09-25 09:08:08,958  INFO      [36/107] fetching TATASTEEL.NS …
2026-09-25 09:08:09,469  INFO      [37/107] fetching JSWSTEEL.NS …
2026-09-25 09:08:09,968  INFO      [38/107] fetching ONGC.NS …
2026-09-25 09:08:10,466  INFO      [39/107] fetching TECHM.NS …
2026-09-25 09:08:10,957  INFO      [40/107] fetching BAJAJFINSV.NS …
2026-09-25 09:08:11,460  INFO      [41/107] fetching HINDALCO.NS …
2026-09-25 09:08:11,956  INFO      [42/107] fetching GRASIM.NS …
2026-09-25 09:08:12,451  INFO      [43/107] fetching DRREDDY.NS …
2026-09-25 09:08:12,942  INFO      [44/107] fetching CIPLA.NS …
2026-09-25 09:08:13,446  INFO      [45/107] fetching DIVISLAB.NS …
2026-09-25 09:08:13,942  INFO      [46/107] fetching EICHERMOT.NS …
2026-09-25 09:08:14,444  INFO      [47/107] fetching BRITANNIA.NS …
2026-09-25 09:08:14,943  INFO      [48/107] fetching HEROMOTOCO.NS …
2026-09-25 09:08:15,451  INFO      [49/107] fetching BAJAJ-AUTO.NS …
2026-09-25 09:08:15,948  INFO      [50/107] fetching INDUSINDBK.NS …
2026-09-25 09:08:16,443  INFO      [51/107] fetching APOLLOHOSP.NS …
2026-09-25 09:08:16,965  INFO      [52/107] fetching TATACONSUM.NS …
2026-09-25 09:08:17,467  INFO      [53/107] fetching UPL.NS …
2026-09-25 09:08:17,958  INFO      [54/107] fetching BPCL.NS …
2026-09-25 09:08:18,459  INFO      [55/107] fetching SBILIFE.NS …
2026-09-25 09:08:18,946  INFO      [56/107] fetching HDFCLIFE.NS …
2026-09-25 09:08:19,394  INFO      [57/107] fetching ADANIPORTS.NS …
2026-09-25 09:08:19,884  INFO      [58/107] fetching LTIM.NS …
2026-09-25 09:08:28,271  WARNING   [LTIM.NS] insufficient history (0 rows)
2026-09-25 09:08:28,672  INFO      [59/107] fetching ABB.NS …
2026-09-25 09:08:29,169  INFO      [60/107] fetching ADANIGREEN.NS …
2026-09-25 09:08:29,640  INFO      [61/107] fetching ADANIPOWER.NS …
2026-09-25 09:08:30,114  INFO      [62/107] fetching AMBUJACEM.NS …
2026-09-25 09:08:30,606  INFO      [63/107] fetching DMART.NS …
2026-09-25 09:08:31,079  INFO      [64/107] fetching BAJAJHLDNG.NS …
2026-09-25 09:08:31,580  INFO      [65/107] fetching BANKBARODA.NS …
2026-09-25 09:08:32,079  INFO      [66/107] fetching BERGEPAINT.NS …
2026-09-25 09:08:32,578  INFO      [67/107] fetching BOSCHLTD.NS …
2026-09-25 09:08:33,066  INFO      [68/107] fetching CANBK.NS …
2026-09-25 09:08:33,562  INFO      [69/107] fetching CHOLAFIN.NS …
2026-09-25 09:08:34,056  INFO      [70/107] fetching COLPAL.NS …
2026-09-25 09:08:34,545  INFO      [71/107] fetching DABUR.NS …
2026-09-25 09:08:35,080  INFO      [72/107] fetching DLF.NS …
2026-09-25 09:08:35,561  INFO      [73/107] fetching GAIL.NS …
2026-09-25 09:08:36,057  INFO      [74/107] fetching GODREJCP.NS …
2026-09-25 09:08:36,547  INFO      [75/107] fetching HAVELLS.NS …
2026-09-25 09:08:37,065  INFO      [76/107] fetching HAL.NS …
2026-09-25 09:08:37,544  INFO      [77/107] fetching ICICIGI.NS …
2026-09-25 09:08:38,029  INFO      [78/107] fetching ICICIPRULI.NS …
2026-09-25 09:08:38,511  INFO      [79/107] fetching IOC.NS …
2026-09-25 09:08:39,019  INFO      [80/107] fetching IRCTC.NS …
2026-09-25 09:08:39,504  INFO      [81/107] fetching JINDALSTEL.NS …
2026-09-25 09:08:40,001  INFO      [82/107] fetching LICI.NS …
2026-09-25 09:08:40,477  INFO      [83/107] fetching MARICO.NS …
2026-09-25 09:08:40,985  INFO      [84/107] fetching MOTHERSON.NS …
2026-09-25 09:08:41,480  INFO      [85/107] fetching NAUKRI.NS …
2026-09-25 09:08:41,972  INFO      [86/107] fetching PIDILITIND.NS …
2026-09-25 09:08:42,420  INFO      [87/107] fetching PNB.NS …
2026-09-25 09:08:42,923  INFO      [88/107] fetching PFC.NS …
2026-09-25 09:08:43,416  INFO      [89/107] fetching RECLTD.NS …
2026-09-25 09:08:43,908  INFO      [90/107] fetching SIEMENS.NS …
2026-09-25 09:08:44,428  INFO      [91/107] fetching SRF.NS …
2026-09-25 09:08:44,943  INFO      [92/107] fetching SHREECEM.NS …
2026-09-25 09:08:45,436  INFO      [93/107] fetching SHRIRAMFIN.NS …
2026-09-25 09:08:45,921  INFO      [94/107] fetching TORNTPHARM.NS …
2026-09-25 09:08:46,413  INFO      [95/107] fetching TRENT.NS …
2026-09-25 09:08:46,916  INFO      [96/107] fetching TVSMOTOR.NS …
2026-09-25 09:08:47,437  INFO      [97/107] fetching VEDL.NS …
2026-09-25 09:08:47,958  INFO      [98/107] fetching VBL.NS …
2026-09-25 09:08:48,441  INFO      [99/107] fetching ZOMATO.NS …
2026-09-25 09:08:56,965  WARNING   [ZOMATO.NS] insufficient history (0 rows)
2026-09-25 09:08:57,365  INFO      [100/107] fetching ZYDUSLIFE.NS …
2026-09-25 09:08:57,857  INFO      [101/107] fetching INDIGO.NS …
2026-09-25 09:08:58,337  INFO      [102/107] fetching IDEA.NS …
2026-09-25 09:08:58,813  INFO      [103/107] fetching BANKINDIA.NS …
2026-09-25 09:08:59,307  INFO      [104/107] fetching PAGEIND.NS …
2026-09-25 09:08:59,797  INFO      [105/107] fetching MUTHOOTFIN.NS …
2026-09-25 09:09:00,287  INFO      [106/107] fetching TATAELXSI.NS …
2026-09-25 09:09:00,775  INFO      [107/107] fetching LUPIN.NS …
2026-09-25 09:09:00,886  INFO      Fetched 104/107 symbols successfully.
2026-09-25 09:09:05,274  INFO      Fetched 200 headlines from RSS (Indian + global/geopolitics).
2026-09-25 09:09:07,855  INFO      Macro regime: neutral | bias=-1 | geo-risk=40.0
2026-09-25 09:09:08,100  INFO      NSE corp announcements: 20 filings
2026-09-25 09:09:09,686  INFO      Angel One login successful.
2026-09-25 09:09:10,789  INFO      Saved report → data/stock_reports/2026-09-25_0909.json
2026-09-25 09:09:11,293  INFO      Report image saved → logs/stock_analyzer/2026-09-25/stock_report.png  [1920×1280]
2026-09-25 09:09:11,294  INFO      Dry-run: skipping send. Image + PDF saved locally; console printed.
2026-09-25 09:09:11,294  INFO      == Stock analyzer run complete ==
2026-09-25 09:09:11,297  INFO      [Note] PAPER TRADING -- virtual cash Rs 100,000, max_positions=6 max_pct=15% buckets=('intraday', 'swing') state=data/paper_trader_state.json
2026-09-25 09:09:11,297  INFO      [Note] PAPER TRADING -- virtual cash Rs 100,000, max_positions=6 max_pct=15% buckets=('intraday', 'swing') state=data/paper_trader_state.json
2026-09-25 09:09:11,299  INFO      paper-trader: new day, archived 4 trades (cumulative ₹-5,679)
2026-09-25 09:09:24,198  INFO      [DRY] Angel order would be: {'variety': 'NORMAL', 'tradingsymbol': 'IREDA-EQ', 'symboltoken': '20261', 'transactiontype': 'BUY', 'exchange': 'NSE', 'ordertype': 'MARKET', 'producttype': 'INTRADAY', 'duration': 'DAY', 'price': '0', 'squareoff': '0', 'stoploss': '0', 'quantity': '107'}
2026-09-25 09:09:24,198  INFO      [OPEN] [DRY] IREDA.NS qty=107 @ Rs 113.58 SL Rs 111.49 TGT Rs 114.09 (order=None)
2026-09-25 09:09:24,199  INFO      [DRY] Angel order would be: {'variety': 'NORMAL', 'tradingsymbol': 'LICI-EQ', 'symboltoken': '9480', 'transactiontype': 'BUY', 'exchange': 'NSE', 'ordertype': 'MARKET', 'producttype': 'INTRADAY', 'duration': 'DAY', 'price': '0', 'squareoff': '0', 'stoploss': '0', 'quantity': '25'}
2026-09-25 09:09:24,199  INFO      [OPEN] [DRY] LICI.NS qty=25 @ Rs 408.95 SL Rs 404.77 TGT Rs 416.17 (order=None)
2026-09-25 09:09:24,199  INFO      [DRY] Angel order would be: {'variety': 'NORMAL', 'tradingsymbol': 'DLF-EQ', 'symboltoken': '14732', 'transactiontype': 'BUY', 'exchange': 'NSE', 'ordertype': 'MARKET', 'producttype': 'INTRADAY', 'duration': 'DAY', 'price': '0', 'squareoff': '0', 'stoploss': '0', 'quantity': '13'}
2026-09-25 09:09:24,199  INFO      [OPEN] [DRY] DLF.NS qty=13 @ Rs 679.05 SL Rs 663.56 TGT Rs 688.37 (order=None)
2026-09-25 09:09:24,199  INFO      [DRY] Angel order would be: {'variety': 'NORMAL', 'tradingsymbol': 'HDFCLIFE-EQ', 'symboltoken': '467', 'transactiontype': 'BUY', 'exchange': 'NSE', 'ordertype': 'MARKET', 'producttype': 'INTRADAY', 'duration': 'DAY', 'price': '0', 'squareoff': '0', 'stoploss': '0', 'quantity': '14'}
2026-09-25 09:09:24,199  INFO      [OPEN] [DRY] HDFCLIFE.NS qty=14 @ Rs 531.25 SL Rs 528.39 TGT Rs 543.21 (order=None)
2026-09-25 09:09:24,207  INFO      tick result: {'ok': True, 'actions': 4, 'open_trades': 6, 'closed_today': 0, 'realised_pnl': 0.0, 'cumulative_pnl': -5679.13, 'halted': False, 'messages': ['[OPEN] [DRY] IREDA.NS qty=107 @ Rs 113.58 SL Rs 111.49 TGT Rs 114.09 (order=None)', '[OPEN] [DRY] LICI.NS qty=25 @ Rs 408.95 SL Rs 404.77 TGT Rs 416.17 (order=None)', '[OPEN] [DRY] DLF.NS qty=13 @ Rs 679.05 SL Rs 663.56 TGT Rs 688.37 (order=None)', '[OPEN] [DRY] HDFCLIFE.NS qty=14 @ Rs 531.25 SL Rs 528.39 TGT Rs 543.21 (order=None)']}
2026-09-25 09:09:24,207  INFO      tick result: {'ok': True, 'actions': 4, 'open_trades': 6, 'closed_today': 0, 'realised_pnl': 0.0, 'cumulative_pnl': -5679.13, 'halted': False, 'messages': ['[OPEN] [DRY] IREDA.NS qty=107 @ Rs 113.58 SL Rs 111.49 TGT Rs 114.09 (order=None)', '[OPEN] [DRY] LICI.NS qty=25 @ Rs 408.95 SL Rs 404.77 TGT Rs 416.17 (order=None)', '[OPEN] [DRY] DLF.NS qty=13 @ Rs 679.05 SL Rs 663.56 TGT Rs 688.37 (order=None)', '[OPEN] [DRY] HDFCLIFE.NS qty=14 @ Rs 531.25 SL Rs 528.39 TGT Rs 543.21 (order=None)']}
