2026-07-20 06:36:04,602  INFO      angel_one starting ... (cmd=paper-trade)
2026-07-20 06:36:04,602  INFO      angel_one starting ... (cmd=paper-trade)
2026-07-20 06:36:04,613  INFO      refresh: generating today's picks via analyzer (dry-run, no PDF)
2026-07-20 06:36:04,613  INFO      refresh: generating today's picks via analyzer (dry-run, no PDF)
2026-07-20 06:36:05,848  INFO      == Stock analyzer run starting ==
2026-07-20 06:36:05,849  INFO      Watchlist: 11 symbols from data/stock_watchlist.txt
2026-07-20 06:36:05,849  INFO      Universe: 107 symbols (total available: 107)
2026-07-20 06:36:06,651  INFO      [1/107] fetching TATAPOWER.NS …
2026-07-20 06:36:07,418  INFO      [2/107] fetching IRFC.NS …
2026-07-20 06:36:08,065  INFO      [3/107] fetching SUZLON.NS …
2026-07-20 06:36:08,686  INFO      [4/107] fetching IREDA.NS …
2026-07-20 06:36:09,335  INFO      [5/107] fetching BHEL.NS …
2026-07-20 06:36:10,078  INFO      [6/107] fetching KPITTECH.NS …
2026-07-20 06:36:10,712  INFO      [7/107] fetching POLYCAB.NS …
2026-07-20 06:36:11,353  INFO      [8/107] fetching PERSISTENT.NS …
2026-07-20 06:36:11,999  INFO      [9/107] fetching ITC.NS …
2026-07-20 06:36:12,746  INFO      [10/107] fetching POWERGRID.NS …
2026-07-20 06:36:13,393  INFO      [11/107] fetching COALINDIA.NS …
2026-07-20 06:36:14,037  INFO      [12/107] fetching RELIANCE.NS …
2026-07-20 06:36:14,695  INFO      [13/107] fetching TCS.NS …
2026-07-20 06:36:15,367  INFO      [14/107] fetching HDFCBANK.NS …
2026-07-20 06:36:16,011  INFO      [15/107] fetching INFY.NS …
2026-07-20 06:36:16,666  INFO      [16/107] fetching ICICIBANK.NS …
2026-07-20 06:36:17,391  INFO      [17/107] fetching HINDUNILVR.NS …
2026-07-20 06:36:18,047  INFO      [18/107] fetching SBIN.NS …
2026-07-20 06:36:18,716  INFO      [19/107] fetching BHARTIARTL.NS …
2026-07-20 06:36:19,356  INFO      [20/107] fetching KOTAKBANK.NS …
2026-07-20 06:36:20,068  INFO      [21/107] fetching LT.NS …
2026-07-20 06:36:20,774  INFO      [22/107] fetching AXISBANK.NS …
2026-07-20 06:36:21,412  INFO      [23/107] fetching BAJFINANCE.NS …
2026-07-20 06:36:22,064  INFO      [24/107] fetching ASIANPAINT.NS …
2026-07-20 06:36:22,754  INFO      [25/107] fetching MARUTI.NS …
2026-07-20 06:36:23,410  INFO      [26/107] fetching HCLTECH.NS …
2026-07-20 06:36:24,111  INFO      [27/107] fetching SUNPHARMA.NS …
2026-07-20 06:36:24,781  INFO      [28/107] fetching TITAN.NS …
2026-07-20 06:36:25,449  INFO      [29/107] fetching ULTRACEMCO.NS …
2026-07-20 06:36:26,149  INFO      [30/107] fetching WIPRO.NS …
2026-07-20 06:36:26,832  INFO      [31/107] fetching NESTLEIND.NS …
2026-07-20 06:36:27,455  INFO      [32/107] fetching ADANIENT.NS …
2026-07-20 06:36:28,131  INFO      [33/107] fetching NTPC.NS …
2026-07-20 06:36:28,809  INFO      [34/107] fetching TATAMOTORS.NS …
2026-07-20 06:36:41,927  WARNING   [TATAMOTORS.NS] insufficient history (0 rows)
2026-07-20 06:36:42,328  INFO      [35/107] fetching M&M.NS …
2026-07-20 06:36:43,018  INFO      [36/107] fetching TATASTEEL.NS …
2026-07-20 06:36:43,656  INFO      [37/107] fetching JSWSTEEL.NS …
2026-07-20 06:36:44,283  INFO      [38/107] fetching ONGC.NS …
2026-07-20 06:36:44,937  INFO      [39/107] fetching TECHM.NS …
2026-07-20 06:36:45,575  INFO      [40/107] fetching BAJAJFINSV.NS …
2026-07-20 06:36:46,222  INFO      [41/107] fetching HINDALCO.NS …
2026-07-20 06:36:46,882  INFO      [42/107] fetching GRASIM.NS …
2026-07-20 06:36:47,588  INFO      [43/107] fetching DRREDDY.NS …
2026-07-20 06:36:48,253  INFO      [44/107] fetching CIPLA.NS …
2026-07-20 06:36:48,920  INFO      [45/107] fetching DIVISLAB.NS …
2026-07-20 06:36:49,556  INFO      [46/107] fetching EICHERMOT.NS …
2026-07-20 06:36:50,242  INFO      [47/107] fetching BRITANNIA.NS …
2026-07-20 06:36:50,914  INFO      [48/107] fetching HEROMOTOCO.NS …
2026-07-20 06:36:51,544  INFO      [49/107] fetching BAJAJ-AUTO.NS …
2026-07-20 06:36:52,200  INFO      [50/107] fetching INDUSINDBK.NS …
2026-07-20 06:36:52,845  INFO      [51/107] fetching APOLLOHOSP.NS …
2026-07-20 06:36:53,504  INFO      [52/107] fetching TATACONSUM.NS …
2026-07-20 06:36:54,146  INFO      [53/107] fetching UPL.NS …
2026-07-20 06:36:54,792  INFO      [54/107] fetching BPCL.NS …
2026-07-20 06:36:55,433  INFO      [55/107] fetching SBILIFE.NS …
2026-07-20 06:36:56,043  INFO      [56/107] fetching HDFCLIFE.NS …
2026-07-20 06:36:56,650  INFO      [57/107] fetching ADANIPORTS.NS …
2026-07-20 06:36:57,295  INFO      [58/107] fetching LTIM.NS …
2026-07-20 06:37:09,685  WARNING   [LTIM.NS] insufficient history (0 rows)
2026-07-20 06:37:10,085  INFO      [59/107] fetching ABB.NS …
2026-07-20 06:37:10,768  INFO      [60/107] fetching ADANIGREEN.NS …
2026-07-20 06:37:11,395  INFO      [61/107] fetching ADANIPOWER.NS …
2026-07-20 06:37:12,004  INFO      [62/107] fetching AMBUJACEM.NS …
2026-07-20 06:37:12,633  INFO      [63/107] fetching DMART.NS …
2026-07-20 06:37:13,318  INFO      [64/107] fetching BAJAJHLDNG.NS …
2026-07-20 06:37:13,957  INFO      [65/107] fetching BANKBARODA.NS …
2026-07-20 06:37:14,615  INFO      [66/107] fetching BERGEPAINT.NS …
2026-07-20 06:37:15,244  INFO      [67/107] fetching BOSCHLTD.NS …
2026-07-20 06:37:15,993  INFO      [68/107] fetching CANBK.NS …
2026-07-20 06:37:16,647  INFO      [69/107] fetching CHOLAFIN.NS …
2026-07-20 06:37:17,315  INFO      [70/107] fetching COLPAL.NS …
2026-07-20 06:37:18,069  INFO      [71/107] fetching DABUR.NS …
2026-07-20 06:37:18,723  INFO      [72/107] fetching DLF.NS …
2026-07-20 06:37:19,406  INFO      [73/107] fetching GAIL.NS …
2026-07-20 06:37:20,107  INFO      [74/107] fetching GODREJCP.NS …
2026-07-20 06:37:20,789  INFO      [75/107] fetching HAVELLS.NS …
2026-07-20 06:37:21,426  INFO      [76/107] fetching HAL.NS …
2026-07-20 06:37:22,036  INFO      [77/107] fetching ICICIGI.NS …
2026-07-20 06:37:22,653  INFO      [78/107] fetching ICICIPRULI.NS …
2026-07-20 06:37:23,298  INFO      [79/107] fetching IOC.NS …
2026-07-20 06:37:23,960  INFO      [80/107] fetching IRCTC.NS …
2026-07-20 06:37:24,566  INFO      [81/107] fetching JINDALSTEL.NS …
2026-07-20 06:37:25,240  INFO      [82/107] fetching LICI.NS …
2026-07-20 06:37:25,873  INFO      [83/107] fetching MARICO.NS …
2026-07-20 06:37:26,547  INFO      [84/107] fetching MOTHERSON.NS …
2026-07-20 06:37:27,185  INFO      [85/107] fetching NAUKRI.NS …
2026-07-20 06:37:27,838  INFO      [86/107] fetching PIDILITIND.NS …
2026-07-20 06:37:28,467  INFO      [87/107] fetching PNB.NS …
2026-07-20 06:37:29,132  INFO      [88/107] fetching PFC.NS …
2026-07-20 06:37:29,792  INFO      [89/107] fetching RECLTD.NS …
2026-07-20 06:37:30,444  INFO      [90/107] fetching SIEMENS.NS …
2026-07-20 06:37:31,128  INFO      [91/107] fetching SRF.NS …
2026-07-20 06:37:31,779  INFO      [92/107] fetching SHREECEM.NS …
2026-07-20 06:37:32,446  INFO      [93/107] fetching SHRIRAMFIN.NS …
2026-07-20 06:37:33,124  INFO      [94/107] fetching TORNTPHARM.NS …
2026-07-20 06:37:33,771  INFO      [95/107] fetching TRENT.NS …
2026-07-20 06:37:34,426  INFO      [96/107] fetching TVSMOTOR.NS …
2026-07-20 06:37:35,081  INFO      [97/107] fetching VEDL.NS …
2026-07-20 06:37:35,756  INFO      [98/107] fetching VBL.NS …
2026-07-20 06:37:36,392  INFO      [99/107] fetching ZOMATO.NS …
2026-07-20 06:37:48,887  WARNING   [ZOMATO.NS] insufficient history (0 rows)
2026-07-20 06:37:49,287  INFO      [100/107] fetching ZYDUSLIFE.NS …
2026-07-20 06:37:49,968  INFO      [101/107] fetching INDIGO.NS …
2026-07-20 06:37:50,577  INFO      [102/107] fetching IDEA.NS …
2026-07-20 06:37:51,202  INFO      [103/107] fetching BANKINDIA.NS …
2026-07-20 06:37:51,858  INFO      [104/107] fetching PAGEIND.NS …
2026-07-20 06:37:52,513  INFO      [105/107] fetching MUTHOOTFIN.NS …
2026-07-20 06:37:53,169  INFO      [106/107] fetching TATAELXSI.NS …
2026-07-20 06:37:53,834  INFO      [107/107] fetching LUPIN.NS …
2026-07-20 06:37:54,154  INFO      Fetched 104/107 symbols successfully.
2026-07-20 06:37:56,449  WARNING   [MF 120503] fetch failed: HTTPSConnectionPool(host='api.mfapi.in', port=443): Read timed out. (read timeout=2)
2026-07-20 06:37:58,081  INFO      Fetched 200 headlines from RSS (Indian + global/geopolitics).
2026-07-20 06:38:10,455  INFO      Macro regime: neutral | bias=0 | geo-risk=36.0
2026-07-20 06:38:10,455  INFO      NSE corp announcements: 0 filings
2026-07-20 06:38:12,165  INFO      Angel One login successful.
2026-07-20 06:38:12,748  INFO      Saved report → data/stock_reports/2026-07-20_0638.json
2026-07-20 06:38:13,045  INFO      Report image saved → logs/stock_analyzer/2026-07-20/stock_report.png  [1920×1280]
2026-07-20 06:38:13,045  INFO      Dry-run: skipping send. Image + PDF saved locally; console printed.
2026-07-20 06:38:13,045  INFO      == Stock analyzer run complete ==
2026-07-20 06:38:13,047  INFO      [Note] PAPER TRADING -- virtual cash Rs 100,000, max_positions=6 max_pct=15% buckets=('intraday', 'swing') state=data/paper_trader_state.json
2026-07-20 06:38:13,047  INFO      [Note] PAPER TRADING -- virtual cash Rs 100,000, max_positions=6 max_pct=15% buckets=('intraday', 'swing') state=data/paper_trader_state.json
2026-07-20 06:38:13,048  INFO      paper-trader: new day, archived 5 trades (cumulative ₹-3,535)
2026-07-20 06:38:28,766  INFO      [DRY] Angel order would be: {'variety': 'NORMAL', 'tradingsymbol': 'PNB-EQ', 'symboltoken': '10666', 'transactiontype': 'BUY', 'exchange': 'NSE', 'ordertype': 'MARKET', 'producttype': 'INTRADAY', 'duration': 'DAY', 'price': '0', 'squareoff': '0', 'stoploss': '0', 'quantity': '112'}
2026-07-20 06:38:28,767  INFO      [OPEN] [DRY] PNB.NS qty=112 @ Rs 109.21 SL Rs 106.82 TGT Rs 109.98 (order=None)
2026-07-20 06:38:28,767  INFO      [DRY] Angel order would be: {'variety': 'NORMAL', 'tradingsymbol': 'COLPAL-EQ', 'symboltoken': '15141', 'transactiontype': 'BUY', 'exchange': 'NSE', 'ordertype': 'MARKET', 'producttype': 'INTRADAY', 'duration': 'DAY', 'price': '0', 'squareoff': '0', 'stoploss': '0', 'quantity': '4'}
2026-07-20 06:38:28,767  INFO      [OPEN] [DRY] COLPAL.NS qty=4 @ Rs 2104.10 SL Rs 2059.26 TGT Rs 2104.68 (order=None)
2026-07-20 06:38:28,767  INFO      [DRY] Angel order would be: {'variety': 'NORMAL', 'tradingsymbol': 'JSWSTEEL-EQ', 'symboltoken': '11723', 'transactiontype': 'BUY', 'exchange': 'NSE', 'ordertype': 'MARKET', 'producttype': 'INTRADAY', 'duration': 'DAY', 'price': '0', 'squareoff': '0', 'stoploss': '0', 'quantity': '7'}
2026-07-20 06:38:28,767  INFO      [OPEN] [DRY] JSWSTEEL.NS qty=7 @ Rs 1258.40 SL Rs 1246.24 TGT Rs 1256.48 (order=None)
2026-07-20 06:38:28,767  INFO      [DRY] Angel order would be: {'variety': 'NORMAL', 'tradingsymbol': 'CANBK-EQ', 'symboltoken': '10794', 'transactiontype': 'BUY', 'exchange': 'NSE', 'ordertype': 'MARKET', 'producttype': 'INTRADAY', 'duration': 'DAY', 'price': '0', 'squareoff': '0', 'stoploss': '0', 'quantity': '61'}
2026-07-20 06:38:28,767  INFO      [OPEN] [DRY] CANBK.NS qty=61 @ Rs 127.41 SL Rs 124.87 TGT Rs 131.22 (order=None)
2026-07-20 06:38:28,770  INFO      tick result: {'ok': True, 'actions': 4, 'open_trades': 6, 'closed_today': 0, 'realised_pnl': 0.0, 'cumulative_pnl': -3535.45, 'halted': False, 'messages': ['[OPEN] [DRY] PNB.NS qty=112 @ Rs 109.21 SL Rs 106.82 TGT Rs 109.98 (order=None)', '[OPEN] [DRY] COLPAL.NS qty=4 @ Rs 2104.10 SL Rs 2059.26 TGT Rs 2104.68 (order=None)', '[OPEN] [DRY] JSWSTEEL.NS qty=7 @ Rs 1258.40 SL Rs 1246.24 TGT Rs 1256.48 (order=None)', '[OPEN] [DRY] CANBK.NS qty=61 @ Rs 127.41 SL Rs 124.87 TGT Rs 131.22 (order=None)']}
2026-07-20 06:38:28,770  INFO      tick result: {'ok': True, 'actions': 4, 'open_trades': 6, 'closed_today': 0, 'realised_pnl': 0.0, 'cumulative_pnl': -3535.45, 'halted': False, 'messages': ['[OPEN] [DRY] PNB.NS qty=112 @ Rs 109.21 SL Rs 106.82 TGT Rs 109.98 (order=None)', '[OPEN] [DRY] COLPAL.NS qty=4 @ Rs 2104.10 SL Rs 2059.26 TGT Rs 2104.68 (order=None)', '[OPEN] [DRY] JSWSTEEL.NS qty=7 @ Rs 1258.40 SL Rs 1246.24 TGT Rs 1256.48 (order=None)', '[OPEN] [DRY] CANBK.NS qty=61 @ Rs 127.41 SL Rs 124.87 TGT Rs 131.22 (order=None)']}
