2026-09-16 08:52:31,391  INFO      angel_one starting ... (cmd=paper-trade)
2026-09-16 08:52:31,391  INFO      angel_one starting ... (cmd=paper-trade)
2026-09-16 08:52:31,408  INFO      refresh: generating today's picks via analyzer (dry-run, no PDF)
2026-09-16 08:52:31,408  INFO      refresh: generating today's picks via analyzer (dry-run, no PDF)
2026-09-16 08:52:32,247  INFO      == Stock analyzer run starting ==
2026-09-16 08:52:32,247  INFO      Watchlist: 11 symbols from data/stock_watchlist.txt
2026-09-16 08:52:32,247  INFO      Universe: 107 symbols (total available: 107)
2026-09-16 08:52:32,694  INFO      [1/107] fetching TATAPOWER.NS …
2026-09-16 08:52:33,230  INFO      [2/107] fetching IRFC.NS …
2026-09-16 08:52:33,717  INFO      [3/107] fetching SUZLON.NS …
2026-09-16 08:52:34,198  INFO      [4/107] fetching IREDA.NS …
2026-09-16 08:52:34,684  INFO      [5/107] fetching BHEL.NS …
2026-09-16 08:52:35,182  INFO      [6/107] fetching KPITTECH.NS …
2026-09-16 08:52:35,671  INFO      [7/107] fetching POLYCAB.NS …
2026-09-16 08:52:36,159  INFO      [8/107] fetching PERSISTENT.NS …
2026-09-16 08:52:36,651  INFO      [9/107] fetching ITC.NS …
2026-09-16 08:52:37,201  INFO      [10/107] fetching POWERGRID.NS …
2026-09-16 08:52:37,695  INFO      [11/107] fetching COALINDIA.NS …
2026-09-16 08:52:38,201  INFO      [12/107] fetching RELIANCE.NS …
2026-09-16 08:52:38,711  INFO      [13/107] fetching TCS.NS …
2026-09-16 08:52:39,214  INFO      [14/107] fetching HDFCBANK.NS …
2026-09-16 08:52:39,734  INFO      [15/107] fetching INFY.NS …
2026-09-16 08:52:40,236  INFO      [16/107] fetching ICICIBANK.NS …
2026-09-16 08:52:40,731  INFO      [17/107] fetching HINDUNILVR.NS …
2026-09-16 08:52:41,238  INFO      [18/107] fetching SBIN.NS …
2026-09-16 08:52:41,744  INFO      [19/107] fetching BHARTIARTL.NS …
2026-09-16 08:52:42,240  INFO      [20/107] fetching KOTAKBANK.NS …
2026-09-16 08:52:42,745  INFO      [21/107] fetching LT.NS …
2026-09-16 08:52:43,243  INFO      [22/107] fetching AXISBANK.NS …
2026-09-16 08:52:43,749  INFO      [23/107] fetching BAJFINANCE.NS …
2026-09-16 08:52:44,248  INFO      [24/107] fetching ASIANPAINT.NS …
2026-09-16 08:52:44,754  INFO      [25/107] fetching MARUTI.NS …
2026-09-16 08:52:45,254  INFO      [26/107] fetching HCLTECH.NS …
2026-09-16 08:52:45,757  INFO      [27/107] fetching SUNPHARMA.NS …
2026-09-16 08:52:46,260  INFO      [28/107] fetching TITAN.NS …
2026-09-16 08:52:46,757  INFO      [29/107] fetching ULTRACEMCO.NS …
2026-09-16 08:52:47,308  INFO      [30/107] fetching WIPRO.NS …
2026-09-16 08:52:47,814  INFO      [31/107] fetching NESTLEIND.NS …
2026-09-16 08:52:48,317  INFO      [32/107] fetching ADANIENT.NS …
2026-09-16 08:52:48,817  INFO      [33/107] fetching NTPC.NS …
2026-09-16 08:52:49,320  INFO      [34/107] fetching TATAMOTORS.NS …
2026-09-16 08:52:50,484  WARNING   [TATAMOTORS.NS] insufficient history (0 rows)
2026-09-16 08:52:50,884  INFO      [35/107] fetching M&M.NS …
2026-09-16 08:52:51,391  INFO      [36/107] fetching TATASTEEL.NS …
2026-09-16 08:52:51,894  INFO      [37/107] fetching JSWSTEEL.NS …
2026-09-16 08:52:52,397  INFO      [38/107] fetching ONGC.NS …
2026-09-16 08:52:52,899  INFO      [39/107] fetching TECHM.NS …
2026-09-16 08:52:53,402  INFO      [40/107] fetching BAJAJFINSV.NS …
2026-09-16 08:52:53,896  INFO      [41/107] fetching HINDALCO.NS …
2026-09-16 08:52:54,403  INFO      [42/107] fetching GRASIM.NS …
2026-09-16 08:52:54,899  INFO      [43/107] fetching DRREDDY.NS …
2026-09-16 08:52:55,398  INFO      [44/107] fetching CIPLA.NS …
2026-09-16 08:52:55,904  INFO      [45/107] fetching DIVISLAB.NS …
2026-09-16 08:52:56,417  INFO      [46/107] fetching EICHERMOT.NS …
2026-09-16 08:52:56,920  INFO      [47/107] fetching BRITANNIA.NS …
2026-09-16 08:52:57,425  INFO      [48/107] fetching HEROMOTOCO.NS …
2026-09-16 08:52:57,922  INFO      [49/107] fetching BAJAJ-AUTO.NS …
2026-09-16 08:52:58,418  INFO      [50/107] fetching INDUSINDBK.NS …
2026-09-16 08:52:58,917  INFO      [51/107] fetching APOLLOHOSP.NS …
2026-09-16 08:52:59,411  INFO      [52/107] fetching TATACONSUM.NS …
2026-09-16 08:52:59,911  INFO      [53/107] fetching UPL.NS …
2026-09-16 08:53:00,427  INFO      [54/107] fetching BPCL.NS …
2026-09-16 08:53:00,933  INFO      [55/107] fetching SBILIFE.NS …
2026-09-16 08:53:01,423  INFO      [56/107] fetching HDFCLIFE.NS …
2026-09-16 08:53:01,918  INFO      [57/107] fetching ADANIPORTS.NS …
2026-09-16 08:53:02,414  INFO      [58/107] fetching LTIM.NS …
2026-09-16 08:53:02,967  WARNING   [LTIM.NS] insufficient history (0 rows)
2026-09-16 08:53:03,368  INFO      [59/107] fetching ABB.NS …
2026-09-16 08:53:03,917  INFO      [60/107] fetching ADANIGREEN.NS …
2026-09-16 08:53:04,395  INFO      [61/107] fetching ADANIPOWER.NS …
2026-09-16 08:53:04,879  INFO      [62/107] fetching AMBUJACEM.NS …
2026-09-16 08:53:05,378  INFO      [63/107] fetching DMART.NS …
2026-09-16 08:53:05,865  INFO      [64/107] fetching BAJAJHLDNG.NS …
2026-09-16 08:53:06,372  INFO      [65/107] fetching BANKBARODA.NS …
2026-09-16 08:53:06,874  INFO      [66/107] fetching BERGEPAINT.NS …
2026-09-16 08:53:07,376  INFO      [67/107] fetching BOSCHLTD.NS …
2026-09-16 08:53:07,875  INFO      [68/107] fetching CANBK.NS …
2026-09-16 08:53:08,375  INFO      [69/107] fetching CHOLAFIN.NS …
2026-09-16 08:53:08,944  INFO      [70/107] fetching COLPAL.NS …
2026-09-16 08:53:09,443  INFO      [71/107] fetching DABUR.NS …
2026-09-16 08:53:09,939  INFO      [72/107] fetching DLF.NS …
2026-09-16 08:53:10,437  INFO      [73/107] fetching GAIL.NS …
2026-09-16 08:53:10,940  INFO      [74/107] fetching GODREJCP.NS …
2026-09-16 08:53:11,449  INFO      [75/107] fetching HAVELLS.NS …
2026-09-16 08:53:11,952  INFO      [76/107] fetching HAL.NS …
2026-09-16 08:53:12,443  INFO      [77/107] fetching ICICIGI.NS …
2026-09-16 08:53:12,931  INFO      [78/107] fetching ICICIPRULI.NS …
2026-09-16 08:53:13,418  INFO      [79/107] fetching IOC.NS …
2026-09-16 08:53:13,928  INFO      [80/107] fetching IRCTC.NS …
2026-09-16 08:53:14,416  INFO      [81/107] fetching JINDALSTEL.NS …
2026-09-16 08:53:14,926  INFO      [82/107] fetching LICI.NS …
2026-09-16 08:53:15,407  INFO      [83/107] fetching MARICO.NS …
2026-09-16 08:53:15,923  INFO      [84/107] fetching MOTHERSON.NS …
2026-09-16 08:53:16,423  INFO      [85/107] fetching NAUKRI.NS …
2026-09-16 08:53:16,919  INFO      [86/107] fetching PIDILITIND.NS …
2026-09-16 08:53:17,433  INFO      [87/107] fetching PNB.NS …
2026-09-16 08:53:17,929  INFO      [88/107] fetching PFC.NS …
2026-09-16 08:53:18,425  INFO      [89/107] fetching RECLTD.NS …
2026-09-16 08:53:18,917  INFO      [90/107] fetching SIEMENS.NS …
2026-09-16 08:53:19,417  INFO      [91/107] fetching SRF.NS …
2026-09-16 08:53:19,912  INFO      [92/107] fetching SHREECEM.NS …
2026-09-16 08:53:20,412  INFO      [93/107] fetching SHRIRAMFIN.NS …
2026-09-16 08:53:20,913  INFO      [94/107] fetching TORNTPHARM.NS …
2026-09-16 08:53:21,412  INFO      [95/107] fetching TRENT.NS …
2026-09-16 08:53:21,911  INFO      [96/107] fetching TVSMOTOR.NS …
2026-09-16 08:53:22,410  INFO      [97/107] fetching VEDL.NS …
2026-09-16 08:53:22,919  INFO      [98/107] fetching VBL.NS …
2026-09-16 08:53:23,404  INFO      [99/107] fetching ZOMATO.NS …
2026-09-16 08:53:23,909  WARNING   [ZOMATO.NS] insufficient history (0 rows)
2026-09-16 08:53:24,309  INFO      [100/107] fetching ZYDUSLIFE.NS …
2026-09-16 08:53:24,810  INFO      [101/107] fetching INDIGO.NS …
2026-09-16 08:53:25,300  INFO      [102/107] fetching IDEA.NS …
2026-09-16 08:53:25,785  INFO      [103/107] fetching BANKINDIA.NS …
2026-09-16 08:53:26,286  INFO      [104/107] fetching PAGEIND.NS …
2026-09-16 08:53:26,783  INFO      [105/107] fetching MUTHOOTFIN.NS …
2026-09-16 08:53:27,276  INFO      [106/107] fetching TATAELXSI.NS …
2026-09-16 08:53:27,774  INFO      [107/107] fetching LUPIN.NS …
2026-09-16 08:53:27,871  INFO      Fetched 104/107 symbols successfully.
2026-09-16 08:53:33,071  INFO      Fetched 200 headlines from RSS (Indian + global/geopolitics).
2026-09-16 08:53:36,255  INFO      Macro regime: neutral | bias=-1 | geo-risk=53.3
2026-09-16 08:53:36,536  INFO      NSE corp announcements: 20 filings
2026-09-16 08:53:38,292  INFO      Angel One login successful.
2026-09-16 08:53:39,393  INFO      Saved report → data/stock_reports/2026-09-16_0853.json
2026-09-16 08:53:39,960  INFO      Report image saved → logs/stock_analyzer/2026-09-16/stock_report.png  [1920×1280]
2026-09-16 08:53:39,960  INFO      Dry-run: skipping send. Image + PDF saved locally; console printed.
2026-09-16 08:53:39,961  INFO      == Stock analyzer run complete ==
2026-09-16 08:53:39,965  INFO      [Note] PAPER TRADING -- virtual cash Rs 100,000, max_positions=6 max_pct=15% buckets=('intraday', 'swing') state=data/paper_trader_state.json
2026-09-16 08:53:39,965  INFO      [Note] PAPER TRADING -- virtual cash Rs 100,000, max_positions=6 max_pct=15% buckets=('intraday', 'swing') state=data/paper_trader_state.json
2026-09-16 08:53:39,967  INFO      paper-trader: new day, archived 5 trades (cumulative ₹-4,756)
2026-09-16 08:54:03,910  INFO      [DRY] Angel order would be: {'variety': 'NORMAL', 'tradingsymbol': 'COLPAL-EQ', 'symboltoken': '15141', 'transactiontype': 'BUY', 'exchange': 'NSE', 'ordertype': 'MARKET', 'producttype': 'INTRADAY', 'duration': 'DAY', 'price': '0', 'squareoff': '0', 'stoploss': '0', 'quantity': '7'}
2026-09-16 08:54:03,911  INFO      [OPEN] [DRY] COLPAL.NS qty=7 @ Rs 1877.10 SL Rs 1854.58 TGT Rs 1893.80 (order=None)
2026-09-16 08:54:03,911  INFO      [DRY] Angel order would be: {'variety': 'NORMAL', 'tradingsymbol': 'ADANIPORTS-EQ', 'symboltoken': '15083', 'transactiontype': 'BUY', 'exchange': 'NSE', 'ordertype': 'MARKET', 'producttype': 'INTRADAY', 'duration': 'DAY', 'price': '0', 'squareoff': '0', 'stoploss': '0', 'quantity': '6'}
2026-09-16 08:54:03,911  INFO      [OPEN] [DRY] ADANIPORTS.NS qty=6 @ Rs 1732.00 SL Rs 1694.96 TGT Rs 1782.33 (order=None)
2026-09-16 08:54:03,911  INFO      [DRY] Angel order would be: {'variety': 'NORMAL', 'tradingsymbol': 'HDFCBANK-EQ', 'symboltoken': '1333', 'transactiontype': 'BUY', 'exchange': 'NSE', 'ordertype': 'MARKET', 'producttype': 'INTRADAY', 'duration': 'DAY', 'price': '0', 'squareoff': '0', 'stoploss': '0', 'quantity': '13'}
2026-09-16 08:54:03,911  INFO      [OPEN] [DRY] HDFCBANK.NS qty=13 @ Rs 719.65 SL Rs 711.52 TGT Rs 730.64 (order=None)
2026-09-16 08:54:03,911  INFO      [DRY] Angel order would be: {'variety': 'NORMAL', 'tradingsymbol': 'HDFCLIFE-EQ', 'symboltoken': '467', 'transactiontype': 'BUY', 'exchange': 'NSE', 'ordertype': 'MARKET', 'producttype': 'INTRADAY', 'duration': 'DAY', 'price': '0', 'squareoff': '0', 'stoploss': '0', 'quantity': '15'}
2026-09-16 08:54:03,911  INFO      [OPEN] [DRY] HDFCLIFE.NS qty=15 @ Rs 527.80 SL Rs 516.39 TGT Rs 543.21 (order=None)
2026-09-16 08:54:03,911  INFO      [DRY] Angel order would be: {'variety': 'NORMAL', 'tradingsymbol': 'ADANIPORTS-EQ', 'symboltoken': '15083', 'transactiontype': 'BUY', 'exchange': 'NSE', 'ordertype': 'MARKET', 'producttype': 'INTRADAY', 'duration': 'DAY', 'price': '0', 'squareoff': '0', 'stoploss': '0', 'quantity': '4'}
2026-09-16 08:54:03,911  INFO      [OPEN] [DRY] ADANIPORTS.NS qty=4 @ Rs 1732.00 SL Rs 1664.77 TGT Rs 1883.66 (order=None)
2026-09-16 08:54:03,919  INFO      tick result: {'ok': True, 'actions': 5, 'open_trades': 6, 'closed_today': 0, 'realised_pnl': 0.0, 'cumulative_pnl': -4756.06, 'halted': False, 'messages': ['[OPEN] [DRY] COLPAL.NS qty=7 @ Rs 1877.10 SL Rs 1854.58 TGT Rs 1893.80 (order=None)', '[OPEN] [DRY] ADANIPORTS.NS qty=6 @ Rs 1732.00 SL Rs 1694.96 TGT Rs 1782.33 (order=None)', '[OPEN] [DRY] HDFCBANK.NS qty=13 @ Rs 719.65 SL Rs 711.52 TGT Rs 730.64 (order=None)', '[OPEN] [DRY] HDFCLIFE.NS qty=15 @ Rs 527.80 SL Rs 516.39 TGT Rs 543.21 (order=None)', '[OPEN] [DRY] ADANIPORTS.NS qty=4 @ Rs 1732.00 SL Rs 1664.77 TGT Rs 1883.66 (order=None)']}
2026-09-16 08:54:03,919  INFO      tick result: {'ok': True, 'actions': 5, 'open_trades': 6, 'closed_today': 0, 'realised_pnl': 0.0, 'cumulative_pnl': -4756.06, 'halted': False, 'messages': ['[OPEN] [DRY] COLPAL.NS qty=7 @ Rs 1877.10 SL Rs 1854.58 TGT Rs 1893.80 (order=None)', '[OPEN] [DRY] ADANIPORTS.NS qty=6 @ Rs 1732.00 SL Rs 1694.96 TGT Rs 1782.33 (order=None)', '[OPEN] [DRY] HDFCBANK.NS qty=13 @ Rs 719.65 SL Rs 711.52 TGT Rs 730.64 (order=None)', '[OPEN] [DRY] HDFCLIFE.NS qty=15 @ Rs 527.80 SL Rs 516.39 TGT Rs 543.21 (order=None)', '[OPEN] [DRY] ADANIPORTS.NS qty=4 @ Rs 1732.00 SL Rs 1664.77 TGT Rs 1883.66 (order=None)']}
