2026-09-10 08:26:25,060  INFO      angel_one starting ... (cmd=paper-trade)
2026-09-10 08:26:25,060  INFO      angel_one starting ... (cmd=paper-trade)
2026-09-10 08:26:25,076  INFO      refresh: generating today's picks via analyzer (dry-run, no PDF)
2026-09-10 08:26:25,076  INFO      refresh: generating today's picks via analyzer (dry-run, no PDF)
2026-09-10 08:26:25,700  INFO      == Stock analyzer run starting ==
2026-09-10 08:26:25,700  INFO      Watchlist: 11 symbols from data/stock_watchlist.txt
2026-09-10 08:26:25,700  INFO      Universe: 107 symbols (total available: 107)
2026-09-10 08:26:26,208  INFO      [1/107] fetching TATAPOWER.NS …
2026-09-10 08:26:26,771  INFO      [2/107] fetching IRFC.NS …
2026-09-10 08:26:27,268  INFO      [3/107] fetching SUZLON.NS …
2026-09-10 08:26:27,750  INFO      [4/107] fetching IREDA.NS …
2026-09-10 08:26:28,245  INFO      [5/107] fetching BHEL.NS …
2026-09-10 08:26:28,743  INFO      [6/107] fetching KPITTECH.NS …
2026-09-10 08:26:29,232  INFO      [7/107] fetching POLYCAB.NS …
2026-09-10 08:26:29,721  INFO      [8/107] fetching PERSISTENT.NS …
2026-09-10 08:26:30,217  INFO      [9/107] fetching ITC.NS …
2026-09-10 08:26:30,725  INFO      [10/107] fetching POWERGRID.NS …
2026-09-10 08:26:31,223  INFO      [11/107] fetching COALINDIA.NS …
2026-09-10 08:26:31,724  INFO      [12/107] fetching RELIANCE.NS …
2026-09-10 08:26:32,281  INFO      [13/107] fetching TCS.NS …
2026-09-10 08:26:32,777  INFO      [14/107] fetching HDFCBANK.NS …
2026-09-10 08:26:33,283  INFO      [15/107] fetching INFY.NS …
2026-09-10 08:26:33,786  INFO      [16/107] fetching ICICIBANK.NS …
2026-09-10 08:26:34,287  INFO      [17/107] fetching HINDUNILVR.NS …
2026-09-10 08:26:34,798  INFO      [18/107] fetching SBIN.NS …
2026-09-10 08:26:35,330  INFO      [19/107] fetching BHARTIARTL.NS …
2026-09-10 08:26:35,825  INFO      [20/107] fetching KOTAKBANK.NS …
2026-09-10 08:26:36,331  INFO      [21/107] fetching LT.NS …
2026-09-10 08:26:36,879  INFO      [22/107] fetching AXISBANK.NS …
2026-09-10 08:26:37,385  INFO      [23/107] fetching BAJFINANCE.NS …
2026-09-10 08:26:37,891  INFO      [24/107] fetching ASIANPAINT.NS …
2026-09-10 08:26:38,416  INFO      [25/107] fetching MARUTI.NS …
2026-09-10 08:26:38,919  INFO      [26/107] fetching HCLTECH.NS …
2026-09-10 08:26:39,424  INFO      [27/107] fetching SUNPHARMA.NS …
2026-09-10 08:26:39,934  INFO      [28/107] fetching TITAN.NS …
2026-09-10 08:26:40,435  INFO      [29/107] fetching ULTRACEMCO.NS …
2026-09-10 08:26:40,935  INFO      [30/107] fetching WIPRO.NS …
2026-09-10 08:26:41,448  INFO      [31/107] fetching NESTLEIND.NS …
2026-09-10 08:26:41,957  INFO      [32/107] fetching ADANIENT.NS …
2026-09-10 08:26:42,562  INFO      [33/107] fetching NTPC.NS …
2026-09-10 08:26:43,062  INFO      [34/107] fetching TATAMOTORS.NS …
2026-09-10 08:26:44,104  WARNING   [TATAMOTORS.NS] insufficient history (0 rows)
2026-09-10 08:26:44,504  INFO      [35/107] fetching M&M.NS …
2026-09-10 08:26:45,008  INFO      [36/107] fetching TATASTEEL.NS …
2026-09-10 08:26:45,508  INFO      [37/107] fetching JSWSTEEL.NS …
2026-09-10 08:26:46,016  INFO      [38/107] fetching ONGC.NS …
2026-09-10 08:26:46,525  INFO      [39/107] fetching TECHM.NS …
2026-09-10 08:26:47,071  INFO      [40/107] fetching BAJAJFINSV.NS …
2026-09-10 08:26:47,566  INFO      [41/107] fetching HINDALCO.NS …
2026-09-10 08:26:48,073  INFO      [42/107] fetching GRASIM.NS …
2026-09-10 08:26:48,584  INFO      [43/107] fetching DRREDDY.NS …
2026-09-10 08:26:49,087  INFO      [44/107] fetching CIPLA.NS …
2026-09-10 08:26:49,589  INFO      [45/107] fetching DIVISLAB.NS …
2026-09-10 08:26:50,091  INFO      [46/107] fetching EICHERMOT.NS …
2026-09-10 08:26:50,594  INFO      [47/107] fetching BRITANNIA.NS …
2026-09-10 08:26:51,148  INFO      [48/107] fetching HEROMOTOCO.NS …
2026-09-10 08:26:51,644  INFO      [49/107] fetching BAJAJ-AUTO.NS …
2026-09-10 08:26:52,142  INFO      [50/107] fetching INDUSINDBK.NS …
2026-09-10 08:26:52,644  INFO      [51/107] fetching APOLLOHOSP.NS …
2026-09-10 08:26:53,157  INFO      [52/107] fetching TATACONSUM.NS …
2026-09-10 08:26:53,714  INFO      [53/107] fetching UPL.NS …
2026-09-10 08:26:54,212  INFO      [54/107] fetching BPCL.NS …
2026-09-10 08:26:54,720  INFO      [55/107] fetching SBILIFE.NS …
2026-09-10 08:26:55,224  INFO      [56/107] fetching HDFCLIFE.NS …
2026-09-10 08:26:55,717  INFO      [57/107] fetching ADANIPORTS.NS …
2026-09-10 08:26:56,217  INFO      [58/107] fetching LTIM.NS …
2026-09-10 08:26:56,953  WARNING   [LTIM.NS] insufficient history (0 rows)
2026-09-10 08:26:57,353  INFO      [59/107] fetching ABB.NS …
2026-09-10 08:26:57,867  INFO      [60/107] fetching ADANIGREEN.NS …
2026-09-10 08:26:58,350  INFO      [61/107] fetching ADANIPOWER.NS …
2026-09-10 08:26:58,830  INFO      [62/107] fetching AMBUJACEM.NS …
2026-09-10 08:26:59,339  INFO      [63/107] fetching DMART.NS …
2026-09-10 08:26:59,819  INFO      [64/107] fetching BAJAJHLDNG.NS …
2026-09-10 08:27:00,377  INFO      [65/107] fetching BANKBARODA.NS …
2026-09-10 08:27:00,874  INFO      [66/107] fetching BERGEPAINT.NS …
2026-09-10 08:27:01,370  INFO      [67/107] fetching BOSCHLTD.NS …
2026-09-10 08:27:01,877  INFO      [68/107] fetching CANBK.NS …
2026-09-10 08:27:02,376  INFO      [69/107] fetching CHOLAFIN.NS …
2026-09-10 08:27:02,905  INFO      [70/107] fetching COLPAL.NS …
2026-09-10 08:27:03,400  INFO      [71/107] fetching DABUR.NS …
2026-09-10 08:27:03,905  INFO      [72/107] fetching DLF.NS …
2026-09-10 08:27:04,408  INFO      [73/107] fetching GAIL.NS …
2026-09-10 08:27:04,909  INFO      [74/107] fetching GODREJCP.NS …
2026-09-10 08:27:05,414  INFO      [75/107] fetching HAVELLS.NS …
2026-09-10 08:27:05,928  INFO      [76/107] fetching HAL.NS …
2026-09-10 08:27:06,414  INFO      [77/107] fetching ICICIGI.NS …
2026-09-10 08:27:06,904  INFO      [78/107] fetching ICICIPRULI.NS …
2026-09-10 08:27:07,398  INFO      [79/107] fetching IOC.NS …
2026-09-10 08:27:07,908  INFO      [80/107] fetching IRCTC.NS …
2026-09-10 08:27:08,396  INFO      [81/107] fetching JINDALSTEL.NS …
2026-09-10 08:27:08,905  INFO      [82/107] fetching LICI.NS …
2026-09-10 08:27:09,391  INFO      [83/107] fetching MARICO.NS …
2026-09-10 08:27:09,900  INFO      [84/107] fetching MOTHERSON.NS …
2026-09-10 08:27:10,399  INFO      [85/107] fetching NAUKRI.NS …
2026-09-10 08:27:10,901  INFO      [86/107] fetching PIDILITIND.NS …
2026-09-10 08:27:11,454  INFO      [87/107] fetching PNB.NS …
2026-09-10 08:27:11,951  INFO      [88/107] fetching PFC.NS …
2026-09-10 08:27:12,449  INFO      [89/107] fetching RECLTD.NS …
2026-09-10 08:27:12,952  INFO      [90/107] fetching SIEMENS.NS …
2026-09-10 08:27:13,456  INFO      [91/107] fetching SRF.NS …
2026-09-10 08:27:13,954  INFO      [92/107] fetching SHREECEM.NS …
2026-09-10 08:27:14,461  INFO      [93/107] fetching SHRIRAMFIN.NS …
2026-09-10 08:27:14,961  INFO      [94/107] fetching TORNTPHARM.NS …
2026-09-10 08:27:15,507  INFO      [95/107] fetching TRENT.NS …
2026-09-10 08:27:16,012  INFO      [96/107] fetching TVSMOTOR.NS …
2026-09-10 08:27:16,517  INFO      [97/107] fetching VEDL.NS …
2026-09-10 08:27:17,075  INFO      [98/107] fetching VBL.NS …
2026-09-10 08:27:17,569  INFO      [99/107] fetching ZOMATO.NS …
2026-09-10 08:27:18,146  WARNING   [ZOMATO.NS] insufficient history (0 rows)
2026-09-10 08:27:18,546  INFO      [100/107] fetching ZYDUSLIFE.NS …
2026-09-10 08:27:19,048  INFO      [101/107] fetching INDIGO.NS …
2026-09-10 08:27:19,534  INFO      [102/107] fetching IDEA.NS …
2026-09-10 08:27:20,016  INFO      [103/107] fetching BANKINDIA.NS …
2026-09-10 08:27:20,521  INFO      [104/107] fetching PAGEIND.NS …
2026-09-10 08:27:21,073  INFO      [105/107] fetching MUTHOOTFIN.NS …
2026-09-10 08:27:21,567  INFO      [106/107] fetching TATAELXSI.NS …
2026-09-10 08:27:22,064  INFO      [107/107] fetching LUPIN.NS …
2026-09-10 08:27:22,167  INFO      Fetched 104/107 symbols successfully.
2026-09-10 08:27:27,411  INFO      Fetched 200 headlines from RSS (Indian + global/geopolitics).
2026-09-10 08:27:30,039  INFO      Macro regime: neutral | bias=0 | geo-risk=42.9
2026-09-10 08:27:30,071  INFO      NSE corp announcements: 20 filings
2026-09-10 08:27:31,771  INFO      Angel One login successful.
2026-09-10 08:27:32,874  INFO      Saved report → data/stock_reports/2026-09-10_0827.json
2026-09-10 08:27:33,378  INFO      Report image saved → logs/stock_analyzer/2026-09-10/stock_report.png  [1920×1280]
2026-09-10 08:27:33,379  INFO      Dry-run: skipping send. Image + PDF saved locally; console printed.
2026-09-10 08:27:33,380  INFO      == Stock analyzer run complete ==
2026-09-10 08:27:33,383  INFO      [Note] PAPER TRADING -- virtual cash Rs 100,000, max_positions=6 max_pct=15% buckets=('intraday', 'swing') state=data/paper_trader_state.json
2026-09-10 08:27:33,383  INFO      [Note] PAPER TRADING -- virtual cash Rs 100,000, max_positions=6 max_pct=15% buckets=('intraday', 'swing') state=data/paper_trader_state.json
2026-09-10 08:27:33,384  INFO      paper-trader: new day, archived 4 trades (cumulative ₹-3,922)
2026-09-10 08:28:36,962  INFO      [DRY] Angel order would be: {'variety': 'NORMAL', 'tradingsymbol': 'BHEL-EQ', 'symboltoken': '438', 'transactiontype': 'SELL', 'exchange': 'NSE', 'ordertype': 'MARKET', 'producttype': 'INTRADAY', 'duration': 'DAY', 'price': '0', 'squareoff': '0', 'stoploss': '0', 'quantity': '21'}
2026-09-10 08:28:36,963  INFO      [SL] [DRY] CLOSE BHEL.NS qty=21 @ Rs 430.60 P&L Rs +137 (gross Rs +150, cost Rs 13; trailing-SL hit @ 430.60 (peak 434.95))
2026-09-10 08:28:36,963  INFO      [DRY] Angel order would be: {'variety': 'NORMAL', 'tradingsymbol': 'CHOLAFIN-EQ', 'symboltoken': '685', 'transactiontype': 'BUY', 'exchange': 'NSE', 'ordertype': 'MARKET', 'producttype': 'INTRADAY', 'duration': 'DAY', 'price': '0', 'squareoff': '0', 'stoploss': '0', 'quantity': '6'}
2026-09-10 08:28:36,963  INFO      [OPEN] [DRY] CHOLAFIN.NS qty=6 @ Rs 1858.60 SL Rs 1813.38 TGT Rs 1871.25 (order=None)
2026-09-10 08:28:36,963  INFO      [DRY] Angel order would be: {'variety': 'NORMAL', 'tradingsymbol': 'POWERGRID-EQ', 'symboltoken': '14977', 'transactiontype': 'BUY', 'exchange': 'NSE', 'ordertype': 'MARKET', 'producttype': 'INTRADAY', 'duration': 'DAY', 'price': '0', 'squareoff': '0', 'stoploss': '0', 'quantity': '37'}
2026-09-10 08:28:36,963  INFO      [OPEN] [DRY] POWERGRID.NS qty=37 @ Rs 271.05 SL Rs 266.32 TGT Rs 275.40 (order=None)
2026-09-10 08:28:36,963  INFO      [DRY] Angel order would be: {'variety': 'NORMAL', 'tradingsymbol': 'IDEA-EQ', 'symboltoken': '14366', 'transactiontype': 'BUY', 'exchange': 'NSE', 'ordertype': 'MARKET', 'producttype': 'INTRADAY', 'duration': 'DAY', 'price': '0', 'squareoff': '0', 'stoploss': '0', 'quantity': '590'}
2026-09-10 08:28:36,963  INFO      [OPEN] [DRY] IDEA.NS qty=590 @ Rs 14.87 SL Rs 14.37 TGT Rs 15.34 (order=None)
2026-09-10 08:28:36,963  INFO      [DRY] Angel order would be: {'variety': 'NORMAL', 'tradingsymbol': 'ADANIPORTS-EQ', 'symboltoken': '15083', 'transactiontype': 'BUY', 'exchange': 'NSE', 'ordertype': 'MARKET', 'producttype': 'INTRADAY', 'duration': 'DAY', 'price': '0', 'squareoff': '0', 'stoploss': '0', 'quantity': '4'}
2026-09-10 08:28:36,963  INFO      [OPEN] [DRY] ADANIPORTS.NS qty=4 @ Rs 1765.70 SL Rs 1727.75 TGT Rs 1788.42 (order=None)
2026-09-10 08:28:36,970  INFO      tick result: {'ok': True, 'actions': 5, 'open_trades': 5, 'closed_today': 1, 'realised_pnl': 136.7, 'cumulative_pnl': -3784.91, 'halted': False, 'messages': ['[SL] [DRY] CLOSE BHEL.NS qty=21 @ Rs 430.60 P&L Rs +137 (gross Rs +150, cost Rs 13; trailing-SL hit @ 430.60 (peak 434.95))', '[OPEN] [DRY] CHOLAFIN.NS qty=6 @ Rs 1858.60 SL Rs 1813.38 TGT Rs 1871.25 (order=None)', '[OPEN] [DRY] POWERGRID.NS qty=37 @ Rs 271.05 SL Rs 266.32 TGT Rs 275.40 (order=None)', '[OPEN] [DRY] IDEA.NS qty=590 @ Rs 14.87 SL Rs 14.37 TGT Rs 15.34 (order=None)', '[OPEN] [DRY] ADANIPORTS.NS qty=4 @ Rs 1765.70 SL Rs 1727.75 TGT Rs 1788.42 (order=None)']}
2026-09-10 08:28:36,970  INFO      tick result: {'ok': True, 'actions': 5, 'open_trades': 5, 'closed_today': 1, 'realised_pnl': 136.7, 'cumulative_pnl': -3784.91, 'halted': False, 'messages': ['[SL] [DRY] CLOSE BHEL.NS qty=21 @ Rs 430.60 P&L Rs +137 (gross Rs +150, cost Rs 13; trailing-SL hit @ 430.60 (peak 434.95))', '[OPEN] [DRY] CHOLAFIN.NS qty=6 @ Rs 1858.60 SL Rs 1813.38 TGT Rs 1871.25 (order=None)', '[OPEN] [DRY] POWERGRID.NS qty=37 @ Rs 271.05 SL Rs 266.32 TGT Rs 275.40 (order=None)', '[OPEN] [DRY] IDEA.NS qty=590 @ Rs 14.87 SL Rs 14.37 TGT Rs 15.34 (order=None)', '[OPEN] [DRY] ADANIPORTS.NS qty=4 @ Rs 1765.70 SL Rs 1727.75 TGT Rs 1788.42 (order=None)']}
