2026-07-06 08:06:57,657  INFO      angel_one starting ... (cmd=paper-trade)
2026-07-06 08:06:57,657  INFO      angel_one starting ... (cmd=paper-trade)
2026-07-06 08:06:57,675  INFO      refresh: generating today's picks via analyzer (dry-run, no PDF)
2026-07-06 08:06:57,675  INFO      refresh: generating today's picks via analyzer (dry-run, no PDF)
2026-07-06 08:06:59,208  INFO      == Stock analyzer run starting ==
2026-07-06 08:06:59,208  INFO      Watchlist: 11 symbols from data/stock_watchlist.txt
2026-07-06 08:06:59,208  INFO      Universe: 107 symbols (total available: 107)
2026-07-06 08:06:59,740  INFO      [1/107] fetching TATAPOWER.NS …
2026-07-06 08:07:00,285  INFO      [2/107] fetching IRFC.NS …
2026-07-06 08:07:00,768  INFO      [3/107] fetching SUZLON.NS …
2026-07-06 08:07:01,248  INFO      [4/107] fetching IREDA.NS …
2026-07-06 08:07:01,725  INFO      [5/107] fetching BHEL.NS …
2026-07-06 08:07:02,226  INFO      [6/107] fetching KPITTECH.NS …
2026-07-06 08:07:02,711  INFO      [7/107] fetching POLYCAB.NS …
2026-07-06 08:07:03,196  INFO      [8/107] fetching PERSISTENT.NS …
2026-07-06 08:07:03,743  INFO      [9/107] fetching ITC.NS …
2026-07-06 08:07:04,255  INFO      [10/107] fetching POWERGRID.NS …
2026-07-06 08:07:04,755  INFO      [11/107] fetching COALINDIA.NS …
2026-07-06 08:07:05,245  INFO      [12/107] fetching RELIANCE.NS …
2026-07-06 08:07:05,758  INFO      [13/107] fetching TCS.NS …
2026-07-06 08:07:06,261  INFO      [14/107] fetching HDFCBANK.NS …
2026-07-06 08:07:06,798  INFO      [15/107] fetching INFY.NS …
2026-07-06 08:07:07,307  INFO      [16/107] fetching ICICIBANK.NS …
2026-07-06 08:07:07,809  INFO      [17/107] fetching HINDUNILVR.NS …
2026-07-06 08:07:08,312  INFO      [18/107] fetching SBIN.NS …
2026-07-06 08:07:08,868  INFO      [19/107] fetching BHARTIARTL.NS …
2026-07-06 08:07:09,371  INFO      [20/107] fetching KOTAKBANK.NS …
2026-07-06 08:07:09,880  INFO      [21/107] fetching LT.NS …
2026-07-06 08:07:10,388  INFO      [22/107] fetching AXISBANK.NS …
2026-07-06 08:07:10,898  INFO      [23/107] fetching BAJFINANCE.NS …
2026-07-06 08:07:11,407  INFO      [24/107] fetching ASIANPAINT.NS …
2026-07-06 08:07:11,911  INFO      [25/107] fetching MARUTI.NS …
2026-07-06 08:07:12,415  INFO      [26/107] fetching HCLTECH.NS …
2026-07-06 08:07:12,926  INFO      [27/107] fetching SUNPHARMA.NS …
2026-07-06 08:07:13,435  INFO      [28/107] fetching TITAN.NS …
2026-07-06 08:07:13,946  INFO      [29/107] fetching ULTRACEMCO.NS …
2026-07-06 08:07:14,443  INFO      [30/107] fetching WIPRO.NS …
2026-07-06 08:07:14,962  INFO      [31/107] fetching NESTLEIND.NS …
2026-07-06 08:07:15,465  INFO      [32/107] fetching ADANIENT.NS …
2026-07-06 08:07:15,973  INFO      [33/107] fetching NTPC.NS …
2026-07-06 08:07:16,476  INFO      [34/107] fetching TATAMOTORS.NS …
2026-07-06 08:07:17,492  WARNING   [TATAMOTORS.NS] insufficient history (0 rows)
2026-07-06 08:07:17,893  INFO      [35/107] fetching M&M.NS …
2026-07-06 08:07:18,439  INFO      [36/107] fetching TATASTEEL.NS …
2026-07-06 08:07:18,945  INFO      [37/107] fetching JSWSTEEL.NS …
2026-07-06 08:07:19,450  INFO      [38/107] fetching ONGC.NS …
2026-07-06 08:07:19,972  INFO      [39/107] fetching TECHM.NS …
2026-07-06 08:07:20,470  INFO      [40/107] fetching BAJAJFINSV.NS …
2026-07-06 08:07:20,973  INFO      [41/107] fetching HINDALCO.NS …
2026-07-06 08:07:21,483  INFO      [42/107] fetching GRASIM.NS …
2026-07-06 08:07:21,997  INFO      [43/107] fetching DRREDDY.NS …
2026-07-06 08:07:22,506  INFO      [44/107] fetching CIPLA.NS …
2026-07-06 08:07:23,021  INFO      [45/107] fetching DIVISLAB.NS …
2026-07-06 08:07:23,555  INFO      [46/107] fetching EICHERMOT.NS …
2026-07-06 08:07:24,059  INFO      [47/107] fetching BRITANNIA.NS …
2026-07-06 08:07:24,579  INFO      [48/107] fetching HEROMOTOCO.NS …
2026-07-06 08:07:25,114  INFO      [49/107] fetching BAJAJ-AUTO.NS …
2026-07-06 08:07:25,613  INFO      [50/107] fetching INDUSINDBK.NS …
2026-07-06 08:07:26,124  INFO      [51/107] fetching APOLLOHOSP.NS …
2026-07-06 08:07:26,628  INFO      [52/107] fetching TATACONSUM.NS …
2026-07-06 08:07:27,159  INFO      [53/107] fetching UPL.NS …
2026-07-06 08:07:27,663  INFO      [54/107] fetching BPCL.NS …
2026-07-06 08:07:28,175  INFO      [55/107] fetching SBILIFE.NS …
2026-07-06 08:07:28,657  INFO      [56/107] fetching HDFCLIFE.NS …
2026-07-06 08:07:29,144  INFO      [57/107] fetching ADANIPORTS.NS …
2026-07-06 08:07:29,644  INFO      [58/107] fetching LTIM.NS …
2026-07-06 08:07:30,160  WARNING   [LTIM.NS] insufficient history (0 rows)
2026-07-06 08:07:30,560  INFO      [59/107] fetching ABB.NS …
2026-07-06 08:07:31,070  INFO      [60/107] fetching ADANIGREEN.NS …
2026-07-06 08:07:31,549  INFO      [61/107] fetching ADANIPOWER.NS …
2026-07-06 08:07:32,022  INFO      [62/107] fetching AMBUJACEM.NS …
2026-07-06 08:07:32,522  INFO      [63/107] fetching DMART.NS …
2026-07-06 08:07:32,997  INFO      [64/107] fetching BAJAJHLDNG.NS …
2026-07-06 08:07:33,501  INFO      [65/107] fetching BANKBARODA.NS …
2026-07-06 08:07:34,045  INFO      [66/107] fetching BERGEPAINT.NS …
2026-07-06 08:07:34,547  INFO      [67/107] fetching BOSCHLTD.NS …
2026-07-06 08:07:35,074  INFO      [68/107] fetching CANBK.NS …
2026-07-06 08:07:35,576  INFO      [69/107] fetching CHOLAFIN.NS …
2026-07-06 08:07:36,087  INFO      [70/107] fetching COLPAL.NS …
2026-07-06 08:07:36,589  INFO      [71/107] fetching DABUR.NS …
2026-07-06 08:07:37,105  INFO      [72/107] fetching DLF.NS …
2026-07-06 08:07:37,601  INFO      [73/107] fetching GAIL.NS …
2026-07-06 08:07:38,122  INFO      [74/107] fetching GODREJCP.NS …
2026-07-06 08:07:38,625  INFO      [75/107] fetching HAVELLS.NS …
2026-07-06 08:07:39,131  INFO      [76/107] fetching HAL.NS …
2026-07-06 08:07:39,616  INFO      [77/107] fetching ICICIGI.NS …
2026-07-06 08:07:40,113  INFO      [78/107] fetching ICICIPRULI.NS …
2026-07-06 08:07:40,599  INFO      [79/107] fetching IOC.NS …
2026-07-06 08:07:41,107  INFO      [80/107] fetching IRCTC.NS …
2026-07-06 08:07:41,593  INFO      [81/107] fetching JINDALSTEL.NS …
2026-07-06 08:07:42,097  INFO      [82/107] fetching LICI.NS …
2026-07-06 08:07:42,577  INFO      [83/107] fetching MARICO.NS …
2026-07-06 08:07:43,088  INFO      [84/107] fetching MOTHERSON.NS …
2026-07-06 08:07:43,591  INFO      [85/107] fetching NAUKRI.NS …
2026-07-06 08:07:44,140  INFO      [86/107] fetching PIDILITIND.NS …
2026-07-06 08:07:44,645  INFO      [87/107] fetching PNB.NS …
2026-07-06 08:07:45,151  INFO      [88/107] fetching PFC.NS …
2026-07-06 08:07:45,651  INFO      [89/107] fetching RECLTD.NS …
2026-07-06 08:07:46,149  INFO      [90/107] fetching SIEMENS.NS …
2026-07-06 08:07:46,669  INFO      [91/107] fetching SRF.NS …
2026-07-06 08:07:47,173  INFO      [92/107] fetching SHREECEM.NS …
2026-07-06 08:07:47,671  INFO      [93/107] fetching SHRIRAMFIN.NS …
2026-07-06 08:07:48,185  INFO      [94/107] fetching TORNTPHARM.NS …
2026-07-06 08:07:48,705  INFO      [95/107] fetching TRENT.NS …
2026-07-06 08:07:49,235  INFO      [96/107] fetching TVSMOTOR.NS …
2026-07-06 08:07:49,743  INFO      [97/107] fetching VEDL.NS …
2026-07-06 08:07:50,259  INFO      [98/107] fetching VBL.NS …
2026-07-06 08:07:50,751  INFO      [99/107] fetching ZOMATO.NS …
2026-07-06 08:07:51,494  WARNING   [ZOMATO.NS] insufficient history (0 rows)
2026-07-06 08:07:51,894  INFO      [100/107] fetching ZYDUSLIFE.NS …
2026-07-06 08:07:52,399  INFO      [101/107] fetching INDIGO.NS …
2026-07-06 08:07:52,893  INFO      [102/107] fetching IDEA.NS …
2026-07-06 08:07:53,383  INFO      [103/107] fetching BANKINDIA.NS …
2026-07-06 08:07:53,898  INFO      [104/107] fetching PAGEIND.NS …
2026-07-06 08:07:54,399  INFO      [105/107] fetching MUTHOOTFIN.NS …
2026-07-06 08:07:54,896  INFO      [106/107] fetching TATAELXSI.NS …
2026-07-06 08:07:55,396  INFO      [107/107] fetching LUPIN.NS …
2026-07-06 08:07:55,505  INFO      Fetched 104/107 symbols successfully.
2026-07-06 08:07:57,814  WARNING   [MF 120503] fetch failed: HTTPSConnectionPool(host='api.mfapi.in', port=443): Read timed out. (read timeout=2)
2026-07-06 08:07:58,355  INFO      Fetched 200 headlines from RSS (Indian + global/geopolitics).
2026-07-06 08:08:01,493  INFO      Macro regime: risk-on | bias=2 | geo-risk=45.7
2026-07-06 08:08:01,539  INFO      NSE corp announcements: 20 filings
2026-07-06 08:08:03,735  INFO      Angel One login successful.
2026-07-06 08:08:04,859  INFO      Saved report → data/stock_reports/2026-07-06_0808.json
2026-07-06 08:08:05,436  INFO      Report image saved → logs/stock_analyzer/2026-07-06/stock_report.png  [1920×1280]
2026-07-06 08:08:05,437  INFO      Dry-run: skipping send. Image + PDF saved locally; console printed.
2026-07-06 08:08:05,438  INFO      == Stock analyzer run complete ==
2026-07-06 08:08:05,440  INFO      [Note] PAPER TRADING -- virtual cash Rs 100,000, max_positions=6 max_pct=15% buckets=('intraday', 'swing') state=data/paper_trader_state.json
2026-07-06 08:08:05,440  INFO      [Note] PAPER TRADING -- virtual cash Rs 100,000, max_positions=6 max_pct=15% buckets=('intraday', 'swing') state=data/paper_trader_state.json
2026-07-06 08:08:05,441  INFO      paper-trader: new day, archived 4 trades (cumulative ₹-1,827)
2026-07-06 08:08:20,114  INFO      [DRY] Angel order would be: {'variety': 'NORMAL', 'tradingsymbol': 'GODREJCP-EQ', 'symboltoken': '10099', 'transactiontype': 'BUY', 'exchange': 'NSE', 'ordertype': 'MARKET', 'producttype': 'INTRADAY', 'duration': 'DAY', 'price': '0', 'squareoff': '0', 'stoploss': '0', 'quantity': '11'}
2026-07-06 08:08:20,115  INFO      [OPEN] [DRY] GODREJCP.NS qty=11 @ Rs 1107.30 SL Rs 1081.47 TGT Rs 1119.76 (order=None)
2026-07-06 08:08:20,115  INFO      [DRY] Angel order would be: {'variety': 'NORMAL', 'tradingsymbol': 'INDUSINDBK-EQ', 'symboltoken': '5258', 'transactiontype': 'BUY', 'exchange': 'NSE', 'ordertype': 'MARKET', 'producttype': 'INTRADAY', 'duration': 'DAY', 'price': '0', 'squareoff': '0', 'stoploss': '0', 'quantity': '11'}
2026-07-06 08:08:20,115  INFO      [OPEN] [DRY] INDUSINDBK.NS qty=11 @ Rs 1001.20 SL Rs 976.75 TGT Rs 1048.43 (order=None)
2026-07-06 08:08:20,115  INFO      [DRY] Angel order would be: {'variety': 'NORMAL', 'tradingsymbol': 'CHOLAFIN-EQ', 'symboltoken': '685', 'transactiontype': 'BUY', 'exchange': 'NSE', 'ordertype': 'MARKET', 'producttype': 'INTRADAY', 'duration': 'DAY', 'price': '0', 'squareoff': '0', 'stoploss': '0', 'quantity': '5'}
2026-07-06 08:08:20,115  INFO      [OPEN] [DRY] CHOLAFIN.NS qty=5 @ Rs 1834.30 SL Rs 1789.47 TGT Rs 1921.43 (order=None)
2026-07-06 08:08:20,115  INFO      [DRY] Angel order would be: {'variety': 'NORMAL', 'tradingsymbol': 'MUTHOOTFIN-EQ', 'symboltoken': '23650', 'transactiontype': 'BUY', 'exchange': 'NSE', 'ordertype': 'MARKET', 'producttype': 'INTRADAY', 'duration': 'DAY', 'price': '0', 'squareoff': '0', 'stoploss': '0', 'quantity': '2'}
2026-07-06 08:08:20,115  INFO      [OPEN] [DRY] MUTHOOTFIN.NS qty=2 @ Rs 3123.40 SL Rs 3029.16 TGT Rs 3207.57 (order=None)
2026-07-06 08:08:20,119  INFO      tick result: {'ok': True, 'actions': 4, 'open_trades': 6, 'closed_today': 0, 'realised_pnl': 0.0, 'cumulative_pnl': -1827.33, 'halted': False, 'messages': ['[OPEN] [DRY] GODREJCP.NS qty=11 @ Rs 1107.30 SL Rs 1081.47 TGT Rs 1119.76 (order=None)', '[OPEN] [DRY] INDUSINDBK.NS qty=11 @ Rs 1001.20 SL Rs 976.75 TGT Rs 1048.43 (order=None)', '[OPEN] [DRY] CHOLAFIN.NS qty=5 @ Rs 1834.30 SL Rs 1789.47 TGT Rs 1921.43 (order=None)', '[OPEN] [DRY] MUTHOOTFIN.NS qty=2 @ Rs 3123.40 SL Rs 3029.16 TGT Rs 3207.57 (order=None)']}
2026-07-06 08:08:20,119  INFO      tick result: {'ok': True, 'actions': 4, 'open_trades': 6, 'closed_today': 0, 'realised_pnl': 0.0, 'cumulative_pnl': -1827.33, 'halted': False, 'messages': ['[OPEN] [DRY] GODREJCP.NS qty=11 @ Rs 1107.30 SL Rs 1081.47 TGT Rs 1119.76 (order=None)', '[OPEN] [DRY] INDUSINDBK.NS qty=11 @ Rs 1001.20 SL Rs 976.75 TGT Rs 1048.43 (order=None)', '[OPEN] [DRY] CHOLAFIN.NS qty=5 @ Rs 1834.30 SL Rs 1789.47 TGT Rs 1921.43 (order=None)', '[OPEN] [DRY] MUTHOOTFIN.NS qty=2 @ Rs 3123.40 SL Rs 3029.16 TGT Rs 3207.57 (order=None)']}
