2026-06-04 08:10:15,527  INFO      angel_one starting ... (cmd=paper-trade)
2026-06-04 08:10:15,527  INFO      angel_one starting ... (cmd=paper-trade)
2026-06-04 08:10:15,544  INFO      refresh: generating today's picks via analyzer (dry-run, no PDF)
2026-06-04 08:10:15,544  INFO      refresh: generating today's picks via analyzer (dry-run, no PDF)
2026-06-04 08:10:16,252  INFO      == Stock analyzer run starting ==
2026-06-04 08:10:16,252  INFO      Watchlist: 11 symbols from data/stock_watchlist.txt
2026-06-04 08:10:16,252  INFO      Universe: 107 symbols (total available: 107)
2026-06-04 08:10:16,933  INFO      [1/107] fetching TATAPOWER.NS …
2026-06-04 08:10:17,495  INFO      [2/107] fetching IRFC.NS …
2026-06-04 08:10:17,970  INFO      [3/107] fetching SUZLON.NS …
2026-06-04 08:10:18,447  INFO      [4/107] fetching IREDA.NS …
2026-06-04 08:10:18,924  INFO      [5/107] fetching BHEL.NS …
2026-06-04 08:10:19,425  INFO      [6/107] fetching KPITTECH.NS …
2026-06-04 08:10:19,929  INFO      [7/107] fetching POLYCAB.NS …
2026-06-04 08:10:20,412  INFO      [8/107] fetching PERSISTENT.NS …
2026-06-04 08:10:20,900  INFO      [9/107] fetching ITC.NS …
2026-06-04 08:10:21,429  INFO      [10/107] fetching POWERGRID.NS …
2026-06-04 08:10:21,921  INFO      [11/107] fetching COALINDIA.NS …
2026-06-04 08:10:22,461  INFO      [12/107] fetching RELIANCE.NS …
2026-06-04 08:10:22,969  INFO      [13/107] fetching TCS.NS …
2026-06-04 08:10:23,469  INFO      [14/107] fetching HDFCBANK.NS …
2026-06-04 08:10:23,979  INFO      [15/107] fetching INFY.NS …
2026-06-04 08:10:24,484  INFO      [16/107] fetching ICICIBANK.NS …
2026-06-04 08:10:24,986  INFO      [17/107] fetching HINDUNILVR.NS …
2026-06-04 08:10:25,509  INFO      [18/107] fetching SBIN.NS …
2026-06-04 08:10:26,024  INFO      [19/107] fetching BHARTIARTL.NS …
2026-06-04 08:10:26,514  INFO      [20/107] fetching KOTAKBANK.NS …
2026-06-04 08:10:27,018  INFO      [21/107] fetching LT.NS …
2026-06-04 08:10:27,518  INFO      [22/107] fetching AXISBANK.NS …
2026-06-04 08:10:28,053  INFO      [23/107] fetching BAJFINANCE.NS …
2026-06-04 08:10:28,562  INFO      [24/107] fetching ASIANPAINT.NS …
2026-06-04 08:10:29,113  INFO      [25/107] fetching MARUTI.NS …
2026-06-04 08:10:29,611  INFO      [26/107] fetching HCLTECH.NS …
2026-06-04 08:10:30,116  INFO      [27/107] fetching SUNPHARMA.NS …
2026-06-04 08:10:30,623  INFO      [28/107] fetching TITAN.NS …
2026-06-04 08:10:31,121  INFO      [29/107] fetching ULTRACEMCO.NS …
2026-06-04 08:10:31,611  INFO      [30/107] fetching WIPRO.NS …
2026-06-04 08:10:32,122  INFO      [31/107] fetching NESTLEIND.NS …
2026-06-04 08:10:32,616  INFO      [32/107] fetching ADANIENT.NS …
2026-06-04 08:10:33,118  INFO      [33/107] fetching NTPC.NS …
2026-06-04 08:10:33,615  INFO      [34/107] fetching TATAMOTORS.NS …
2026-06-04 08:10:34,691  WARNING   [TATAMOTORS.NS] insufficient history (0 rows)
2026-06-04 08:10:35,091  INFO      [35/107] fetching M&M.NS …
2026-06-04 08:10:35,593  INFO      [36/107] fetching TATASTEEL.NS …
2026-06-04 08:10:36,095  INFO      [37/107] fetching JSWSTEEL.NS …
2026-06-04 08:10:36,593  INFO      [38/107] fetching ONGC.NS …
2026-06-04 08:10:37,097  INFO      [39/107] fetching TECHM.NS …
2026-06-04 08:10:37,587  INFO      [40/107] fetching BAJAJFINSV.NS …
2026-06-04 08:10:38,083  INFO      [41/107] fetching HINDALCO.NS …
2026-06-04 08:10:38,589  INFO      [42/107] fetching GRASIM.NS …
2026-06-04 08:10:39,093  INFO      [43/107] fetching DRREDDY.NS …
2026-06-04 08:10:39,589  INFO      [44/107] fetching CIPLA.NS …
2026-06-04 08:10:40,116  INFO      [45/107] fetching DIVISLAB.NS …
2026-06-04 08:10:40,619  INFO      [46/107] fetching EICHERMOT.NS …
2026-06-04 08:10:41,132  INFO      [47/107] fetching BRITANNIA.NS …
2026-06-04 08:10:41,642  INFO      [48/107] fetching HEROMOTOCO.NS …
2026-06-04 08:10:42,186  INFO      [49/107] fetching BAJAJ-AUTO.NS …
2026-06-04 08:10:42,677  INFO      [50/107] fetching INDUSINDBK.NS …
2026-06-04 08:10:43,183  INFO      [51/107] fetching APOLLOHOSP.NS …
2026-06-04 08:10:43,695  INFO      [52/107] fetching TATACONSUM.NS …
2026-06-04 08:10:44,208  INFO      [53/107] fetching UPL.NS …
2026-06-04 08:10:44,712  INFO      [54/107] fetching BPCL.NS …
2026-06-04 08:10:45,218  INFO      [55/107] fetching SBILIFE.NS …
2026-06-04 08:10:45,705  INFO      [56/107] fetching HDFCLIFE.NS …
2026-06-04 08:10:46,191  INFO      [57/107] fetching ADANIPORTS.NS …
2026-06-04 08:10:46,684  INFO      [58/107] fetching LTIM.NS …
2026-06-04 08:10:47,399  WARNING   [LTIM.NS] insufficient history (0 rows)
2026-06-04 08:10:47,800  INFO      [59/107] fetching ABB.NS …
2026-06-04 08:10:48,295  INFO      [60/107] fetching ADANIGREEN.NS …
2026-06-04 08:10:48,768  INFO      [61/107] fetching ADANIPOWER.NS …
2026-06-04 08:10:49,242  INFO      [62/107] fetching AMBUJACEM.NS …
2026-06-04 08:10:49,748  INFO      [63/107] fetching DMART.NS …
2026-06-04 08:10:50,249  INFO      [64/107] fetching BAJAJHLDNG.NS …
2026-06-04 08:10:50,751  INFO      [65/107] fetching BANKBARODA.NS …
2026-06-04 08:10:51,254  INFO      [66/107] fetching BERGEPAINT.NS …
2026-06-04 08:10:51,754  INFO      [67/107] fetching BOSCHLTD.NS …
2026-06-04 08:10:52,247  INFO      [68/107] fetching CANBK.NS …
2026-06-04 08:10:52,742  INFO      [69/107] fetching CHOLAFIN.NS …
2026-06-04 08:10:53,245  INFO      [70/107] fetching COLPAL.NS …
2026-06-04 08:10:53,738  INFO      [71/107] fetching DABUR.NS …
2026-06-04 08:10:54,241  INFO      [72/107] fetching DLF.NS …
2026-06-04 08:10:54,733  INFO      [73/107] fetching GAIL.NS …
2026-06-04 08:10:55,277  INFO      [74/107] fetching GODREJCP.NS …
2026-06-04 08:10:55,812  INFO      [75/107] fetching HAVELLS.NS …
2026-06-04 08:10:56,327  INFO      [76/107] fetching HAL.NS …
2026-06-04 08:10:56,807  INFO      [77/107] fetching ICICIGI.NS …
2026-06-04 08:10:57,291  INFO      [78/107] fetching ICICIPRULI.NS …
2026-06-04 08:10:57,811  INFO      [79/107] fetching IOC.NS …
2026-06-04 08:10:58,355  INFO      [80/107] fetching IRCTC.NS …
2026-06-04 08:10:58,836  INFO      [81/107] fetching JINDALSTEL.NS …
2026-06-04 08:10:59,337  INFO      [82/107] fetching LICI.NS …
2026-06-04 08:10:59,815  INFO      [83/107] fetching MARICO.NS …
2026-06-04 08:11:00,329  INFO      [84/107] fetching MOTHERSON.NS …
2026-06-04 08:11:00,872  INFO      [85/107] fetching NAUKRI.NS …
2026-06-04 08:11:01,372  INFO      [86/107] fetching PIDILITIND.NS …
2026-06-04 08:11:01,885  INFO      [87/107] fetching PNB.NS …
2026-06-04 08:11:02,384  INFO      [88/107] fetching PFC.NS …
2026-06-04 08:11:02,910  INFO      [89/107] fetching RECLTD.NS …
2026-06-04 08:11:03,407  INFO      [90/107] fetching SIEMENS.NS …
2026-06-04 08:11:03,905  INFO      [91/107] fetching SRF.NS …
2026-06-04 08:11:04,404  INFO      [92/107] fetching SHREECEM.NS …
2026-06-04 08:11:04,911  INFO      [93/107] fetching SHRIRAMFIN.NS …
2026-06-04 08:11:05,426  INFO      [94/107] fetching TORNTPHARM.NS …
2026-06-04 08:11:05,924  INFO      [95/107] fetching TRENT.NS …
2026-06-04 08:11:06,428  INFO      [96/107] fetching TVSMOTOR.NS …
2026-06-04 08:11:06,929  INFO      [97/107] fetching VEDL.NS …
2026-06-04 08:11:07,442  INFO      [98/107] fetching VBL.NS …
2026-06-04 08:11:07,922  INFO      [99/107] fetching ZOMATO.NS …
2026-06-04 08:11:08,449  WARNING   [ZOMATO.NS] insufficient history (0 rows)
2026-06-04 08:11:08,849  INFO      [100/107] fetching ZYDUSLIFE.NS …
2026-06-04 08:11:09,360  INFO      [101/107] fetching INDIGO.NS …
2026-06-04 08:11:09,842  INFO      [102/107] fetching IDEA.NS …
2026-06-04 08:11:10,322  INFO      [103/107] fetching BANKINDIA.NS …
2026-06-04 08:11:10,830  INFO      [104/107] fetching PAGEIND.NS …
2026-06-04 08:11:11,336  INFO      [105/107] fetching MUTHOOTFIN.NS …
2026-06-04 08:11:11,826  INFO      [106/107] fetching TATAELXSI.NS …
2026-06-04 08:11:12,331  INFO      [107/107] fetching LUPIN.NS …
2026-06-04 08:11:12,439  INFO      Fetched 104/107 symbols successfully.
2026-06-04 08:11:14,698  WARNING   [MF 120503] fetch failed: HTTPSConnectionPool(host='api.mfapi.in', port=443): Read timed out. (read timeout=2)
2026-06-04 08:11:14,994  INFO      Fetched 200 headlines from RSS (Indian + global/geopolitics).
2026-06-04 08:11:20,065  INFO      Macro regime: neutral | bias=-1 | geo-risk=48.6
2026-06-04 08:11:20,340  INFO      NSE corp announcements: 20 filings
2026-06-04 08:11:21,861  INFO      Angel One login successful.
2026-06-04 08:11:22,968  INFO      Saved report → data/stock_reports/2026-06-04_0811.json
2026-06-04 08:11:23,453  INFO      Report image saved → logs/stock_analyzer/2026-06-04/stock_report.png  [1920×1280]
2026-06-04 08:11:23,454  INFO      Dry-run: skipping send. Image + PDF saved locally; console printed.
2026-06-04 08:11:23,455  INFO      == Stock analyzer run complete ==
2026-06-04 08:11:23,457  INFO      [Note] PAPER TRADING -- virtual cash Rs 100,000, max_positions=6 max_pct=15% buckets=('intraday', 'swing') state=data/paper_trader_state.json
2026-06-04 08:11:23,457  INFO      [Note] PAPER TRADING -- virtual cash Rs 100,000, max_positions=6 max_pct=15% buckets=('intraday', 'swing') state=data/paper_trader_state.json
2026-06-04 08:11:23,458  INFO      paper-trader: new day, archived 5 trades (cumulative ₹-332)
2026-06-04 08:11:35,896  INFO      [DRY] Angel order would be: {'variety': 'NORMAL', 'tradingsymbol': 'TITAN-EQ', 'symboltoken': '3506', 'transactiontype': 'BUY', 'exchange': 'NSE', 'ordertype': 'MARKET', 'producttype': 'INTRADAY', 'duration': 'DAY', 'price': '0', 'squareoff': '0', 'stoploss': '0', 'quantity': '3'}
2026-06-04 08:11:35,896  INFO      [OPEN] [DRY] TITAN.NS qty=3 @ Rs 4212.10 SL Rs 4111.30 TGT Rs 4477.05 (order=None)
2026-06-04 08:11:35,896  INFO      [DRY] Angel order would be: {'variety': 'NORMAL', 'tradingsymbol': 'IRCTC-EQ', 'symboltoken': '13611', 'transactiontype': 'BUY', 'exchange': 'NSE', 'ordertype': 'MARKET', 'producttype': 'INTRADAY', 'duration': 'DAY', 'price': '0', 'squareoff': '0', 'stoploss': '0', 'quantity': '20'}
2026-06-04 08:11:35,897  INFO      [OPEN] [DRY] IRCTC.NS qty=20 @ Rs 526.75 SL Rs 523.07 TGT Rs 542.81 (order=None)
2026-06-04 08:11:35,897  INFO      [DRY] Angel order would be: {'variety': 'NORMAL', 'tradingsymbol': 'BANKBARODA-EQ', 'symboltoken': '4668', 'transactiontype': 'BUY', 'exchange': 'NSE', 'ordertype': 'MARKET', 'producttype': 'INTRADAY', 'duration': 'DAY', 'price': '0', 'squareoff': '0', 'stoploss': '0', 'quantity': '35'}
2026-06-04 08:11:35,897  INFO      [OPEN] [DRY] BANKBARODA.NS qty=35 @ Rs 269.95 SL Rs 265.37 TGT Rs 269.71 (order=None)
2026-06-04 08:11:35,897  INFO      [DRY] Angel order would be: {'variety': 'NORMAL', 'tradingsymbol': 'COALINDIA-EQ', 'symboltoken': '20374', 'transactiontype': 'BUY', 'exchange': 'NSE', 'ordertype': 'MARKET', 'producttype': 'INTRADAY', 'duration': 'DAY', 'price': '0', 'squareoff': '0', 'stoploss': '0', 'quantity': '16'}
2026-06-04 08:11:35,897  INFO      [OPEN] [DRY] COALINDIA.NS qty=16 @ Rs 481.80 SL Rs 468.59 TGT Rs 490.27 (order=None)
2026-06-04 08:11:35,900  INFO      tick result: {'ok': True, 'actions': 4, 'open_trades': 6, 'closed_today': 0, 'realised_pnl': 0.0, 'cumulative_pnl': -332.19, 'halted': False, 'messages': ['[OPEN] [DRY] TITAN.NS qty=3 @ Rs 4212.10 SL Rs 4111.30 TGT Rs 4477.05 (order=None)', '[OPEN] [DRY] IRCTC.NS qty=20 @ Rs 526.75 SL Rs 523.07 TGT Rs 542.81 (order=None)', '[OPEN] [DRY] BANKBARODA.NS qty=35 @ Rs 269.95 SL Rs 265.37 TGT Rs 269.71 (order=None)', '[OPEN] [DRY] COALINDIA.NS qty=16 @ Rs 481.80 SL Rs 468.59 TGT Rs 490.27 (order=None)']}
2026-06-04 08:11:35,900  INFO      tick result: {'ok': True, 'actions': 4, 'open_trades': 6, 'closed_today': 0, 'realised_pnl': 0.0, 'cumulative_pnl': -332.19, 'halted': False, 'messages': ['[OPEN] [DRY] TITAN.NS qty=3 @ Rs 4212.10 SL Rs 4111.30 TGT Rs 4477.05 (order=None)', '[OPEN] [DRY] IRCTC.NS qty=20 @ Rs 526.75 SL Rs 523.07 TGT Rs 542.81 (order=None)', '[OPEN] [DRY] BANKBARODA.NS qty=35 @ Rs 269.95 SL Rs 265.37 TGT Rs 269.71 (order=None)', '[OPEN] [DRY] COALINDIA.NS qty=16 @ Rs 481.80 SL Rs 468.59 TGT Rs 490.27 (order=None)']}
