2026-09-28 10:13:07,688  INFO      angel_one starting ... (cmd=paper-trade)
2026-09-28 10:13:07,688  INFO      angel_one starting ... (cmd=paper-trade)
2026-09-28 10:13:07,705  INFO      refresh: generating today's picks via analyzer (dry-run, no PDF)
2026-09-28 10:13:07,705  INFO      refresh: generating today's picks via analyzer (dry-run, no PDF)
2026-09-28 10:13:08,348  INFO      == Stock analyzer run starting ==
2026-09-28 10:13:08,348  INFO      Watchlist: 11 symbols from data/stock_watchlist.txt
2026-09-28 10:13:08,349  INFO      Universe: 107 symbols (total available: 107)
2026-09-28 10:13:09,141  INFO      [1/107] fetching TATAPOWER.NS …
2026-09-28 10:13:09,801  INFO      [2/107] fetching IRFC.NS …
2026-09-28 10:13:10,340  INFO      [3/107] fetching SUZLON.NS …
2026-09-28 10:13:10,876  INFO      [4/107] fetching IREDA.NS …
2026-09-28 10:13:11,409  INFO      [5/107] fetching BHEL.NS …
2026-09-28 10:13:11,964  INFO      [6/107] fetching KPITTECH.NS …
2026-09-28 10:13:12,503  INFO      [7/107] fetching POLYCAB.NS …
2026-09-28 10:13:13,042  INFO      [8/107] fetching PERSISTENT.NS …
2026-09-28 10:13:13,593  INFO      [9/107] fetching ITC.NS …
2026-09-28 10:13:14,150  INFO      [10/107] fetching POWERGRID.NS …
2026-09-28 10:13:14,696  INFO      [11/107] fetching COALINDIA.NS …
2026-09-28 10:13:15,248  INFO      [12/107] fetching RELIANCE.NS …
2026-09-28 10:13:15,802  INFO      [13/107] fetching TCS.NS …
2026-09-28 10:13:16,352  INFO      [14/107] fetching HDFCBANK.NS …
2026-09-28 10:13:16,903  INFO      [15/107] fetching INFY.NS …
2026-09-28 10:13:17,464  INFO      [16/107] fetching ICICIBANK.NS …
2026-09-28 10:13:18,017  INFO      [17/107] fetching HINDUNILVR.NS …
2026-09-28 10:13:18,579  INFO      [18/107] fetching SBIN.NS …
2026-09-28 10:13:19,147  INFO      [19/107] fetching BHARTIARTL.NS …
2026-09-28 10:13:19,694  INFO      [20/107] fetching KOTAKBANK.NS …
2026-09-28 10:13:20,246  INFO      [21/107] fetching LT.NS …
2026-09-28 10:13:20,791  INFO      [22/107] fetching AXISBANK.NS …
2026-09-28 10:13:21,355  INFO      [23/107] fetching BAJFINANCE.NS …
2026-09-28 10:13:21,907  INFO      [24/107] fetching ASIANPAINT.NS …
2026-09-28 10:13:22,466  INFO      [25/107] fetching MARUTI.NS …
2026-09-28 10:13:23,021  INFO      [26/107] fetching HCLTECH.NS …
2026-09-28 10:13:23,578  INFO      [27/107] fetching SUNPHARMA.NS …
2026-09-28 10:13:24,131  INFO      [28/107] fetching TITAN.NS …
2026-09-28 10:13:24,682  INFO      [29/107] fetching ULTRACEMCO.NS …
2026-09-28 10:13:25,236  INFO      [30/107] fetching WIPRO.NS …
2026-09-28 10:13:25,788  INFO      [31/107] fetching NESTLEIND.NS …
2026-09-28 10:13:26,344  INFO      [32/107] fetching ADANIENT.NS …
2026-09-28 10:13:26,896  INFO      [33/107] fetching NTPC.NS …
2026-09-28 10:13:27,448  INFO      [34/107] fetching TATAMOTORS.NS …
2026-09-28 10:13:28,601  WARNING   [TATAMOTORS.NS] insufficient history (0 rows)
2026-09-28 10:13:29,002  INFO      [35/107] fetching M&M.NS …
2026-09-28 10:13:29,559  INFO      [36/107] fetching TATASTEEL.NS …
2026-09-28 10:13:30,112  INFO      [37/107] fetching JSWSTEEL.NS …
2026-09-28 10:13:30,659  INFO      [38/107] fetching ONGC.NS …
2026-09-28 10:13:31,211  INFO      [39/107] fetching TECHM.NS …
2026-09-28 10:13:31,762  INFO      [40/107] fetching BAJAJFINSV.NS …
2026-09-28 10:13:32,313  INFO      [41/107] fetching HINDALCO.NS …
2026-09-28 10:13:32,877  INFO      [42/107] fetching GRASIM.NS …
2026-09-28 10:13:33,492  INFO      [43/107] fetching DRREDDY.NS …
2026-09-28 10:13:34,046  INFO      [44/107] fetching CIPLA.NS …
2026-09-28 10:13:34,613  INFO      [45/107] fetching DIVISLAB.NS …
2026-09-28 10:13:35,167  INFO      [46/107] fetching EICHERMOT.NS …
2026-09-28 10:13:35,729  INFO      [47/107] fetching BRITANNIA.NS …
2026-09-28 10:13:36,286  INFO      [48/107] fetching HEROMOTOCO.NS …
2026-09-28 10:13:36,844  INFO      [49/107] fetching BAJAJ-AUTO.NS …
2026-09-28 10:13:37,396  INFO      [50/107] fetching INDUSINDBK.NS …
2026-09-28 10:13:37,966  INFO      [51/107] fetching APOLLOHOSP.NS …
2026-09-28 10:13:38,517  INFO      [52/107] fetching TATACONSUM.NS …
2026-09-28 10:13:39,067  INFO      [53/107] fetching UPL.NS …
2026-09-28 10:13:39,628  INFO      [54/107] fetching BPCL.NS …
2026-09-28 10:13:40,183  INFO      [55/107] fetching SBILIFE.NS …
2026-09-28 10:13:40,724  INFO      [56/107] fetching HDFCLIFE.NS …
2026-09-28 10:13:41,265  INFO      [57/107] fetching ADANIPORTS.NS …
2026-09-28 10:13:41,812  INFO      [58/107] fetching LTIM.NS …
2026-09-28 10:13:42,450  WARNING   [LTIM.NS] insufficient history (0 rows)
2026-09-28 10:13:42,851  INFO      [59/107] fetching ABB.NS …
2026-09-28 10:13:43,404  INFO      [60/107] fetching ADANIGREEN.NS …
2026-09-28 10:13:43,937  INFO      [61/107] fetching ADANIPOWER.NS …
2026-09-28 10:13:44,477  INFO      [62/107] fetching AMBUJACEM.NS …
2026-09-28 10:13:45,039  INFO      [63/107] fetching DMART.NS …
2026-09-28 10:13:45,571  INFO      [64/107] fetching BAJAJHLDNG.NS …
2026-09-28 10:13:46,124  INFO      [65/107] fetching BANKBARODA.NS …
2026-09-28 10:13:46,682  INFO      [66/107] fetching BERGEPAINT.NS …
2026-09-28 10:13:47,235  INFO      [67/107] fetching BOSCHLTD.NS …
2026-09-28 10:13:47,789  INFO      [68/107] fetching CANBK.NS …
2026-09-28 10:13:48,343  INFO      [69/107] fetching CHOLAFIN.NS …
2026-09-28 10:13:48,897  INFO      [70/107] fetching COLPAL.NS …
2026-09-28 10:13:49,447  INFO      [71/107] fetching DABUR.NS …
2026-09-28 10:13:50,008  INFO      [72/107] fetching DLF.NS …
2026-09-28 10:13:50,551  INFO      [73/107] fetching GAIL.NS …
2026-09-28 10:13:51,109  INFO      [74/107] fetching GODREJCP.NS …
2026-09-28 10:13:51,662  INFO      [75/107] fetching HAVELLS.NS …
2026-09-28 10:13:52,215  INFO      [76/107] fetching HAL.NS …
2026-09-28 10:13:52,757  INFO      [77/107] fetching ICICIGI.NS …
2026-09-28 10:13:53,296  INFO      [78/107] fetching ICICIPRULI.NS …
2026-09-28 10:13:53,837  INFO      [79/107] fetching IOC.NS …
2026-09-28 10:13:54,388  INFO      [80/107] fetching IRCTC.NS …
2026-09-28 10:13:54,926  INFO      [81/107] fetching JINDALSTEL.NS …
2026-09-28 10:13:55,480  INFO      [82/107] fetching LICI.NS …
2026-09-28 10:13:56,017  INFO      [83/107] fetching MARICO.NS …
2026-09-28 10:13:56,583  INFO      [84/107] fetching MOTHERSON.NS …
2026-09-28 10:13:57,138  INFO      [85/107] fetching NAUKRI.NS …
2026-09-28 10:13:57,689  INFO      [86/107] fetching PIDILITIND.NS …
2026-09-28 10:13:58,241  INFO      [87/107] fetching PNB.NS …
2026-09-28 10:13:58,799  INFO      [88/107] fetching PFC.NS …
2026-09-28 10:13:59,359  INFO      [89/107] fetching RECLTD.NS …
2026-09-28 10:13:59,961  INFO      [90/107] fetching SIEMENS.NS …
2026-09-28 10:14:00,508  INFO      [91/107] fetching SRF.NS …
2026-09-28 10:14:01,059  INFO      [92/107] fetching SHREECEM.NS …
2026-09-28 10:14:01,614  INFO      [93/107] fetching SHRIRAMFIN.NS …
2026-09-28 10:14:02,195  INFO      [94/107] fetching TORNTPHARM.NS …
2026-09-28 10:14:02,805  INFO      [95/107] fetching TRENT.NS …
2026-09-28 10:14:03,354  INFO      [96/107] fetching TVSMOTOR.NS …
2026-09-28 10:14:03,906  INFO      [97/107] fetching VEDL.NS …
2026-09-28 10:14:04,468  INFO      [98/107] fetching VBL.NS …
2026-09-28 10:14:05,007  INFO      [99/107] fetching ZOMATO.NS …
2026-09-28 10:14:05,700  WARNING   [ZOMATO.NS] insufficient history (0 rows)
2026-09-28 10:14:06,100  INFO      [100/107] fetching ZYDUSLIFE.NS …
2026-09-28 10:14:06,659  INFO      [101/107] fetching INDIGO.NS …
2026-09-28 10:14:07,197  INFO      [102/107] fetching IDEA.NS …
2026-09-28 10:14:07,751  INFO      [103/107] fetching BANKINDIA.NS …
2026-09-28 10:14:08,311  INFO      [104/107] fetching PAGEIND.NS …
2026-09-28 10:14:08,863  INFO      [105/107] fetching MUTHOOTFIN.NS …
2026-09-28 10:14:09,405  INFO      [106/107] fetching TATAELXSI.NS …
2026-09-28 10:14:09,953  INFO      [107/107] fetching LUPIN.NS …
2026-09-28 10:14:10,117  INFO      Fetched 104/107 symbols successfully.
2026-09-28 10:14:16,127  INFO      Fetched 200 headlines from RSS (Indian + global/geopolitics).
2026-09-28 10:14:19,675  INFO      Macro regime: risk-on | bias=0 | geo-risk=48.5
2026-09-28 10:14:19,716  INFO      NSE corp announcements: 20 filings
2026-09-28 10:14:21,471  INFO      Angel One login successful.
2026-09-28 10:14:22,617  INFO      Saved report → data/stock_reports/2026-09-28_1014.json
2026-09-28 10:14:23,124  INFO      Report image saved → logs/stock_analyzer/2026-09-28/stock_report.png  [1920×1280]
2026-09-28 10:14:23,124  INFO      Dry-run: skipping send. Image + PDF saved locally; console printed.
2026-09-28 10:14:23,125  INFO      == Stock analyzer run complete ==
2026-09-28 10:14:23,129  INFO      [Note] PAPER TRADING -- virtual cash Rs 100,000, max_positions=6 max_pct=15% buckets=('intraday', 'swing') state=data/paper_trader_state.json
2026-09-28 10:14:23,129  INFO      [Note] PAPER TRADING -- virtual cash Rs 100,000, max_positions=6 max_pct=15% buckets=('intraday', 'swing') state=data/paper_trader_state.json
2026-09-28 10:14:23,131  INFO      paper-trader: new day, archived 4 trades (cumulative ₹-5,725)
2026-09-28 10:14:36,635  INFO      [DRY] Angel order would be: {'variety': 'NORMAL', 'tradingsymbol': 'ADANIPORTS-EQ', 'symboltoken': '15083', 'transactiontype': 'SELL', 'exchange': 'NSE', 'ordertype': 'MARKET', 'producttype': 'INTRADAY', 'duration': 'DAY', 'price': '0', 'squareoff': '0', 'stoploss': '0', 'quantity': '4'}
2026-09-28 10:14:36,635  INFO      [SL] [DRY] CLOSE ADANIPORTS.NS qty=4 @ Rs 1743.70 P&L Rs -214 (gross Rs -204, cost Rs 11; SL hit @ 1743.70)
2026-09-28 10:14:36,643  INFO      tick result: {'ok': True, 'actions': 1, 'open_trades': 1, 'closed_today': 1, 'realised_pnl': -214.21, 'cumulative_pnl': -5939.48, 'halted': False, 'messages': ['[SL] [DRY] CLOSE ADANIPORTS.NS qty=4 @ Rs 1743.70 P&L Rs -214 (gross Rs -204, cost Rs 11; SL hit @ 1743.70)']}
2026-09-28 10:14:36,643  INFO      tick result: {'ok': True, 'actions': 1, 'open_trades': 1, 'closed_today': 1, 'realised_pnl': -214.21, 'cumulative_pnl': -5939.48, 'halted': False, 'messages': ['[SL] [DRY] CLOSE ADANIPORTS.NS qty=4 @ Rs 1743.70 P&L Rs -214 (gross Rs -204, cost Rs 11; SL hit @ 1743.70)']}
