2026-06-29 08:46:20,293  INFO      angel_one starting ... (cmd=paper-trade)
2026-06-29 08:46:20,293  INFO      angel_one starting ... (cmd=paper-trade)
2026-06-29 08:46:20,310  INFO      refresh: generating today's picks via analyzer (dry-run, no PDF)
2026-06-29 08:46:20,310  INFO      refresh: generating today's picks via analyzer (dry-run, no PDF)
2026-06-29 08:46:21,626  INFO      == Stock analyzer run starting ==
2026-06-29 08:46:21,626  INFO      Watchlist: 11 symbols from data/stock_watchlist.txt
2026-06-29 08:46:21,627  INFO      Universe: 107 symbols (total available: 107)
2026-06-29 08:46:22,145  INFO      [1/107] fetching TATAPOWER.NS …
2026-06-29 08:46:22,760  INFO      [2/107] fetching IRFC.NS …
2026-06-29 08:46:23,269  INFO      [3/107] fetching SUZLON.NS …
2026-06-29 08:46:23,795  INFO      [4/107] fetching IREDA.NS …
2026-06-29 08:46:24,287  INFO      [5/107] fetching BHEL.NS …
2026-06-29 08:46:24,824  INFO      [6/107] fetching KPITTECH.NS …
2026-06-29 08:46:25,386  INFO      [7/107] fetching POLYCAB.NS …
2026-06-29 08:46:25,901  INFO      [8/107] fetching PERSISTENT.NS …
2026-06-29 08:46:26,390  INFO      [9/107] fetching ITC.NS …
2026-06-29 08:46:26,975  INFO      [10/107] fetching POWERGRID.NS …
2026-06-29 08:46:27,500  INFO      [11/107] fetching COALINDIA.NS …
2026-06-29 08:46:28,026  INFO      [12/107] fetching RELIANCE.NS …
2026-06-29 08:46:28,596  INFO      [13/107] fetching TCS.NS …
2026-06-29 08:46:29,172  INFO      [14/107] fetching HDFCBANK.NS …
2026-06-29 08:46:29,677  INFO      [15/107] fetching INFY.NS …
2026-06-29 08:46:30,242  INFO      [16/107] fetching ICICIBANK.NS …
2026-06-29 08:46:30,806  INFO      [17/107] fetching HINDUNILVR.NS …
2026-06-29 08:46:31,317  INFO      [18/107] fetching SBIN.NS …
2026-06-29 08:46:31,903  INFO      [19/107] fetching BHARTIARTL.NS …
2026-06-29 08:46:32,444  INFO      [20/107] fetching KOTAKBANK.NS …
2026-06-29 08:46:33,068  INFO      [21/107] fetching LT.NS …
2026-06-29 08:46:33,659  INFO      [22/107] fetching AXISBANK.NS …
2026-06-29 08:46:34,224  INFO      [23/107] fetching BAJFINANCE.NS …
2026-06-29 08:46:34,763  INFO      [24/107] fetching ASIANPAINT.NS …
2026-06-29 08:46:35,331  INFO      [25/107] fetching MARUTI.NS …
2026-06-29 08:46:35,901  INFO      [26/107] fetching HCLTECH.NS …
2026-06-29 08:46:36,478  INFO      [27/107] fetching SUNPHARMA.NS …
2026-06-29 08:46:37,009  INFO      [28/107] fetching TITAN.NS …
2026-06-29 08:46:37,564  INFO      [29/107] fetching ULTRACEMCO.NS …
2026-06-29 08:46:38,126  INFO      [30/107] fetching WIPRO.NS …
2026-06-29 08:46:38,695  INFO      [31/107] fetching NESTLEIND.NS …
2026-06-29 08:46:39,251  INFO      [32/107] fetching ADANIENT.NS …
2026-06-29 08:46:39,766  INFO      [33/107] fetching NTPC.NS …
2026-06-29 08:46:40,271  INFO      [34/107] fetching TATAMOTORS.NS …
2026-06-29 08:46:41,422  WARNING   [TATAMOTORS.NS] insufficient history (0 rows)
2026-06-29 08:46:41,823  INFO      [35/107] fetching M&M.NS …
2026-06-29 08:46:42,336  INFO      [36/107] fetching TATASTEEL.NS …
2026-06-29 08:46:42,840  INFO      [37/107] fetching JSWSTEEL.NS …
2026-06-29 08:46:43,376  INFO      [38/107] fetching ONGC.NS …
2026-06-29 08:46:43,940  INFO      [39/107] fetching TECHM.NS …
2026-06-29 08:46:44,463  INFO      [40/107] fetching BAJAJFINSV.NS …
2026-06-29 08:46:44,997  INFO      [41/107] fetching HINDALCO.NS …
2026-06-29 08:46:45,571  INFO      [42/107] fetching GRASIM.NS …
2026-06-29 08:46:46,116  INFO      [43/107] fetching DRREDDY.NS …
2026-06-29 08:46:46,620  INFO      [44/107] fetching CIPLA.NS …
2026-06-29 08:46:47,210  INFO      [45/107] fetching DIVISLAB.NS …
2026-06-29 08:46:47,709  INFO      [46/107] fetching EICHERMOT.NS …
2026-06-29 08:46:48,283  INFO      [47/107] fetching BRITANNIA.NS …
2026-06-29 08:46:48,862  INFO      [48/107] fetching HEROMOTOCO.NS …
2026-06-29 08:46:49,429  INFO      [49/107] fetching BAJAJ-AUTO.NS …
2026-06-29 08:46:49,962  INFO      [50/107] fetching INDUSINDBK.NS …
2026-06-29 08:46:50,530  INFO      [51/107] fetching APOLLOHOSP.NS …
2026-06-29 08:46:51,094  INFO      [52/107] fetching TATACONSUM.NS …
2026-06-29 08:46:51,665  INFO      [53/107] fetching UPL.NS …
2026-06-29 08:46:52,227  INFO      [54/107] fetching BPCL.NS …
2026-06-29 08:46:52,738  INFO      [55/107] fetching SBILIFE.NS …
2026-06-29 08:46:53,241  INFO      [56/107] fetching HDFCLIFE.NS …
2026-06-29 08:46:53,752  INFO      [57/107] fetching ADANIPORTS.NS …
2026-06-29 08:46:54,245  INFO      [58/107] fetching LTIM.NS …
2026-06-29 08:46:54,854  WARNING   [LTIM.NS] insufficient history (0 rows)
2026-06-29 08:46:55,254  INFO      [59/107] fetching ABB.NS …
2026-06-29 08:46:55,813  INFO      [60/107] fetching ADANIGREEN.NS …
2026-06-29 08:46:56,345  INFO      [61/107] fetching ADANIPOWER.NS …
2026-06-29 08:46:56,822  INFO      [62/107] fetching AMBUJACEM.NS …
2026-06-29 08:46:57,320  INFO      [63/107] fetching DMART.NS …
2026-06-29 08:46:57,792  INFO      [64/107] fetching BAJAJHLDNG.NS …
2026-06-29 08:46:58,360  INFO      [65/107] fetching BANKBARODA.NS …
2026-06-29 08:46:58,861  INFO      [66/107] fetching BERGEPAINT.NS …
2026-06-29 08:46:59,436  INFO      [67/107] fetching BOSCHLTD.NS …
2026-06-29 08:46:59,937  INFO      [68/107] fetching CANBK.NS …
2026-06-29 08:47:00,463  INFO      [69/107] fetching CHOLAFIN.NS …
2026-06-29 08:47:00,966  INFO      [70/107] fetching COLPAL.NS …
2026-06-29 08:47:01,466  INFO      [71/107] fetching DABUR.NS …
2026-06-29 08:47:01,971  INFO      [72/107] fetching DLF.NS …
2026-06-29 08:47:02,465  INFO      [73/107] fetching GAIL.NS …
2026-06-29 08:47:02,980  INFO      [74/107] fetching GODREJCP.NS …
2026-06-29 08:47:03,505  INFO      [75/107] fetching HAVELLS.NS …
2026-06-29 08:47:04,008  INFO      [76/107] fetching HAL.NS …
2026-06-29 08:47:04,503  INFO      [77/107] fetching ICICIGI.NS …
2026-06-29 08:47:04,988  INFO      [78/107] fetching ICICIPRULI.NS …
2026-06-29 08:47:05,589  INFO      [79/107] fetching IOC.NS …
2026-06-29 08:47:06,151  INFO      [80/107] fetching IRCTC.NS …
2026-06-29 08:47:06,667  INFO      [81/107] fetching JINDALSTEL.NS …
2026-06-29 08:47:07,212  INFO      [82/107] fetching LICI.NS …
2026-06-29 08:47:07,698  INFO      [83/107] fetching MARICO.NS …
2026-06-29 08:47:08,292  INFO      [84/107] fetching MOTHERSON.NS …
2026-06-29 08:47:08,888  INFO      [85/107] fetching NAUKRI.NS …
2026-06-29 08:47:09,466  INFO      [86/107] fetching PIDILITIND.NS …
2026-06-29 08:47:09,988  INFO      [87/107] fetching PNB.NS …
2026-06-29 08:47:10,574  INFO      [88/107] fetching PFC.NS …
2026-06-29 08:47:11,077  INFO      [89/107] fetching RECLTD.NS …
2026-06-29 08:47:11,569  INFO      [90/107] fetching SIEMENS.NS …
2026-06-29 08:47:12,148  INFO      [91/107] fetching SRF.NS …
2026-06-29 08:47:12,669  INFO      [92/107] fetching SHREECEM.NS …
2026-06-29 08:47:13,186  INFO      [93/107] fetching SHRIRAMFIN.NS …
2026-06-29 08:47:13,728  INFO      [94/107] fetching TORNTPHARM.NS …
2026-06-29 08:47:14,220  INFO      [95/107] fetching TRENT.NS …
2026-06-29 08:47:14,714  INFO      [96/107] fetching TVSMOTOR.NS …
2026-06-29 08:47:15,216  INFO      [97/107] fetching VEDL.NS …
2026-06-29 08:47:15,717  INFO      [98/107] fetching VBL.NS …
2026-06-29 08:47:16,201  INFO      [99/107] fetching ZOMATO.NS …
2026-06-29 08:47:16,754  WARNING   [ZOMATO.NS] insufficient history (0 rows)
2026-06-29 08:47:17,154  INFO      [100/107] fetching ZYDUSLIFE.NS …
2026-06-29 08:47:17,733  INFO      [101/107] fetching INDIGO.NS …
2026-06-29 08:47:18,220  INFO      [102/107] fetching IDEA.NS …
2026-06-29 08:47:18,709  INFO      [103/107] fetching BANKINDIA.NS …
2026-06-29 08:47:19,234  INFO      [104/107] fetching PAGEIND.NS …
2026-06-29 08:47:19,745  INFO      [105/107] fetching MUTHOOTFIN.NS …
2026-06-29 08:47:20,255  INFO      [106/107] fetching TATAELXSI.NS …
2026-06-29 08:47:20,844  INFO      [107/107] fetching LUPIN.NS …
2026-06-29 08:47:20,965  INFO      Fetched 104/107 symbols successfully.
2026-06-29 08:47:29,012  WARNING   [MF 118560] fetch failed: HTTPSConnectionPool(host='api.mfapi.in', port=443): Read timed out. (read timeout=5)
2026-06-29 08:47:30,317  INFO      Fetched 200 headlines from RSS (Indian + global/geopolitics).
2026-06-29 08:47:32,532  INFO      Macro regime: neutral | bias=1 | geo-risk=38.9
2026-06-29 08:47:32,557  INFO      NSE corp announcements: 20 filings
2026-06-29 08:47:34,099  INFO      Angel One login successful.
2026-06-29 08:47:34,859  INFO      Saved report → data/stock_reports/2026-06-29_0847.json
2026-06-29 08:47:35,378  INFO      Report image saved → logs/stock_analyzer/2026-06-29/stock_report.png  [1920×1280]
2026-06-29 08:47:35,379  INFO      Dry-run: skipping send. Image + PDF saved locally; console printed.
2026-06-29 08:47:35,379  INFO      == Stock analyzer run complete ==
2026-06-29 08:47:35,382  INFO      [Note] PAPER TRADING -- virtual cash Rs 100,000, max_positions=6 max_pct=15% buckets=('intraday', 'swing') state=data/paper_trader_state.json
2026-06-29 08:47:35,382  INFO      [Note] PAPER TRADING -- virtual cash Rs 100,000, max_positions=6 max_pct=15% buckets=('intraday', 'swing') state=data/paper_trader_state.json
2026-06-29 08:47:35,383  INFO      paper-trader: new day, archived 3 trades (cumulative ₹-1,315)
2026-06-29 08:47:51,109  INFO      [DRY] Angel order would be: {'variety': 'NORMAL', 'tradingsymbol': 'TORNTPHARM-EQ', 'symboltoken': '3518', 'transactiontype': 'BUY', 'exchange': 'NSE', 'ordertype': 'MARKET', 'producttype': 'INTRADAY', 'duration': 'DAY', 'price': '0', 'squareoff': '0', 'stoploss': '0', 'quantity': '2'}
2026-06-29 08:47:51,109  INFO      [OPEN] [DRY] TORNTPHARM.NS qty=2 @ Rs 4632.30 SL Rs 4524.72 TGT Rs 4656.67 (order=None)
2026-06-29 08:47:51,109  INFO      [DRY] Angel order would be: {'variety': 'NORMAL', 'tradingsymbol': 'DRREDDY-EQ', 'symboltoken': '881', 'transactiontype': 'BUY', 'exchange': 'NSE', 'ordertype': 'MARKET', 'producttype': 'INTRADAY', 'duration': 'DAY', 'price': '0', 'squareoff': '0', 'stoploss': '0', 'quantity': '7'}
2026-06-29 08:47:51,109  INFO      [OPEN] [DRY] DRREDDY.NS qty=7 @ Rs 1380.40 SL Rs 1351.14 TGT Rs 1447.15 (order=None)
2026-06-29 08:47:51,109  INFO      [DRY] Angel order would be: {'variety': 'NORMAL', 'tradingsymbol': 'MARICO-EQ', 'symboltoken': '4067', 'transactiontype': 'BUY', 'exchange': 'NSE', 'ordertype': 'MARKET', 'producttype': 'INTRADAY', 'duration': 'DAY', 'price': '0', 'squareoff': '0', 'stoploss': '0', 'quantity': '10'}
2026-06-29 08:47:51,109  INFO      [OPEN] [DRY] MARICO.NS qty=10 @ Rs 840.00 SL Rs 822.97 TGT Rs 843.31 (order=None)
2026-06-29 08:47:51,113  INFO      tick result: {'ok': True, 'actions': 3, 'open_trades': 6, 'closed_today': 0, 'realised_pnl': 0.0, 'cumulative_pnl': -1315.21, 'halted': False, 'messages': ['[OPEN] [DRY] TORNTPHARM.NS qty=2 @ Rs 4632.30 SL Rs 4524.72 TGT Rs 4656.67 (order=None)', '[OPEN] [DRY] DRREDDY.NS qty=7 @ Rs 1380.40 SL Rs 1351.14 TGT Rs 1447.15 (order=None)', '[OPEN] [DRY] MARICO.NS qty=10 @ Rs 840.00 SL Rs 822.97 TGT Rs 843.31 (order=None)']}
2026-06-29 08:47:51,113  INFO      tick result: {'ok': True, 'actions': 3, 'open_trades': 6, 'closed_today': 0, 'realised_pnl': 0.0, 'cumulative_pnl': -1315.21, 'halted': False, 'messages': ['[OPEN] [DRY] TORNTPHARM.NS qty=2 @ Rs 4632.30 SL Rs 4524.72 TGT Rs 4656.67 (order=None)', '[OPEN] [DRY] DRREDDY.NS qty=7 @ Rs 1380.40 SL Rs 1351.14 TGT Rs 1447.15 (order=None)', '[OPEN] [DRY] MARICO.NS qty=10 @ Rs 840.00 SL Rs 822.97 TGT Rs 843.31 (order=None)']}
