2026-09-22 08:50:14,226  INFO      angel_one starting ... (cmd=paper-trade)
2026-09-22 08:50:14,226  INFO      angel_one starting ... (cmd=paper-trade)
2026-09-22 08:50:14,239  INFO      refresh: generating today's picks via analyzer (dry-run, no PDF)
2026-09-22 08:50:14,239  INFO      refresh: generating today's picks via analyzer (dry-run, no PDF)
2026-09-22 08:50:14,960  INFO      == Stock analyzer run starting ==
2026-09-22 08:50:14,960  INFO      Watchlist: 11 symbols from data/stock_watchlist.txt
2026-09-22 08:50:14,960  INFO      Universe: 107 symbols (total available: 107)
2026-09-22 08:50:15,724  INFO      [1/107] fetching TATAPOWER.NS …
2026-09-22 08:50:16,331  INFO      [2/107] fetching IRFC.NS …
2026-09-22 08:50:16,865  INFO      [3/107] fetching SUZLON.NS …
2026-09-22 08:50:17,392  INFO      [4/107] fetching IREDA.NS …
2026-09-22 08:50:17,916  INFO      [5/107] fetching BHEL.NS …
2026-09-22 08:50:18,469  INFO      [6/107] fetching KPITTECH.NS …
2026-09-22 08:50:19,006  INFO      [7/107] fetching POLYCAB.NS …
2026-09-22 08:50:19,535  INFO      [8/107] fetching PERSISTENT.NS …
2026-09-22 08:50:20,074  INFO      [9/107] fetching ITC.NS …
2026-09-22 08:50:20,629  INFO      [10/107] fetching POWERGRID.NS …
2026-09-22 08:50:21,164  INFO      [11/107] fetching COALINDIA.NS …
2026-09-22 08:50:21,702  INFO      [12/107] fetching RELIANCE.NS …
2026-09-22 08:50:22,260  INFO      [13/107] fetching TCS.NS …
2026-09-22 08:50:22,810  INFO      [14/107] fetching HDFCBANK.NS …
2026-09-22 08:50:23,365  INFO      [15/107] fetching INFY.NS …
2026-09-22 08:50:23,921  INFO      [16/107] fetching ICICIBANK.NS …
2026-09-22 08:50:24,481  INFO      [17/107] fetching HINDUNILVR.NS …
2026-09-22 08:50:25,031  INFO      [18/107] fetching SBIN.NS …
2026-09-22 08:50:25,599  INFO      [19/107] fetching BHARTIARTL.NS …
2026-09-22 08:50:26,215  INFO      [20/107] fetching KOTAKBANK.NS …
2026-09-22 08:50:26,764  INFO      [21/107] fetching LT.NS …
2026-09-22 08:50:27,312  INFO      [22/107] fetching AXISBANK.NS …
2026-09-22 08:50:27,857  INFO      [23/107] fetching BAJFINANCE.NS …
2026-09-22 08:50:28,410  INFO      [24/107] fetching ASIANPAINT.NS …
2026-09-22 08:50:29,023  INFO      [25/107] fetching MARUTI.NS …
2026-09-22 08:50:29,570  INFO      [26/107] fetching HCLTECH.NS …
2026-09-22 08:50:30,115  INFO      [27/107] fetching SUNPHARMA.NS …
2026-09-22 08:50:30,673  INFO      [28/107] fetching TITAN.NS …
2026-09-22 08:50:31,216  INFO      [29/107] fetching ULTRACEMCO.NS …
2026-09-22 08:50:31,821  INFO      [30/107] fetching WIPRO.NS …
2026-09-22 08:50:32,364  INFO      [31/107] fetching NESTLEIND.NS …
2026-09-22 08:50:32,907  INFO      [32/107] fetching ADANIENT.NS …
2026-09-22 08:50:33,457  INFO      [33/107] fetching NTPC.NS …
2026-09-22 08:50:34,002  INFO      [34/107] fetching TATAMOTORS.NS …
2026-09-22 08:50:35,143  WARNING   [TATAMOTORS.NS] insufficient history (0 rows)
2026-09-22 08:50:35,543  INFO      [35/107] fetching M&M.NS …
2026-09-22 08:50:36,097  INFO      [36/107] fetching TATASTEEL.NS …
2026-09-22 08:50:36,641  INFO      [37/107] fetching JSWSTEEL.NS …
2026-09-22 08:50:37,180  INFO      [38/107] fetching ONGC.NS …
2026-09-22 08:50:37,733  INFO      [39/107] fetching TECHM.NS …
2026-09-22 08:50:38,275  INFO      [40/107] fetching BAJAJFINSV.NS …
2026-09-22 08:50:38,882  INFO      [41/107] fetching HINDALCO.NS …
2026-09-22 08:50:39,438  INFO      [42/107] fetching GRASIM.NS …
2026-09-22 08:50:39,982  INFO      [43/107] fetching DRREDDY.NS …
2026-09-22 08:50:40,521  INFO      [44/107] fetching CIPLA.NS …
2026-09-22 08:50:41,064  INFO      [45/107] fetching DIVISLAB.NS …
2026-09-22 08:50:41,604  INFO      [46/107] fetching EICHERMOT.NS …
2026-09-22 08:50:42,149  INFO      [47/107] fetching BRITANNIA.NS …
2026-09-22 08:50:42,698  INFO      [48/107] fetching HEROMOTOCO.NS …
2026-09-22 08:50:43,239  INFO      [49/107] fetching BAJAJ-AUTO.NS …
2026-09-22 08:50:43,776  INFO      [50/107] fetching INDUSINDBK.NS …
2026-09-22 08:50:44,327  INFO      [51/107] fetching APOLLOHOSP.NS …
2026-09-22 08:50:44,872  INFO      [52/107] fetching TATACONSUM.NS …
2026-09-22 08:50:45,427  INFO      [53/107] fetching UPL.NS …
2026-09-22 08:50:45,967  INFO      [54/107] fetching BPCL.NS …
2026-09-22 08:50:46,516  INFO      [55/107] fetching SBILIFE.NS …
2026-09-22 08:50:47,047  INFO      [56/107] fetching HDFCLIFE.NS …
2026-09-22 08:50:47,584  INFO      [57/107] fetching ADANIPORTS.NS …
2026-09-22 08:50:48,137  INFO      [58/107] fetching LTIM.NS …
2026-09-22 08:50:48,691  WARNING   [LTIM.NS] insufficient history (0 rows)
2026-09-22 08:50:49,091  INFO      [59/107] fetching ABB.NS …
2026-09-22 08:50:49,633  INFO      [60/107] fetching ADANIGREEN.NS …
2026-09-22 08:50:50,157  INFO      [61/107] fetching ADANIPOWER.NS …
2026-09-22 08:50:50,680  INFO      [62/107] fetching AMBUJACEM.NS …
2026-09-22 08:50:51,229  INFO      [63/107] fetching DMART.NS …
2026-09-22 08:50:51,753  INFO      [64/107] fetching BAJAJHLDNG.NS …
2026-09-22 08:50:52,297  INFO      [65/107] fetching BANKBARODA.NS …
2026-09-22 08:50:52,849  INFO      [66/107] fetching BERGEPAINT.NS …
2026-09-22 08:50:53,393  INFO      [67/107] fetching BOSCHLTD.NS …
2026-09-22 08:50:53,936  INFO      [68/107] fetching CANBK.NS …
2026-09-22 08:50:54,481  INFO      [69/107] fetching CHOLAFIN.NS …
2026-09-22 08:50:55,028  INFO      [70/107] fetching COLPAL.NS …
2026-09-22 08:50:55,571  INFO      [71/107] fetching DABUR.NS …
2026-09-22 08:50:56,120  INFO      [72/107] fetching DLF.NS …
2026-09-22 08:50:56,668  INFO      [73/107] fetching GAIL.NS …
2026-09-22 08:50:57,218  INFO      [74/107] fetching GODREJCP.NS …
2026-09-22 08:50:57,773  INFO      [75/107] fetching HAVELLS.NS …
2026-09-22 08:50:58,323  INFO      [76/107] fetching HAL.NS …
2026-09-22 08:50:58,857  INFO      [77/107] fetching ICICIGI.NS …
2026-09-22 08:50:59,390  INFO      [78/107] fetching ICICIPRULI.NS …
2026-09-22 08:50:59,934  INFO      [79/107] fetching IOC.NS …
2026-09-22 08:51:00,485  INFO      [80/107] fetching IRCTC.NS …
2026-09-22 08:51:01,023  INFO      [81/107] fetching JINDALSTEL.NS …
2026-09-22 08:51:01,579  INFO      [82/107] fetching LICI.NS …
2026-09-22 08:51:02,115  INFO      [83/107] fetching MARICO.NS …
2026-09-22 08:51:02,670  INFO      [84/107] fetching MOTHERSON.NS …
2026-09-22 08:51:03,219  INFO      [85/107] fetching NAUKRI.NS …
2026-09-22 08:51:03,762  INFO      [86/107] fetching PIDILITIND.NS …
2026-09-22 08:51:04,304  INFO      [87/107] fetching PNB.NS …
2026-09-22 08:51:04,847  INFO      [88/107] fetching PFC.NS …
2026-09-22 08:51:05,389  INFO      [89/107] fetching RECLTD.NS …
2026-09-22 08:51:05,930  INFO      [90/107] fetching SIEMENS.NS …
2026-09-22 08:51:06,472  INFO      [91/107] fetching SRF.NS …
2026-09-22 08:51:07,021  INFO      [92/107] fetching SHREECEM.NS …
2026-09-22 08:51:07,588  INFO      [93/107] fetching SHRIRAMFIN.NS …
2026-09-22 08:51:08,211  INFO      [94/107] fetching TORNTPHARM.NS …
2026-09-22 08:51:08,753  INFO      [95/107] fetching TRENT.NS …
2026-09-22 08:51:09,300  INFO      [96/107] fetching TVSMOTOR.NS …
2026-09-22 08:51:09,842  INFO      [97/107] fetching VEDL.NS …
2026-09-22 08:51:10,392  INFO      [98/107] fetching VBL.NS …
2026-09-22 08:51:10,923  INFO      [99/107] fetching ZOMATO.NS …
2026-09-22 08:51:11,610  WARNING   [ZOMATO.NS] insufficient history (0 rows)
2026-09-22 08:51:12,010  INFO      [100/107] fetching ZYDUSLIFE.NS …
2026-09-22 08:51:12,562  INFO      [101/107] fetching INDIGO.NS …
2026-09-22 08:51:13,100  INFO      [102/107] fetching IDEA.NS …
2026-09-22 08:51:13,634  INFO      [103/107] fetching BANKINDIA.NS …
2026-09-22 08:51:14,184  INFO      [104/107] fetching PAGEIND.NS …
2026-09-22 08:51:14,724  INFO      [105/107] fetching MUTHOOTFIN.NS …
2026-09-22 08:51:15,262  INFO      [106/107] fetching TATAELXSI.NS …
2026-09-22 08:51:15,822  INFO      [107/107] fetching LUPIN.NS …
2026-09-22 08:51:15,974  INFO      Fetched 104/107 symbols successfully.
2026-09-22 08:51:38,518  WARNING   [MF 125354] fetch failed: HTTPSConnectionPool(host='api.mfapi.in', port=443): Read timed out. (read timeout=5)
2026-09-22 08:51:39,962  INFO      Fetched 200 headlines from RSS (Indian + global/geopolitics).
2026-09-22 08:51:43,339  INFO      Macro regime: risk-on | bias=6 | geo-risk=33.3
2026-09-22 08:51:43,589  INFO      NSE corp announcements: 20 filings
2026-09-22 08:51:45,311  INFO      Angel One login successful.
2026-09-22 08:51:45,935  INFO      Saved report → data/stock_reports/2026-09-22_0851.json
2026-09-22 08:51:46,321  INFO      Report image saved → logs/stock_analyzer/2026-09-22/stock_report.png  [1920×1280]
2026-09-22 08:51:46,322  INFO      Dry-run: skipping send. Image + PDF saved locally; console printed.
2026-09-22 08:51:46,322  INFO      == Stock analyzer run complete ==
2026-09-22 08:51:46,325  INFO      [Note] PAPER TRADING -- virtual cash Rs 100,000, max_positions=6 max_pct=15% buckets=('intraday', 'swing') state=data/paper_trader_state.json
2026-09-22 08:51:46,325  INFO      [Note] PAPER TRADING -- virtual cash Rs 100,000, max_positions=6 max_pct=15% buckets=('intraday', 'swing') state=data/paper_trader_state.json
2026-09-22 08:51:46,326  INFO      paper-trader: new day, archived 7 trades (cumulative ₹-5,799)
2026-09-22 08:52:02,169  INFO      [DRY] Angel order would be: {'variety': 'NORMAL', 'tradingsymbol': 'DRREDDY-EQ', 'symboltoken': '881', 'transactiontype': 'BUY', 'exchange': 'NSE', 'ordertype': 'MARKET', 'producttype': 'INTRADAY', 'duration': 'DAY', 'price': '0', 'squareoff': '0', 'stoploss': '0', 'quantity': '11'}
2026-09-22 08:52:02,170  INFO      [OPEN] [DRY] DRREDDY.NS qty=11 @ Rs 1214.00 SL Rs 1190.51 TGT Rs 1271.67 (order=None)
2026-09-22 08:52:02,170  INFO      [DRY] Angel order would be: {'variety': 'NORMAL', 'tradingsymbol': 'BPCL-EQ', 'symboltoken': '526', 'transactiontype': 'BUY', 'exchange': 'NSE', 'ordertype': 'MARKET', 'producttype': 'INTRADAY', 'duration': 'DAY', 'price': '0', 'squareoff': '0', 'stoploss': '0', 'quantity': '39'}
2026-09-22 08:52:02,170  INFO      [OPEN] [DRY] BPCL.NS qty=39 @ Rs 310.85 SL Rs 303.57 TGT Rs 315.22 (order=None)
2026-09-22 08:52:02,170  INFO      [DRY] Angel order would be: {'variety': 'NORMAL', 'tradingsymbol': 'COALINDIA-EQ', 'symboltoken': '20374', 'transactiontype': 'BUY', 'exchange': 'NSE', 'ordertype': 'MARKET', 'producttype': 'INTRADAY', 'duration': 'DAY', 'price': '0', 'squareoff': '0', 'stoploss': '0', 'quantity': '24'}
2026-09-22 08:52:02,170  INFO      [OPEN] [DRY] COALINDIA.NS qty=24 @ Rs 426.55 SL Rs 422.88 TGT Rs 427.64 (order=None)
2026-09-22 08:52:02,170  INFO      [DRY] Angel order would be: {'variety': 'NORMAL', 'tradingsymbol': 'INDIGO-EQ', 'symboltoken': '11195', 'transactiontype': 'BUY', 'exchange': 'NSE', 'ordertype': 'MARKET', 'producttype': 'INTRADAY', 'duration': 'DAY', 'price': '0', 'squareoff': '0', 'stoploss': '0', 'quantity': '1'}
2026-09-22 08:52:02,170  INFO      [OPEN] [DRY] INDIGO.NS qty=1 @ Rs 5021.00 SL Rs 4891.12 TGT Rs 5261.71 (order=None)
2026-09-22 08:52:02,170  INFO      [DRY] Angel order would be: {'variety': 'NORMAL', 'tradingsymbol': 'ADANIPORTS-EQ', 'symboltoken': '15083', 'transactiontype': 'BUY', 'exchange': 'NSE', 'ordertype': 'MARKET', 'producttype': 'INTRADAY', 'duration': 'DAY', 'price': '0', 'squareoff': '0', 'stoploss': '0', 'quantity': '4'}
2026-09-22 08:52:02,170  INFO      [OPEN] [DRY] ADANIPORTS.NS qty=4 @ Rs 1794.60 SL Rs 1774.28 TGT Rs 1953.39 (order=None)
2026-09-22 08:52:02,170  INFO      [DRY] Angel order would be: {'variety': 'NORMAL', 'tradingsymbol': 'ZYDUSLIFE-EQ', 'symboltoken': '7929', 'transactiontype': 'BUY', 'exchange': 'NSE', 'ordertype': 'MARKET', 'producttype': 'INTRADAY', 'duration': 'DAY', 'price': '0', 'squareoff': '0', 'stoploss': '0', 'quantity': '5'}
2026-09-22 08:52:02,170  INFO      [OPEN] [DRY] ZYDUSLIFE.NS qty=5 @ Rs 1167.20 SL Rs 1120.97 TGT Rs 1278.10 (order=None)
2026-09-22 08:52:02,176  INFO      tick result: {'ok': True, 'actions': 6, 'open_trades': 6, 'closed_today': 0, 'realised_pnl': 0.0, 'cumulative_pnl': -5798.55, 'halted': False, 'messages': ['[OPEN] [DRY] DRREDDY.NS qty=11 @ Rs 1214.00 SL Rs 1190.51 TGT Rs 1271.67 (order=None)', '[OPEN] [DRY] BPCL.NS qty=39 @ Rs 310.85 SL Rs 303.57 TGT Rs 315.22 (order=None)', '[OPEN] [DRY] COALINDIA.NS qty=24 @ Rs 426.55 SL Rs 422.88 TGT Rs 427.64 (order=None)', '[OPEN] [DRY] INDIGO.NS qty=1 @ Rs 5021.00 SL Rs 4891.12 TGT Rs 5261.71 (order=None)', '[OPEN] [DRY] ADANIPORTS.NS qty=4 @ Rs 1794.60 SL Rs 1774.28 TGT Rs 1953.39 (order=None)', '[OPEN] [DRY] ZYDUSLIFE.NS qty=5 @ Rs 1167.20 SL Rs 1120.97 TGT Rs 1278.10 (order=None)']}
2026-09-22 08:52:02,176  INFO      tick result: {'ok': True, 'actions': 6, 'open_trades': 6, 'closed_today': 0, 'realised_pnl': 0.0, 'cumulative_pnl': -5798.55, 'halted': False, 'messages': ['[OPEN] [DRY] DRREDDY.NS qty=11 @ Rs 1214.00 SL Rs 1190.51 TGT Rs 1271.67 (order=None)', '[OPEN] [DRY] BPCL.NS qty=39 @ Rs 310.85 SL Rs 303.57 TGT Rs 315.22 (order=None)', '[OPEN] [DRY] COALINDIA.NS qty=24 @ Rs 426.55 SL Rs 422.88 TGT Rs 427.64 (order=None)', '[OPEN] [DRY] INDIGO.NS qty=1 @ Rs 5021.00 SL Rs 4891.12 TGT Rs 5261.71 (order=None)', '[OPEN] [DRY] ADANIPORTS.NS qty=4 @ Rs 1794.60 SL Rs 1774.28 TGT Rs 1953.39 (order=None)', '[OPEN] [DRY] ZYDUSLIFE.NS qty=5 @ Rs 1167.20 SL Rs 1120.97 TGT Rs 1278.10 (order=None)']}
