2026-07-28 06:16:02,353  INFO      angel_one starting ... (cmd=paper-trade)
2026-07-28 06:16:02,353  INFO      angel_one starting ... (cmd=paper-trade)
2026-07-28 06:16:02,369  INFO      refresh: generating today's picks via analyzer (dry-run, no PDF)
2026-07-28 06:16:02,369  INFO      refresh: generating today's picks via analyzer (dry-run, no PDF)
2026-07-28 06:16:02,866  INFO      == Stock analyzer run starting ==
2026-07-28 06:16:02,866  INFO      Watchlist: 11 symbols from data/stock_watchlist.txt
2026-07-28 06:16:02,867  INFO      Universe: 107 symbols (total available: 107)
2026-07-28 06:16:03,520  INFO      [1/107] fetching TATAPOWER.NS …
2026-07-28 06:16:04,125  INFO      [2/107] fetching IRFC.NS …
2026-07-28 06:16:04,614  INFO      [3/107] fetching SUZLON.NS …
2026-07-28 06:16:05,099  INFO      [4/107] fetching IREDA.NS …
2026-07-28 06:16:05,583  INFO      [5/107] fetching BHEL.NS …
2026-07-28 06:16:06,090  INFO      [6/107] fetching KPITTECH.NS …
2026-07-28 06:16:06,585  INFO      [7/107] fetching POLYCAB.NS …
2026-07-28 06:16:07,079  INFO      [8/107] fetching PERSISTENT.NS …
2026-07-28 06:16:07,578  INFO      [9/107] fetching ITC.NS …
2026-07-28 06:16:08,110  INFO      [10/107] fetching POWERGRID.NS …
2026-07-28 06:16:08,611  INFO      [11/107] fetching COALINDIA.NS …
2026-07-28 06:16:09,109  INFO      [12/107] fetching RELIANCE.NS …
2026-07-28 06:16:09,630  INFO      [13/107] fetching TCS.NS …
2026-07-28 06:16:10,134  INFO      [14/107] fetching HDFCBANK.NS …
2026-07-28 06:16:10,657  INFO      [15/107] fetching INFY.NS …
2026-07-28 06:16:11,168  INFO      [16/107] fetching ICICIBANK.NS …
2026-07-28 06:16:11,671  INFO      [17/107] fetching HINDUNILVR.NS …
2026-07-28 06:16:12,177  INFO      [18/107] fetching SBIN.NS …
2026-07-28 06:16:12,696  INFO      [19/107] fetching BHARTIARTL.NS …
2026-07-28 06:16:13,200  INFO      [20/107] fetching KOTAKBANK.NS …
2026-07-28 06:16:13,714  INFO      [21/107] fetching LT.NS …
2026-07-28 06:16:14,221  INFO      [22/107] fetching AXISBANK.NS …
2026-07-28 06:16:14,740  INFO      [23/107] fetching BAJFINANCE.NS …
2026-07-28 06:16:15,247  INFO      [24/107] fetching ASIANPAINT.NS …
2026-07-28 06:16:15,756  INFO      [25/107] fetching MARUTI.NS …
2026-07-28 06:16:16,270  INFO      [26/107] fetching HCLTECH.NS …
2026-07-28 06:16:16,975  INFO      [27/107] fetching SUNPHARMA.NS …
2026-07-28 06:16:17,489  INFO      [28/107] fetching TITAN.NS …
2026-07-28 06:16:17,993  INFO      [29/107] fetching ULTRACEMCO.NS …
2026-07-28 06:16:18,494  INFO      [30/107] fetching WIPRO.NS …
2026-07-28 06:16:19,006  INFO      [31/107] fetching NESTLEIND.NS …
2026-07-28 06:16:19,508  INFO      [32/107] fetching ADANIENT.NS …
2026-07-28 06:16:20,014  INFO      [33/107] fetching NTPC.NS …
2026-07-28 06:16:20,576  INFO      [34/107] fetching TATAMOTORS.NS …
2026-07-28 06:16:21,819  WARNING   [TATAMOTORS.NS] insufficient history (0 rows)
2026-07-28 06:16:22,219  INFO      [35/107] fetching M&M.NS …
2026-07-28 06:16:23,042  INFO      [36/107] fetching TATASTEEL.NS …
2026-07-28 06:16:23,563  INFO      [37/107] fetching JSWSTEEL.NS …
2026-07-28 06:16:24,073  INFO      [38/107] fetching ONGC.NS …
2026-07-28 06:16:24,586  INFO      [39/107] fetching TECHM.NS …
2026-07-28 06:16:25,106  INFO      [40/107] fetching BAJAJFINSV.NS …
2026-07-28 06:16:25,655  INFO      [41/107] fetching HINDALCO.NS …
2026-07-28 06:16:26,164  INFO      [42/107] fetching GRASIM.NS …
2026-07-28 06:16:26,667  INFO      [43/107] fetching DRREDDY.NS …
2026-07-28 06:16:27,170  INFO      [44/107] fetching CIPLA.NS …
2026-07-28 06:16:27,693  INFO      [45/107] fetching DIVISLAB.NS …
2026-07-28 06:16:28,297  INFO      [46/107] fetching EICHERMOT.NS …
2026-07-28 06:16:29,079  INFO      [47/107] fetching BRITANNIA.NS …
2026-07-28 06:16:29,588  INFO      [48/107] fetching HEROMOTOCO.NS …
2026-07-28 06:16:30,100  INFO      [49/107] fetching BAJAJ-AUTO.NS …
2026-07-28 06:16:30,605  INFO      [50/107] fetching INDUSINDBK.NS …
2026-07-28 06:16:31,125  INFO      [51/107] fetching APOLLOHOSP.NS …
2026-07-28 06:16:31,637  INFO      [52/107] fetching TATACONSUM.NS …
2026-07-28 06:16:32,159  INFO      [53/107] fetching UPL.NS …
2026-07-28 06:16:32,661  INFO      [54/107] fetching BPCL.NS …
2026-07-28 06:16:33,174  INFO      [55/107] fetching SBILIFE.NS …
2026-07-28 06:16:33,666  INFO      [56/107] fetching HDFCLIFE.NS …
2026-07-28 06:16:34,155  INFO      [57/107] fetching ADANIPORTS.NS …
2026-07-28 06:16:34,654  INFO      [58/107] fetching LTIM.NS …
2026-07-28 06:16:35,200  WARNING   [LTIM.NS] insufficient history (0 rows)
2026-07-28 06:16:35,600  INFO      [59/107] fetching ABB.NS …
2026-07-28 06:16:36,111  INFO      [60/107] fetching ADANIGREEN.NS …
2026-07-28 06:16:36,593  INFO      [61/107] fetching ADANIPOWER.NS …
2026-07-28 06:16:37,074  INFO      [62/107] fetching AMBUJACEM.NS …
2026-07-28 06:16:37,588  INFO      [63/107] fetching DMART.NS …
2026-07-28 06:16:38,083  INFO      [64/107] fetching BAJAJHLDNG.NS …
2026-07-28 06:16:38,598  INFO      [65/107] fetching BANKBARODA.NS …
2026-07-28 06:16:39,115  INFO      [66/107] fetching BERGEPAINT.NS …
2026-07-28 06:16:39,620  INFO      [67/107] fetching BOSCHLTD.NS …
2026-07-28 06:16:40,141  INFO      [68/107] fetching CANBK.NS …
2026-07-28 06:16:40,642  INFO      [69/107] fetching CHOLAFIN.NS …
2026-07-28 06:16:41,161  INFO      [70/107] fetching COLPAL.NS …
2026-07-28 06:16:41,733  INFO      [71/107] fetching DABUR.NS …
2026-07-28 06:16:42,239  INFO      [72/107] fetching DLF.NS …
2026-07-28 06:16:42,756  INFO      [73/107] fetching GAIL.NS …
2026-07-28 06:16:43,266  INFO      [74/107] fetching GODREJCP.NS …
2026-07-28 06:16:43,773  INFO      [75/107] fetching HAVELLS.NS …
2026-07-28 06:16:44,280  INFO      [76/107] fetching HAL.NS …
2026-07-28 06:16:44,776  INFO      [77/107] fetching ICICIGI.NS …
2026-07-28 06:16:45,269  INFO      [78/107] fetching ICICIPRULI.NS …
2026-07-28 06:16:45,765  INFO      [79/107] fetching IOC.NS …
2026-07-28 06:16:46,302  INFO      [80/107] fetching IRCTC.NS …
2026-07-28 06:16:46,854  INFO      [81/107] fetching JINDALSTEL.NS …
2026-07-28 06:16:47,365  INFO      [82/107] fetching LICI.NS …
2026-07-28 06:16:47,853  INFO      [83/107] fetching MARICO.NS …
2026-07-28 06:16:48,373  INFO      [84/107] fetching MOTHERSON.NS …
2026-07-28 06:16:48,881  INFO      [85/107] fetching NAUKRI.NS …
2026-07-28 06:16:49,381  INFO      [86/107] fetching PIDILITIND.NS …
2026-07-28 06:16:49,881  INFO      [87/107] fetching PNB.NS …
2026-07-28 06:16:50,405  INFO      [88/107] fetching PFC.NS …
2026-07-28 06:16:50,907  INFO      [89/107] fetching RECLTD.NS …
2026-07-28 06:16:51,406  INFO      [90/107] fetching SIEMENS.NS …
2026-07-28 06:16:51,922  INFO      [91/107] fetching SRF.NS …
2026-07-28 06:16:52,431  INFO      [92/107] fetching SHREECEM.NS …
2026-07-28 06:16:52,960  INFO      [93/107] fetching SHRIRAMFIN.NS …
2026-07-28 06:16:53,468  INFO      [94/107] fetching TORNTPHARM.NS …
2026-07-28 06:16:53,974  INFO      [95/107] fetching TRENT.NS …
2026-07-28 06:16:54,486  INFO      [96/107] fetching TVSMOTOR.NS …
2026-07-28 06:16:54,996  INFO      [97/107] fetching VEDL.NS …
2026-07-28 06:16:55,504  INFO      [98/107] fetching VBL.NS …
2026-07-28 06:16:56,005  INFO      [99/107] fetching ZOMATO.NS …
2026-07-28 06:16:56,571  WARNING   [ZOMATO.NS] insufficient history (0 rows)
2026-07-28 06:16:56,971  INFO      [100/107] fetching ZYDUSLIFE.NS …
2026-07-28 06:16:57,497  INFO      [101/107] fetching INDIGO.NS …
2026-07-28 06:16:57,991  INFO      [102/107] fetching IDEA.NS …
2026-07-28 06:16:58,480  INFO      [103/107] fetching BANKINDIA.NS …
2026-07-28 06:16:58,989  INFO      [104/107] fetching PAGEIND.NS …
2026-07-28 06:16:59,491  INFO      [105/107] fetching MUTHOOTFIN.NS …
2026-07-28 06:16:59,987  INFO      [106/107] fetching TATAELXSI.NS …
2026-07-28 06:17:00,489  INFO      [107/107] fetching LUPIN.NS …
2026-07-28 06:17:00,599  INFO      Fetched 104/107 symbols successfully.
2026-07-28 06:17:02,866  WARNING   [MF 120503] fetch failed: HTTPSConnectionPool(host='api.mfapi.in', port=443): Read timed out. (read timeout=2)
2026-07-28 06:17:04,548  INFO      Fetched 200 headlines from RSS (Indian + global/geopolitics).
2026-07-28 06:17:07,586  INFO      Macro regime: neutral | bias=-1 | geo-risk=44.8
2026-07-28 06:17:07,904  INFO      NSE corp announcements: 20 filings
2026-07-28 06:17:09,603  INFO      Angel One login successful.
2026-07-28 06:17:10,703  INFO      Saved report → data/stock_reports/2026-07-28_0617.json
2026-07-28 06:17:11,262  INFO      Report image saved → logs/stock_analyzer/2026-07-28/stock_report.png  [1920×1280]
2026-07-28 06:17:11,263  INFO      Dry-run: skipping send. Image + PDF saved locally; console printed.
2026-07-28 06:17:11,264  INFO      == Stock analyzer run complete ==
2026-07-28 06:17:11,265  INFO      [Note] PAPER TRADING -- virtual cash Rs 100,000, max_positions=6 max_pct=15% buckets=('intraday', 'swing') state=data/paper_trader_state.json
2026-07-28 06:17:11,265  INFO      [Note] PAPER TRADING -- virtual cash Rs 100,000, max_positions=6 max_pct=15% buckets=('intraday', 'swing') state=data/paper_trader_state.json
2026-07-28 06:17:11,267  INFO      paper-trader: new day, archived 4 trades (cumulative ₹-3,617)
2026-07-28 06:17:26,375  INFO      [DRY] Angel order would be: {'variety': 'NORMAL', 'tradingsymbol': 'TORNTPHARM-EQ', 'symboltoken': '3518', 'transactiontype': 'SELL', 'exchange': 'NSE', 'ordertype': 'MARKET', 'producttype': 'INTRADAY', 'duration': 'DAY', 'price': '0', 'squareoff': '0', 'stoploss': '0', 'quantity': '1'}
2026-07-28 06:17:26,375  INFO      [SL] [DRY] CLOSE TORNTPHARM.NS qty=1 @ Rs 4895.00 P&L Rs -84 (gross Rs -76, cost Rs 7; trailing-SL hit @ 4895.00 (peak 5042.40))
2026-07-28 06:17:26,375  INFO      [DRY] Angel order would be: {'variety': 'NORMAL', 'tradingsymbol': 'TCS-EQ', 'symboltoken': '11536', 'transactiontype': 'BUY', 'exchange': 'NSE', 'ordertype': 'MARKET', 'producttype': 'INTRADAY', 'duration': 'DAY', 'price': '0', 'squareoff': '0', 'stoploss': '0', 'quantity': '5'}
2026-07-28 06:17:26,375  INFO      [OPEN] [DRY] TCS.NS qty=5 @ Rs 2407.90 SL Rs 2344.17 TGT Rs 2452.49 (order=None)
2026-07-28 06:17:26,375  INFO      [DRY] Angel order would be: {'variety': 'NORMAL', 'tradingsymbol': 'PERSISTENT-EQ', 'symboltoken': '18365', 'transactiontype': 'BUY', 'exchange': 'NSE', 'ordertype': 'MARKET', 'producttype': 'INTRADAY', 'duration': 'DAY', 'price': '0', 'squareoff': '0', 'stoploss': '0', 'quantity': '1'}
2026-07-28 06:17:26,375  INFO      [OPEN] [DRY] PERSISTENT.NS qty=1 @ Rs 5474.00 SL Rs 5297.80 TGT Rs 5600.78 (order=None)
2026-07-28 06:17:26,375  INFO      [DRY] Angel order would be: {'variety': 'NORMAL', 'tradingsymbol': 'KPITTECH-EQ', 'symboltoken': '9683', 'transactiontype': 'BUY', 'exchange': 'NSE', 'ordertype': 'MARKET', 'producttype': 'INTRADAY', 'duration': 'DAY', 'price': '0', 'squareoff': '0', 'stoploss': '0', 'quantity': '16'}
2026-07-28 06:17:26,376  INFO      [OPEN] [DRY] KPITTECH.NS qty=16 @ Rs 598.10 SL Rs 577.48 TGT Rs 650.17 (order=None)
2026-07-28 06:17:26,376  INFO      [DRY] Angel order would be: {'variety': 'NORMAL', 'tradingsymbol': 'TECHM-EQ', 'symboltoken': '13538', 'transactiontype': 'BUY', 'exchange': 'NSE', 'ordertype': 'MARKET', 'producttype': 'INTRADAY', 'duration': 'DAY', 'price': '0', 'squareoff': '0', 'stoploss': '0', 'quantity': '5'}
2026-07-28 06:17:26,376  INFO      [OPEN] [DRY] TECHM.NS qty=5 @ Rs 1629.90 SL Rs 1584.98 TGT Rs 1707.87 (order=None)
2026-07-28 06:17:26,381  INFO      tick result: {'ok': True, 'actions': 5, 'open_trades': 5, 'closed_today': 1, 'realised_pnl': -83.7, 'cumulative_pnl': -3700.99, 'halted': False, 'messages': ['[SL] [DRY] CLOSE TORNTPHARM.NS qty=1 @ Rs 4895.00 P&L Rs -84 (gross Rs -76, cost Rs 7; trailing-SL hit @ 4895.00 (peak 5042.40))', '[OPEN] [DRY] TCS.NS qty=5 @ Rs 2407.90 SL Rs 2344.17 TGT Rs 2452.49 (order=None)', '[OPEN] [DRY] PERSISTENT.NS qty=1 @ Rs 5474.00 SL Rs 5297.80 TGT Rs 5600.78 (order=None)', '[OPEN] [DRY] KPITTECH.NS qty=16 @ Rs 598.10 SL Rs 577.48 TGT Rs 650.17 (order=None)', '[OPEN] [DRY] TECHM.NS qty=5 @ Rs 1629.90 SL Rs 1584.98 TGT Rs 1707.87 (order=None)']}
2026-07-28 06:17:26,381  INFO      tick result: {'ok': True, 'actions': 5, 'open_trades': 5, 'closed_today': 1, 'realised_pnl': -83.7, 'cumulative_pnl': -3700.99, 'halted': False, 'messages': ['[SL] [DRY] CLOSE TORNTPHARM.NS qty=1 @ Rs 4895.00 P&L Rs -84 (gross Rs -76, cost Rs 7; trailing-SL hit @ 4895.00 (peak 5042.40))', '[OPEN] [DRY] TCS.NS qty=5 @ Rs 2407.90 SL Rs 2344.17 TGT Rs 2452.49 (order=None)', '[OPEN] [DRY] PERSISTENT.NS qty=1 @ Rs 5474.00 SL Rs 5297.80 TGT Rs 5600.78 (order=None)', '[OPEN] [DRY] KPITTECH.NS qty=16 @ Rs 598.10 SL Rs 577.48 TGT Rs 650.17 (order=None)', '[OPEN] [DRY] TECHM.NS qty=5 @ Rs 1629.90 SL Rs 1584.98 TGT Rs 1707.87 (order=None)']}
