2026-06-23 07:35:59,975  INFO      angel_one starting ... (cmd=paper-trade)
2026-06-23 07:35:59,975  INFO      angel_one starting ... (cmd=paper-trade)
2026-06-23 07:35:59,992  INFO      refresh: generating today's picks via analyzer (dry-run, no PDF)
2026-06-23 07:35:59,992  INFO      refresh: generating today's picks via analyzer (dry-run, no PDF)
2026-06-23 07:36:01,152  INFO      == Stock analyzer run starting ==
2026-06-23 07:36:01,153  INFO      Watchlist: 11 symbols from data/stock_watchlist.txt
2026-06-23 07:36:01,153  INFO      Universe: 107 symbols (total available: 107)
2026-06-23 07:36:01,696  INFO      [1/107] fetching TATAPOWER.NS …
2026-06-23 07:36:02,370  INFO      [2/107] fetching IRFC.NS …
2026-06-23 07:36:02,919  INFO      [3/107] fetching SUZLON.NS …
2026-06-23 07:36:03,509  INFO      [4/107] fetching IREDA.NS …
2026-06-23 07:36:04,086  INFO      [5/107] fetching BHEL.NS …
2026-06-23 07:36:04,583  INFO      [6/107] fetching KPITTECH.NS …
2026-06-23 07:36:05,132  INFO      [7/107] fetching POLYCAB.NS …
2026-06-23 07:36:05,619  INFO      [8/107] fetching PERSISTENT.NS …
2026-06-23 07:36:06,111  INFO      [9/107] fetching ITC.NS …
2026-06-23 07:36:06,646  INFO      [10/107] fetching POWERGRID.NS …
2026-06-23 07:36:07,145  INFO      [11/107] fetching COALINDIA.NS …
2026-06-23 07:36:07,650  INFO      [12/107] fetching RELIANCE.NS …
2026-06-23 07:36:08,185  INFO      [13/107] fetching TCS.NS …
2026-06-23 07:36:08,688  INFO      [14/107] fetching HDFCBANK.NS …
2026-06-23 07:36:09,259  INFO      [15/107] fetching INFY.NS …
2026-06-23 07:36:09,772  INFO      [16/107] fetching ICICIBANK.NS …
2026-06-23 07:36:10,345  INFO      [17/107] fetching HINDUNILVR.NS …
2026-06-23 07:36:10,962  INFO      [18/107] fetching SBIN.NS …
2026-06-23 07:36:11,472  INFO      [19/107] fetching BHARTIARTL.NS …
2026-06-23 07:36:11,962  INFO      [20/107] fetching KOTAKBANK.NS …
2026-06-23 07:36:12,464  INFO      [21/107] fetching LT.NS …
2026-06-23 07:36:13,053  INFO      [22/107] fetching AXISBANK.NS …
2026-06-23 07:36:13,673  INFO      [23/107] fetching BAJFINANCE.NS …
2026-06-23 07:36:14,262  INFO      [24/107] fetching ASIANPAINT.NS …
2026-06-23 07:36:14,807  INFO      [25/107] fetching MARUTI.NS …
2026-06-23 07:36:15,312  INFO      [26/107] fetching HCLTECH.NS …
2026-06-23 07:36:15,818  INFO      [27/107] fetching SUNPHARMA.NS …
2026-06-23 07:36:16,435  INFO      [28/107] fetching TITAN.NS …
2026-06-23 07:36:17,018  INFO      [29/107] fetching ULTRACEMCO.NS …
2026-06-23 07:36:17,544  INFO      [30/107] fetching WIPRO.NS …
2026-06-23 07:36:18,056  INFO      [31/107] fetching NESTLEIND.NS …
2026-06-23 07:36:18,635  INFO      [32/107] fetching ADANIENT.NS …
2026-06-23 07:36:19,227  INFO      [33/107] fetching NTPC.NS …
2026-06-23 07:36:19,730  INFO      [34/107] fetching TATAMOTORS.NS …
2026-06-23 07:36:21,242  WARNING   [TATAMOTORS.NS] insufficient history (0 rows)
2026-06-23 07:36:21,642  INFO      [35/107] fetching M&M.NS …
2026-06-23 07:36:22,156  INFO      [36/107] fetching TATASTEEL.NS …
2026-06-23 07:36:22,670  INFO      [37/107] fetching JSWSTEEL.NS …
2026-06-23 07:36:23,206  INFO      [38/107] fetching ONGC.NS …
2026-06-23 07:36:23,717  INFO      [39/107] fetching TECHM.NS …
2026-06-23 07:36:24,257  INFO      [40/107] fetching BAJAJFINSV.NS …
2026-06-23 07:36:24,754  INFO      [41/107] fetching HINDALCO.NS …
2026-06-23 07:36:25,267  INFO      [42/107] fetching GRASIM.NS …
2026-06-23 07:36:25,820  INFO      [43/107] fetching DRREDDY.NS …
2026-06-23 07:36:26,415  INFO      [44/107] fetching CIPLA.NS …
2026-06-23 07:36:27,042  INFO      [45/107] fetching DIVISLAB.NS …
2026-06-23 07:36:27,635  INFO      [46/107] fetching EICHERMOT.NS …
2026-06-23 07:36:28,257  INFO      [47/107] fetching BRITANNIA.NS …
2026-06-23 07:36:28,769  INFO      [48/107] fetching HEROMOTOCO.NS …
2026-06-23 07:36:29,323  INFO      [49/107] fetching BAJAJ-AUTO.NS …
2026-06-23 07:36:29,951  INFO      [50/107] fetching INDUSINDBK.NS …
2026-06-23 07:36:30,554  INFO      [51/107] fetching APOLLOHOSP.NS …
2026-06-23 07:36:31,135  INFO      [52/107] fetching TATACONSUM.NS …
2026-06-23 07:36:31,646  INFO      [53/107] fetching UPL.NS …
2026-06-23 07:36:32,251  INFO      [54/107] fetching BPCL.NS …
2026-06-23 07:36:32,832  INFO      [55/107] fetching SBILIFE.NS …
2026-06-23 07:36:33,387  INFO      [56/107] fetching HDFCLIFE.NS …
2026-06-23 07:36:33,941  INFO      [57/107] fetching ADANIPORTS.NS …
2026-06-23 07:36:34,499  INFO      [58/107] fetching LTIM.NS …
2026-06-23 07:36:35,541  WARNING   [LTIM.NS] insufficient history (0 rows)
2026-06-23 07:36:35,941  INFO      [59/107] fetching ABB.NS …
2026-06-23 07:36:36,514  INFO      [60/107] fetching ADANIGREEN.NS …
2026-06-23 07:36:36,993  INFO      [61/107] fetching ADANIPOWER.NS …
2026-06-23 07:36:37,471  INFO      [62/107] fetching AMBUJACEM.NS …
2026-06-23 07:36:37,974  INFO      [63/107] fetching DMART.NS …
2026-06-23 07:36:38,459  INFO      [64/107] fetching BAJAJHLDNG.NS …
2026-06-23 07:36:38,971  INFO      [65/107] fetching BANKBARODA.NS …
2026-06-23 07:36:39,480  INFO      [66/107] fetching BERGEPAINT.NS …
2026-06-23 07:36:40,002  INFO      [67/107] fetching BOSCHLTD.NS …
2026-06-23 07:36:40,505  INFO      [68/107] fetching CANBK.NS …
2026-06-23 07:36:41,005  INFO      [69/107] fetching CHOLAFIN.NS …
2026-06-23 07:36:41,579  INFO      [70/107] fetching COLPAL.NS …
2026-06-23 07:36:42,179  INFO      [71/107] fetching DABUR.NS …
2026-06-23 07:36:42,787  INFO      [72/107] fetching DLF.NS …
2026-06-23 07:36:43,384  INFO      [73/107] fetching GAIL.NS …
2026-06-23 07:36:43,895  INFO      [74/107] fetching GODREJCP.NS …
2026-06-23 07:36:44,439  INFO      [75/107] fetching HAVELLS.NS …
2026-06-23 07:36:45,047  INFO      [76/107] fetching HAL.NS …
2026-06-23 07:36:45,538  INFO      [77/107] fetching ICICIGI.NS …
2026-06-23 07:36:46,059  INFO      [78/107] fetching ICICIPRULI.NS …
2026-06-23 07:36:46,545  INFO      [79/107] fetching IOC.NS …
2026-06-23 07:36:47,091  INFO      [80/107] fetching IRCTC.NS …
2026-06-23 07:36:47,680  INFO      [81/107] fetching JINDALSTEL.NS …
2026-06-23 07:36:48,184  INFO      [82/107] fetching LICI.NS …
2026-06-23 07:36:48,768  INFO      [83/107] fetching MARICO.NS …
2026-06-23 07:36:49,278  INFO      [84/107] fetching MOTHERSON.NS …
2026-06-23 07:36:49,782  INFO      [85/107] fetching NAUKRI.NS …
2026-06-23 07:36:50,385  INFO      [86/107] fetching PIDILITIND.NS …
2026-06-23 07:36:50,891  INFO      [87/107] fetching PNB.NS …
2026-06-23 07:36:51,411  INFO      [88/107] fetching PFC.NS …
2026-06-23 07:36:51,900  INFO      [89/107] fetching RECLTD.NS …
2026-06-23 07:36:52,390  INFO      [90/107] fetching SIEMENS.NS …
2026-06-23 07:36:52,933  INFO      [91/107] fetching SRF.NS …
2026-06-23 07:36:53,482  INFO      [92/107] fetching SHREECEM.NS …
2026-06-23 07:36:53,988  INFO      [93/107] fetching SHRIRAMFIN.NS …
2026-06-23 07:36:54,490  INFO      [94/107] fetching TORNTPHARM.NS …
2026-06-23 07:36:55,048  INFO      [95/107] fetching TRENT.NS …
2026-06-23 07:36:55,596  INFO      [96/107] fetching TVSMOTOR.NS …
2026-06-23 07:36:56,101  INFO      [97/107] fetching VEDL.NS …
2026-06-23 07:36:56,601  INFO      [98/107] fetching VBL.NS …
2026-06-23 07:36:57,169  INFO      [99/107] fetching ZOMATO.NS …
2026-06-23 07:36:58,311  WARNING   [ZOMATO.NS] insufficient history (0 rows)
2026-06-23 07:36:58,712  INFO      [100/107] fetching ZYDUSLIFE.NS …
2026-06-23 07:36:59,332  INFO      [101/107] fetching INDIGO.NS …
2026-06-23 07:36:59,885  INFO      [102/107] fetching IDEA.NS …
2026-06-23 07:37:00,364  INFO      [103/107] fetching BANKINDIA.NS …
2026-06-23 07:37:01,150  INFO      [104/107] fetching PAGEIND.NS …
2026-06-23 07:37:01,734  INFO      [105/107] fetching MUTHOOTFIN.NS …
2026-06-23 07:37:02,315  INFO      [106/107] fetching TATAELXSI.NS …
2026-06-23 07:37:02,870  INFO      [107/107] fetching LUPIN.NS …
2026-06-23 07:37:03,046  INFO      Fetched 104/107 symbols successfully.
2026-06-23 07:37:08,770  INFO      Fetched 200 headlines from RSS (Indian + global/geopolitics).
2026-06-23 07:37:12,662  INFO      Macro regime: neutral | bias=0 | geo-risk=28.1
2026-06-23 07:37:12,895  INFO      NSE corp announcements: 20 filings
2026-06-23 07:37:14,552  INFO      Angel One login successful.
2026-06-23 07:37:15,660  INFO      Saved report → data/stock_reports/2026-06-23_0737.json
2026-06-23 07:37:16,226  INFO      Report image saved → logs/stock_analyzer/2026-06-23/stock_report.png  [1920×1280]
2026-06-23 07:37:16,227  INFO      Dry-run: skipping send. Image + PDF saved locally; console printed.
2026-06-23 07:37:16,227  INFO      == Stock analyzer run complete ==
2026-06-23 07:37:16,231  INFO      [Note] PAPER TRADING -- virtual cash Rs 100,000, max_positions=6 max_pct=15% buckets=('intraday', 'swing') state=data/paper_trader_state.json
2026-06-23 07:37:16,231  INFO      [Note] PAPER TRADING -- virtual cash Rs 100,000, max_positions=6 max_pct=15% buckets=('intraday', 'swing') state=data/paper_trader_state.json
2026-06-23 07:37:16,232  INFO      paper-trader: new day, archived 4 trades (cumulative ₹-981)
2026-06-23 07:37:32,748  INFO      [DRY] Angel order would be: {'variety': 'NORMAL', 'tradingsymbol': 'NAUKRI-EQ', 'symboltoken': '13751', 'transactiontype': 'BUY', 'exchange': 'NSE', 'ordertype': 'MARKET', 'producttype': 'INTRADAY', 'duration': 'DAY', 'price': '0', 'squareoff': '0', 'stoploss': '0', 'quantity': '12'}
2026-06-23 07:37:32,749  INFO      [OPEN] [DRY] NAUKRI.NS qty=12 @ Rs 1015.00 SL Rs 982.85 TGT Rs 1020.31 (order=None)
2026-06-23 07:37:32,749  INFO      [DRY] Angel order would be: {'variety': 'NORMAL', 'tradingsymbol': 'CIPLA-EQ', 'symboltoken': '694', 'transactiontype': 'BUY', 'exchange': 'NSE', 'ordertype': 'MARKET', 'producttype': 'INTRADAY', 'duration': 'DAY', 'price': '0', 'squareoff': '0', 'stoploss': '0', 'quantity': '7'}
2026-06-23 07:37:32,749  INFO      [OPEN] [DRY] CIPLA.NS qty=7 @ Rs 1448.00 SL Rs 1418.55 TGT Rs 1517.46 (order=None)
2026-06-23 07:37:32,749  INFO      [DRY] Angel order would be: {'variety': 'NORMAL', 'tradingsymbol': 'DRREDDY-EQ', 'symboltoken': '881', 'transactiontype': 'BUY', 'exchange': 'NSE', 'ordertype': 'MARKET', 'producttype': 'INTRADAY', 'duration': 'DAY', 'price': '0', 'squareoff': '0', 'stoploss': '0', 'quantity': '7'}
2026-06-23 07:37:32,749  INFO      [OPEN] [DRY] DRREDDY.NS qty=7 @ Rs 1304.10 SL Rs 1292.21 TGT Rs 1325.94 (order=None)
2026-06-23 07:37:32,749  INFO      [DRY] Angel order would be: {'variety': 'NORMAL', 'tradingsymbol': 'LICI-EQ', 'symboltoken': '9480', 'transactiontype': 'BUY', 'exchange': 'NSE', 'ordertype': 'MARKET', 'producttype': 'INTRADAY', 'duration': 'DAY', 'price': '0', 'squareoff': '0', 'stoploss': '0', 'quantity': '18'}
2026-06-23 07:37:32,749  INFO      [OPEN] [DRY] LICI.NS qty=18 @ Rs 442.15 SL Rs 432.07 TGT Rs 463.28 (order=None)
2026-06-23 07:37:32,752  INFO      tick result: {'ok': True, 'actions': 4, 'open_trades': 6, 'closed_today': 0, 'realised_pnl': 0.0, 'cumulative_pnl': -981.17, 'halted': False, 'messages': ['[OPEN] [DRY] NAUKRI.NS qty=12 @ Rs 1015.00 SL Rs 982.85 TGT Rs 1020.31 (order=None)', '[OPEN] [DRY] CIPLA.NS qty=7 @ Rs 1448.00 SL Rs 1418.55 TGT Rs 1517.46 (order=None)', '[OPEN] [DRY] DRREDDY.NS qty=7 @ Rs 1304.10 SL Rs 1292.21 TGT Rs 1325.94 (order=None)', '[OPEN] [DRY] LICI.NS qty=18 @ Rs 442.15 SL Rs 432.07 TGT Rs 463.28 (order=None)']}
2026-06-23 07:37:32,752  INFO      tick result: {'ok': True, 'actions': 4, 'open_trades': 6, 'closed_today': 0, 'realised_pnl': 0.0, 'cumulative_pnl': -981.17, 'halted': False, 'messages': ['[OPEN] [DRY] NAUKRI.NS qty=12 @ Rs 1015.00 SL Rs 982.85 TGT Rs 1020.31 (order=None)', '[OPEN] [DRY] CIPLA.NS qty=7 @ Rs 1448.00 SL Rs 1418.55 TGT Rs 1517.46 (order=None)', '[OPEN] [DRY] DRREDDY.NS qty=7 @ Rs 1304.10 SL Rs 1292.21 TGT Rs 1325.94 (order=None)', '[OPEN] [DRY] LICI.NS qty=18 @ Rs 442.15 SL Rs 432.07 TGT Rs 463.28 (order=None)']}
