2026-08-14 05:21:21,198  INFO      angel_one starting ... (cmd=paper-trade)
2026-08-14 05:21:21,198  INFO      angel_one starting ... (cmd=paper-trade)
2026-08-14 05:21:21,215  INFO      refresh: generating today's picks via analyzer (dry-run, no PDF)
2026-08-14 05:21:21,215  INFO      refresh: generating today's picks via analyzer (dry-run, no PDF)
2026-08-14 05:21:21,752  INFO      == Stock analyzer run starting ==
2026-08-14 05:21:21,752  INFO      Watchlist: 11 symbols from data/stock_watchlist.txt
2026-08-14 05:21:21,753  INFO      Universe: 107 symbols (total available: 107)
2026-08-14 05:21:22,504  INFO      [1/107] fetching TATAPOWER.NS …
2026-08-14 05:21:23,038  INFO      [2/107] fetching IRFC.NS …
2026-08-14 05:21:23,523  INFO      [3/107] fetching SUZLON.NS …
2026-08-14 05:21:24,049  INFO      [4/107] fetching IREDA.NS …
2026-08-14 05:21:24,561  INFO      [5/107] fetching BHEL.NS …
2026-08-14 05:21:25,063  INFO      [6/107] fetching KPITTECH.NS …
2026-08-14 05:21:25,578  INFO      [7/107] fetching POLYCAB.NS …
2026-08-14 05:21:26,073  INFO      [8/107] fetching PERSISTENT.NS …
2026-08-14 05:21:26,567  INFO      [9/107] fetching ITC.NS …
2026-08-14 05:21:27,070  INFO      [10/107] fetching POWERGRID.NS …
2026-08-14 05:21:27,572  INFO      [11/107] fetching COALINDIA.NS …
2026-08-14 05:21:28,226  INFO      [12/107] fetching RELIANCE.NS …
2026-08-14 05:21:28,725  INFO      [13/107] fetching TCS.NS …
2026-08-14 05:21:29,251  INFO      [14/107] fetching HDFCBANK.NS …
2026-08-14 05:21:29,758  INFO      [15/107] fetching INFY.NS …
2026-08-14 05:21:30,270  INFO      [16/107] fetching ICICIBANK.NS …
2026-08-14 05:21:30,786  INFO      [17/107] fetching HINDUNILVR.NS …
2026-08-14 05:21:31,288  INFO      [18/107] fetching SBIN.NS …
2026-08-14 05:21:31,799  INFO      [19/107] fetching BHARTIARTL.NS …
2026-08-14 05:21:32,295  INFO      [20/107] fetching KOTAKBANK.NS …
2026-08-14 05:21:32,834  INFO      [21/107] fetching LT.NS …
2026-08-14 05:21:33,382  INFO      [22/107] fetching AXISBANK.NS …
2026-08-14 05:21:33,898  INFO      [23/107] fetching BAJFINANCE.NS …
2026-08-14 05:21:34,405  INFO      [24/107] fetching ASIANPAINT.NS …
2026-08-14 05:21:34,907  INFO      [25/107] fetching MARUTI.NS …
2026-08-14 05:21:35,406  INFO      [26/107] fetching HCLTECH.NS …
2026-08-14 05:21:35,914  INFO      [27/107] fetching SUNPHARMA.NS …
2026-08-14 05:21:36,420  INFO      [28/107] fetching TITAN.NS …
2026-08-14 05:21:36,918  INFO      [29/107] fetching ULTRACEMCO.NS …
2026-08-14 05:21:37,447  INFO      [30/107] fetching WIPRO.NS …
2026-08-14 05:21:37,957  INFO      [31/107] fetching NESTLEIND.NS …
2026-08-14 05:21:38,459  INFO      [32/107] fetching ADANIENT.NS …
2026-08-14 05:21:38,995  INFO      [33/107] fetching NTPC.NS …
2026-08-14 05:21:39,489  INFO      [34/107] fetching TATAMOTORS.NS …
2026-08-14 05:21:40,520  WARNING   [TATAMOTORS.NS] insufficient history (0 rows)
2026-08-14 05:21:40,920  INFO      [35/107] fetching M&M.NS …
2026-08-14 05:21:41,455  INFO      [36/107] fetching TATASTEEL.NS …
2026-08-14 05:21:41,962  INFO      [37/107] fetching JSWSTEEL.NS …
2026-08-14 05:21:42,476  INFO      [38/107] fetching ONGC.NS …
2026-08-14 05:21:42,989  INFO      [39/107] fetching TECHM.NS …
2026-08-14 05:21:43,521  INFO      [40/107] fetching BAJAJFINSV.NS …
2026-08-14 05:21:44,019  INFO      [41/107] fetching HINDALCO.NS …
2026-08-14 05:21:44,540  INFO      [42/107] fetching GRASIM.NS …
2026-08-14 05:21:45,042  INFO      [43/107] fetching DRREDDY.NS …
2026-08-14 05:21:45,542  INFO      [44/107] fetching CIPLA.NS …
2026-08-14 05:21:46,053  INFO      [45/107] fetching DIVISLAB.NS …
2026-08-14 05:21:46,557  INFO      [46/107] fetching EICHERMOT.NS …
2026-08-14 05:21:47,066  INFO      [47/107] fetching BRITANNIA.NS …
2026-08-14 05:21:47,575  INFO      [48/107] fetching HEROMOTOCO.NS …
2026-08-14 05:21:48,108  INFO      [49/107] fetching BAJAJ-AUTO.NS …
2026-08-14 05:21:48,614  INFO      [50/107] fetching INDUSINDBK.NS …
2026-08-14 05:21:49,119  INFO      [51/107] fetching APOLLOHOSP.NS …
2026-08-14 05:21:49,617  INFO      [52/107] fetching TATACONSUM.NS …
2026-08-14 05:21:50,126  INFO      [53/107] fetching UPL.NS …
2026-08-14 05:21:50,623  INFO      [54/107] fetching BPCL.NS …
2026-08-14 05:21:51,136  INFO      [55/107] fetching SBILIFE.NS …
2026-08-14 05:21:51,624  INFO      [56/107] fetching HDFCLIFE.NS …
2026-08-14 05:21:52,139  INFO      [57/107] fetching ADANIPORTS.NS …
2026-08-14 05:21:52,650  INFO      [58/107] fetching LTIM.NS …
2026-08-14 05:21:53,253  WARNING   [LTIM.NS] insufficient history (0 rows)
2026-08-14 05:21:53,654  INFO      [59/107] fetching ABB.NS …
2026-08-14 05:21:54,166  INFO      [60/107] fetching ADANIGREEN.NS …
2026-08-14 05:21:54,667  INFO      [61/107] fetching ADANIPOWER.NS …
2026-08-14 05:21:55,162  INFO      [62/107] fetching AMBUJACEM.NS …
2026-08-14 05:21:55,700  INFO      [63/107] fetching DMART.NS …
2026-08-14 05:21:56,220  INFO      [64/107] fetching BAJAJHLDNG.NS …
2026-08-14 05:21:56,730  INFO      [65/107] fetching BANKBARODA.NS …
2026-08-14 05:21:57,283  INFO      [66/107] fetching BERGEPAINT.NS …
2026-08-14 05:21:57,829  INFO      [67/107] fetching BOSCHLTD.NS …
2026-08-14 05:21:58,352  INFO      [68/107] fetching CANBK.NS …
2026-08-14 05:21:58,851  INFO      [69/107] fetching CHOLAFIN.NS …
2026-08-14 05:21:59,360  INFO      [70/107] fetching COLPAL.NS …
2026-08-14 05:21:59,868  INFO      [71/107] fetching DABUR.NS …
2026-08-14 05:22:00,373  INFO      [72/107] fetching DLF.NS …
2026-08-14 05:22:00,866  INFO      [73/107] fetching GAIL.NS …
2026-08-14 05:22:01,385  INFO      [74/107] fetching GODREJCP.NS …
2026-08-14 05:22:01,914  INFO      [75/107] fetching HAVELLS.NS …
2026-08-14 05:22:02,416  INFO      [76/107] fetching HAL.NS …
2026-08-14 05:22:02,904  INFO      [77/107] fetching ICICIGI.NS …
2026-08-14 05:22:03,390  INFO      [78/107] fetching ICICIPRULI.NS …
2026-08-14 05:22:03,881  INFO      [79/107] fetching IOC.NS …
2026-08-14 05:22:04,393  INFO      [80/107] fetching IRCTC.NS …
2026-08-14 05:22:04,895  INFO      [81/107] fetching JINDALSTEL.NS …
2026-08-14 05:22:05,407  INFO      [82/107] fetching LICI.NS …
2026-08-14 05:22:05,904  INFO      [83/107] fetching MARICO.NS …
2026-08-14 05:22:06,410  INFO      [84/107] fetching MOTHERSON.NS …
2026-08-14 05:22:06,922  INFO      [85/107] fetching NAUKRI.NS …
2026-08-14 05:22:07,421  INFO      [86/107] fetching PIDILITIND.NS …
2026-08-14 05:22:07,921  INFO      [87/107] fetching PNB.NS …
2026-08-14 05:22:08,450  INFO      [88/107] fetching PFC.NS …
2026-08-14 05:22:08,950  INFO      [89/107] fetching RECLTD.NS …
2026-08-14 05:22:09,468  INFO      [90/107] fetching SIEMENS.NS …
2026-08-14 05:22:09,978  INFO      [91/107] fetching SRF.NS …
2026-08-14 05:22:10,481  INFO      [92/107] fetching SHREECEM.NS …
2026-08-14 05:22:10,992  INFO      [93/107] fetching SHRIRAMFIN.NS …
2026-08-14 05:22:11,504  INFO      [94/107] fetching TORNTPHARM.NS …
2026-08-14 05:22:12,012  INFO      [95/107] fetching TRENT.NS …
2026-08-14 05:22:12,512  INFO      [96/107] fetching TVSMOTOR.NS …
2026-08-14 05:22:13,045  INFO      [97/107] fetching VEDL.NS …
2026-08-14 05:22:13,553  INFO      [98/107] fetching VBL.NS …
2026-08-14 05:22:14,053  INFO      [99/107] fetching ZOMATO.NS …
2026-08-14 05:22:14,585  WARNING   [ZOMATO.NS] insufficient history (0 rows)
2026-08-14 05:22:14,985  INFO      [100/107] fetching ZYDUSLIFE.NS …
2026-08-14 05:22:15,576  INFO      [101/107] fetching INDIGO.NS …
2026-08-14 05:22:16,061  INFO      [102/107] fetching IDEA.NS …
2026-08-14 05:22:16,547  INFO      [103/107] fetching BANKINDIA.NS …
2026-08-14 05:22:17,049  INFO      [104/107] fetching PAGEIND.NS …
2026-08-14 05:22:17,548  INFO      [105/107] fetching MUTHOOTFIN.NS …
2026-08-14 05:22:18,063  INFO      [106/107] fetching TATAELXSI.NS …
2026-08-14 05:22:18,595  INFO      [107/107] fetching LUPIN.NS …
2026-08-14 05:22:18,738  INFO      Fetched 104/107 symbols successfully.
2026-08-14 05:22:23,489  INFO      Fetched 200 headlines from RSS (Indian + global/geopolitics).
2026-08-14 05:22:27,387  INFO      Macro regime: risk-on | bias=3 | geo-risk=46.4
2026-08-14 05:22:27,612  INFO      NSE corp announcements: 20 filings
2026-08-14 05:22:29,152  INFO      Angel One login successful.
2026-08-14 05:22:30,281  INFO      Saved report → data/stock_reports/2026-08-14_0522.json
2026-08-14 05:22:30,795  INFO      Report image saved → logs/stock_analyzer/2026-08-14/stock_report.png  [1920×1280]
2026-08-14 05:22:30,796  INFO      Dry-run: skipping send. Image + PDF saved locally; console printed.
2026-08-14 05:22:30,796  INFO      == Stock analyzer run complete ==
2026-08-14 05:22:30,800  INFO      [Note] PAPER TRADING -- virtual cash Rs 100,000, max_positions=6 max_pct=15% buckets=('intraday', 'swing') state=data/paper_trader_state.json
2026-08-14 05:22:30,800  INFO      [Note] PAPER TRADING -- virtual cash Rs 100,000, max_positions=6 max_pct=15% buckets=('intraday', 'swing') state=data/paper_trader_state.json
2026-08-14 05:22:30,802  INFO      paper-trader: new day, archived 7 trades (cumulative ₹-4,226)
2026-08-14 05:22:44,635  INFO      [DRY] Angel order would be: {'variety': 'NORMAL', 'tradingsymbol': 'IDEA-EQ', 'symboltoken': '14366', 'transactiontype': 'BUY', 'exchange': 'NSE', 'ordertype': 'MARKET', 'producttype': 'INTRADAY', 'duration': 'DAY', 'price': '0', 'squareoff': '0', 'stoploss': '0', 'quantity': '883'}
2026-08-14 05:22:44,635  INFO      [OPEN] [DRY] IDEA.NS qty=883 @ Rs 14.04 SL Rs 13.76 TGT Rs 14.30 (order=None)
2026-08-14 05:22:44,635  INFO      [DRY] Angel order would be: {'variety': 'NORMAL', 'tradingsymbol': 'APOLLOHOSP-EQ', 'symboltoken': '157', 'transactiontype': 'BUY', 'exchange': 'NSE', 'ordertype': 'MARKET', 'producttype': 'INTRADAY', 'duration': 'DAY', 'price': '0', 'squareoff': '0', 'stoploss': '0', 'quantity': '1'}
2026-08-14 05:22:44,635  INFO      [OPEN] [DRY] APOLLOHOSP.NS qty=1 @ Rs 8887.00 SL Rs 8727.64 TGT Rs 8932.10 (order=None)
2026-08-14 05:22:44,636  INFO      [DRY] Angel order would be: {'variety': 'NORMAL', 'tradingsymbol': 'BERGEPAINT-EQ', 'symboltoken': '404', 'transactiontype': 'BUY', 'exchange': 'NSE', 'ordertype': 'MARKET', 'producttype': 'INTRADAY', 'duration': 'DAY', 'price': '0', 'squareoff': '0', 'stoploss': '0', 'quantity': '16'}
2026-08-14 05:22:44,636  INFO      [OPEN] [DRY] BERGEPAINT.NS qty=16 @ Rs 556.40 SL Rs 539.47 TGT Rs 556.19 (order=None)
2026-08-14 05:22:44,636  INFO      [DRY] Angel order would be: {'variety': 'NORMAL', 'tradingsymbol': 'BHEL-EQ', 'symboltoken': '438', 'transactiontype': 'BUY', 'exchange': 'NSE', 'ordertype': 'MARKET', 'producttype': 'INTRADAY', 'duration': 'DAY', 'price': '0', 'squareoff': '0', 'stoploss': '0', 'quantity': '18'}
2026-08-14 05:22:44,636  INFO      [OPEN] [DRY] BHEL.NS qty=18 @ Rs 421.60 SL Rs 409.27 TGT Rs 421.56 (order=None)
2026-08-14 05:22:44,641  INFO      tick result: {'ok': True, 'actions': 4, 'open_trades': 6, 'closed_today': 0, 'realised_pnl': 0.0, 'cumulative_pnl': -4226.1, 'halted': False, 'messages': ['[OPEN] [DRY] IDEA.NS qty=883 @ Rs 14.04 SL Rs 13.76 TGT Rs 14.30 (order=None)', '[OPEN] [DRY] APOLLOHOSP.NS qty=1 @ Rs 8887.00 SL Rs 8727.64 TGT Rs 8932.10 (order=None)', '[OPEN] [DRY] BERGEPAINT.NS qty=16 @ Rs 556.40 SL Rs 539.47 TGT Rs 556.19 (order=None)', '[OPEN] [DRY] BHEL.NS qty=18 @ Rs 421.60 SL Rs 409.27 TGT Rs 421.56 (order=None)']}
2026-08-14 05:22:44,641  INFO      tick result: {'ok': True, 'actions': 4, 'open_trades': 6, 'closed_today': 0, 'realised_pnl': 0.0, 'cumulative_pnl': -4226.1, 'halted': False, 'messages': ['[OPEN] [DRY] IDEA.NS qty=883 @ Rs 14.04 SL Rs 13.76 TGT Rs 14.30 (order=None)', '[OPEN] [DRY] APOLLOHOSP.NS qty=1 @ Rs 8887.00 SL Rs 8727.64 TGT Rs 8932.10 (order=None)', '[OPEN] [DRY] BERGEPAINT.NS qty=16 @ Rs 556.40 SL Rs 539.47 TGT Rs 556.19 (order=None)', '[OPEN] [DRY] BHEL.NS qty=18 @ Rs 421.60 SL Rs 409.27 TGT Rs 421.56 (order=None)']}
