2026-06-12 08:13:43,277  INFO      angel_one starting ... (cmd=paper-trade)
2026-06-12 08:13:43,277  INFO      angel_one starting ... (cmd=paper-trade)
2026-06-12 08:13:43,294  INFO      refresh: generating today's picks via analyzer (dry-run, no PDF)
2026-06-12 08:13:43,294  INFO      refresh: generating today's picks via analyzer (dry-run, no PDF)
2026-06-12 08:13:44,651  INFO      == Stock analyzer run starting ==
2026-06-12 08:13:44,651  INFO      Watchlist: 11 symbols from data/stock_watchlist.txt
2026-06-12 08:13:44,652  INFO      Universe: 107 symbols (total available: 107)
2026-06-12 08:13:45,315  INFO      [1/107] fetching TATAPOWER.NS …
2026-06-12 08:13:45,891  INFO      [2/107] fetching IRFC.NS …
2026-06-12 08:13:46,380  INFO      [3/107] fetching SUZLON.NS …
2026-06-12 08:13:46,869  INFO      [4/107] fetching IREDA.NS …
2026-06-12 08:13:47,347  INFO      [5/107] fetching BHEL.NS …
2026-06-12 08:13:47,853  INFO      [6/107] fetching KPITTECH.NS …
2026-06-12 08:13:48,341  INFO      [7/107] fetching POLYCAB.NS …
2026-06-12 08:13:48,835  INFO      [8/107] fetching PERSISTENT.NS …
2026-06-12 08:13:49,337  INFO      [9/107] fetching ITC.NS …
2026-06-12 08:13:49,856  INFO      [10/107] fetching POWERGRID.NS …
2026-06-12 08:13:50,362  INFO      [11/107] fetching COALINDIA.NS …
2026-06-12 08:13:50,857  INFO      [12/107] fetching RELIANCE.NS …
2026-06-12 08:13:51,379  INFO      [13/107] fetching TCS.NS …
2026-06-12 08:13:51,880  INFO      [14/107] fetching HDFCBANK.NS …
2026-06-12 08:13:52,391  INFO      [15/107] fetching INFY.NS …
2026-06-12 08:13:52,934  INFO      [16/107] fetching ICICIBANK.NS …
2026-06-12 08:13:53,445  INFO      [17/107] fetching HINDUNILVR.NS …
2026-06-12 08:13:53,985  INFO      [18/107] fetching SBIN.NS …
2026-06-12 08:13:54,502  INFO      [19/107] fetching BHARTIARTL.NS …
2026-06-12 08:13:54,994  INFO      [20/107] fetching KOTAKBANK.NS …
2026-06-12 08:13:55,503  INFO      [21/107] fetching LT.NS …
2026-06-12 08:13:56,007  INFO      [22/107] fetching AXISBANK.NS …
2026-06-12 08:13:56,515  INFO      [23/107] fetching BAJFINANCE.NS …
2026-06-12 08:13:57,039  INFO      [24/107] fetching ASIANPAINT.NS …
2026-06-12 08:13:57,542  INFO      [25/107] fetching MARUTI.NS …
2026-06-12 08:13:58,043  INFO      [26/107] fetching HCLTECH.NS …
2026-06-12 08:13:58,551  INFO      [27/107] fetching SUNPHARMA.NS …
2026-06-12 08:13:59,069  INFO      [28/107] fetching TITAN.NS …
2026-06-12 08:13:59,566  INFO      [29/107] fetching ULTRACEMCO.NS …
2026-06-12 08:14:00,094  INFO      [30/107] fetching WIPRO.NS …
2026-06-12 08:14:00,606  INFO      [31/107] fetching NESTLEIND.NS …
2026-06-12 08:14:01,112  INFO      [32/107] fetching ADANIENT.NS …
2026-06-12 08:14:01,619  INFO      [33/107] fetching NTPC.NS …
2026-06-12 08:14:02,147  INFO      [34/107] fetching TATAMOTORS.NS …
2026-06-12 08:14:03,057  WARNING   [TATAMOTORS.NS] insufficient history (0 rows)
2026-06-12 08:14:03,457  INFO      [35/107] fetching M&M.NS …
2026-06-12 08:14:03,970  INFO      [36/107] fetching TATASTEEL.NS …
2026-06-12 08:14:04,483  INFO      [37/107] fetching JSWSTEEL.NS …
2026-06-12 08:14:04,983  INFO      [38/107] fetching ONGC.NS …
2026-06-12 08:14:05,493  INFO      [39/107] fetching TECHM.NS …
2026-06-12 08:14:05,998  INFO      [40/107] fetching BAJAJFINSV.NS …
2026-06-12 08:14:06,494  INFO      [41/107] fetching HINDALCO.NS …
2026-06-12 08:14:06,998  INFO      [42/107] fetching GRASIM.NS …
2026-06-12 08:14:07,508  INFO      [43/107] fetching DRREDDY.NS …
2026-06-12 08:14:08,046  INFO      [44/107] fetching CIPLA.NS …
2026-06-12 08:14:08,563  INFO      [45/107] fetching DIVISLAB.NS …
2026-06-12 08:14:09,070  INFO      [46/107] fetching EICHERMOT.NS …
2026-06-12 08:14:09,575  INFO      [47/107] fetching BRITANNIA.NS …
2026-06-12 08:14:10,090  INFO      [48/107] fetching HEROMOTOCO.NS …
2026-06-12 08:14:10,643  INFO      [49/107] fetching BAJAJ-AUTO.NS …
2026-06-12 08:14:11,144  INFO      [50/107] fetching INDUSINDBK.NS …
2026-06-12 08:14:11,642  INFO      [51/107] fetching APOLLOHOSP.NS …
2026-06-12 08:14:12,149  INFO      [52/107] fetching TATACONSUM.NS …
2026-06-12 08:14:12,655  INFO      [53/107] fetching UPL.NS …
2026-06-12 08:14:13,153  INFO      [54/107] fetching BPCL.NS …
2026-06-12 08:14:13,680  INFO      [55/107] fetching SBILIFE.NS …
2026-06-12 08:14:14,168  INFO      [56/107] fetching HDFCLIFE.NS …
2026-06-12 08:14:14,653  INFO      [57/107] fetching ADANIPORTS.NS …
2026-06-12 08:14:15,180  INFO      [58/107] fetching LTIM.NS …
2026-06-12 08:14:15,678  WARNING   [LTIM.NS] insufficient history (0 rows)
2026-06-12 08:14:16,078  INFO      [59/107] fetching ABB.NS …
2026-06-12 08:14:16,592  INFO      [60/107] fetching ADANIGREEN.NS …
2026-06-12 08:14:17,100  INFO      [61/107] fetching ADANIPOWER.NS …
2026-06-12 08:14:17,582  INFO      [62/107] fetching AMBUJACEM.NS …
2026-06-12 08:14:18,084  INFO      [63/107] fetching DMART.NS …
2026-06-12 08:14:18,564  INFO      [64/107] fetching BAJAJHLDNG.NS …
2026-06-12 08:14:19,072  INFO      [65/107] fetching BANKBARODA.NS …
2026-06-12 08:14:19,582  INFO      [66/107] fetching BERGEPAINT.NS …
2026-06-12 08:14:20,088  INFO      [67/107] fetching BOSCHLTD.NS …
2026-06-12 08:14:20,588  INFO      [68/107] fetching CANBK.NS …
2026-06-12 08:14:21,089  INFO      [69/107] fetching CHOLAFIN.NS …
2026-06-12 08:14:21,593  INFO      [70/107] fetching COLPAL.NS …
2026-06-12 08:14:22,129  INFO      [71/107] fetching DABUR.NS …
2026-06-12 08:14:22,636  INFO      [72/107] fetching DLF.NS …
2026-06-12 08:14:23,134  INFO      [73/107] fetching GAIL.NS …
2026-06-12 08:14:23,643  INFO      [74/107] fetching GODREJCP.NS …
2026-06-12 08:14:24,162  INFO      [75/107] fetching HAVELLS.NS …
2026-06-12 08:14:24,667  INFO      [76/107] fetching HAL.NS …
2026-06-12 08:14:25,153  INFO      [77/107] fetching ICICIGI.NS …
2026-06-12 08:14:25,647  INFO      [78/107] fetching ICICIPRULI.NS …
2026-06-12 08:14:26,137  INFO      [79/107] fetching IOC.NS …
2026-06-12 08:14:26,653  INFO      [80/107] fetching IRCTC.NS …
2026-06-12 08:14:27,136  INFO      [81/107] fetching JINDALSTEL.NS …
2026-06-12 08:14:27,643  INFO      [82/107] fetching LICI.NS …
2026-06-12 08:14:28,130  INFO      [83/107] fetching MARICO.NS …
2026-06-12 08:14:28,638  INFO      [84/107] fetching MOTHERSON.NS …
2026-06-12 08:14:29,145  INFO      [85/107] fetching NAUKRI.NS …
2026-06-12 08:14:29,641  INFO      [86/107] fetching PIDILITIND.NS …
2026-06-12 08:14:30,174  INFO      [87/107] fetching PNB.NS …
2026-06-12 08:14:30,683  INFO      [88/107] fetching PFC.NS …
2026-06-12 08:14:31,181  INFO      [89/107] fetching RECLTD.NS …
2026-06-12 08:14:31,681  INFO      [90/107] fetching SIEMENS.NS …
2026-06-12 08:14:32,182  INFO      [91/107] fetching SRF.NS …
2026-06-12 08:14:32,687  INFO      [92/107] fetching SHREECEM.NS …
2026-06-12 08:14:33,189  INFO      [93/107] fetching SHRIRAMFIN.NS …
2026-06-12 08:14:33,693  INFO      [94/107] fetching TORNTPHARM.NS …
2026-06-12 08:14:34,192  INFO      [95/107] fetching TRENT.NS …
2026-06-12 08:14:34,725  INFO      [96/107] fetching TVSMOTOR.NS …
2026-06-12 08:14:35,236  INFO      [97/107] fetching VEDL.NS …
2026-06-12 08:14:35,743  INFO      [98/107] fetching VBL.NS …
2026-06-12 08:14:36,238  INFO      [99/107] fetching ZOMATO.NS …
2026-06-12 08:14:36,722  WARNING   [ZOMATO.NS] insufficient history (0 rows)
2026-06-12 08:14:37,122  INFO      [100/107] fetching ZYDUSLIFE.NS …
2026-06-12 08:14:37,626  INFO      [101/107] fetching INDIGO.NS …
2026-06-12 08:14:38,112  INFO      [102/107] fetching IDEA.NS …
2026-06-12 08:14:38,594  INFO      [103/107] fetching BANKINDIA.NS …
2026-06-12 08:14:39,104  INFO      [104/107] fetching PAGEIND.NS …
2026-06-12 08:14:39,601  INFO      [105/107] fetching MUTHOOTFIN.NS …
2026-06-12 08:14:40,105  INFO      [106/107] fetching TATAELXSI.NS …
2026-06-12 08:14:40,610  INFO      [107/107] fetching LUPIN.NS …
2026-06-12 08:14:40,720  INFO      Fetched 104/107 symbols successfully.
2026-06-12 08:14:42,967  WARNING   [MF 120503] fetch failed: HTTPSConnectionPool(host='api.mfapi.in', port=443): Read timed out. (read timeout=2)
2026-06-12 08:14:43,628  INFO      Fetched 200 headlines from RSS (Indian + global/geopolitics).
2026-06-12 08:14:46,057  INFO      Macro regime: neutral | bias=1 | geo-risk=37.0
2026-06-12 08:14:46,312  INFO      NSE corp announcements: 20 filings
2026-06-12 08:14:47,905  INFO      Angel One login successful.
2026-06-12 08:14:49,028  INFO      Saved report → data/stock_reports/2026-06-12_0814.json
2026-06-12 08:14:49,659  INFO      Report image saved → logs/stock_analyzer/2026-06-12/stock_report.png  [1920×1280]
2026-06-12 08:14:49,660  INFO      Dry-run: skipping send. Image + PDF saved locally; console printed.
2026-06-12 08:14:49,660  INFO      == Stock analyzer run complete ==
2026-06-12 08:14:49,662  INFO      [Note] PAPER TRADING -- virtual cash Rs 100,000, max_positions=6 max_pct=15% buckets=('intraday', 'swing') state=data/paper_trader_state.json
2026-06-12 08:14:49,662  INFO      [Note] PAPER TRADING -- virtual cash Rs 100,000, max_positions=6 max_pct=15% buckets=('intraday', 'swing') state=data/paper_trader_state.json
2026-06-12 08:14:49,663  INFO      paper-trader: new day, archived 6 trades (cumulative ₹-1,444)
2026-06-12 08:15:01,368  INFO      [DRY] Angel order would be: {'variety': 'NORMAL', 'tradingsymbol': 'INDIGO-EQ', 'symboltoken': '11195', 'transactiontype': 'BUY', 'exchange': 'NSE', 'ordertype': 'MARKET', 'producttype': 'INTRADAY', 'duration': 'DAY', 'price': '0', 'squareoff': '0', 'stoploss': '0', 'quantity': '2'}
2026-06-12 08:15:01,369  INFO      [OPEN] [DRY] INDIGO.NS qty=2 @ Rs 4703.10 SL Rs 4573.38 TGT Rs 4734.51 (order=None)
2026-06-12 08:15:01,369  INFO      [DRY] Angel order would be: {'variety': 'NORMAL', 'tradingsymbol': 'BANKBARODA-EQ', 'symboltoken': '4668', 'transactiontype': 'BUY', 'exchange': 'NSE', 'ordertype': 'MARKET', 'producttype': 'INTRADAY', 'duration': 'DAY', 'price': '0', 'squareoff': '0', 'stoploss': '0', 'quantity': '45'}
2026-06-12 08:15:01,369  INFO      [OPEN] [DRY] BANKBARODA.NS qty=45 @ Rs 273.30 SL Rs 265.61 TGT Rs 273.70 (order=None)
2026-06-12 08:15:01,369  INFO      [DRY] Angel order would be: {'variety': 'NORMAL', 'tradingsymbol': 'PIDILITIND-EQ', 'symboltoken': '2664', 'transactiontype': 'BUY', 'exchange': 'NSE', 'ordertype': 'MARKET', 'producttype': 'INTRADAY', 'duration': 'DAY', 'price': '0', 'squareoff': '0', 'stoploss': '0', 'quantity': '6'}
2026-06-12 08:15:01,369  INFO      [OPEN] [DRY] PIDILITIND.NS qty=6 @ Rs 1534.70 SL Rs 1502.41 TGT Rs 1607.69 (order=None)
2026-06-12 08:15:01,369  INFO      [DRY] Angel order would be: {'variety': 'NORMAL', 'tradingsymbol': 'TITAN-EQ', 'symboltoken': '3506', 'transactiontype': 'BUY', 'exchange': 'NSE', 'ordertype': 'MARKET', 'producttype': 'INTRADAY', 'duration': 'DAY', 'price': '0', 'squareoff': '0', 'stoploss': '0', 'quantity': '2'}
2026-06-12 08:15:01,369  INFO      [OPEN] [DRY] TITAN.NS qty=2 @ Rs 4122.30 SL Rs 4032.74 TGT Rs 4161.66 (order=None)
2026-06-12 08:15:01,369  INFO      [DRY] Angel order would be: {'variety': 'NORMAL', 'tradingsymbol': 'GAIL-EQ', 'symboltoken': '4717', 'transactiontype': 'BUY', 'exchange': 'NSE', 'ordertype': 'MARKET', 'producttype': 'INTRADAY', 'duration': 'DAY', 'price': '0', 'squareoff': '0', 'stoploss': '0', 'quantity': '47'}
2026-06-12 08:15:01,369  INFO      [OPEN] [DRY] GAIL.NS qty=47 @ Rs 167.71 SL Rs 160.56 TGT Rs 183.66 (order=None)
2026-06-12 08:15:01,373  INFO      tick result: {'ok': True, 'actions': 5, 'open_trades': 6, 'closed_today': 0, 'realised_pnl': 0.0, 'cumulative_pnl': -1443.5, 'halted': False, 'messages': ['[OPEN] [DRY] INDIGO.NS qty=2 @ Rs 4703.10 SL Rs 4573.38 TGT Rs 4734.51 (order=None)', '[OPEN] [DRY] BANKBARODA.NS qty=45 @ Rs 273.30 SL Rs 265.61 TGT Rs 273.70 (order=None)', '[OPEN] [DRY] PIDILITIND.NS qty=6 @ Rs 1534.70 SL Rs 1502.41 TGT Rs 1607.69 (order=None)', '[OPEN] [DRY] TITAN.NS qty=2 @ Rs 4122.30 SL Rs 4032.74 TGT Rs 4161.66 (order=None)', '[OPEN] [DRY] GAIL.NS qty=47 @ Rs 167.71 SL Rs 160.56 TGT Rs 183.66 (order=None)']}
2026-06-12 08:15:01,373  INFO      tick result: {'ok': True, 'actions': 5, 'open_trades': 6, 'closed_today': 0, 'realised_pnl': 0.0, 'cumulative_pnl': -1443.5, 'halted': False, 'messages': ['[OPEN] [DRY] INDIGO.NS qty=2 @ Rs 4703.10 SL Rs 4573.38 TGT Rs 4734.51 (order=None)', '[OPEN] [DRY] BANKBARODA.NS qty=45 @ Rs 273.30 SL Rs 265.61 TGT Rs 273.70 (order=None)', '[OPEN] [DRY] PIDILITIND.NS qty=6 @ Rs 1534.70 SL Rs 1502.41 TGT Rs 1607.69 (order=None)', '[OPEN] [DRY] TITAN.NS qty=2 @ Rs 4122.30 SL Rs 4032.74 TGT Rs 4161.66 (order=None)', '[OPEN] [DRY] GAIL.NS qty=47 @ Rs 167.71 SL Rs 160.56 TGT Rs 183.66 (order=None)']}
