2026-07-07 07:25:09,159  INFO      angel_one starting ... (cmd=paper-trade)
2026-07-07 07:25:09,159  INFO      angel_one starting ... (cmd=paper-trade)
2026-07-07 07:25:09,176  INFO      refresh: generating today's picks via analyzer (dry-run, no PDF)
2026-07-07 07:25:09,176  INFO      refresh: generating today's picks via analyzer (dry-run, no PDF)
2026-07-07 07:25:09,678  INFO      == Stock analyzer run starting ==
2026-07-07 07:25:09,679  INFO      Watchlist: 11 symbols from data/stock_watchlist.txt
2026-07-07 07:25:09,679  INFO      Universe: 107 symbols (total available: 107)
2026-07-07 07:25:10,532  INFO      [1/107] fetching TATAPOWER.NS …
2026-07-07 07:25:11,298  INFO      [2/107] fetching IRFC.NS …
2026-07-07 07:25:11,829  INFO      [3/107] fetching SUZLON.NS …
2026-07-07 07:25:12,356  INFO      [4/107] fetching IREDA.NS …
2026-07-07 07:25:12,884  INFO      [5/107] fetching BHEL.NS …
2026-07-07 07:25:13,446  INFO      [6/107] fetching KPITTECH.NS …
2026-07-07 07:25:13,977  INFO      [7/107] fetching POLYCAB.NS …
2026-07-07 07:25:14,526  INFO      [8/107] fetching PERSISTENT.NS …
2026-07-07 07:25:15,097  INFO      [9/107] fetching ITC.NS …
2026-07-07 07:25:15,751  INFO      [10/107] fetching POWERGRID.NS …
2026-07-07 07:25:16,313  INFO      [11/107] fetching COALINDIA.NS …
2026-07-07 07:25:16,860  INFO      [12/107] fetching RELIANCE.NS …
2026-07-07 07:25:17,414  INFO      [13/107] fetching TCS.NS …
2026-07-07 07:25:17,967  INFO      [14/107] fetching HDFCBANK.NS …
2026-07-07 07:25:18,555  INFO      [15/107] fetching INFY.NS …
2026-07-07 07:25:19,117  INFO      [16/107] fetching ICICIBANK.NS …
2026-07-07 07:25:19,671  INFO      [17/107] fetching HINDUNILVR.NS …
2026-07-07 07:25:20,228  INFO      [18/107] fetching SBIN.NS …
2026-07-07 07:25:20,786  INFO      [19/107] fetching BHARTIARTL.NS …
2026-07-07 07:25:21,329  INFO      [20/107] fetching KOTAKBANK.NS …
2026-07-07 07:25:22,026  INFO      [21/107] fetching LT.NS …
2026-07-07 07:25:22,586  INFO      [22/107] fetching AXISBANK.NS …
2026-07-07 07:25:23,136  INFO      [23/107] fetching BAJFINANCE.NS …
2026-07-07 07:25:23,690  INFO      [24/107] fetching ASIANPAINT.NS …
2026-07-07 07:25:24,253  INFO      [25/107] fetching MARUTI.NS …
2026-07-07 07:25:24,823  INFO      [26/107] fetching HCLTECH.NS …
2026-07-07 07:25:25,375  INFO      [27/107] fetching SUNPHARMA.NS …
2026-07-07 07:25:25,936  INFO      [28/107] fetching TITAN.NS …
2026-07-07 07:25:26,493  INFO      [29/107] fetching ULTRACEMCO.NS …
2026-07-07 07:25:27,041  INFO      [30/107] fetching WIPRO.NS …
2026-07-07 07:25:27,606  INFO      [31/107] fetching NESTLEIND.NS …
2026-07-07 07:25:28,166  INFO      [32/107] fetching ADANIENT.NS …
2026-07-07 07:25:28,720  INFO      [33/107] fetching NTPC.NS …
2026-07-07 07:25:29,268  INFO      [34/107] fetching TATAMOTORS.NS …
2026-07-07 07:25:30,611  WARNING   [TATAMOTORS.NS] insufficient history (0 rows)
2026-07-07 07:25:31,011  INFO      [35/107] fetching M&M.NS …
2026-07-07 07:25:31,587  INFO      [36/107] fetching TATASTEEL.NS …
2026-07-07 07:25:32,150  INFO      [37/107] fetching JSWSTEEL.NS …
2026-07-07 07:25:32,705  INFO      [38/107] fetching ONGC.NS …
2026-07-07 07:25:33,267  INFO      [39/107] fetching TECHM.NS …
2026-07-07 07:25:33,828  INFO      [40/107] fetching BAJAJFINSV.NS …
2026-07-07 07:25:34,386  INFO      [41/107] fetching HINDALCO.NS …
2026-07-07 07:25:35,011  INFO      [42/107] fetching GRASIM.NS …
2026-07-07 07:25:35,590  INFO      [43/107] fetching DRREDDY.NS …
2026-07-07 07:25:36,209  INFO      [44/107] fetching CIPLA.NS …
2026-07-07 07:25:36,765  INFO      [45/107] fetching DIVISLAB.NS …
2026-07-07 07:25:37,378  INFO      [46/107] fetching EICHERMOT.NS …
2026-07-07 07:25:37,930  INFO      [47/107] fetching BRITANNIA.NS …
2026-07-07 07:25:38,482  INFO      [48/107] fetching HEROMOTOCO.NS …
2026-07-07 07:25:39,029  INFO      [49/107] fetching BAJAJ-AUTO.NS …
2026-07-07 07:25:39,578  INFO      [50/107] fetching INDUSINDBK.NS …
2026-07-07 07:25:40,126  INFO      [51/107] fetching APOLLOHOSP.NS …
2026-07-07 07:25:40,679  INFO      [52/107] fetching TATACONSUM.NS …
2026-07-07 07:25:41,251  INFO      [53/107] fetching UPL.NS …
2026-07-07 07:25:41,803  INFO      [54/107] fetching BPCL.NS …
2026-07-07 07:25:42,367  INFO      [55/107] fetching SBILIFE.NS …
2026-07-07 07:25:42,969  INFO      [56/107] fetching HDFCLIFE.NS …
2026-07-07 07:25:43,505  INFO      [57/107] fetching ADANIPORTS.NS …
2026-07-07 07:25:44,072  INFO      [58/107] fetching LTIM.NS …
2026-07-07 07:25:44,621  WARNING   [LTIM.NS] insufficient history (0 rows)
2026-07-07 07:25:45,022  INFO      [59/107] fetching ABB.NS …
2026-07-07 07:25:45,573  INFO      [60/107] fetching ADANIGREEN.NS …
2026-07-07 07:25:46,098  INFO      [61/107] fetching ADANIPOWER.NS …
2026-07-07 07:25:46,623  INFO      [62/107] fetching AMBUJACEM.NS …
2026-07-07 07:25:47,184  INFO      [63/107] fetching DMART.NS …
2026-07-07 07:25:47,709  INFO      [64/107] fetching BAJAJHLDNG.NS …
2026-07-07 07:25:48,264  INFO      [65/107] fetching BANKBARODA.NS …
2026-07-07 07:25:48,816  INFO      [66/107] fetching BERGEPAINT.NS …
2026-07-07 07:25:49,370  INFO      [67/107] fetching BOSCHLTD.NS …
2026-07-07 07:25:49,919  INFO      [68/107] fetching CANBK.NS …
2026-07-07 07:25:50,471  INFO      [69/107] fetching CHOLAFIN.NS …
2026-07-07 07:25:51,034  INFO      [70/107] fetching COLPAL.NS …
2026-07-07 07:25:51,586  INFO      [71/107] fetching DABUR.NS …
2026-07-07 07:25:52,161  INFO      [72/107] fetching DLF.NS …
2026-07-07 07:25:52,769  INFO      [73/107] fetching GAIL.NS …
2026-07-07 07:25:53,337  INFO      [74/107] fetching GODREJCP.NS …
2026-07-07 07:25:53,894  INFO      [75/107] fetching HAVELLS.NS …
2026-07-07 07:25:54,451  INFO      [76/107] fetching HAL.NS …
2026-07-07 07:25:54,987  INFO      [77/107] fetching ICICIGI.NS …
2026-07-07 07:25:55,522  INFO      [78/107] fetching ICICIPRULI.NS …
2026-07-07 07:25:56,058  INFO      [79/107] fetching IOC.NS …
2026-07-07 07:25:56,609  INFO      [80/107] fetching IRCTC.NS …
2026-07-07 07:25:57,142  INFO      [81/107] fetching JINDALSTEL.NS …
2026-07-07 07:25:57,710  INFO      [82/107] fetching LICI.NS …
2026-07-07 07:25:58,240  INFO      [83/107] fetching MARICO.NS …
2026-07-07 07:25:58,801  INFO      [84/107] fetching MOTHERSON.NS …
2026-07-07 07:25:59,389  INFO      [85/107] fetching NAUKRI.NS …
2026-07-07 07:25:59,939  INFO      [86/107] fetching PIDILITIND.NS …
2026-07-07 07:26:00,500  INFO      [87/107] fetching PNB.NS …
2026-07-07 07:26:01,056  INFO      [88/107] fetching PFC.NS …
2026-07-07 07:26:01,604  INFO      [89/107] fetching RECLTD.NS …
2026-07-07 07:26:02,157  INFO      [90/107] fetching SIEMENS.NS …
2026-07-07 07:26:02,709  INFO      [91/107] fetching SRF.NS …
2026-07-07 07:26:03,260  INFO      [92/107] fetching SHREECEM.NS …
2026-07-07 07:26:03,827  INFO      [93/107] fetching SHRIRAMFIN.NS …
2026-07-07 07:26:04,387  INFO      [94/107] fetching TORNTPHARM.NS …
2026-07-07 07:26:04,938  INFO      [95/107] fetching TRENT.NS …
2026-07-07 07:26:05,493  INFO      [96/107] fetching TVSMOTOR.NS …
2026-07-07 07:26:06,053  INFO      [97/107] fetching VEDL.NS …
2026-07-07 07:26:06,747  INFO      [98/107] fetching VBL.NS …
2026-07-07 07:26:07,284  INFO      [99/107] fetching ZOMATO.NS …
2026-07-07 07:26:07,919  WARNING   [ZOMATO.NS] insufficient history (0 rows)
2026-07-07 07:26:08,320  INFO      [100/107] fetching ZYDUSLIFE.NS …
2026-07-07 07:26:08,877  INFO      [101/107] fetching INDIGO.NS …
2026-07-07 07:26:09,412  INFO      [102/107] fetching IDEA.NS …
2026-07-07 07:26:09,942  INFO      [103/107] fetching BANKINDIA.NS …
2026-07-07 07:26:10,495  INFO      [104/107] fetching PAGEIND.NS …
2026-07-07 07:26:11,038  INFO      [105/107] fetching MUTHOOTFIN.NS …
2026-07-07 07:26:11,580  INFO      [106/107] fetching TATAELXSI.NS …
2026-07-07 07:26:12,138  INFO      [107/107] fetching LUPIN.NS …
2026-07-07 07:26:12,288  INFO      Fetched 104/107 symbols successfully.
2026-07-07 07:26:14,980  WARNING   [MF 120503] fetch failed: HTTPSConnectionPool(host='api.mfapi.in', port=443): Read timed out. (read timeout=2)
2026-07-07 07:26:16,858  INFO      Fetched 200 headlines from RSS (Indian + global/geopolitics).
2026-07-07 07:26:20,365  INFO      Macro regime: risk-on | bias=3 | geo-risk=58.6
2026-07-07 07:26:20,775  INFO      NSE corp announcements: 20 filings
2026-07-07 07:26:22,550  INFO      Angel One login successful.
2026-07-07 07:26:23,697  INFO      Saved report → data/stock_reports/2026-07-07_0726.json
2026-07-07 07:26:24,201  INFO      Report image saved → logs/stock_analyzer/2026-07-07/stock_report.png  [1920×1280]
2026-07-07 07:26:24,201  INFO      Dry-run: skipping send. Image + PDF saved locally; console printed.
2026-07-07 07:26:24,202  INFO      == Stock analyzer run complete ==
2026-07-07 07:26:24,204  INFO      [Note] PAPER TRADING -- virtual cash Rs 100,000, max_positions=6 max_pct=15% buckets=('intraday', 'swing') state=data/paper_trader_state.json
2026-07-07 07:26:24,204  INFO      [Note] PAPER TRADING -- virtual cash Rs 100,000, max_positions=6 max_pct=15% buckets=('intraday', 'swing') state=data/paper_trader_state.json
2026-07-07 07:26:24,205  INFO      paper-trader: new day, archived 4 trades (cumulative ₹-1,755)
2026-07-07 07:26:40,589  INFO      [DRY] Angel order would be: {'variety': 'NORMAL', 'tradingsymbol': 'INDUSINDBK-EQ', 'symboltoken': '5258', 'transactiontype': 'BUY', 'exchange': 'NSE', 'ordertype': 'MARKET', 'producttype': 'INTRADAY', 'duration': 'DAY', 'price': '0', 'squareoff': '0', 'stoploss': '0', 'quantity': '12'}
2026-07-07 07:26:40,589  INFO      [OPEN] [DRY] INDUSINDBK.NS qty=12 @ Rs 1026.00 SL Rs 1000.28 TGT Rs 1074.20 (order=None)
2026-07-07 07:26:40,589  INFO      [DRY] Angel order would be: {'variety': 'NORMAL', 'tradingsymbol': 'NAUKRI-EQ', 'symboltoken': '13751', 'transactiontype': 'BUY', 'exchange': 'NSE', 'ordertype': 'MARKET', 'producttype': 'INTRADAY', 'duration': 'DAY', 'price': '0', 'squareoff': '0', 'stoploss': '0', 'quantity': '9'}
2026-07-07 07:26:40,589  INFO      [OPEN] [DRY] NAUKRI.NS qty=9 @ Rs 1147.20 SL Rs 1109.50 TGT Rs 1201.52 (order=None)
2026-07-07 07:26:40,589  INFO      [DRY] Angel order would be: {'variety': 'NORMAL', 'tradingsymbol': 'INFY-EQ', 'symboltoken': '1594', 'transactiontype': 'BUY', 'exchange': 'NSE', 'ordertype': 'MARKET', 'producttype': 'INTRADAY', 'duration': 'DAY', 'price': '0', 'squareoff': '0', 'stoploss': '0', 'quantity': '8'}
2026-07-07 07:26:40,590  INFO      [OPEN] [DRY] INFY.NS qty=8 @ Rs 1078.20 SL Rs 1044.76 TGT Rs 1160.17 (order=None)
2026-07-07 07:26:40,590  INFO      [DRY] Angel order would be: {'variety': 'NORMAL', 'tradingsymbol': 'PERSISTENT-EQ', 'symboltoken': '18365', 'transactiontype': 'BUY', 'exchange': 'NSE', 'ordertype': 'MARKET', 'producttype': 'INTRADAY', 'duration': 'DAY', 'price': '0', 'squareoff': '0', 'stoploss': '0', 'quantity': '1'}
2026-07-07 07:26:40,590  INFO      [OPEN] [DRY] PERSISTENT.NS qty=1 @ Rs 4854.60 SL Rs 4719.38 TGT Rs 4966.55 (order=None)
2026-07-07 07:26:40,593  INFO      tick result: {'ok': True, 'actions': 4, 'open_trades': 6, 'closed_today': 0, 'realised_pnl': 0.0, 'cumulative_pnl': -1755.05, 'halted': False, 'messages': ['[OPEN] [DRY] INDUSINDBK.NS qty=12 @ Rs 1026.00 SL Rs 1000.28 TGT Rs 1074.20 (order=None)', '[OPEN] [DRY] NAUKRI.NS qty=9 @ Rs 1147.20 SL Rs 1109.50 TGT Rs 1201.52 (order=None)', '[OPEN] [DRY] INFY.NS qty=8 @ Rs 1078.20 SL Rs 1044.76 TGT Rs 1160.17 (order=None)', '[OPEN] [DRY] PERSISTENT.NS qty=1 @ Rs 4854.60 SL Rs 4719.38 TGT Rs 4966.55 (order=None)']}
2026-07-07 07:26:40,593  INFO      tick result: {'ok': True, 'actions': 4, 'open_trades': 6, 'closed_today': 0, 'realised_pnl': 0.0, 'cumulative_pnl': -1755.05, 'halted': False, 'messages': ['[OPEN] [DRY] INDUSINDBK.NS qty=12 @ Rs 1026.00 SL Rs 1000.28 TGT Rs 1074.20 (order=None)', '[OPEN] [DRY] NAUKRI.NS qty=9 @ Rs 1147.20 SL Rs 1109.50 TGT Rs 1201.52 (order=None)', '[OPEN] [DRY] INFY.NS qty=8 @ Rs 1078.20 SL Rs 1044.76 TGT Rs 1160.17 (order=None)', '[OPEN] [DRY] PERSISTENT.NS qty=1 @ Rs 4854.60 SL Rs 4719.38 TGT Rs 4966.55 (order=None)']}
