2026-05-19 07:34:02,287  INFO      angel_one starting ... (cmd=paper-trade)
2026-05-19 07:34:02,287  INFO      angel_one starting ... (cmd=paper-trade)
2026-05-19 07:34:02,304  INFO      refresh: generating today's picks via analyzer (dry-run, no PDF)
2026-05-19 07:34:02,304  INFO      refresh: generating today's picks via analyzer (dry-run, no PDF)
2026-05-19 07:34:02,984  INFO      == Stock analyzer run starting ==
2026-05-19 07:34:02,984  INFO      Watchlist: 11 symbols from data/stock_watchlist.txt
2026-05-19 07:34:02,985  INFO      Universe: 107 symbols (total available: 107)
2026-05-19 07:34:03,768  INFO      [1/107] fetching TATAPOWER.NS …
2026-05-19 07:34:04,309  INFO      [2/107] fetching IRFC.NS …
2026-05-19 07:34:04,796  INFO      [3/107] fetching SUZLON.NS …
2026-05-19 07:34:05,277  INFO      [4/107] fetching IREDA.NS …
2026-05-19 07:34:05,758  INFO      [5/107] fetching BHEL.NS …
2026-05-19 07:34:06,266  INFO      [6/107] fetching KPITTECH.NS …
2026-05-19 07:34:06,754  INFO      [7/107] fetching POLYCAB.NS …
2026-05-19 07:34:07,240  INFO      [8/107] fetching PERSISTENT.NS …
2026-05-19 07:34:07,735  INFO      [9/107] fetching ITC.NS …
2026-05-19 07:34:08,259  INFO      [10/107] fetching POWERGRID.NS …
2026-05-19 07:34:08,772  INFO      [11/107] fetching COALINDIA.NS …
2026-05-19 07:34:09,284  INFO      [12/107] fetching RELIANCE.NS …
2026-05-19 07:34:09,903  INFO      [13/107] fetching TCS.NS …
2026-05-19 07:34:10,405  INFO      [14/107] fetching HDFCBANK.NS …
2026-05-19 07:34:10,914  INFO      [15/107] fetching INFY.NS …
2026-05-19 07:34:11,454  INFO      [16/107] fetching ICICIBANK.NS …
2026-05-19 07:34:11,964  INFO      [17/107] fetching HINDUNILVR.NS …
2026-05-19 07:34:12,470  INFO      [18/107] fetching SBIN.NS …
2026-05-19 07:34:12,978  INFO      [19/107] fetching BHARTIARTL.NS …
2026-05-19 07:34:13,480  INFO      [20/107] fetching KOTAKBANK.NS …
2026-05-19 07:34:13,984  INFO      [21/107] fetching LT.NS …
2026-05-19 07:34:14,488  INFO      [22/107] fetching AXISBANK.NS …
2026-05-19 07:34:14,995  INFO      [23/107] fetching BAJFINANCE.NS …
2026-05-19 07:34:15,516  INFO      [24/107] fetching ASIANPAINT.NS …
2026-05-19 07:34:16,024  INFO      [25/107] fetching MARUTI.NS …
2026-05-19 07:34:16,575  INFO      [26/107] fetching HCLTECH.NS …
2026-05-19 07:34:17,088  INFO      [27/107] fetching SUNPHARMA.NS …
2026-05-19 07:34:17,659  INFO      [28/107] fetching TITAN.NS …
2026-05-19 07:34:18,163  INFO      [29/107] fetching ULTRACEMCO.NS …
2026-05-19 07:34:18,666  INFO      [30/107] fetching WIPRO.NS …
2026-05-19 07:34:19,176  INFO      [31/107] fetching NESTLEIND.NS …
2026-05-19 07:34:19,681  INFO      [32/107] fetching ADANIENT.NS …
2026-05-19 07:34:20,185  INFO      [33/107] fetching NTPC.NS …
2026-05-19 07:34:20,692  INFO      [34/107] fetching TATAMOTORS.NS …
2026-05-19 07:34:22,320  WARNING   [TATAMOTORS.NS] insufficient history (0 rows)
2026-05-19 07:34:22,720  INFO      [35/107] fetching M&M.NS …
2026-05-19 07:34:23,232  INFO      [36/107] fetching TATASTEEL.NS …
2026-05-19 07:34:23,731  INFO      [37/107] fetching JSWSTEEL.NS …
2026-05-19 07:34:24,232  INFO      [38/107] fetching ONGC.NS …
2026-05-19 07:34:24,807  INFO      [39/107] fetching TECHM.NS …
2026-05-19 07:34:25,316  INFO      [40/107] fetching BAJAJFINSV.NS …
2026-05-19 07:34:25,817  INFO      [41/107] fetching HINDALCO.NS …
2026-05-19 07:34:26,328  INFO      [42/107] fetching GRASIM.NS …
2026-05-19 07:34:26,897  INFO      [43/107] fetching DRREDDY.NS …
2026-05-19 07:34:27,403  INFO      [44/107] fetching CIPLA.NS …
2026-05-19 07:34:27,920  INFO      [45/107] fetching DIVISLAB.NS …
2026-05-19 07:34:28,428  INFO      [46/107] fetching EICHERMOT.NS …
2026-05-19 07:34:28,943  INFO      [47/107] fetching BRITANNIA.NS …
2026-05-19 07:34:29,446  INFO      [48/107] fetching HEROMOTOCO.NS …
2026-05-19 07:34:29,968  INFO      [49/107] fetching BAJAJ-AUTO.NS …
2026-05-19 07:34:30,465  INFO      [50/107] fetching INDUSINDBK.NS …
2026-05-19 07:34:30,966  INFO      [51/107] fetching APOLLOHOSP.NS …
2026-05-19 07:34:31,477  INFO      [52/107] fetching TATACONSUM.NS …
2026-05-19 07:34:31,998  INFO      [53/107] fetching UPL.NS …
2026-05-19 07:34:32,510  INFO      [54/107] fetching BPCL.NS …
2026-05-19 07:34:33,032  INFO      [55/107] fetching SBILIFE.NS …
2026-05-19 07:34:33,562  INFO      [56/107] fetching HDFCLIFE.NS …
2026-05-19 07:34:34,046  INFO      [57/107] fetching ADANIPORTS.NS …
2026-05-19 07:34:34,544  INFO      [58/107] fetching LTIM.NS …
2026-05-19 07:34:35,510  WARNING   [LTIM.NS] insufficient history (0 rows)
2026-05-19 07:34:35,911  INFO      [59/107] fetching ABB.NS …
2026-05-19 07:34:36,415  INFO      [60/107] fetching ADANIGREEN.NS …
2026-05-19 07:34:36,942  INFO      [61/107] fetching ADANIPOWER.NS …
2026-05-19 07:34:37,424  INFO      [62/107] fetching AMBUJACEM.NS …
2026-05-19 07:34:37,934  INFO      [63/107] fetching DMART.NS …
2026-05-19 07:34:38,412  INFO      [64/107] fetching BAJAJHLDNG.NS …
2026-05-19 07:34:38,915  INFO      [65/107] fetching BANKBARODA.NS …
2026-05-19 07:34:39,419  INFO      [66/107] fetching BERGEPAINT.NS …
2026-05-19 07:34:39,925  INFO      [67/107] fetching BOSCHLTD.NS …
2026-05-19 07:34:40,624  INFO      [68/107] fetching CANBK.NS …
2026-05-19 07:34:41,126  INFO      [69/107] fetching CHOLAFIN.NS …
2026-05-19 07:34:41,639  INFO      [70/107] fetching COLPAL.NS …
2026-05-19 07:34:42,139  INFO      [71/107] fetching DABUR.NS …
2026-05-19 07:34:42,665  INFO      [72/107] fetching DLF.NS …
2026-05-19 07:34:43,170  INFO      [73/107] fetching GAIL.NS …
2026-05-19 07:34:43,693  INFO      [74/107] fetching GODREJCP.NS …
2026-05-19 07:34:44,211  INFO      [75/107] fetching HAVELLS.NS …
2026-05-19 07:34:44,714  INFO      [76/107] fetching HAL.NS …
2026-05-19 07:34:45,206  INFO      [77/107] fetching ICICIGI.NS …
2026-05-19 07:34:45,697  INFO      [78/107] fetching ICICIPRULI.NS …
2026-05-19 07:34:46,188  INFO      [79/107] fetching IOC.NS …
2026-05-19 07:34:46,709  INFO      [80/107] fetching IRCTC.NS …
2026-05-19 07:34:47,197  INFO      [81/107] fetching JINDALSTEL.NS …
2026-05-19 07:34:47,705  INFO      [82/107] fetching LICI.NS …
2026-05-19 07:34:48,187  INFO      [83/107] fetching MARICO.NS …
2026-05-19 07:34:48,701  INFO      [84/107] fetching MOTHERSON.NS …
2026-05-19 07:34:49,215  INFO      [85/107] fetching NAUKRI.NS …
2026-05-19 07:34:49,714  INFO      [86/107] fetching PIDILITIND.NS …
2026-05-19 07:34:50,277  INFO      [87/107] fetching PNB.NS …
2026-05-19 07:34:50,782  INFO      [88/107] fetching PFC.NS …
2026-05-19 07:34:51,282  INFO      [89/107] fetching RECLTD.NS …
2026-05-19 07:34:51,780  INFO      [90/107] fetching SIEMENS.NS …
2026-05-19 07:34:52,307  INFO      [91/107] fetching SRF.NS …
2026-05-19 07:34:52,808  INFO      [92/107] fetching SHREECEM.NS …
2026-05-19 07:34:53,311  INFO      [93/107] fetching SHRIRAMFIN.NS …
2026-05-19 07:34:53,916  INFO      [94/107] fetching TORNTPHARM.NS …
2026-05-19 07:34:54,421  INFO      [95/107] fetching TRENT.NS …
2026-05-19 07:34:54,922  INFO      [96/107] fetching TVSMOTOR.NS …
2026-05-19 07:34:55,431  INFO      [97/107] fetching VEDL.NS …
2026-05-19 07:34:55,951  INFO      [98/107] fetching VBL.NS …
2026-05-19 07:34:56,437  INFO      [99/107] fetching ZOMATO.NS …
2026-05-19 07:34:57,454  WARNING   [ZOMATO.NS] insufficient history (0 rows)
2026-05-19 07:34:57,855  INFO      [100/107] fetching ZYDUSLIFE.NS …
2026-05-19 07:34:58,365  INFO      [101/107] fetching INDIGO.NS …
2026-05-19 07:34:58,851  INFO      [102/107] fetching IDEA.NS …
2026-05-19 07:34:59,386  INFO      [103/107] fetching BANKINDIA.NS …
2026-05-19 07:34:59,886  INFO      [104/107] fetching PAGEIND.NS …
2026-05-19 07:35:00,391  INFO      [105/107] fetching MUTHOOTFIN.NS …
2026-05-19 07:35:00,888  INFO      [106/107] fetching TATAELXSI.NS …
2026-05-19 07:35:01,391  INFO      [107/107] fetching LUPIN.NS …
2026-05-19 07:35:01,523  INFO      Fetched 104/107 symbols successfully.
2026-05-19 07:35:07,234  INFO      Fetched 200 headlines from RSS (Indian + global/geopolitics).
2026-05-19 07:35:11,786  INFO      Macro regime: neutral | bias=4 | geo-risk=58.0
2026-05-19 07:35:12,020  INFO      NSE corp announcements: 20 filings
2026-05-19 07:35:13,772  INFO      Angel One login successful.
2026-05-19 07:35:14,851  INFO      Saved report → data/stock_reports/2026-05-19_0735.json
2026-05-19 07:35:15,419  INFO      Report image saved → logs/stock_analyzer/2026-05-19/stock_report.png  [1920×1280]
2026-05-19 07:35:15,420  INFO      Dry-run: skipping send. Image + PDF saved locally; console printed.
2026-05-19 07:35:15,420  INFO      == Stock analyzer run complete ==
2026-05-19 07:35:15,424  INFO      [Note] PAPER TRADING -- virtual cash Rs 100,000, max_positions=6 max_pct=15% buckets=('intraday', 'swing') state=data/paper_trader_state.json
2026-05-19 07:35:15,424  INFO      [Note] PAPER TRADING -- virtual cash Rs 100,000, max_positions=6 max_pct=15% buckets=('intraday', 'swing') state=data/paper_trader_state.json
2026-05-19 07:35:15,425  INFO      paper-trader: new day, archived 5 trades (cumulative ₹+1,100)
2026-05-19 07:35:29,592  INFO      [DRY] Angel order would be: {'variety': 'NORMAL', 'tradingsymbol': 'DRREDDY-EQ', 'symboltoken': '881', 'transactiontype': 'SELL', 'exchange': 'NSE', 'ordertype': 'MARKET', 'producttype': 'INTRADAY', 'duration': 'DAY', 'price': '0', 'squareoff': '0', 'stoploss': '0', 'quantity': '6'}
2026-05-19 07:35:29,592  INFO      [SL] [DRY] CLOSE DRREDDY.NS qty=6 @ Rs 1324.70 P&L Rs +88 (gross Rs +100, cost Rs 12; trailing-SL hit @ 1324.70 (peak 1338.30))
2026-05-19 07:35:29,592  INFO      [DRY] Angel order would be: {'variety': 'NORMAL', 'tradingsymbol': 'INFY-EQ', 'symboltoken': '1594', 'transactiontype': 'BUY', 'exchange': 'NSE', 'ordertype': 'MARKET', 'producttype': 'INTRADAY', 'duration': 'DAY', 'price': '0', 'squareoff': '0', 'stoploss': '0', 'quantity': '11'}
2026-05-19 07:35:29,592  INFO      [OPEN] [DRY] INFY.NS qty=11 @ Rs 1189.50 SL Rs 1156.34 TGT Rs 1192.61 (order=None)
2026-05-19 07:35:29,592  INFO      [DRY] Angel order would be: {'variety': 'NORMAL', 'tradingsymbol': 'IDEA-EQ', 'symboltoken': '14366', 'transactiontype': 'BUY', 'exchange': 'NSE', 'ordertype': 'MARKET', 'producttype': 'INTRADAY', 'duration': 'DAY', 'price': '0', 'squareoff': '0', 'stoploss': '0', 'quantity': '856'}
2026-05-19 07:35:29,593  INFO      [OPEN] [DRY] IDEA.NS qty=856 @ Rs 13.67 SL Rs 13.08 TGT Rs 14.27 (order=None)
2026-05-19 07:35:29,593  INFO      [DRY] Angel order would be: {'variety': 'NORMAL', 'tradingsymbol': 'PERSISTENT-EQ', 'symboltoken': '18365', 'transactiontype': 'BUY', 'exchange': 'NSE', 'ordertype': 'MARKET', 'producttype': 'INTRADAY', 'duration': 'DAY', 'price': '0', 'squareoff': '0', 'stoploss': '0', 'quantity': '2'}
2026-05-19 07:35:29,593  INFO      [OPEN] [DRY] PERSISTENT.NS qty=2 @ Rs 5125.00 SL Rs 4944.16 TGT Rs 5162.95 (order=None)
2026-05-19 07:35:29,593  INFO      [DRY] Angel order would be: {'variety': 'NORMAL', 'tradingsymbol': 'TECHM-EQ', 'symboltoken': '13538', 'transactiontype': 'BUY', 'exchange': 'NSE', 'ordertype': 'MARKET', 'producttype': 'INTRADAY', 'duration': 'DAY', 'price': '0', 'squareoff': '0', 'stoploss': '0', 'quantity': '5'}
2026-05-19 07:35:29,593  INFO      [OPEN] [DRY] TECHM.NS qty=5 @ Rs 1480.00 SL Rs 1433.80 TGT Rs 1489.42 (order=None)
2026-05-19 07:35:29,593  INFO      [DRY] Angel order would be: {'variety': 'NORMAL', 'tradingsymbol': 'ADANIENT-EQ', 'symboltoken': '25', 'transactiontype': 'BUY', 'exchange': 'NSE', 'ordertype': 'MARKET', 'producttype': 'INTRADAY', 'duration': 'DAY', 'price': '0', 'squareoff': '0', 'stoploss': '0', 'quantity': '2'}
2026-05-19 07:35:29,593  INFO      [OPEN] [DRY] ADANIENT.NS qty=2 @ Rs 2736.90 SL Rs 2644.26 TGT Rs 2865.38 (order=None)
2026-05-19 07:35:29,595  INFO      tick result: {'ok': True, 'actions': 6, 'open_trades': 5, 'closed_today': 1, 'realised_pnl': 88.35, 'cumulative_pnl': 1188.82, 'halted': False, 'messages': ['[SL] [DRY] CLOSE DRREDDY.NS qty=6 @ Rs 1324.70 P&L Rs +88 (gross Rs +100, cost Rs 12; trailing-SL hit @ 1324.70 (peak 1338.30))', '[OPEN] [DRY] INFY.NS qty=11 @ Rs 1189.50 SL Rs 1156.34 TGT Rs 1192.61 (order=None)', '[OPEN] [DRY] IDEA.NS qty=856 @ Rs 13.67 SL Rs 13.08 TGT Rs 14.27 (order=None)', '[OPEN] [DRY] PERSISTENT.NS qty=2 @ Rs 5125.00 SL Rs 4944.16 TGT Rs 5162.95 (order=None)', '[OPEN] [DRY] TECHM.NS qty=5 @ Rs 1480.00 SL Rs 1433.80 TGT Rs 1489.42 (order=None)', '[OPEN] [DRY] ADANIENT.NS qty=2 @ Rs 2736.90 SL Rs 2644.26 TGT Rs 2865.38 (order=None)']}
2026-05-19 07:35:29,595  INFO      tick result: {'ok': True, 'actions': 6, 'open_trades': 5, 'closed_today': 1, 'realised_pnl': 88.35, 'cumulative_pnl': 1188.82, 'halted': False, 'messages': ['[SL] [DRY] CLOSE DRREDDY.NS qty=6 @ Rs 1324.70 P&L Rs +88 (gross Rs +100, cost Rs 12; trailing-SL hit @ 1324.70 (peak 1338.30))', '[OPEN] [DRY] INFY.NS qty=11 @ Rs 1189.50 SL Rs 1156.34 TGT Rs 1192.61 (order=None)', '[OPEN] [DRY] IDEA.NS qty=856 @ Rs 13.67 SL Rs 13.08 TGT Rs 14.27 (order=None)', '[OPEN] [DRY] PERSISTENT.NS qty=2 @ Rs 5125.00 SL Rs 4944.16 TGT Rs 5162.95 (order=None)', '[OPEN] [DRY] TECHM.NS qty=5 @ Rs 1480.00 SL Rs 1433.80 TGT Rs 1489.42 (order=None)', '[OPEN] [DRY] ADANIENT.NS qty=2 @ Rs 2736.90 SL Rs 2644.26 TGT Rs 2865.38 (order=None)']}
