2026-08-12 05:20:47,918  INFO      angel_one starting ... (cmd=paper-trade)
2026-08-12 05:20:47,918  INFO      angel_one starting ... (cmd=paper-trade)
2026-08-12 05:20:47,935  INFO      refresh: generating today's picks via analyzer (dry-run, no PDF)
2026-08-12 05:20:47,935  INFO      refresh: generating today's picks via analyzer (dry-run, no PDF)
2026-08-12 05:20:48,534  INFO      == Stock analyzer run starting ==
2026-08-12 05:20:48,534  INFO      Watchlist: 11 symbols from data/stock_watchlist.txt
2026-08-12 05:20:48,535  INFO      Universe: 107 symbols (total available: 107)
2026-08-12 05:20:49,002  INFO      [1/107] fetching TATAPOWER.NS …
2026-08-12 05:20:49,542  INFO      [2/107] fetching IRFC.NS …
2026-08-12 05:20:50,038  INFO      [3/107] fetching SUZLON.NS …
2026-08-12 05:20:50,521  INFO      [4/107] fetching IREDA.NS …
2026-08-12 05:20:51,002  INFO      [5/107] fetching BHEL.NS …
2026-08-12 05:20:51,522  INFO      [6/107] fetching KPITTECH.NS …
2026-08-12 05:20:52,034  INFO      [7/107] fetching POLYCAB.NS …
2026-08-12 05:20:52,526  INFO      [8/107] fetching PERSISTENT.NS …
2026-08-12 05:20:53,032  INFO      [9/107] fetching ITC.NS …
2026-08-12 05:20:53,578  INFO      [10/107] fetching POWERGRID.NS …
2026-08-12 05:20:54,091  INFO      [11/107] fetching COALINDIA.NS …
2026-08-12 05:20:54,590  INFO      [12/107] fetching RELIANCE.NS …
2026-08-12 05:20:55,102  INFO      [13/107] fetching TCS.NS …
2026-08-12 05:20:55,607  INFO      [14/107] fetching HDFCBANK.NS …
2026-08-12 05:20:56,110  INFO      [15/107] fetching INFY.NS …
2026-08-12 05:20:56,681  INFO      [16/107] fetching ICICIBANK.NS …
2026-08-12 05:20:57,193  INFO      [17/107] fetching HINDUNILVR.NS …
2026-08-12 05:20:57,751  INFO      [18/107] fetching SBIN.NS …
2026-08-12 05:20:58,260  INFO      [19/107] fetching BHARTIARTL.NS …
2026-08-12 05:20:58,805  INFO      [20/107] fetching KOTAKBANK.NS …
2026-08-12 05:20:59,305  INFO      [21/107] fetching LT.NS …
2026-08-12 05:20:59,857  INFO      [22/107] fetching AXISBANK.NS …
2026-08-12 05:21:00,371  INFO      [23/107] fetching BAJFINANCE.NS …
2026-08-12 05:21:00,894  INFO      [24/107] fetching ASIANPAINT.NS …
2026-08-12 05:21:01,402  INFO      [25/107] fetching MARUTI.NS …
2026-08-12 05:21:01,906  INFO      [26/107] fetching HCLTECH.NS …
2026-08-12 05:21:02,420  INFO      [27/107] fetching SUNPHARMA.NS …
2026-08-12 05:21:02,934  INFO      [28/107] fetching TITAN.NS …
2026-08-12 05:21:03,448  INFO      [29/107] fetching ULTRACEMCO.NS …
2026-08-12 05:21:03,947  INFO      [30/107] fetching WIPRO.NS …
2026-08-12 05:21:04,461  INFO      [31/107] fetching NESTLEIND.NS …
2026-08-12 05:21:04,968  INFO      [32/107] fetching ADANIENT.NS …
2026-08-12 05:21:05,536  INFO      [33/107] fetching NTPC.NS …
2026-08-12 05:21:06,032  INFO      [34/107] fetching TATAMOTORS.NS …
2026-08-12 05:21:07,491  WARNING   [TATAMOTORS.NS] insufficient history (0 rows)
2026-08-12 05:21:07,891  INFO      [35/107] fetching M&M.NS …
2026-08-12 05:21:08,393  INFO      [36/107] fetching TATASTEEL.NS …
2026-08-12 05:21:08,902  INFO      [37/107] fetching JSWSTEEL.NS …
2026-08-12 05:21:09,396  INFO      [38/107] fetching ONGC.NS …
2026-08-12 05:21:09,901  INFO      [39/107] fetching TECHM.NS …
2026-08-12 05:21:10,414  INFO      [40/107] fetching BAJAJFINSV.NS …
2026-08-12 05:21:10,959  INFO      [41/107] fetching HINDALCO.NS …
2026-08-12 05:21:11,476  INFO      [42/107] fetching GRASIM.NS …
2026-08-12 05:21:11,977  INFO      [43/107] fetching DRREDDY.NS …
2026-08-12 05:21:12,483  INFO      [44/107] fetching CIPLA.NS …
2026-08-12 05:21:13,013  INFO      [45/107] fetching DIVISLAB.NS …
2026-08-12 05:21:13,511  INFO      [46/107] fetching EICHERMOT.NS …
2026-08-12 05:21:14,014  INFO      [47/107] fetching BRITANNIA.NS …
2026-08-12 05:21:14,518  INFO      [48/107] fetching HEROMOTOCO.NS …
2026-08-12 05:21:15,075  INFO      [49/107] fetching BAJAJ-AUTO.NS …
2026-08-12 05:21:15,575  INFO      [50/107] fetching INDUSINDBK.NS …
2026-08-12 05:21:16,077  INFO      [51/107] fetching APOLLOHOSP.NS …
2026-08-12 05:21:16,582  INFO      [52/107] fetching TATACONSUM.NS …
2026-08-12 05:21:17,092  INFO      [53/107] fetching UPL.NS …
2026-08-12 05:21:17,590  INFO      [54/107] fetching BPCL.NS …
2026-08-12 05:21:18,147  INFO      [55/107] fetching SBILIFE.NS …
2026-08-12 05:21:18,640  INFO      [56/107] fetching HDFCLIFE.NS …
2026-08-12 05:21:19,132  INFO      [57/107] fetching ADANIPORTS.NS …
2026-08-12 05:21:19,638  INFO      [58/107] fetching LTIM.NS …
2026-08-12 05:21:20,382  WARNING   [LTIM.NS] insufficient history (0 rows)
2026-08-12 05:21:20,782  INFO      [59/107] fetching ABB.NS …
2026-08-12 05:21:21,282  INFO      [60/107] fetching ADANIGREEN.NS …
2026-08-12 05:21:21,764  INFO      [61/107] fetching ADANIPOWER.NS …
2026-08-12 05:21:22,295  INFO      [62/107] fetching AMBUJACEM.NS …
2026-08-12 05:21:22,805  INFO      [63/107] fetching DMART.NS …
2026-08-12 05:21:23,286  INFO      [64/107] fetching BAJAJHLDNG.NS …
2026-08-12 05:21:23,793  INFO      [65/107] fetching BANKBARODA.NS …
2026-08-12 05:21:24,304  INFO      [66/107] fetching BERGEPAINT.NS …
2026-08-12 05:21:24,882  INFO      [67/107] fetching BOSCHLTD.NS …
2026-08-12 05:21:25,379  INFO      [68/107] fetching CANBK.NS …
2026-08-12 05:21:25,879  INFO      [69/107] fetching CHOLAFIN.NS …
2026-08-12 05:21:26,387  INFO      [70/107] fetching COLPAL.NS …
2026-08-12 05:21:26,898  INFO      [71/107] fetching DABUR.NS …
2026-08-12 05:21:27,407  INFO      [72/107] fetching DLF.NS …
2026-08-12 05:21:27,907  INFO      [73/107] fetching GAIL.NS …
2026-08-12 05:21:28,414  INFO      [74/107] fetching GODREJCP.NS …
2026-08-12 05:21:28,926  INFO      [75/107] fetching HAVELLS.NS …
2026-08-12 05:21:29,453  INFO      [76/107] fetching HAL.NS …
2026-08-12 05:21:29,946  INFO      [77/107] fetching ICICIGI.NS …
2026-08-12 05:21:30,441  INFO      [78/107] fetching ICICIPRULI.NS …
2026-08-12 05:21:30,991  INFO      [79/107] fetching IOC.NS …
2026-08-12 05:21:31,500  INFO      [80/107] fetching IRCTC.NS …
2026-08-12 05:21:31,986  INFO      [81/107] fetching JINDALSTEL.NS …
2026-08-12 05:21:32,503  INFO      [82/107] fetching LICI.NS …
2026-08-12 05:21:33,041  INFO      [83/107] fetching MARICO.NS …
2026-08-12 05:21:33,549  INFO      [84/107] fetching MOTHERSON.NS …
2026-08-12 05:21:34,056  INFO      [85/107] fetching NAUKRI.NS …
2026-08-12 05:21:34,551  INFO      [86/107] fetching PIDILITIND.NS …
2026-08-12 05:21:35,057  INFO      [87/107] fetching PNB.NS …
2026-08-12 05:21:35,556  INFO      [88/107] fetching PFC.NS …
2026-08-12 05:21:36,054  INFO      [89/107] fetching RECLTD.NS …
2026-08-12 05:21:36,556  INFO      [90/107] fetching SIEMENS.NS …
2026-08-12 05:21:37,066  INFO      [91/107] fetching SRF.NS …
2026-08-12 05:21:37,564  INFO      [92/107] fetching SHREECEM.NS …
2026-08-12 05:21:38,063  INFO      [93/107] fetching SHRIRAMFIN.NS …
2026-08-12 05:21:38,567  INFO      [94/107] fetching TORNTPHARM.NS …
2026-08-12 05:21:39,068  INFO      [95/107] fetching TRENT.NS …
2026-08-12 05:21:39,576  INFO      [96/107] fetching TVSMOTOR.NS …
2026-08-12 05:21:40,075  INFO      [97/107] fetching VEDL.NS …
2026-08-12 05:21:40,580  INFO      [98/107] fetching VBL.NS …
2026-08-12 05:21:41,066  INFO      [99/107] fetching ZOMATO.NS …
2026-08-12 05:21:41,668  WARNING   [ZOMATO.NS] insufficient history (0 rows)
2026-08-12 05:21:42,068  INFO      [100/107] fetching ZYDUSLIFE.NS …
2026-08-12 05:21:42,588  INFO      [101/107] fetching INDIGO.NS …
2026-08-12 05:21:43,081  INFO      [102/107] fetching IDEA.NS …
2026-08-12 05:21:43,569  INFO      [103/107] fetching BANKINDIA.NS …
2026-08-12 05:21:44,071  INFO      [104/107] fetching PAGEIND.NS …
2026-08-12 05:21:44,573  INFO      [105/107] fetching MUTHOOTFIN.NS …
2026-08-12 05:21:45,065  INFO      [106/107] fetching TATAELXSI.NS …
2026-08-12 05:21:45,571  INFO      [107/107] fetching LUPIN.NS …
2026-08-12 05:21:45,677  INFO      Fetched 104/107 symbols successfully.
2026-08-12 05:21:47,952  WARNING   [MF 120503] fetch failed: HTTPSConnectionPool(host='api.mfapi.in', port=443): Read timed out. (read timeout=2)
2026-08-12 05:21:49,930  INFO      Fetched 200 headlines from RSS (Indian + global/geopolitics).
2026-08-12 05:21:52,796  INFO      Macro regime: neutral | bias=0 | geo-risk=50.0
2026-08-12 05:21:52,828  INFO      NSE corp announcements: 20 filings
2026-08-12 05:21:54,846  INFO      Angel One login successful.
2026-08-12 05:21:55,964  INFO      Saved report → data/stock_reports/2026-08-12_0521.json
2026-08-12 05:21:56,513  INFO      Report image saved → logs/stock_analyzer/2026-08-12/stock_report.png  [1920×1280]
2026-08-12 05:21:56,513  INFO      Dry-run: skipping send. Image + PDF saved locally; console printed.
2026-08-12 05:21:56,514  INFO      == Stock analyzer run complete ==
2026-08-12 05:21:56,516  INFO      [Note] PAPER TRADING -- virtual cash Rs 100,000, max_positions=6 max_pct=15% buckets=('intraday', 'swing') state=data/paper_trader_state.json
2026-08-12 05:21:56,516  INFO      [Note] PAPER TRADING -- virtual cash Rs 100,000, max_positions=6 max_pct=15% buckets=('intraday', 'swing') state=data/paper_trader_state.json
2026-08-12 05:21:56,517  INFO      paper-trader: new day, archived 4 trades (cumulative ₹-4,021)
2026-08-12 05:22:14,893  INFO      [DRY] Angel order would be: {'variety': 'NORMAL', 'tradingsymbol': 'IDEA-EQ', 'symboltoken': '14366', 'transactiontype': 'BUY', 'exchange': 'NSE', 'ordertype': 'MARKET', 'producttype': 'INTRADAY', 'duration': 'DAY', 'price': '0', 'squareoff': '0', 'stoploss': '0', 'quantity': '877'}
2026-08-12 05:22:14,893  INFO      [OPEN] [DRY] IDEA.NS qty=877 @ Rs 13.50 SL Rs 13.11 TGT Rs 14.30 (order=None)
2026-08-12 05:22:14,893  INFO      [DRY] Angel order would be: {'variety': 'NORMAL', 'tradingsymbol': 'PNB-EQ', 'symboltoken': '10666', 'transactiontype': 'BUY', 'exchange': 'NSE', 'ordertype': 'MARKET', 'producttype': 'INTRADAY', 'duration': 'DAY', 'price': '0', 'squareoff': '0', 'stoploss': '0', 'quantity': '84'}
2026-08-12 05:22:14,893  INFO      [OPEN] [DRY] PNB.NS qty=84 @ Rs 118.52 SL Rs 116.28 TGT Rs 124.05 (order=None)
2026-08-12 05:22:14,893  INFO      [DRY] Angel order would be: {'variety': 'NORMAL', 'tradingsymbol': 'HINDALCO-EQ', 'symboltoken': '1363', 'transactiontype': 'BUY', 'exchange': 'NSE', 'ordertype': 'MARKET', 'producttype': 'INTRADAY', 'duration': 'DAY', 'price': '0', 'squareoff': '0', 'stoploss': '0', 'quantity': '7'}
2026-08-12 05:22:14,893  INFO      [OPEN] [DRY] HINDALCO.NS qty=7 @ Rs 1080.45 SL Rs 1055.89 TGT Rs 1140.97 (order=None)
2026-08-12 05:22:14,899  INFO      tick result: {'ok': True, 'actions': 3, 'open_trades': 6, 'closed_today': 0, 'realised_pnl': 0.0, 'cumulative_pnl': -4021.04, 'halted': False, 'messages': ['[OPEN] [DRY] IDEA.NS qty=877 @ Rs 13.50 SL Rs 13.11 TGT Rs 14.30 (order=None)', '[OPEN] [DRY] PNB.NS qty=84 @ Rs 118.52 SL Rs 116.28 TGT Rs 124.05 (order=None)', '[OPEN] [DRY] HINDALCO.NS qty=7 @ Rs 1080.45 SL Rs 1055.89 TGT Rs 1140.97 (order=None)']}
2026-08-12 05:22:14,899  INFO      tick result: {'ok': True, 'actions': 3, 'open_trades': 6, 'closed_today': 0, 'realised_pnl': 0.0, 'cumulative_pnl': -4021.04, 'halted': False, 'messages': ['[OPEN] [DRY] IDEA.NS qty=877 @ Rs 13.50 SL Rs 13.11 TGT Rs 14.30 (order=None)', '[OPEN] [DRY] PNB.NS qty=84 @ Rs 118.52 SL Rs 116.28 TGT Rs 124.05 (order=None)', '[OPEN] [DRY] HINDALCO.NS qty=7 @ Rs 1080.45 SL Rs 1055.89 TGT Rs 1140.97 (order=None)']}
