2026-09-30 10:02:04,686  INFO      angel_one starting ... (cmd=paper-trade)
2026-09-30 10:02:04,686  INFO      angel_one starting ... (cmd=paper-trade)
2026-09-30 10:02:04,704  INFO      refresh: generating today's picks via analyzer (dry-run, no PDF)
2026-09-30 10:02:04,704  INFO      refresh: generating today's picks via analyzer (dry-run, no PDF)
2026-09-30 10:02:05,553  INFO      == Stock analyzer run starting ==
2026-09-30 10:02:05,553  INFO      Watchlist: 11 symbols from data/stock_watchlist.txt
2026-09-30 10:02:05,554  INFO      Universe: 107 symbols (total available: 107)
2026-09-30 10:02:09,636  INFO      [1/107] fetching TATAPOWER.NS …
2026-09-30 10:02:10,173  INFO      [2/107] fetching IRFC.NS …
2026-09-30 10:02:10,663  INFO      [3/107] fetching SUZLON.NS …
2026-09-30 10:02:11,180  INFO      [4/107] fetching IREDA.NS …
2026-09-30 10:02:11,669  INFO      [5/107] fetching BHEL.NS …
2026-09-30 10:02:12,178  INFO      [6/107] fetching KPITTECH.NS …
2026-09-30 10:02:12,671  INFO      [7/107] fetching POLYCAB.NS …
2026-09-30 10:02:13,155  INFO      [8/107] fetching PERSISTENT.NS …
2026-09-30 10:02:13,645  INFO      [9/107] fetching ITC.NS …
2026-09-30 10:02:14,190  INFO      [10/107] fetching POWERGRID.NS …
2026-09-30 10:02:14,694  INFO      [11/107] fetching COALINDIA.NS …
2026-09-30 10:02:15,200  INFO      [12/107] fetching RELIANCE.NS …
2026-09-30 10:02:15,706  INFO      [13/107] fetching TCS.NS …
2026-09-30 10:02:16,202  INFO      [14/107] fetching HDFCBANK.NS …
2026-09-30 10:02:16,710  INFO      [15/107] fetching INFY.NS …
2026-09-30 10:02:17,269  INFO      [16/107] fetching ICICIBANK.NS …
2026-09-30 10:02:17,771  INFO      [17/107] fetching HINDUNILVR.NS …
2026-09-30 10:02:18,284  INFO      [18/107] fetching SBIN.NS …
2026-09-30 10:02:18,806  INFO      [19/107] fetching BHARTIARTL.NS …
2026-09-30 10:02:19,298  INFO      [20/107] fetching KOTAKBANK.NS …
2026-09-30 10:02:19,805  INFO      [21/107] fetching LT.NS …
2026-09-30 10:02:20,304  INFO      [22/107] fetching AXISBANK.NS …
2026-09-30 10:02:20,833  INFO      [23/107] fetching BAJFINANCE.NS …
2026-09-30 10:02:21,331  INFO      [24/107] fetching ASIANPAINT.NS …
2026-09-30 10:02:21,830  INFO      [25/107] fetching MARUTI.NS …
2026-09-30 10:02:22,325  INFO      [26/107] fetching HCLTECH.NS …
2026-09-30 10:02:22,820  INFO      [27/107] fetching SUNPHARMA.NS …
2026-09-30 10:02:23,328  INFO      [28/107] fetching TITAN.NS …
2026-09-30 10:02:23,829  INFO      [29/107] fetching ULTRACEMCO.NS …
2026-09-30 10:02:24,337  INFO      [30/107] fetching WIPRO.NS …
2026-09-30 10:02:24,841  INFO      [31/107] fetching NESTLEIND.NS …
2026-09-30 10:02:25,401  INFO      [32/107] fetching ADANIENT.NS …
2026-09-30 10:02:25,918  INFO      [33/107] fetching NTPC.NS …
2026-09-30 10:02:26,422  INFO      [34/107] fetching TATAMOTORS.NS …
2026-09-30 10:02:27,631  WARNING   [TATAMOTORS.NS] insufficient history (0 rows)
2026-09-30 10:02:28,032  INFO      [35/107] fetching M&M.NS …
2026-09-30 10:02:28,533  INFO      [36/107] fetching TATASTEEL.NS …
2026-09-30 10:02:29,034  INFO      [37/107] fetching JSWSTEEL.NS …
2026-09-30 10:02:29,533  INFO      [38/107] fetching ONGC.NS …
2026-09-30 10:02:30,043  INFO      [39/107] fetching TECHM.NS …
2026-09-30 10:02:30,568  INFO      [40/107] fetching BAJAJFINSV.NS …
2026-09-30 10:02:31,083  INFO      [41/107] fetching HINDALCO.NS …
2026-09-30 10:02:31,586  INFO      [42/107] fetching GRASIM.NS …
2026-09-30 10:02:32,089  INFO      [43/107] fetching DRREDDY.NS …
2026-09-30 10:02:32,587  INFO      [44/107] fetching CIPLA.NS …
2026-09-30 10:02:33,095  INFO      [45/107] fetching DIVISLAB.NS …
2026-09-30 10:02:33,638  INFO      [46/107] fetching EICHERMOT.NS …
2026-09-30 10:02:34,147  INFO      [47/107] fetching BRITANNIA.NS …
2026-09-30 10:02:34,650  INFO      [48/107] fetching HEROMOTOCO.NS …
2026-09-30 10:02:35,176  INFO      [49/107] fetching BAJAJ-AUTO.NS …
2026-09-30 10:02:35,676  INFO      [50/107] fetching INDUSINDBK.NS …
2026-09-30 10:02:36,216  INFO      [51/107] fetching APOLLOHOSP.NS …
2026-09-30 10:02:36,718  INFO      [52/107] fetching TATACONSUM.NS …
2026-09-30 10:02:37,224  INFO      [53/107] fetching UPL.NS …
2026-09-30 10:02:37,719  INFO      [54/107] fetching BPCL.NS …
2026-09-30 10:02:38,228  INFO      [55/107] fetching SBILIFE.NS …
2026-09-30 10:02:38,720  INFO      [56/107] fetching HDFCLIFE.NS …
2026-09-30 10:02:39,211  INFO      [57/107] fetching ADANIPORTS.NS …
2026-09-30 10:02:39,709  INFO      [58/107] fetching LTIM.NS …
2026-09-30 10:02:40,171  WARNING   [LTIM.NS] insufficient history (0 rows)
2026-09-30 10:02:40,571  INFO      [59/107] fetching ABB.NS …
2026-09-30 10:02:41,073  INFO      [60/107] fetching ADANIGREEN.NS …
2026-09-30 10:02:41,553  INFO      [61/107] fetching ADANIPOWER.NS …
2026-09-30 10:02:42,043  INFO      [62/107] fetching AMBUJACEM.NS …
2026-09-30 10:02:42,563  INFO      [63/107] fetching DMART.NS …
2026-09-30 10:02:43,043  INFO      [64/107] fetching BAJAJHLDNG.NS …
2026-09-30 10:02:43,580  INFO      [65/107] fetching BANKBARODA.NS …
2026-09-30 10:02:44,100  INFO      [66/107] fetching BERGEPAINT.NS …
2026-09-30 10:02:44,608  INFO      [67/107] fetching BOSCHLTD.NS …
2026-09-30 10:02:45,114  INFO      [68/107] fetching CANBK.NS …
2026-09-30 10:02:45,612  INFO      [69/107] fetching CHOLAFIN.NS …
2026-09-30 10:02:46,132  INFO      [70/107] fetching COLPAL.NS …
2026-09-30 10:02:46,634  INFO      [71/107] fetching DABUR.NS …
2026-09-30 10:02:47,149  INFO      [72/107] fetching DLF.NS …
2026-09-30 10:02:47,644  INFO      [73/107] fetching GAIL.NS …
2026-09-30 10:02:48,143  INFO      [74/107] fetching GODREJCP.NS …
2026-09-30 10:02:48,652  INFO      [75/107] fetching HAVELLS.NS …
2026-09-30 10:02:49,153  INFO      [76/107] fetching HAL.NS …
2026-09-30 10:02:49,665  INFO      [77/107] fetching ICICIGI.NS …
2026-09-30 10:02:50,163  INFO      [78/107] fetching ICICIPRULI.NS …
2026-09-30 10:02:50,694  INFO      [79/107] fetching IOC.NS …
2026-09-30 10:02:51,238  INFO      [80/107] fetching IRCTC.NS …
2026-09-30 10:02:51,730  INFO      [81/107] fetching JINDALSTEL.NS …
2026-09-30 10:02:52,239  INFO      [82/107] fetching LICI.NS …
2026-09-30 10:02:52,719  INFO      [83/107] fetching MARICO.NS …
2026-09-30 10:02:53,221  INFO      [84/107] fetching MOTHERSON.NS …
2026-09-30 10:02:53,718  INFO      [85/107] fetching NAUKRI.NS …
2026-09-30 10:02:54,210  INFO      [86/107] fetching PIDILITIND.NS …
2026-09-30 10:02:54,711  INFO      [87/107] fetching PNB.NS …
2026-09-30 10:02:55,217  INFO      [88/107] fetching PFC.NS …
2026-09-30 10:02:55,737  INFO      [89/107] fetching RECLTD.NS …
2026-09-30 10:02:56,235  INFO      [90/107] fetching SIEMENS.NS …
2026-09-30 10:02:56,740  INFO      [91/107] fetching SRF.NS …
2026-09-30 10:02:57,356  INFO      [92/107] fetching SHREECEM.NS …
2026-09-30 10:02:57,871  INFO      [93/107] fetching SHRIRAMFIN.NS …
2026-09-30 10:02:58,370  INFO      [94/107] fetching TORNTPHARM.NS …
2026-09-30 10:02:58,869  INFO      [95/107] fetching TRENT.NS …
2026-09-30 10:02:59,364  INFO      [96/107] fetching TVSMOTOR.NS …
2026-09-30 10:02:59,868  INFO      [97/107] fetching VEDL.NS …
2026-09-30 10:03:00,385  INFO      [98/107] fetching VBL.NS …
2026-09-30 10:03:00,895  INFO      [99/107] fetching ZOMATO.NS …
2026-09-30 10:03:01,412  WARNING   [ZOMATO.NS] insufficient history (0 rows)
2026-09-30 10:03:01,813  INFO      [100/107] fetching ZYDUSLIFE.NS …
2026-09-30 10:03:02,342  INFO      [101/107] fetching INDIGO.NS …
2026-09-30 10:03:02,862  INFO      [102/107] fetching IDEA.NS …
2026-09-30 10:03:03,350  INFO      [103/107] fetching BANKINDIA.NS …
2026-09-30 10:03:03,893  INFO      [104/107] fetching PAGEIND.NS …
2026-09-30 10:03:04,394  INFO      [105/107] fetching MUTHOOTFIN.NS …
2026-09-30 10:03:04,896  INFO      [106/107] fetching TATAELXSI.NS …
2026-09-30 10:03:05,410  INFO      [107/107] fetching LUPIN.NS …
2026-09-30 10:03:05,548  INFO      Fetched 104/107 symbols successfully.
2026-09-30 10:03:11,016  INFO      Fetched 200 headlines from RSS (Indian + global/geopolitics).
2026-09-30 10:03:13,526  INFO      Macro regime: neutral | bias=-1 | geo-risk=41.4
2026-09-30 10:03:13,787  INFO      NSE corp announcements: 20 filings
2026-09-30 10:03:15,307  INFO      Angel One login successful.
2026-09-30 10:03:16,102  INFO      Saved report → data/stock_reports/2026-09-30_1003.json
2026-09-30 10:03:16,666  INFO      Report image saved → logs/stock_analyzer/2026-09-30/stock_report.png  [1920×1280]
2026-09-30 10:03:16,667  INFO      Dry-run: skipping send. Image + PDF saved locally; console printed.
2026-09-30 10:03:16,667  INFO      == Stock analyzer run complete ==
2026-09-30 10:03:16,671  INFO      [Note] PAPER TRADING -- virtual cash Rs 100,000, max_positions=6 max_pct=15% buckets=('intraday', 'swing') state=data/paper_trader_state.json
2026-09-30 10:03:16,671  INFO      [Note] PAPER TRADING -- virtual cash Rs 100,000, max_positions=6 max_pct=15% buckets=('intraday', 'swing') state=data/paper_trader_state.json
2026-09-30 10:03:16,672  INFO      paper-trader: new day, archived 1 trades (cumulative ₹-5,782)
2026-09-30 10:03:30,282  INFO      tick result: {'ok': True, 'actions': 0, 'open_trades': 0, 'closed_today': 0, 'realised_pnl': 0.0, 'cumulative_pnl': -5781.86, 'halted': False, 'messages': []}
2026-09-30 10:03:30,282  INFO      tick result: {'ok': True, 'actions': 0, 'open_trades': 0, 'closed_today': 0, 'realised_pnl': 0.0, 'cumulative_pnl': -5781.86, 'halted': False, 'messages': []}
