2026-09-02 08:10:06,754  INFO      angel_one starting ... (cmd=paper-trade)
2026-09-02 08:10:06,754  INFO      angel_one starting ... (cmd=paper-trade)
2026-09-02 08:10:06,772  INFO      refresh: generating today's picks via analyzer (dry-run, no PDF)
2026-09-02 08:10:06,772  INFO      refresh: generating today's picks via analyzer (dry-run, no PDF)
2026-09-02 08:10:07,315  INFO      == Stock analyzer run starting ==
2026-09-02 08:10:07,315  INFO      Watchlist: 11 symbols from data/stock_watchlist.txt
2026-09-02 08:10:07,315  INFO      Universe: 107 symbols (total available: 107)
2026-09-02 08:10:07,720  INFO      [1/107] fetching TATAPOWER.NS …
2026-09-02 08:10:08,284  INFO      [2/107] fetching IRFC.NS …
2026-09-02 08:10:08,767  INFO      [3/107] fetching SUZLON.NS …
2026-09-02 08:10:09,247  INFO      [4/107] fetching IREDA.NS …
2026-09-02 08:10:09,723  INFO      [5/107] fetching BHEL.NS …
2026-09-02 08:10:10,219  INFO      [6/107] fetching KPITTECH.NS …
2026-09-02 08:10:10,739  INFO      [7/107] fetching POLYCAB.NS …
2026-09-02 08:10:11,228  INFO      [8/107] fetching PERSISTENT.NS …
2026-09-02 08:10:11,725  INFO      [9/107] fetching ITC.NS …
2026-09-02 08:10:12,232  INFO      [10/107] fetching POWERGRID.NS …
2026-09-02 08:10:12,735  INFO      [11/107] fetching COALINDIA.NS …
2026-09-02 08:10:13,231  INFO      [12/107] fetching RELIANCE.NS …
2026-09-02 08:10:13,731  INFO      [13/107] fetching TCS.NS …
2026-09-02 08:10:14,226  INFO      [14/107] fetching HDFCBANK.NS …
2026-09-02 08:10:14,733  INFO      [15/107] fetching INFY.NS …
2026-09-02 08:10:15,237  INFO      [16/107] fetching ICICIBANK.NS …
2026-09-02 08:10:15,783  INFO      [17/107] fetching HINDUNILVR.NS …
2026-09-02 08:10:16,289  INFO      [18/107] fetching SBIN.NS …
2026-09-02 08:10:16,786  INFO      [19/107] fetching BHARTIARTL.NS …
2026-09-02 08:10:17,273  INFO      [20/107] fetching KOTAKBANK.NS …
2026-09-02 08:10:17,768  INFO      [21/107] fetching LT.NS …
2026-09-02 08:10:18,269  INFO      [22/107] fetching AXISBANK.NS …
2026-09-02 08:10:18,765  INFO      [23/107] fetching BAJFINANCE.NS …
2026-09-02 08:10:19,266  INFO      [24/107] fetching ASIANPAINT.NS …
2026-09-02 08:10:19,761  INFO      [25/107] fetching MARUTI.NS …
2026-09-02 08:10:20,258  INFO      [26/107] fetching HCLTECH.NS …
2026-09-02 08:10:20,758  INFO      [27/107] fetching SUNPHARMA.NS …
2026-09-02 08:10:21,261  INFO      [28/107] fetching TITAN.NS …
2026-09-02 08:10:21,759  INFO      [29/107] fetching ULTRACEMCO.NS …
2026-09-02 08:10:22,251  INFO      [30/107] fetching WIPRO.NS …
2026-09-02 08:10:22,755  INFO      [31/107] fetching NESTLEIND.NS …
2026-09-02 08:10:23,252  INFO      [32/107] fetching ADANIENT.NS …
2026-09-02 08:10:23,758  INFO      [33/107] fetching NTPC.NS …
2026-09-02 08:10:24,288  INFO      [34/107] fetching TATAMOTORS.NS …
2026-09-02 08:10:25,241  WARNING   [TATAMOTORS.NS] insufficient history (0 rows)
2026-09-02 08:10:25,641  INFO      [35/107] fetching M&M.NS …
2026-09-02 08:10:26,142  INFO      [36/107] fetching TATASTEEL.NS …
2026-09-02 08:10:26,640  INFO      [37/107] fetching JSWSTEEL.NS …
2026-09-02 08:10:27,132  INFO      [38/107] fetching ONGC.NS …
2026-09-02 08:10:27,632  INFO      [39/107] fetching TECHM.NS …
2026-09-02 08:10:28,126  INFO      [40/107] fetching BAJAJFINSV.NS …
2026-09-02 08:10:28,625  INFO      [41/107] fetching HINDALCO.NS …
2026-09-02 08:10:29,130  INFO      [42/107] fetching GRASIM.NS …
2026-09-02 08:10:29,627  INFO      [43/107] fetching DRREDDY.NS …
2026-09-02 08:10:30,123  INFO      [44/107] fetching CIPLA.NS …
2026-09-02 08:10:30,631  INFO      [45/107] fetching DIVISLAB.NS …
2026-09-02 08:10:31,131  INFO      [46/107] fetching EICHERMOT.NS …
2026-09-02 08:10:31,639  INFO      [47/107] fetching BRITANNIA.NS …
2026-09-02 08:10:32,174  INFO      [48/107] fetching HEROMOTOCO.NS …
2026-09-02 08:10:32,676  INFO      [49/107] fetching BAJAJ-AUTO.NS …
2026-09-02 08:10:33,205  INFO      [50/107] fetching INDUSINDBK.NS …
2026-09-02 08:10:33,707  INFO      [51/107] fetching APOLLOHOSP.NS …
2026-09-02 08:10:34,204  INFO      [52/107] fetching TATACONSUM.NS …
2026-09-02 08:10:34,733  INFO      [53/107] fetching UPL.NS …
2026-09-02 08:10:35,236  INFO      [54/107] fetching BPCL.NS …
2026-09-02 08:10:35,741  INFO      [55/107] fetching SBILIFE.NS …
2026-09-02 08:10:36,225  INFO      [56/107] fetching HDFCLIFE.NS …
2026-09-02 08:10:36,711  INFO      [57/107] fetching ADANIPORTS.NS …
2026-09-02 08:10:37,209  INFO      [58/107] fetching LTIM.NS …
2026-09-02 08:10:37,735  WARNING   [LTIM.NS] insufficient history (0 rows)
2026-09-02 08:10:38,135  INFO      [59/107] fetching ABB.NS …
2026-09-02 08:10:38,666  INFO      [60/107] fetching ADANIGREEN.NS …
2026-09-02 08:10:39,143  INFO      [61/107] fetching ADANIPOWER.NS …
2026-09-02 08:10:39,624  INFO      [62/107] fetching AMBUJACEM.NS …
2026-09-02 08:10:40,126  INFO      [63/107] fetching DMART.NS …
2026-09-02 08:10:40,611  INFO      [64/107] fetching BAJAJHLDNG.NS …
2026-09-02 08:10:41,104  INFO      [65/107] fetching BANKBARODA.NS …
2026-09-02 08:10:41,614  INFO      [66/107] fetching BERGEPAINT.NS …
2026-09-02 08:10:42,116  INFO      [67/107] fetching BOSCHLTD.NS …
2026-09-02 08:10:42,649  INFO      [68/107] fetching CANBK.NS …
2026-09-02 08:10:43,186  INFO      [69/107] fetching CHOLAFIN.NS …
2026-09-02 08:10:43,684  INFO      [70/107] fetching COLPAL.NS …
2026-09-02 08:10:44,177  INFO      [71/107] fetching DABUR.NS …
2026-09-02 08:10:44,679  INFO      [72/107] fetching DLF.NS …
2026-09-02 08:10:45,171  INFO      [73/107] fetching GAIL.NS …
2026-09-02 08:10:45,667  INFO      [74/107] fetching GODREJCP.NS …
2026-09-02 08:10:46,190  INFO      [75/107] fetching HAVELLS.NS …
2026-09-02 08:10:46,694  INFO      [76/107] fetching HAL.NS …
2026-09-02 08:10:47,176  INFO      [77/107] fetching ICICIGI.NS …
2026-09-02 08:10:47,661  INFO      [78/107] fetching ICICIPRULI.NS …
2026-09-02 08:10:48,153  INFO      [79/107] fetching IOC.NS …
2026-09-02 08:10:48,667  INFO      [80/107] fetching IRCTC.NS …
2026-09-02 08:10:49,146  INFO      [81/107] fetching JINDALSTEL.NS …
2026-09-02 08:10:49,655  INFO      [82/107] fetching LICI.NS …
2026-09-02 08:10:50,135  INFO      [83/107] fetching MARICO.NS …
2026-09-02 08:10:50,637  INFO      [84/107] fetching MOTHERSON.NS …
2026-09-02 08:10:51,136  INFO      [85/107] fetching NAUKRI.NS …
2026-09-02 08:10:51,625  INFO      [86/107] fetching PIDILITIND.NS …
2026-09-02 08:10:52,123  INFO      [87/107] fetching PNB.NS …
2026-09-02 08:10:52,631  INFO      [88/107] fetching PFC.NS …
2026-09-02 08:10:53,128  INFO      [89/107] fetching RECLTD.NS …
2026-09-02 08:10:53,631  INFO      [90/107] fetching SIEMENS.NS …
2026-09-02 08:10:54,133  INFO      [91/107] fetching SRF.NS …
2026-09-02 08:10:54,634  INFO      [92/107] fetching SHREECEM.NS …
2026-09-02 08:10:55,127  INFO      [93/107] fetching SHRIRAMFIN.NS …
2026-09-02 08:10:55,628  INFO      [94/107] fetching TORNTPHARM.NS …
2026-09-02 08:10:56,127  INFO      [95/107] fetching TRENT.NS …
2026-09-02 08:10:56,629  INFO      [96/107] fetching TVSMOTOR.NS …
2026-09-02 08:10:57,121  INFO      [97/107] fetching VEDL.NS …
2026-09-02 08:10:57,619  INFO      [98/107] fetching VBL.NS …
2026-09-02 08:10:58,108  INFO      [99/107] fetching ZOMATO.NS …
2026-09-02 08:10:58,625  WARNING   [ZOMATO.NS] insufficient history (0 rows)
2026-09-02 08:10:59,026  INFO      [100/107] fetching ZYDUSLIFE.NS …
2026-09-02 08:10:59,525  INFO      [101/107] fetching INDIGO.NS …
2026-09-02 08:11:00,012  INFO      [102/107] fetching IDEA.NS …
2026-09-02 08:11:00,528  INFO      [103/107] fetching BANKINDIA.NS …
2026-09-02 08:11:01,026  INFO      [104/107] fetching PAGEIND.NS …
2026-09-02 08:11:01,524  INFO      [105/107] fetching MUTHOOTFIN.NS …
2026-09-02 08:11:02,016  INFO      [106/107] fetching TATAELXSI.NS …
2026-09-02 08:11:02,509  INFO      [107/107] fetching LUPIN.NS …
2026-09-02 08:11:02,608  INFO      Fetched 104/107 symbols successfully.
2026-09-02 08:11:06,926  INFO      Fetched 200 headlines from RSS (Indian + global/geopolitics).
2026-09-02 08:11:09,075  INFO      Macro regime: neutral | bias=2 | geo-risk=39.3
2026-09-02 08:11:09,114  INFO      NSE corp announcements: 20 filings
2026-09-02 08:11:10,807  INFO      Angel One login successful.
2026-09-02 08:11:11,894  INFO      Saved report → data/stock_reports/2026-09-02_0811.json
2026-09-02 08:11:12,399  INFO      Report image saved → logs/stock_analyzer/2026-09-02/stock_report.png  [1920×1280]
2026-09-02 08:11:12,399  INFO      Dry-run: skipping send. Image + PDF saved locally; console printed.
2026-09-02 08:11:12,400  INFO      == Stock analyzer run complete ==
2026-09-02 08:11:12,403  INFO      [Note] PAPER TRADING -- virtual cash Rs 100,000, max_positions=6 max_pct=15% buckets=('intraday', 'swing') state=data/paper_trader_state.json
2026-09-02 08:11:12,403  INFO      [Note] PAPER TRADING -- virtual cash Rs 100,000, max_positions=6 max_pct=15% buckets=('intraday', 'swing') state=data/paper_trader_state.json
2026-09-02 08:11:12,405  INFO      paper-trader: new day, archived 4 trades (cumulative ₹-4,574)
2026-09-02 08:11:23,836  INFO      [DRY] Angel order would be: {'variety': 'NORMAL', 'tradingsymbol': 'COALINDIA-EQ', 'symboltoken': '20374', 'transactiontype': 'BUY', 'exchange': 'NSE', 'ordertype': 'MARKET', 'producttype': 'INTRADAY', 'duration': 'DAY', 'price': '0', 'squareoff': '0', 'stoploss': '0', 'quantity': '29'}
2026-09-02 08:11:23,836  INFO      [OPEN] [DRY] COALINDIA.NS qty=29 @ Rs 415.90 SL Rs 408.52 TGT Rs 416.76 (order=None)
2026-09-02 08:11:23,836  INFO      [DRY] Angel order would be: {'variety': 'NORMAL', 'tradingsymbol': 'BPCL-EQ', 'symboltoken': '526', 'transactiontype': 'BUY', 'exchange': 'NSE', 'ordertype': 'MARKET', 'producttype': 'INTRADAY', 'duration': 'DAY', 'price': '0', 'squareoff': '0', 'stoploss': '0', 'quantity': '32'}
2026-09-02 08:11:23,836  INFO      [OPEN] [DRY] BPCL.NS qty=32 @ Rs 316.55 SL Rs 311.29 TGT Rs 319.11 (order=None)
2026-09-02 08:11:23,836  INFO      [DRY] Angel order would be: {'variety': 'NORMAL', 'tradingsymbol': 'ADANIPORTS-EQ', 'symboltoken': '15083', 'transactiontype': 'BUY', 'exchange': 'NSE', 'ordertype': 'MARKET', 'producttype': 'INTRADAY', 'duration': 'DAY', 'price': '0', 'squareoff': '0', 'stoploss': '0', 'quantity': '5'}
2026-09-02 08:11:23,836  INFO      [OPEN] [DRY] ADANIPORTS.NS qty=5 @ Rs 1673.40 SL Rs 1662.64 TGT Rs 1700.59 (order=None)
2026-09-02 08:11:23,836  INFO      [DRY] Angel order would be: {'variety': 'NORMAL', 'tradingsymbol': 'ADANIPOWER-EQ', 'symboltoken': '17388', 'transactiontype': 'BUY', 'exchange': 'NSE', 'ordertype': 'MARKET', 'producttype': 'INTRADAY', 'duration': 'DAY', 'price': '0', 'squareoff': '0', 'stoploss': '0', 'quantity': '36'}
2026-09-02 08:11:23,836  INFO      [OPEN] [DRY] ADANIPOWER.NS qty=36 @ Rs 206.95 SL Rs 200.76 TGT Rs 213.37 (order=None)
2026-09-02 08:11:23,843  INFO      tick result: {'ok': True, 'actions': 4, 'open_trades': 6, 'closed_today': 0, 'realised_pnl': 0.0, 'cumulative_pnl': -4574.15, 'halted': False, 'messages': ['[OPEN] [DRY] COALINDIA.NS qty=29 @ Rs 415.90 SL Rs 408.52 TGT Rs 416.76 (order=None)', '[OPEN] [DRY] BPCL.NS qty=32 @ Rs 316.55 SL Rs 311.29 TGT Rs 319.11 (order=None)', '[OPEN] [DRY] ADANIPORTS.NS qty=5 @ Rs 1673.40 SL Rs 1662.64 TGT Rs 1700.59 (order=None)', '[OPEN] [DRY] ADANIPOWER.NS qty=36 @ Rs 206.95 SL Rs 200.76 TGT Rs 213.37 (order=None)']}
2026-09-02 08:11:23,843  INFO      tick result: {'ok': True, 'actions': 4, 'open_trades': 6, 'closed_today': 0, 'realised_pnl': 0.0, 'cumulative_pnl': -4574.15, 'halted': False, 'messages': ['[OPEN] [DRY] COALINDIA.NS qty=29 @ Rs 415.90 SL Rs 408.52 TGT Rs 416.76 (order=None)', '[OPEN] [DRY] BPCL.NS qty=32 @ Rs 316.55 SL Rs 311.29 TGT Rs 319.11 (order=None)', '[OPEN] [DRY] ADANIPORTS.NS qty=5 @ Rs 1673.40 SL Rs 1662.64 TGT Rs 1700.59 (order=None)', '[OPEN] [DRY] ADANIPOWER.NS qty=36 @ Rs 206.95 SL Rs 200.76 TGT Rs 213.37 (order=None)']}
