2026-08-17 04:28:30,502  INFO      angel_one starting ... (cmd=paper-trade)
2026-08-17 04:28:30,502  INFO      angel_one starting ... (cmd=paper-trade)
2026-08-17 04:28:30,515  INFO      refresh: generating today's picks via analyzer (dry-run, no PDF)
2026-08-17 04:28:30,515  INFO      refresh: generating today's picks via analyzer (dry-run, no PDF)
2026-08-17 04:28:31,429  INFO      == Stock analyzer run starting ==
2026-08-17 04:28:31,429  INFO      Watchlist: 11 symbols from data/stock_watchlist.txt
2026-08-17 04:28:31,429  INFO      Universe: 107 symbols (total available: 107)
2026-08-17 04:28:31,950  INFO      [1/107] fetching TATAPOWER.NS …
2026-08-17 04:28:32,596  INFO      [2/107] fetching IRFC.NS …
2026-08-17 04:28:33,142  INFO      [3/107] fetching SUZLON.NS …
2026-08-17 04:28:33,629  INFO      [4/107] fetching IREDA.NS …
2026-08-17 04:28:34,116  INFO      [5/107] fetching BHEL.NS …
2026-08-17 04:28:34,629  INFO      [6/107] fetching KPITTECH.NS …
2026-08-17 04:28:35,120  INFO      [7/107] fetching POLYCAB.NS …
2026-08-17 04:28:35,712  INFO      [8/107] fetching PERSISTENT.NS …
2026-08-17 04:28:36,261  INFO      [9/107] fetching ITC.NS …
2026-08-17 04:28:36,777  INFO      [10/107] fetching POWERGRID.NS …
2026-08-17 04:28:37,277  INFO      [11/107] fetching COALINDIA.NS …
2026-08-17 04:28:37,774  INFO      [12/107] fetching RELIANCE.NS …
2026-08-17 04:28:38,291  INFO      [13/107] fetching TCS.NS …
2026-08-17 04:28:38,807  INFO      [14/107] fetching HDFCBANK.NS …
2026-08-17 04:28:39,317  INFO      [15/107] fetching INFY.NS …
2026-08-17 04:28:39,823  INFO      [16/107] fetching ICICIBANK.NS …
2026-08-17 04:28:40,348  INFO      [17/107] fetching HINDUNILVR.NS …
2026-08-17 04:28:40,864  INFO      [18/107] fetching SBIN.NS …
2026-08-17 04:28:41,384  INFO      [19/107] fetching BHARTIARTL.NS …
2026-08-17 04:28:41,928  INFO      [20/107] fetching KOTAKBANK.NS …
2026-08-17 04:28:42,436  INFO      [21/107] fetching LT.NS …
2026-08-17 04:28:42,955  INFO      [22/107] fetching AXISBANK.NS …
2026-08-17 04:28:43,492  INFO      [23/107] fetching BAJFINANCE.NS …
2026-08-17 04:28:44,003  INFO      [24/107] fetching ASIANPAINT.NS …
2026-08-17 04:28:44,554  INFO      [25/107] fetching MARUTI.NS …
2026-08-17 04:28:45,113  INFO      [26/107] fetching HCLTECH.NS …
2026-08-17 04:28:45,632  INFO      [27/107] fetching SUNPHARMA.NS …
2026-08-17 04:28:46,147  INFO      [28/107] fetching TITAN.NS …
2026-08-17 04:28:46,655  INFO      [29/107] fetching ULTRACEMCO.NS …
2026-08-17 04:28:47,161  INFO      [30/107] fetching WIPRO.NS …
2026-08-17 04:28:47,681  INFO      [31/107] fetching NESTLEIND.NS …
2026-08-17 04:28:48,194  INFO      [32/107] fetching ADANIENT.NS …
2026-08-17 04:28:48,708  INFO      [33/107] fetching NTPC.NS …
2026-08-17 04:28:49,219  INFO      [34/107] fetching TATAMOTORS.NS …
2026-08-17 04:28:50,322  WARNING   [TATAMOTORS.NS] insufficient history (0 rows)
2026-08-17 04:28:50,722  INFO      [35/107] fetching M&M.NS …
2026-08-17 04:28:51,272  INFO      [36/107] fetching TATASTEEL.NS …
2026-08-17 04:28:51,790  INFO      [37/107] fetching JSWSTEEL.NS …
2026-08-17 04:28:52,297  INFO      [38/107] fetching ONGC.NS …
2026-08-17 04:28:52,804  INFO      [39/107] fetching TECHM.NS …
2026-08-17 04:28:53,337  INFO      [40/107] fetching BAJAJFINSV.NS …
2026-08-17 04:28:53,834  INFO      [41/107] fetching HINDALCO.NS …
2026-08-17 04:28:54,349  INFO      [42/107] fetching GRASIM.NS …
2026-08-17 04:28:54,902  INFO      [43/107] fetching DRREDDY.NS …
2026-08-17 04:28:55,402  INFO      [44/107] fetching CIPLA.NS …
2026-08-17 04:28:55,931  INFO      [45/107] fetching DIVISLAB.NS …
2026-08-17 04:28:56,445  INFO      [46/107] fetching EICHERMOT.NS …
2026-08-17 04:28:56,951  INFO      [47/107] fetching BRITANNIA.NS …
2026-08-17 04:28:57,458  INFO      [48/107] fetching HEROMOTOCO.NS …
2026-08-17 04:28:57,963  INFO      [49/107] fetching BAJAJ-AUTO.NS …
2026-08-17 04:28:58,464  INFO      [50/107] fetching INDUSINDBK.NS …
2026-08-17 04:28:58,973  INFO      [51/107] fetching APOLLOHOSP.NS …
2026-08-17 04:28:59,531  INFO      [52/107] fetching TATACONSUM.NS …
2026-08-17 04:29:00,034  INFO      [53/107] fetching UPL.NS …
2026-08-17 04:29:00,535  INFO      [54/107] fetching BPCL.NS …
2026-08-17 04:29:01,056  INFO      [55/107] fetching SBILIFE.NS …
2026-08-17 04:29:01,543  INFO      [56/107] fetching HDFCLIFE.NS …
2026-08-17 04:29:02,034  INFO      [57/107] fetching ADANIPORTS.NS …
2026-08-17 04:29:02,533  INFO      [58/107] fetching LTIM.NS …
2026-08-17 04:29:03,197  WARNING   [LTIM.NS] insufficient history (0 rows)
2026-08-17 04:29:03,597  INFO      [59/107] fetching ABB.NS …
2026-08-17 04:29:04,120  INFO      [60/107] fetching ADANIGREEN.NS …
2026-08-17 04:29:04,605  INFO      [61/107] fetching ADANIPOWER.NS …
2026-08-17 04:29:05,137  INFO      [62/107] fetching AMBUJACEM.NS …
2026-08-17 04:29:05,644  INFO      [63/107] fetching DMART.NS …
2026-08-17 04:29:06,135  INFO      [64/107] fetching BAJAJHLDNG.NS …
2026-08-17 04:29:06,700  INFO      [65/107] fetching BANKBARODA.NS …
2026-08-17 04:29:07,219  INFO      [66/107] fetching BERGEPAINT.NS …
2026-08-17 04:29:07,739  INFO      [67/107] fetching BOSCHLTD.NS …
2026-08-17 04:29:08,246  INFO      [68/107] fetching CANBK.NS …
2026-08-17 04:29:08,749  INFO      [69/107] fetching CHOLAFIN.NS …
2026-08-17 04:29:09,257  INFO      [70/107] fetching COLPAL.NS …
2026-08-17 04:29:09,760  INFO      [71/107] fetching DABUR.NS …
2026-08-17 04:29:10,273  INFO      [72/107] fetching DLF.NS …
2026-08-17 04:29:10,778  INFO      [73/107] fetching GAIL.NS …
2026-08-17 04:29:11,296  INFO      [74/107] fetching GODREJCP.NS …
2026-08-17 04:29:11,857  INFO      [75/107] fetching HAVELLS.NS …
2026-08-17 04:29:12,366  INFO      [76/107] fetching HAL.NS …
2026-08-17 04:29:12,855  INFO      [77/107] fetching ICICIGI.NS …
2026-08-17 04:29:13,396  INFO      [78/107] fetching ICICIPRULI.NS …
2026-08-17 04:29:13,888  INFO      [79/107] fetching IOC.NS …
2026-08-17 04:29:14,410  INFO      [80/107] fetching IRCTC.NS …
2026-08-17 04:29:14,946  INFO      [81/107] fetching JINDALSTEL.NS …
2026-08-17 04:29:15,463  INFO      [82/107] fetching LICI.NS …
2026-08-17 04:29:15,951  INFO      [83/107] fetching MARICO.NS …
2026-08-17 04:29:16,472  INFO      [84/107] fetching MOTHERSON.NS …
2026-08-17 04:29:16,979  INFO      [85/107] fetching NAUKRI.NS …
2026-08-17 04:29:17,482  INFO      [86/107] fetching PIDILITIND.NS …
2026-08-17 04:29:17,989  INFO      [87/107] fetching PNB.NS …
2026-08-17 04:29:18,553  INFO      [88/107] fetching PFC.NS …
2026-08-17 04:29:19,069  INFO      [89/107] fetching RECLTD.NS …
2026-08-17 04:29:19,571  INFO      [90/107] fetching SIEMENS.NS …
2026-08-17 04:29:20,128  INFO      [91/107] fetching SRF.NS …
2026-08-17 04:29:20,634  INFO      [92/107] fetching SHREECEM.NS …
2026-08-17 04:29:21,184  INFO      [93/107] fetching SHRIRAMFIN.NS …
2026-08-17 04:29:21,691  INFO      [94/107] fetching TORNTPHARM.NS …
2026-08-17 04:29:22,198  INFO      [95/107] fetching TRENT.NS …
2026-08-17 04:29:22,716  INFO      [96/107] fetching TVSMOTOR.NS …
2026-08-17 04:29:23,229  INFO      [97/107] fetching VEDL.NS …
2026-08-17 04:29:23,736  INFO      [98/107] fetching VBL.NS …
2026-08-17 04:29:24,233  INFO      [99/107] fetching ZOMATO.NS …
2026-08-17 04:29:24,911  WARNING   [ZOMATO.NS] insufficient history (0 rows)
2026-08-17 04:29:25,311  INFO      [100/107] fetching ZYDUSLIFE.NS …
2026-08-17 04:29:25,826  INFO      [101/107] fetching INDIGO.NS …
2026-08-17 04:29:26,317  INFO      [102/107] fetching IDEA.NS …
2026-08-17 04:29:26,858  INFO      [103/107] fetching BANKINDIA.NS …
2026-08-17 04:29:27,361  INFO      [104/107] fetching PAGEIND.NS …
2026-08-17 04:29:27,864  INFO      [105/107] fetching MUTHOOTFIN.NS …
2026-08-17 04:29:28,415  INFO      [106/107] fetching TATAELXSI.NS …
2026-08-17 04:29:28,922  INFO      [107/107] fetching LUPIN.NS …
2026-08-17 04:29:29,026  INFO      Fetched 104/107 symbols successfully.
2026-08-17 04:29:34,530  WARNING   [MF 120503] fetch failed: HTTPSConnectionPool(host='api.mfapi.in', port=443): Read timed out. (read timeout=5)
2026-08-17 04:29:36,073  INFO      Fetched 200 headlines from RSS (Indian + global/geopolitics).
2026-08-17 04:29:38,851  INFO      Macro regime: neutral | bias=2 | geo-risk=45.2
2026-08-17 04:29:38,879  INFO      NSE corp announcements: 20 filings
2026-08-17 04:29:40,542  INFO      Angel One login successful.
2026-08-17 04:29:41,148  INFO      Saved report → data/stock_reports/2026-08-17_0429.json
2026-08-17 04:29:41,534  INFO      Report image saved → logs/stock_analyzer/2026-08-17/stock_report.png  [1920×1280]
2026-08-17 04:29:41,535  INFO      Dry-run: skipping send. Image + PDF saved locally; console printed.
2026-08-17 04:29:41,535  INFO      == Stock analyzer run complete ==
2026-08-17 04:29:41,537  INFO      [Note] PAPER TRADING -- virtual cash Rs 100,000, max_positions=6 max_pct=15% buckets=('intraday', 'swing') state=data/paper_trader_state.json
2026-08-17 04:29:41,537  INFO      [Note] PAPER TRADING -- virtual cash Rs 100,000, max_positions=6 max_pct=15% buckets=('intraday', 'swing') state=data/paper_trader_state.json
2026-08-17 04:29:41,538  INFO      paper-trader: new day, archived 8 trades (cumulative ₹-4,299)
2026-08-17 04:29:54,824  INFO      [DRY] Angel order would be: {'variety': 'NORMAL', 'tradingsymbol': 'PERSISTENT-EQ', 'symboltoken': '18365', 'transactiontype': 'SELL', 'exchange': 'NSE', 'ordertype': 'MARKET', 'producttype': 'INTRADAY', 'duration': 'DAY', 'price': '0', 'squareoff': '0', 'stoploss': '0', 'quantity': '1'}
2026-08-17 04:29:54,824  INFO      [SL] [DRY] CLOSE PERSISTENT.NS qty=1 @ Rs 5551.00 P&L Rs +45 (gross Rs +53, cost Rs 8; trailing-SL hit @ 5551.00 (peak 5597.00))
2026-08-17 04:29:54,824  INFO      [DRY] Angel order would be: {'variety': 'NORMAL', 'tradingsymbol': 'BAJAJHLDNG-EQ', 'symboltoken': '305', 'transactiontype': 'BUY', 'exchange': 'NSE', 'ordertype': 'MARKET', 'producttype': 'INTRADAY', 'duration': 'DAY', 'price': '0', 'squareoff': '0', 'stoploss': '0', 'quantity': '1'}
2026-08-17 04:29:54,824  INFO      [OPEN] [DRY] BAJAJHLDNG.NS qty=1 @ Rs 11421.00 SL Rs 11205.39 TGT Rs 11575.80 (order=None)
2026-08-17 04:29:54,824  INFO      [DRY] Angel order would be: {'variety': 'NORMAL', 'tradingsymbol': 'BHEL-EQ', 'symboltoken': '438', 'transactiontype': 'BUY', 'exchange': 'NSE', 'ordertype': 'MARKET', 'producttype': 'INTRADAY', 'duration': 'DAY', 'price': '0', 'squareoff': '0', 'stoploss': '0', 'quantity': '26'}
2026-08-17 04:29:54,824  INFO      [OPEN] [DRY] BHEL.NS qty=26 @ Rs 429.55 SL Rs 417.73 TGT Rs 445.61 (order=None)
2026-08-17 04:29:54,824  INFO      [DRY] Angel order would be: {'variety': 'NORMAL', 'tradingsymbol': 'ABB-EQ', 'symboltoken': '13', 'transactiontype': 'BUY', 'exchange': 'NSE', 'ordertype': 'MARKET', 'producttype': 'INTRADAY', 'duration': 'DAY', 'price': '0', 'squareoff': '0', 'stoploss': '0', 'quantity': '1'}
2026-08-17 04:29:54,824  INFO      [OPEN] [DRY] ABB.NS qty=1 @ Rs 7727.50 SL Rs 7542.02 TGT Rs 7878.71 (order=None)
2026-08-17 04:29:54,824  INFO      [DRY] Angel order would be: {'variety': 'NORMAL', 'tradingsymbol': 'HINDALCO-EQ', 'symboltoken': '1363', 'transactiontype': 'BUY', 'exchange': 'NSE', 'ordertype': 'MARKET', 'producttype': 'INTRADAY', 'duration': 'DAY', 'price': '0', 'squareoff': '0', 'stoploss': '0', 'quantity': '8'}
2026-08-17 04:29:54,824  INFO      [OPEN] [DRY] HINDALCO.NS qty=8 @ Rs 1039.85 SL Rs 1015.02 TGT Rs 1085.77 (order=None)
2026-08-17 04:29:54,830  INFO      tick result: {'ok': True, 'actions': 5, 'open_trades': 5, 'closed_today': 1, 'realised_pnl': 44.71, 'cumulative_pnl': -4254.34, 'halted': False, 'messages': ['[SL] [DRY] CLOSE PERSISTENT.NS qty=1 @ Rs 5551.00 P&L Rs +45 (gross Rs +53, cost Rs 8; trailing-SL hit @ 5551.00 (peak 5597.00))', '[OPEN] [DRY] BAJAJHLDNG.NS qty=1 @ Rs 11421.00 SL Rs 11205.39 TGT Rs 11575.80 (order=None)', '[OPEN] [DRY] BHEL.NS qty=26 @ Rs 429.55 SL Rs 417.73 TGT Rs 445.61 (order=None)', '[OPEN] [DRY] ABB.NS qty=1 @ Rs 7727.50 SL Rs 7542.02 TGT Rs 7878.71 (order=None)', '[OPEN] [DRY] HINDALCO.NS qty=8 @ Rs 1039.85 SL Rs 1015.02 TGT Rs 1085.77 (order=None)']}
2026-08-17 04:29:54,830  INFO      tick result: {'ok': True, 'actions': 5, 'open_trades': 5, 'closed_today': 1, 'realised_pnl': 44.71, 'cumulative_pnl': -4254.34, 'halted': False, 'messages': ['[SL] [DRY] CLOSE PERSISTENT.NS qty=1 @ Rs 5551.00 P&L Rs +45 (gross Rs +53, cost Rs 8; trailing-SL hit @ 5551.00 (peak 5597.00))', '[OPEN] [DRY] BAJAJHLDNG.NS qty=1 @ Rs 11421.00 SL Rs 11205.39 TGT Rs 11575.80 (order=None)', '[OPEN] [DRY] BHEL.NS qty=26 @ Rs 429.55 SL Rs 417.73 TGT Rs 445.61 (order=None)', '[OPEN] [DRY] ABB.NS qty=1 @ Rs 7727.50 SL Rs 7542.02 TGT Rs 7878.71 (order=None)', '[OPEN] [DRY] HINDALCO.NS qty=8 @ Rs 1039.85 SL Rs 1015.02 TGT Rs 1085.77 (order=None)']}
