2026-07-02 06:57:21,432  INFO      angel_one starting ... (cmd=paper-trade)
2026-07-02 06:57:21,432  INFO      angel_one starting ... (cmd=paper-trade)
2026-07-02 06:57:21,450  INFO      refresh: generating today's picks via analyzer (dry-run, no PDF)
2026-07-02 06:57:21,450  INFO      refresh: generating today's picks via analyzer (dry-run, no PDF)
2026-07-02 06:57:22,882  INFO      == Stock analyzer run starting ==
2026-07-02 06:57:22,882  INFO      Watchlist: 11 symbols from data/stock_watchlist.txt
2026-07-02 06:57:22,883  INFO      Universe: 107 symbols (total available: 107)
2026-07-02 06:57:23,496  INFO      [1/107] fetching TATAPOWER.NS …
2026-07-02 06:57:24,048  INFO      [2/107] fetching IRFC.NS …
2026-07-02 06:57:24,583  INFO      [3/107] fetching SUZLON.NS …
2026-07-02 06:57:25,071  INFO      [4/107] fetching IREDA.NS …
2026-07-02 06:57:25,601  INFO      [5/107] fetching BHEL.NS …
2026-07-02 06:57:26,127  INFO      [6/107] fetching KPITTECH.NS …
2026-07-02 06:57:26,613  INFO      [7/107] fetching POLYCAB.NS …
2026-07-02 06:57:27,105  INFO      [8/107] fetching PERSISTENT.NS …
2026-07-02 06:57:27,603  INFO      [9/107] fetching ITC.NS …
2026-07-02 06:57:28,132  INFO      [10/107] fetching POWERGRID.NS …
2026-07-02 06:57:28,659  INFO      [11/107] fetching COALINDIA.NS …
2026-07-02 06:57:29,159  INFO      [12/107] fetching RELIANCE.NS …
2026-07-02 06:57:29,675  INFO      [13/107] fetching TCS.NS …
2026-07-02 06:57:30,186  INFO      [14/107] fetching HDFCBANK.NS …
2026-07-02 06:57:30,694  INFO      [15/107] fetching INFY.NS …
2026-07-02 06:57:31,203  INFO      [16/107] fetching ICICIBANK.NS …
2026-07-02 06:57:31,735  INFO      [17/107] fetching HINDUNILVR.NS …
2026-07-02 06:57:32,254  INFO      [18/107] fetching SBIN.NS …
2026-07-02 06:57:32,769  INFO      [19/107] fetching BHARTIARTL.NS …
2026-07-02 06:57:33,271  INFO      [20/107] fetching KOTAKBANK.NS …
2026-07-02 06:57:33,782  INFO      [21/107] fetching LT.NS …
2026-07-02 06:57:34,295  INFO      [22/107] fetching AXISBANK.NS …
2026-07-02 06:57:34,801  INFO      [23/107] fetching BAJFINANCE.NS …
2026-07-02 06:57:35,324  INFO      [24/107] fetching ASIANPAINT.NS …
2026-07-02 06:57:35,842  INFO      [25/107] fetching MARUTI.NS …
2026-07-02 06:57:36,356  INFO      [26/107] fetching HCLTECH.NS …
2026-07-02 06:57:36,927  INFO      [27/107] fetching SUNPHARMA.NS …
2026-07-02 06:57:37,438  INFO      [28/107] fetching TITAN.NS …
2026-07-02 06:57:37,940  INFO      [29/107] fetching ULTRACEMCO.NS …
2026-07-02 06:57:38,447  INFO      [30/107] fetching WIPRO.NS …
2026-07-02 06:57:38,964  INFO      [31/107] fetching NESTLEIND.NS …
2026-07-02 06:57:39,471  INFO      [32/107] fetching ADANIENT.NS …
2026-07-02 06:57:39,991  INFO      [33/107] fetching NTPC.NS …
2026-07-02 06:57:40,495  INFO      [34/107] fetching TATAMOTORS.NS …
2026-07-02 06:57:41,569  WARNING   [TATAMOTORS.NS] insufficient history (0 rows)
2026-07-02 06:57:41,969  INFO      [35/107] fetching M&M.NS …
2026-07-02 06:57:42,481  INFO      [36/107] fetching TATASTEEL.NS …
2026-07-02 06:57:42,988  INFO      [37/107] fetching JSWSTEEL.NS …
2026-07-02 06:57:43,490  INFO      [38/107] fetching ONGC.NS …
2026-07-02 06:57:43,997  INFO      [39/107] fetching TECHM.NS …
2026-07-02 06:57:44,494  INFO      [40/107] fetching BAJAJFINSV.NS …
2026-07-02 06:57:44,994  INFO      [41/107] fetching HINDALCO.NS …
2026-07-02 06:57:45,520  INFO      [42/107] fetching GRASIM.NS …
2026-07-02 06:57:46,033  INFO      [43/107] fetching DRREDDY.NS …
2026-07-02 06:57:46,533  INFO      [44/107] fetching CIPLA.NS …
2026-07-02 06:57:47,055  INFO      [45/107] fetching DIVISLAB.NS …
2026-07-02 06:57:47,569  INFO      [46/107] fetching EICHERMOT.NS …
2026-07-02 06:57:48,127  INFO      [47/107] fetching BRITANNIA.NS …
2026-07-02 06:57:48,647  INFO      [48/107] fetching HEROMOTOCO.NS …
2026-07-02 06:57:49,181  INFO      [49/107] fetching BAJAJ-AUTO.NS …
2026-07-02 06:57:49,681  INFO      [50/107] fetching INDUSINDBK.NS …
2026-07-02 06:57:50,190  INFO      [51/107] fetching APOLLOHOSP.NS …
2026-07-02 06:57:50,711  INFO      [52/107] fetching TATACONSUM.NS …
2026-07-02 06:57:51,221  INFO      [53/107] fetching UPL.NS …
2026-07-02 06:57:51,729  INFO      [54/107] fetching BPCL.NS …
2026-07-02 06:57:52,240  INFO      [55/107] fetching SBILIFE.NS …
2026-07-02 06:57:52,777  INFO      [56/107] fetching HDFCLIFE.NS …
2026-07-02 06:57:53,274  INFO      [57/107] fetching ADANIPORTS.NS …
2026-07-02 06:57:53,767  INFO      [58/107] fetching LTIM.NS …
2026-07-02 06:57:54,403  WARNING   [LTIM.NS] insufficient history (0 rows)
2026-07-02 06:57:54,803  INFO      [59/107] fetching ABB.NS …
2026-07-02 06:57:55,324  INFO      [60/107] fetching ADANIGREEN.NS …
2026-07-02 06:57:55,804  INFO      [61/107] fetching ADANIPOWER.NS …
2026-07-02 06:57:56,286  INFO      [62/107] fetching AMBUJACEM.NS …
2026-07-02 06:57:56,812  INFO      [63/107] fetching DMART.NS …
2026-07-02 06:57:57,298  INFO      [64/107] fetching BAJAJHLDNG.NS …
2026-07-02 06:57:57,803  INFO      [65/107] fetching BANKBARODA.NS …
2026-07-02 06:57:58,313  INFO      [66/107] fetching BERGEPAINT.NS …
2026-07-02 06:57:58,819  INFO      [67/107] fetching BOSCHLTD.NS …
2026-07-02 06:57:59,329  INFO      [68/107] fetching CANBK.NS …
2026-07-02 06:57:59,825  INFO      [69/107] fetching CHOLAFIN.NS …
2026-07-02 06:58:00,338  INFO      [70/107] fetching COLPAL.NS …
2026-07-02 06:58:00,840  INFO      [71/107] fetching DABUR.NS …
2026-07-02 06:58:01,364  INFO      [72/107] fetching DLF.NS …
2026-07-02 06:58:01,862  INFO      [73/107] fetching GAIL.NS …
2026-07-02 06:58:02,409  INFO      [74/107] fetching GODREJCP.NS …
2026-07-02 06:58:02,914  INFO      [75/107] fetching HAVELLS.NS …
2026-07-02 06:58:03,415  INFO      [76/107] fetching HAL.NS …
2026-07-02 06:58:03,901  INFO      [77/107] fetching ICICIGI.NS …
2026-07-02 06:58:04,392  INFO      [78/107] fetching ICICIPRULI.NS …
2026-07-02 06:58:04,884  INFO      [79/107] fetching IOC.NS …
2026-07-02 06:58:05,391  INFO      [80/107] fetching IRCTC.NS …
2026-07-02 06:58:05,875  INFO      [81/107] fetching JINDALSTEL.NS …
2026-07-02 06:58:06,383  INFO      [82/107] fetching LICI.NS …
2026-07-02 06:58:06,917  INFO      [83/107] fetching MARICO.NS …
2026-07-02 06:58:07,430  INFO      [84/107] fetching MOTHERSON.NS …
2026-07-02 06:58:07,931  INFO      [85/107] fetching NAUKRI.NS …
2026-07-02 06:58:08,434  INFO      [86/107] fetching PIDILITIND.NS …
2026-07-02 06:58:08,936  INFO      [87/107] fetching PNB.NS …
2026-07-02 06:58:09,437  INFO      [88/107] fetching PFC.NS …
2026-07-02 06:58:09,937  INFO      [89/107] fetching RECLTD.NS …
2026-07-02 06:58:10,464  INFO      [90/107] fetching SIEMENS.NS …
2026-07-02 06:58:10,974  INFO      [91/107] fetching SRF.NS …
2026-07-02 06:58:11,478  INFO      [92/107] fetching SHREECEM.NS …
2026-07-02 06:58:11,995  INFO      [93/107] fetching SHRIRAMFIN.NS …
2026-07-02 06:58:12,517  INFO      [94/107] fetching TORNTPHARM.NS …
2026-07-02 06:58:13,023  INFO      [95/107] fetching TRENT.NS …
2026-07-02 06:58:13,534  INFO      [96/107] fetching TVSMOTOR.NS …
2026-07-02 06:58:14,050  INFO      [97/107] fetching VEDL.NS …
2026-07-02 06:58:14,568  INFO      [98/107] fetching VBL.NS …
2026-07-02 06:58:15,057  INFO      [99/107] fetching ZOMATO.NS …
2026-07-02 06:58:15,563  WARNING   [ZOMATO.NS] insufficient history (0 rows)
2026-07-02 06:58:15,963  INFO      [100/107] fetching ZYDUSLIFE.NS …
2026-07-02 06:58:16,469  INFO      [101/107] fetching INDIGO.NS …
2026-07-02 06:58:16,981  INFO      [102/107] fetching IDEA.NS …
2026-07-02 06:58:17,467  INFO      [103/107] fetching BANKINDIA.NS …
2026-07-02 06:58:18,075  INFO      [104/107] fetching PAGEIND.NS …
2026-07-02 06:58:18,573  INFO      [105/107] fetching MUTHOOTFIN.NS …
2026-07-02 06:58:19,074  INFO      [106/107] fetching TATAELXSI.NS …
2026-07-02 06:58:19,580  INFO      [107/107] fetching LUPIN.NS …
2026-07-02 06:58:19,711  INFO      Fetched 104/107 symbols successfully.
2026-07-02 06:58:21,980  WARNING   [MF 120503] fetch failed: HTTPSConnectionPool(host='api.mfapi.in', port=443): Read timed out. (read timeout=2)
2026-07-02 06:58:24,094  INFO      Fetched 200 headlines from RSS (Indian + global/geopolitics).
2026-07-02 06:58:27,917  INFO      Macro regime: neutral | bias=1 | geo-risk=32.1
2026-07-02 06:58:27,944  INFO      NSE corp announcements: 20 filings
2026-07-02 06:58:29,807  INFO      Angel One login successful.
2026-07-02 06:58:30,907  INFO      Saved report → data/stock_reports/2026-07-02_0658.json
2026-07-02 06:58:31,724  INFO      Report image saved → logs/stock_analyzer/2026-07-02/stock_report.png  [1920×1280]
2026-07-02 06:58:31,725  INFO      Dry-run: skipping send. Image + PDF saved locally; console printed.
2026-07-02 06:58:31,726  INFO      == Stock analyzer run complete ==
2026-07-02 06:58:31,728  INFO      [Note] PAPER TRADING -- virtual cash Rs 100,000, max_positions=6 max_pct=15% buckets=('intraday', 'swing') state=data/paper_trader_state.json
2026-07-02 06:58:31,728  INFO      [Note] PAPER TRADING -- virtual cash Rs 100,000, max_positions=6 max_pct=15% buckets=('intraday', 'swing') state=data/paper_trader_state.json
2026-07-02 06:58:31,730  INFO      paper-trader: new day, archived 4 trades (cumulative ₹-1,352)
2026-07-02 06:58:46,490  INFO      [DRY] Angel order would be: {'variety': 'NORMAL', 'tradingsymbol': 'ABB-EQ', 'symboltoken': '13', 'transactiontype': 'SELL', 'exchange': 'NSE', 'ordertype': 'MARKET', 'producttype': 'INTRADAY', 'duration': 'DAY', 'price': '0', 'squareoff': '0', 'stoploss': '0', 'quantity': '1'}
2026-07-02 06:58:46,490  INFO      [SL] [DRY] CLOSE ABB.NS qty=1 @ Rs 6841.50 P&L Rs -217 (gross Rs -207, cost Rs 10; SL hit @ 6841.50)
2026-07-02 06:58:46,490  INFO      [DRY] Angel order would be: {'variety': 'NORMAL', 'tradingsymbol': 'NAUKRI-EQ', 'symboltoken': '13751', 'transactiontype': 'BUY', 'exchange': 'NSE', 'ordertype': 'MARKET', 'producttype': 'INTRADAY', 'duration': 'DAY', 'price': '0', 'squareoff': '0', 'stoploss': '0', 'quantity': '11'}
2026-07-02 06:58:46,490  INFO      [OPEN] [DRY] NAUKRI.NS qty=11 @ Rs 1029.90 SL Rs 999.12 TGT Rs 1045.70 (order=None)
2026-07-02 06:58:46,490  INFO      [DRY] Angel order would be: {'variety': 'NORMAL', 'tradingsymbol': 'TVSMOTOR-EQ', 'symboltoken': '8479', 'transactiontype': 'BUY', 'exchange': 'NSE', 'ordertype': 'MARKET', 'producttype': 'INTRADAY', 'duration': 'DAY', 'price': '0', 'squareoff': '0', 'stoploss': '0', 'quantity': '2'}
2026-07-02 06:58:46,490  INFO      [OPEN] [DRY] TVSMOTOR.NS qty=2 @ Rs 3604.90 SL Rs 3520.08 TGT Rs 3722.54 (order=None)
2026-07-02 06:58:46,491  INFO      [DRY] Angel order would be: {'variety': 'NORMAL', 'tradingsymbol': 'AMBUJACEM-EQ', 'symboltoken': '1270', 'transactiontype': 'BUY', 'exchange': 'NSE', 'ordertype': 'MARKET', 'producttype': 'INTRADAY', 'duration': 'DAY', 'price': '0', 'squareoff': '0', 'stoploss': '0', 'quantity': '21'}
2026-07-02 06:58:46,491  INFO      [OPEN] [DRY] AMBUJACEM.NS qty=21 @ Rs 426.00 SL Rs 423.07 TGT Rs 433.43 (order=None)
2026-07-02 06:58:46,495  INFO      tick result: {'ok': True, 'actions': 4, 'open_trades': 5, 'closed_today': 1, 'realised_pnl': -217.42, 'cumulative_pnl': -1569.77, 'halted': False, 'messages': ['[SL] [DRY] CLOSE ABB.NS qty=1 @ Rs 6841.50 P&L Rs -217 (gross Rs -207, cost Rs 10; SL hit @ 6841.50)', '[OPEN] [DRY] NAUKRI.NS qty=11 @ Rs 1029.90 SL Rs 999.12 TGT Rs 1045.70 (order=None)', '[OPEN] [DRY] TVSMOTOR.NS qty=2 @ Rs 3604.90 SL Rs 3520.08 TGT Rs 3722.54 (order=None)', '[OPEN] [DRY] AMBUJACEM.NS qty=21 @ Rs 426.00 SL Rs 423.07 TGT Rs 433.43 (order=None)']}
2026-07-02 06:58:46,495  INFO      tick result: {'ok': True, 'actions': 4, 'open_trades': 5, 'closed_today': 1, 'realised_pnl': -217.42, 'cumulative_pnl': -1569.77, 'halted': False, 'messages': ['[SL] [DRY] CLOSE ABB.NS qty=1 @ Rs 6841.50 P&L Rs -217 (gross Rs -207, cost Rs 10; SL hit @ 6841.50)', '[OPEN] [DRY] NAUKRI.NS qty=11 @ Rs 1029.90 SL Rs 999.12 TGT Rs 1045.70 (order=None)', '[OPEN] [DRY] TVSMOTOR.NS qty=2 @ Rs 3604.90 SL Rs 3520.08 TGT Rs 3722.54 (order=None)', '[OPEN] [DRY] AMBUJACEM.NS qty=21 @ Rs 426.00 SL Rs 423.07 TGT Rs 433.43 (order=None)']}
