2026-06-01 09:07:30,592  INFO      angel_one starting ... (cmd=paper-trade)
2026-06-01 09:07:30,592  INFO      angel_one starting ... (cmd=paper-trade)
2026-06-01 09:07:30,609  INFO      refresh: generating today's picks via analyzer (dry-run, no PDF)
2026-06-01 09:07:30,609  INFO      refresh: generating today's picks via analyzer (dry-run, no PDF)
2026-06-01 09:07:31,720  INFO      == Stock analyzer run starting ==
2026-06-01 09:07:31,720  INFO      Watchlist: 11 symbols from data/stock_watchlist.txt
2026-06-01 09:07:31,720  INFO      Universe: 107 symbols (total available: 107)
2026-06-01 09:07:32,521  INFO      [1/107] fetching TATAPOWER.NS …
2026-06-01 09:07:33,070  INFO      [2/107] fetching IRFC.NS …
2026-06-01 09:07:33,567  INFO      [3/107] fetching SUZLON.NS …
2026-06-01 09:07:34,053  INFO      [4/107] fetching IREDA.NS …
2026-06-01 09:07:34,535  INFO      [5/107] fetching BHEL.NS …
2026-06-01 09:07:35,040  INFO      [6/107] fetching KPITTECH.NS …
2026-06-01 09:07:35,531  INFO      [7/107] fetching POLYCAB.NS …
2026-06-01 09:07:36,022  INFO      [8/107] fetching PERSISTENT.NS …
2026-06-01 09:07:36,519  INFO      [9/107] fetching ITC.NS …
2026-06-01 09:07:37,074  INFO      [10/107] fetching POWERGRID.NS …
2026-06-01 09:07:37,579  INFO      [11/107] fetching COALINDIA.NS …
2026-06-01 09:07:38,084  INFO      [12/107] fetching RELIANCE.NS …
2026-06-01 09:07:38,601  INFO      [13/107] fetching TCS.NS …
2026-06-01 09:07:39,108  INFO      [14/107] fetching HDFCBANK.NS …
2026-06-01 09:07:39,618  INFO      [15/107] fetching INFY.NS …
2026-06-01 09:07:40,143  INFO      [16/107] fetching ICICIBANK.NS …
2026-06-01 09:07:40,684  INFO      [17/107] fetching HINDUNILVR.NS …
2026-06-01 09:07:41,197  INFO      [18/107] fetching SBIN.NS …
2026-06-01 09:07:41,710  INFO      [19/107] fetching BHARTIARTL.NS …
2026-06-01 09:07:42,216  INFO      [20/107] fetching KOTAKBANK.NS …
2026-06-01 09:07:42,734  INFO      [21/107] fetching LT.NS …
2026-06-01 09:07:43,241  INFO      [22/107] fetching AXISBANK.NS …
2026-06-01 09:07:43,787  INFO      [23/107] fetching BAJFINANCE.NS …
2026-06-01 09:07:44,294  INFO      [24/107] fetching ASIANPAINT.NS …
2026-06-01 09:07:44,817  INFO      [25/107] fetching MARUTI.NS …
2026-06-01 09:07:45,327  INFO      [26/107] fetching HCLTECH.NS …
2026-06-01 09:07:45,840  INFO      [27/107] fetching SUNPHARMA.NS …
2026-06-01 09:07:46,366  INFO      [28/107] fetching TITAN.NS …
2026-06-01 09:07:46,870  INFO      [29/107] fetching ULTRACEMCO.NS …
2026-06-01 09:07:47,380  INFO      [30/107] fetching WIPRO.NS …
2026-06-01 09:07:47,899  INFO      [31/107] fetching NESTLEIND.NS …
2026-06-01 09:07:48,412  INFO      [32/107] fetching ADANIENT.NS …
2026-06-01 09:07:48,923  INFO      [33/107] fetching NTPC.NS …
2026-06-01 09:07:49,433  INFO      [34/107] fetching TATAMOTORS.NS …
2026-06-01 09:07:50,601  WARNING   [TATAMOTORS.NS] insufficient history (0 rows)
2026-06-01 09:07:51,002  INFO      [35/107] fetching M&M.NS …
2026-06-01 09:07:51,529  INFO      [36/107] fetching TATASTEEL.NS …
2026-06-01 09:07:52,045  INFO      [37/107] fetching JSWSTEEL.NS …
2026-06-01 09:07:52,554  INFO      [38/107] fetching ONGC.NS …
2026-06-01 09:07:53,070  INFO      [39/107] fetching TECHM.NS …
2026-06-01 09:07:53,581  INFO      [40/107] fetching BAJAJFINSV.NS …
2026-06-01 09:07:54,080  INFO      [41/107] fetching HINDALCO.NS …
2026-06-01 09:07:54,599  INFO      [42/107] fetching GRASIM.NS …
2026-06-01 09:07:55,107  INFO      [43/107] fetching DRREDDY.NS …
2026-06-01 09:07:55,609  INFO      [44/107] fetching CIPLA.NS …
2026-06-01 09:07:56,117  INFO      [45/107] fetching DIVISLAB.NS …
2026-06-01 09:07:56,626  INFO      [46/107] fetching EICHERMOT.NS …
2026-06-01 09:07:57,137  INFO      [47/107] fetching BRITANNIA.NS …
2026-06-01 09:07:57,649  INFO      [48/107] fetching HEROMOTOCO.NS …
2026-06-01 09:07:58,157  INFO      [49/107] fetching BAJAJ-AUTO.NS …
2026-06-01 09:07:58,659  INFO      [50/107] fetching INDUSINDBK.NS …
2026-06-01 09:07:59,164  INFO      [51/107] fetching APOLLOHOSP.NS …
2026-06-01 09:07:59,671  INFO      [52/107] fetching TATACONSUM.NS …
2026-06-01 09:08:00,188  INFO      [53/107] fetching UPL.NS …
2026-06-01 09:08:00,706  INFO      [54/107] fetching BPCL.NS …
2026-06-01 09:08:01,226  INFO      [55/107] fetching SBILIFE.NS …
2026-06-01 09:08:01,719  INFO      [56/107] fetching HDFCLIFE.NS …
2026-06-01 09:08:02,206  INFO      [57/107] fetching ADANIPORTS.NS …
2026-06-01 09:08:02,734  INFO      [58/107] fetching LTIM.NS …
2026-06-01 09:08:03,441  WARNING   [LTIM.NS] insufficient history (0 rows)
2026-06-01 09:08:03,842  INFO      [59/107] fetching ABB.NS …
2026-06-01 09:08:04,355  INFO      [60/107] fetching ADANIGREEN.NS …
2026-06-01 09:08:04,837  INFO      [61/107] fetching ADANIPOWER.NS …
2026-06-01 09:08:05,320  INFO      [62/107] fetching AMBUJACEM.NS …
2026-06-01 09:08:05,831  INFO      [63/107] fetching DMART.NS …
2026-06-01 09:08:06,333  INFO      [64/107] fetching BAJAJHLDNG.NS …
2026-06-01 09:08:06,968  INFO      [65/107] fetching BANKBARODA.NS …
2026-06-01 09:08:07,475  INFO      [66/107] fetching BERGEPAINT.NS …
2026-06-01 09:08:07,994  INFO      [67/107] fetching BOSCHLTD.NS …
2026-06-01 09:08:08,501  INFO      [68/107] fetching CANBK.NS …
2026-06-01 09:08:09,005  INFO      [69/107] fetching CHOLAFIN.NS …
2026-06-01 09:08:09,517  INFO      [70/107] fetching COLPAL.NS …
2026-06-01 09:08:10,088  INFO      [71/107] fetching DABUR.NS …
2026-06-01 09:08:10,598  INFO      [72/107] fetching DLF.NS …
2026-06-01 09:08:11,102  INFO      [73/107] fetching GAIL.NS …
2026-06-01 09:08:11,631  INFO      [74/107] fetching GODREJCP.NS …
2026-06-01 09:08:12,144  INFO      [75/107] fetching HAVELLS.NS …
2026-06-01 09:08:12,654  INFO      [76/107] fetching HAL.NS …
2026-06-01 09:08:13,143  INFO      [77/107] fetching ICICIGI.NS …
2026-06-01 09:08:13,637  INFO      [78/107] fetching ICICIPRULI.NS …
2026-06-01 09:08:14,127  INFO      [79/107] fetching IOC.NS …
2026-06-01 09:08:14,650  INFO      [80/107] fetching IRCTC.NS …
2026-06-01 09:08:15,139  INFO      [81/107] fetching JINDALSTEL.NS …
2026-06-01 09:08:15,655  INFO      [82/107] fetching LICI.NS …
2026-06-01 09:08:16,140  INFO      [83/107] fetching MARICO.NS …
2026-06-01 09:08:16,662  INFO      [84/107] fetching MOTHERSON.NS …
2026-06-01 09:08:17,170  INFO      [85/107] fetching NAUKRI.NS …
2026-06-01 09:08:17,678  INFO      [86/107] fetching PIDILITIND.NS …
2026-06-01 09:08:18,186  INFO      [87/107] fetching PNB.NS …
2026-06-01 09:08:18,702  INFO      [88/107] fetching PFC.NS …
2026-06-01 09:08:19,235  INFO      [89/107] fetching RECLTD.NS …
2026-06-01 09:08:19,739  INFO      [90/107] fetching SIEMENS.NS …
2026-06-01 09:08:20,249  INFO      [91/107] fetching SRF.NS …
2026-06-01 09:08:20,761  INFO      [92/107] fetching SHREECEM.NS …
2026-06-01 09:08:21,265  INFO      [93/107] fetching SHRIRAMFIN.NS …
2026-06-01 09:08:21,782  INFO      [94/107] fetching TORNTPHARM.NS …
2026-06-01 09:08:22,297  INFO      [95/107] fetching TRENT.NS …
2026-06-01 09:08:22,798  INFO      [96/107] fetching TVSMOTOR.NS …
2026-06-01 09:08:23,303  INFO      [97/107] fetching VEDL.NS …
2026-06-01 09:08:23,850  INFO      [98/107] fetching VBL.NS …
2026-06-01 09:08:24,352  INFO      [99/107] fetching ZOMATO.NS …
2026-06-01 09:08:24,967  WARNING   [ZOMATO.NS] insufficient history (0 rows)
2026-06-01 09:08:25,367  INFO      [100/107] fetching ZYDUSLIFE.NS …
2026-06-01 09:08:25,884  INFO      [101/107] fetching INDIGO.NS …
2026-06-01 09:08:26,375  INFO      [102/107] fetching IDEA.NS …
2026-06-01 09:08:26,860  INFO      [103/107] fetching BANKINDIA.NS …
2026-06-01 09:08:27,367  INFO      [104/107] fetching PAGEIND.NS …
2026-06-01 09:08:27,877  INFO      [105/107] fetching MUTHOOTFIN.NS …
2026-06-01 09:08:28,375  INFO      [106/107] fetching TATAELXSI.NS …
2026-06-01 09:08:28,961  INFO      [107/107] fetching LUPIN.NS …
2026-06-01 09:08:29,068  INFO      Fetched 104/107 symbols successfully.
2026-06-01 09:08:34,387  INFO      Fetched 200 headlines from RSS (Indian + global/geopolitics).
2026-06-01 09:08:37,579  INFO      Macro regime: risk-on | bias=0 | geo-risk=46.5
2026-06-01 09:08:37,906  INFO      NSE corp announcements: 20 filings
2026-06-01 09:08:39,590  INFO      Angel One login successful.
2026-06-01 09:08:40,367  INFO      Saved report → data/stock_reports/2026-06-01_0908.json
2026-06-01 09:08:40,854  INFO      Report image saved → logs/stock_analyzer/2026-06-01/stock_report.png  [1920×1280]
2026-06-01 09:08:40,855  INFO      Dry-run: skipping send. Image + PDF saved locally; console printed.
2026-06-01 09:08:40,856  INFO      == Stock analyzer run complete ==
2026-06-01 09:08:40,860  INFO      [Note] PAPER TRADING -- virtual cash Rs 100,000, max_positions=6 max_pct=15% buckets=('intraday', 'swing') state=data/paper_trader_state.json
2026-06-01 09:08:40,860  INFO      [Note] PAPER TRADING -- virtual cash Rs 100,000, max_positions=6 max_pct=15% buckets=('intraday', 'swing') state=data/paper_trader_state.json
2026-06-01 09:08:40,861  INFO      paper-trader: new day, archived 5 trades (cumulative ₹+89)
2026-06-01 09:08:54,690  INFO      [DRY] Angel order would be: {'variety': 'NORMAL', 'tradingsymbol': 'TECHM-EQ', 'symboltoken': '13538', 'transactiontype': 'BUY', 'exchange': 'NSE', 'ordertype': 'MARKET', 'producttype': 'INTRADAY', 'duration': 'DAY', 'price': '0', 'squareoff': '0', 'stoploss': '0', 'quantity': '9'}
2026-06-01 09:08:54,690  INFO      [OPEN] [DRY] TECHM.NS qty=9 @ Rs 1554.80 SL Rs 1511.13 TGT Rs 1628.44 (order=None)
2026-06-01 09:08:54,690  INFO      [DRY] Angel order would be: {'variety': 'NORMAL', 'tradingsymbol': 'COALINDIA-EQ', 'symboltoken': '20374', 'transactiontype': 'BUY', 'exchange': 'NSE', 'ordertype': 'MARKET', 'producttype': 'INTRADAY', 'duration': 'DAY', 'price': '0', 'squareoff': '0', 'stoploss': '0', 'quantity': '25'}
2026-06-01 09:08:54,690  INFO      [OPEN] [DRY] COALINDIA.NS qty=25 @ Rs 474.00 SL Rs 459.05 TGT Rs 472.65 (order=None)
2026-06-01 09:08:54,690  INFO      [DRY] Angel order would be: {'variety': 'NORMAL', 'tradingsymbol': 'PERSISTENT-EQ', 'symboltoken': '18365', 'transactiontype': 'BUY', 'exchange': 'NSE', 'ordertype': 'MARKET', 'producttype': 'INTRADAY', 'duration': 'DAY', 'price': '0', 'squareoff': '0', 'stoploss': '0', 'quantity': '1'}
2026-06-01 09:08:54,690  INFO      [OPEN] [DRY] PERSISTENT.NS qty=1 @ Rs 5456.00 SL Rs 5288.07 TGT Rs 5594.19 (order=None)
2026-06-01 09:08:54,690  INFO      [DRY] Angel order would be: {'variety': 'NORMAL', 'tradingsymbol': 'INFY-EQ', 'symboltoken': '1594', 'transactiontype': 'BUY', 'exchange': 'NSE', 'ordertype': 'MARKET', 'producttype': 'INTRADAY', 'duration': 'DAY', 'price': '0', 'squareoff': '0', 'stoploss': '0', 'quantity': '7'}
2026-06-01 09:08:54,690  INFO      [OPEN] [DRY] INFY.NS qty=7 @ Rs 1205.70 SL Rs 1174.50 TGT Rs 1204.49 (order=None)
2026-06-01 09:08:54,690  INFO      [DRY] Angel order would be: {'variety': 'NORMAL', 'tradingsymbol': 'INDIGO-EQ', 'symboltoken': '11195', 'transactiontype': 'BUY', 'exchange': 'NSE', 'ordertype': 'MARKET', 'producttype': 'INTRADAY', 'duration': 'DAY', 'price': '0', 'squareoff': '0', 'stoploss': '0', 'quantity': '1'}
2026-06-01 09:08:54,690  INFO      [OPEN] [DRY] INDIGO.NS qty=1 @ Rs 4474.20 SL Rs 4333.49 TGT Rs 4503.87 (order=None)
2026-06-01 09:08:54,693  INFO      tick result: {'ok': True, 'actions': 5, 'open_trades': 6, 'closed_today': 0, 'realised_pnl': 0.0, 'cumulative_pnl': 89.42, 'halted': False, 'messages': ['[OPEN] [DRY] TECHM.NS qty=9 @ Rs 1554.80 SL Rs 1511.13 TGT Rs 1628.44 (order=None)', '[OPEN] [DRY] COALINDIA.NS qty=25 @ Rs 474.00 SL Rs 459.05 TGT Rs 472.65 (order=None)', '[OPEN] [DRY] PERSISTENT.NS qty=1 @ Rs 5456.00 SL Rs 5288.07 TGT Rs 5594.19 (order=None)', '[OPEN] [DRY] INFY.NS qty=7 @ Rs 1205.70 SL Rs 1174.50 TGT Rs 1204.49 (order=None)', '[OPEN] [DRY] INDIGO.NS qty=1 @ Rs 4474.20 SL Rs 4333.49 TGT Rs 4503.87 (order=None)']}
2026-06-01 09:08:54,693  INFO      tick result: {'ok': True, 'actions': 5, 'open_trades': 6, 'closed_today': 0, 'realised_pnl': 0.0, 'cumulative_pnl': 89.42, 'halted': False, 'messages': ['[OPEN] [DRY] TECHM.NS qty=9 @ Rs 1554.80 SL Rs 1511.13 TGT Rs 1628.44 (order=None)', '[OPEN] [DRY] COALINDIA.NS qty=25 @ Rs 474.00 SL Rs 459.05 TGT Rs 472.65 (order=None)', '[OPEN] [DRY] PERSISTENT.NS qty=1 @ Rs 5456.00 SL Rs 5288.07 TGT Rs 5594.19 (order=None)', '[OPEN] [DRY] INFY.NS qty=7 @ Rs 1205.70 SL Rs 1174.50 TGT Rs 1204.49 (order=None)', '[OPEN] [DRY] INDIGO.NS qty=1 @ Rs 4474.20 SL Rs 4333.49 TGT Rs 4503.87 (order=None)']}
