2026-09-15 08:59:53,849  INFO      angel_one starting ... (cmd=paper-trade)
2026-09-15 08:59:53,849  INFO      angel_one starting ... (cmd=paper-trade)
2026-09-15 08:59:53,859  INFO      refresh: generating today's picks via analyzer (dry-run, no PDF)
2026-09-15 08:59:53,859  INFO      refresh: generating today's picks via analyzer (dry-run, no PDF)
2026-09-15 08:59:54,806  INFO      == Stock analyzer run starting ==
2026-09-15 08:59:54,806  INFO      Watchlist: 11 symbols from data/stock_watchlist.txt
2026-09-15 08:59:54,806  INFO      Universe: 107 symbols (total available: 107)
2026-09-15 08:59:55,452  INFO      [1/107] fetching TATAPOWER.NS …
2026-09-15 08:59:56,079  INFO      [2/107] fetching IRFC.NS …
2026-09-15 08:59:56,613  INFO      [3/107] fetching SUZLON.NS …
2026-09-15 08:59:57,143  INFO      [4/107] fetching IREDA.NS …
2026-09-15 08:59:57,677  INFO      [5/107] fetching BHEL.NS …
2026-09-15 08:59:58,220  INFO      [6/107] fetching KPITTECH.NS …
2026-09-15 08:59:58,757  INFO      [7/107] fetching POLYCAB.NS …
2026-09-15 08:59:59,290  INFO      [8/107] fetching PERSISTENT.NS …
2026-09-15 08:59:59,834  INFO      [9/107] fetching ITC.NS …
2026-09-15 09:00:00,385  INFO      [10/107] fetching POWERGRID.NS …
2026-09-15 09:00:00,936  INFO      [11/107] fetching COALINDIA.NS …
2026-09-15 09:00:01,476  INFO      [12/107] fetching RELIANCE.NS …
2026-09-15 09:00:02,030  INFO      [13/107] fetching TCS.NS …
2026-09-15 09:00:02,577  INFO      [14/107] fetching HDFCBANK.NS …
2026-09-15 09:00:03,196  INFO      [15/107] fetching INFY.NS …
2026-09-15 09:00:03,753  INFO      [16/107] fetching ICICIBANK.NS …
2026-09-15 09:00:04,303  INFO      [17/107] fetching HINDUNILVR.NS …
2026-09-15 09:00:04,855  INFO      [18/107] fetching SBIN.NS …
2026-09-15 09:00:05,407  INFO      [19/107] fetching BHARTIARTL.NS …
2026-09-15 09:00:05,942  INFO      [20/107] fetching KOTAKBANK.NS …
2026-09-15 09:00:06,495  INFO      [21/107] fetching LT.NS …
2026-09-15 09:00:07,054  INFO      [22/107] fetching AXISBANK.NS …
2026-09-15 09:00:07,601  INFO      [23/107] fetching BAJFINANCE.NS …
2026-09-15 09:00:08,148  INFO      [24/107] fetching ASIANPAINT.NS …
2026-09-15 09:00:08,693  INFO      [25/107] fetching MARUTI.NS …
2026-09-15 09:00:09,234  INFO      [26/107] fetching HCLTECH.NS …
2026-09-15 09:00:09,782  INFO      [27/107] fetching SUNPHARMA.NS …
2026-09-15 09:00:10,333  INFO      [28/107] fetching TITAN.NS …
2026-09-15 09:00:10,869  INFO      [29/107] fetching ULTRACEMCO.NS …
2026-09-15 09:00:11,416  INFO      [30/107] fetching WIPRO.NS …
2026-09-15 09:00:11,967  INFO      [31/107] fetching NESTLEIND.NS …
2026-09-15 09:00:12,507  INFO      [32/107] fetching ADANIENT.NS …
2026-09-15 09:00:13,049  INFO      [33/107] fetching NTPC.NS …
2026-09-15 09:00:13,592  INFO      [34/107] fetching TATAMOTORS.NS …
2026-09-15 09:00:15,505  WARNING   [TATAMOTORS.NS] insufficient history (0 rows)
2026-09-15 09:00:15,905  INFO      [35/107] fetching M&M.NS …
2026-09-15 09:00:16,451  INFO      [36/107] fetching TATASTEEL.NS …
2026-09-15 09:00:17,065  INFO      [37/107] fetching JSWSTEEL.NS …
2026-09-15 09:00:17,606  INFO      [38/107] fetching ONGC.NS …
2026-09-15 09:00:18,164  INFO      [39/107] fetching TECHM.NS …
2026-09-15 09:00:18,704  INFO      [40/107] fetching BAJAJFINSV.NS …
2026-09-15 09:00:19,249  INFO      [41/107] fetching HINDALCO.NS …
2026-09-15 09:00:19,792  INFO      [42/107] fetching GRASIM.NS …
2026-09-15 09:00:20,332  INFO      [43/107] fetching DRREDDY.NS …
2026-09-15 09:00:20,881  INFO      [44/107] fetching CIPLA.NS …
2026-09-15 09:00:21,435  INFO      [45/107] fetching DIVISLAB.NS …
2026-09-15 09:00:21,989  INFO      [46/107] fetching EICHERMOT.NS …
2026-09-15 09:00:22,541  INFO      [47/107] fetching BRITANNIA.NS …
2026-09-15 09:00:23,102  INFO      [48/107] fetching HEROMOTOCO.NS …
2026-09-15 09:00:23,649  INFO      [49/107] fetching BAJAJ-AUTO.NS …
2026-09-15 09:00:24,189  INFO      [50/107] fetching INDUSINDBK.NS …
2026-09-15 09:00:24,738  INFO      [51/107] fetching APOLLOHOSP.NS …
2026-09-15 09:00:25,280  INFO      [52/107] fetching TATACONSUM.NS …
2026-09-15 09:00:25,837  INFO      [53/107] fetching UPL.NS …
2026-09-15 09:00:26,383  INFO      [54/107] fetching BPCL.NS …
2026-09-15 09:00:26,934  INFO      [55/107] fetching SBILIFE.NS …
2026-09-15 09:00:27,467  INFO      [56/107] fetching HDFCLIFE.NS …
2026-09-15 09:00:28,000  INFO      [57/107] fetching ADANIPORTS.NS …
2026-09-15 09:00:28,539  INFO      [58/107] fetching LTIM.NS …
2026-09-15 09:00:29,183  WARNING   [LTIM.NS] insufficient history (0 rows)
2026-09-15 09:00:29,584  INFO      [59/107] fetching ABB.NS …
2026-09-15 09:00:30,129  INFO      [60/107] fetching ADANIGREEN.NS …
2026-09-15 09:00:30,656  INFO      [61/107] fetching ADANIPOWER.NS …
2026-09-15 09:00:31,180  INFO      [62/107] fetching AMBUJACEM.NS …
2026-09-15 09:00:31,791  INFO      [63/107] fetching DMART.NS …
2026-09-15 09:00:32,313  INFO      [64/107] fetching BAJAJHLDNG.NS …
2026-09-15 09:00:32,862  INFO      [65/107] fetching BANKBARODA.NS …
2026-09-15 09:00:33,409  INFO      [66/107] fetching BERGEPAINT.NS …
2026-09-15 09:00:33,956  INFO      [67/107] fetching BOSCHLTD.NS …
2026-09-15 09:00:34,568  INFO      [68/107] fetching CANBK.NS …
2026-09-15 09:00:35,119  INFO      [69/107] fetching CHOLAFIN.NS …
2026-09-15 09:00:35,663  INFO      [70/107] fetching COLPAL.NS …
2026-09-15 09:00:36,271  INFO      [71/107] fetching DABUR.NS …
2026-09-15 09:00:36,819  INFO      [72/107] fetching DLF.NS …
2026-09-15 09:00:37,360  INFO      [73/107] fetching GAIL.NS …
2026-09-15 09:00:37,910  INFO      [74/107] fetching GODREJCP.NS …
2026-09-15 09:00:38,461  INFO      [75/107] fetching HAVELLS.NS …
2026-09-15 09:00:39,013  INFO      [76/107] fetching HAL.NS …
2026-09-15 09:00:39,544  INFO      [77/107] fetching ICICIGI.NS …
2026-09-15 09:00:40,077  INFO      [78/107] fetching ICICIPRULI.NS …
2026-09-15 09:00:40,611  INFO      [79/107] fetching IOC.NS …
2026-09-15 09:00:41,169  INFO      [80/107] fetching IRCTC.NS …
2026-09-15 09:00:41,700  INFO      [81/107] fetching JINDALSTEL.NS …
2026-09-15 09:00:42,248  INFO      [82/107] fetching LICI.NS …
2026-09-15 09:00:42,774  INFO      [83/107] fetching MARICO.NS …
2026-09-15 09:00:43,325  INFO      [84/107] fetching MOTHERSON.NS …
2026-09-15 09:00:43,870  INFO      [85/107] fetching NAUKRI.NS …
2026-09-15 09:00:44,410  INFO      [86/107] fetching PIDILITIND.NS …
2026-09-15 09:00:45,041  INFO      [87/107] fetching PNB.NS …
2026-09-15 09:00:45,586  INFO      [88/107] fetching PFC.NS …
2026-09-15 09:00:46,129  INFO      [89/107] fetching RECLTD.NS …
2026-09-15 09:00:46,674  INFO      [90/107] fetching SIEMENS.NS …
2026-09-15 09:00:47,223  INFO      [91/107] fetching SRF.NS …
2026-09-15 09:00:47,825  INFO      [92/107] fetching SHREECEM.NS …
2026-09-15 09:00:48,374  INFO      [93/107] fetching SHRIRAMFIN.NS …
2026-09-15 09:00:48,921  INFO      [94/107] fetching TORNTPHARM.NS …
2026-09-15 09:00:49,470  INFO      [95/107] fetching TRENT.NS …
2026-09-15 09:00:50,016  INFO      [96/107] fetching TVSMOTOR.NS …
2026-09-15 09:00:50,579  INFO      [97/107] fetching VEDL.NS …
2026-09-15 09:00:51,133  INFO      [98/107] fetching VBL.NS …
2026-09-15 09:00:51,668  INFO      [99/107] fetching ZOMATO.NS …
2026-09-15 09:00:52,235  WARNING   [ZOMATO.NS] insufficient history (0 rows)
2026-09-15 09:00:52,635  INFO      [100/107] fetching ZYDUSLIFE.NS …
2026-09-15 09:00:53,190  INFO      [101/107] fetching INDIGO.NS …
2026-09-15 09:00:53,726  INFO      [102/107] fetching IDEA.NS …
2026-09-15 09:00:54,256  INFO      [103/107] fetching BANKINDIA.NS …
2026-09-15 09:00:54,805  INFO      [104/107] fetching PAGEIND.NS …
2026-09-15 09:00:55,347  INFO      [105/107] fetching MUTHOOTFIN.NS …
2026-09-15 09:00:55,887  INFO      [106/107] fetching TATAELXSI.NS …
2026-09-15 09:00:56,494  INFO      [107/107] fetching LUPIN.NS …
2026-09-15 09:00:56,633  INFO      Fetched 104/107 symbols successfully.
2026-09-15 09:01:01,900  INFO      Fetched 200 headlines from RSS (Indian + global/geopolitics).
2026-09-15 09:01:05,316  INFO      Macro regime: neutral | bias=0 | geo-risk=51.5
2026-09-15 09:01:05,592  INFO      NSE corp announcements: 20 filings
2026-09-15 09:01:07,373  INFO      Angel One login successful.
2026-09-15 09:01:07,822  INFO      Saved report → data/stock_reports/2026-09-15_0901.json
2026-09-15 09:01:08,203  INFO      Report image saved → logs/stock_analyzer/2026-09-15/stock_report.png  [1920×1280]
2026-09-15 09:01:08,204  INFO      Dry-run: skipping send. Image + PDF saved locally; console printed.
2026-09-15 09:01:08,204  INFO      == Stock analyzer run complete ==
2026-09-15 09:01:08,207  INFO      [Note] PAPER TRADING -- virtual cash Rs 100,000, max_positions=6 max_pct=15% buckets=('intraday', 'swing') state=data/paper_trader_state.json
2026-09-15 09:01:08,207  INFO      [Note] PAPER TRADING -- virtual cash Rs 100,000, max_positions=6 max_pct=15% buckets=('intraday', 'swing') state=data/paper_trader_state.json
2026-09-15 09:01:08,208  INFO      paper-trader: new day, archived 5 trades (cumulative ₹-4,453)
2026-09-15 09:02:58,639  INFO      [DRY] Angel order would be: {'variety': 'NORMAL', 'tradingsymbol': 'HCLTECH-EQ', 'symboltoken': '7229', 'transactiontype': 'BUY', 'exchange': 'NSE', 'ordertype': 'MARKET', 'producttype': 'INTRADAY', 'duration': 'DAY', 'price': '0', 'squareoff': '0', 'stoploss': '0', 'quantity': '10'}
2026-09-15 09:02:58,639  INFO      [OPEN] [DRY] HCLTECH.NS qty=10 @ Rs 1261.60 SL Rs 1223.47 TGT Rs 1354.83 (order=None)
2026-09-15 09:02:58,639  INFO      [DRY] Angel order would be: {'variety': 'NORMAL', 'tradingsymbol': 'TCS-EQ', 'symboltoken': '11536', 'transactiontype': 'BUY', 'exchange': 'NSE', 'ordertype': 'MARKET', 'producttype': 'INTRADAY', 'duration': 'DAY', 'price': '0', 'squareoff': '0', 'stoploss': '0', 'quantity': '5'}
2026-09-15 09:02:58,639  INFO      [OPEN] [DRY] TCS.NS qty=5 @ Rs 2268.90 SL Rs 2247.01 TGT Rs 2278.83 (order=None)
2026-09-15 09:02:58,639  INFO      [DRY] Angel order would be: {'variety': 'NORMAL', 'tradingsymbol': 'HDFCBANK-EQ', 'symboltoken': '1333', 'transactiontype': 'BUY', 'exchange': 'NSE', 'ordertype': 'MARKET', 'producttype': 'INTRADAY', 'duration': 'DAY', 'price': '0', 'squareoff': '0', 'stoploss': '0', 'quantity': '13'}
2026-09-15 09:02:58,640  INFO      [OPEN] [DRY] HDFCBANK.NS qty=13 @ Rs 717.65 SL Rs 711.52 TGT Rs 730.64 (order=None)
2026-09-15 09:02:58,640  INFO      [DRY] Angel order would be: {'variety': 'NORMAL', 'tradingsymbol': 'DABUR-EQ', 'symboltoken': '772', 'transactiontype': 'BUY', 'exchange': 'NSE', 'ordertype': 'MARKET', 'producttype': 'INTRADAY', 'duration': 'DAY', 'price': '0', 'squareoff': '0', 'stoploss': '0', 'quantity': '21'}
2026-09-15 09:02:58,640  INFO      [OPEN] [DRY] DABUR.NS qty=21 @ Rs 386.05 SL Rs 379.16 TGT Rs 403.45 (order=None)
2026-09-15 09:02:58,640  INFO      [DRY] Angel order would be: {'variety': 'NORMAL', 'tradingsymbol': 'TECHM-EQ', 'symboltoken': '13538', 'transactiontype': 'BUY', 'exchange': 'NSE', 'ordertype': 'MARKET', 'producttype': 'INTRADAY', 'duration': 'DAY', 'price': '0', 'squareoff': '0', 'stoploss': '0', 'quantity': '4'}
2026-09-15 09:02:58,640  INFO      [OPEN] [DRY] TECHM.NS qty=4 @ Rs 1582.20 SL Rs 1554.19 TGT Rs 1611.37 (order=None)
2026-09-15 09:02:58,644  INFO      tick result: {'ok': True, 'actions': 5, 'open_trades': 6, 'closed_today': 0, 'realised_pnl': 0.0, 'cumulative_pnl': -4452.51, 'halted': False, 'messages': ['[OPEN] [DRY] HCLTECH.NS qty=10 @ Rs 1261.60 SL Rs 1223.47 TGT Rs 1354.83 (order=None)', '[OPEN] [DRY] TCS.NS qty=5 @ Rs 2268.90 SL Rs 2247.01 TGT Rs 2278.83 (order=None)', '[OPEN] [DRY] HDFCBANK.NS qty=13 @ Rs 717.65 SL Rs 711.52 TGT Rs 730.64 (order=None)', '[OPEN] [DRY] DABUR.NS qty=21 @ Rs 386.05 SL Rs 379.16 TGT Rs 403.45 (order=None)', '[OPEN] [DRY] TECHM.NS qty=4 @ Rs 1582.20 SL Rs 1554.19 TGT Rs 1611.37 (order=None)']}
2026-09-15 09:02:58,644  INFO      tick result: {'ok': True, 'actions': 5, 'open_trades': 6, 'closed_today': 0, 'realised_pnl': 0.0, 'cumulative_pnl': -4452.51, 'halted': False, 'messages': ['[OPEN] [DRY] HCLTECH.NS qty=10 @ Rs 1261.60 SL Rs 1223.47 TGT Rs 1354.83 (order=None)', '[OPEN] [DRY] TCS.NS qty=5 @ Rs 2268.90 SL Rs 2247.01 TGT Rs 2278.83 (order=None)', '[OPEN] [DRY] HDFCBANK.NS qty=13 @ Rs 717.65 SL Rs 711.52 TGT Rs 730.64 (order=None)', '[OPEN] [DRY] DABUR.NS qty=21 @ Rs 386.05 SL Rs 379.16 TGT Rs 403.45 (order=None)', '[OPEN] [DRY] TECHM.NS qty=4 @ Rs 1582.20 SL Rs 1554.19 TGT Rs 1611.37 (order=None)']}
