2026-05-13 06:40:55,602  INFO      angel_one starting ... (cmd=paper-trade)
2026-05-13 06:40:55,602  INFO      angel_one starting ... (cmd=paper-trade)
2026-05-13 06:40:55,618  INFO      refresh: generating today's picks via analyzer (dry-run, no PDF)
2026-05-13 06:40:55,618  INFO      refresh: generating today's picks via analyzer (dry-run, no PDF)
2026-05-13 06:40:56,762  INFO      == Stock analyzer run starting ==
2026-05-13 06:40:56,762  INFO      Watchlist: 11 symbols from data/stock_watchlist.txt
2026-05-13 06:40:56,763  INFO      Universe: 107 symbols (total available: 107)
2026-05-13 06:40:57,508  INFO      [1/107] fetching TATAPOWER.NS …
2026-05-13 06:40:58,046  INFO      [2/107] fetching IRFC.NS …
2026-05-13 06:40:58,527  INFO      [3/107] fetching SUZLON.NS …
2026-05-13 06:40:59,011  INFO      [4/107] fetching IREDA.NS …
2026-05-13 06:40:59,492  INFO      [5/107] fetching BHEL.NS …
2026-05-13 06:41:00,040  INFO      [6/107] fetching KPITTECH.NS …
2026-05-13 06:41:00,548  INFO      [7/107] fetching POLYCAB.NS …
2026-05-13 06:41:01,036  INFO      [8/107] fetching PERSISTENT.NS …
2026-05-13 06:41:01,535  INFO      [9/107] fetching ITC.NS …
2026-05-13 06:41:02,052  INFO      [10/107] fetching POWERGRID.NS …
2026-05-13 06:41:02,551  INFO      [11/107] fetching COALINDIA.NS …
2026-05-13 06:41:03,046  INFO      [12/107] fetching RELIANCE.NS …
2026-05-13 06:41:03,556  INFO      [13/107] fetching TCS.NS …
2026-05-13 06:41:04,059  INFO      [14/107] fetching HDFCBANK.NS …
2026-05-13 06:41:04,572  INFO      [15/107] fetching INFY.NS …
2026-05-13 06:41:05,094  INFO      [16/107] fetching ICICIBANK.NS …
2026-05-13 06:41:05,601  INFO      [17/107] fetching HINDUNILVR.NS …
2026-05-13 06:41:06,107  INFO      [18/107] fetching SBIN.NS …
2026-05-13 06:41:06,618  INFO      [19/107] fetching BHARTIARTL.NS …
2026-05-13 06:41:07,117  INFO      [20/107] fetching KOTAKBANK.NS …
2026-05-13 06:41:07,617  INFO      [21/107] fetching LT.NS …
2026-05-13 06:41:08,112  INFO      [22/107] fetching AXISBANK.NS …
2026-05-13 06:41:08,614  INFO      [23/107] fetching BAJFINANCE.NS …
2026-05-13 06:41:09,123  INFO      [24/107] fetching ASIANPAINT.NS …
2026-05-13 06:41:09,630  INFO      [25/107] fetching MARUTI.NS …
2026-05-13 06:41:10,136  INFO      [26/107] fetching HCLTECH.NS …
2026-05-13 06:41:10,645  INFO      [27/107] fetching SUNPHARMA.NS …
2026-05-13 06:41:11,157  INFO      [28/107] fetching TITAN.NS …
2026-05-13 06:41:11,665  INFO      [29/107] fetching ULTRACEMCO.NS …
2026-05-13 06:41:12,165  INFO      [30/107] fetching WIPRO.NS …
2026-05-13 06:41:12,706  INFO      [31/107] fetching NESTLEIND.NS …
2026-05-13 06:41:13,204  INFO      [32/107] fetching ADANIENT.NS …
2026-05-13 06:41:13,709  INFO      [33/107] fetching NTPC.NS …
2026-05-13 06:41:14,209  INFO      [34/107] fetching TATAMOTORS.NS …
2026-05-13 06:41:16,326  WARNING   [TATAMOTORS.NS] insufficient history (0 rows)
2026-05-13 06:41:16,726  INFO      [35/107] fetching M&M.NS …
2026-05-13 06:41:17,288  INFO      [36/107] fetching TATASTEEL.NS …
2026-05-13 06:41:17,797  INFO      [37/107] fetching JSWSTEEL.NS …
2026-05-13 06:41:18,304  INFO      [38/107] fetching ONGC.NS …
2026-05-13 06:41:18,813  INFO      [39/107] fetching TECHM.NS …
2026-05-13 06:41:19,308  INFO      [40/107] fetching BAJAJFINSV.NS …
2026-05-13 06:41:19,805  INFO      [41/107] fetching HINDALCO.NS …
2026-05-13 06:41:20,306  INFO      [42/107] fetching GRASIM.NS …
2026-05-13 06:41:20,813  INFO      [43/107] fetching DRREDDY.NS …
2026-05-13 06:41:21,320  INFO      [44/107] fetching CIPLA.NS …
2026-05-13 06:41:21,828  INFO      [45/107] fetching DIVISLAB.NS …
2026-05-13 06:41:22,335  INFO      [46/107] fetching EICHERMOT.NS …
2026-05-13 06:41:22,866  INFO      [47/107] fetching BRITANNIA.NS …
2026-05-13 06:41:23,398  INFO      [48/107] fetching HEROMOTOCO.NS …
2026-05-13 06:41:23,901  INFO      [49/107] fetching BAJAJ-AUTO.NS …
2026-05-13 06:41:24,401  INFO      [50/107] fetching INDUSINDBK.NS …
2026-05-13 06:41:24,905  INFO      [51/107] fetching APOLLOHOSP.NS …
2026-05-13 06:41:25,466  INFO      [52/107] fetching TATACONSUM.NS …
2026-05-13 06:41:25,978  INFO      [53/107] fetching UPL.NS …
2026-05-13 06:41:26,483  INFO      [54/107] fetching BPCL.NS …
2026-05-13 06:41:26,988  INFO      [55/107] fetching SBILIFE.NS …
2026-05-13 06:41:27,470  INFO      [56/107] fetching HDFCLIFE.NS …
2026-05-13 06:41:27,956  INFO      [57/107] fetching ADANIPORTS.NS …
2026-05-13 06:41:28,471  INFO      [58/107] fetching LTIM.NS …
2026-05-13 06:41:29,622  WARNING   [LTIM.NS] insufficient history (0 rows)
2026-05-13 06:41:30,022  INFO      [59/107] fetching ABB.NS …
2026-05-13 06:41:30,533  INFO      [60/107] fetching ADANIGREEN.NS …
2026-05-13 06:41:31,008  INFO      [61/107] fetching ADANIPOWER.NS …
2026-05-13 06:41:31,485  INFO      [62/107] fetching AMBUJACEM.NS …
2026-05-13 06:41:31,997  INFO      [63/107] fetching DMART.NS …
2026-05-13 06:41:32,474  INFO      [64/107] fetching BAJAJHLDNG.NS …
2026-05-13 06:41:32,977  INFO      [65/107] fetching BANKBARODA.NS …
2026-05-13 06:41:33,483  INFO      [66/107] fetching BERGEPAINT.NS …
2026-05-13 06:41:33,984  INFO      [67/107] fetching BOSCHLTD.NS …
2026-05-13 06:41:34,482  INFO      [68/107] fetching CANBK.NS …
2026-05-13 06:41:35,054  INFO      [69/107] fetching CHOLAFIN.NS …
2026-05-13 06:41:35,568  INFO      [70/107] fetching COLPAL.NS …
2026-05-13 06:41:36,065  INFO      [71/107] fetching DABUR.NS …
2026-05-13 06:41:36,574  INFO      [72/107] fetching DLF.NS …
2026-05-13 06:41:37,085  INFO      [73/107] fetching GAIL.NS …
2026-05-13 06:41:37,594  INFO      [74/107] fetching GODREJCP.NS …
2026-05-13 06:41:38,147  INFO      [75/107] fetching HAVELLS.NS …
2026-05-13 06:41:38,660  INFO      [76/107] fetching HAL.NS …
2026-05-13 06:41:39,146  INFO      [77/107] fetching ICICIGI.NS …
2026-05-13 06:41:39,635  INFO      [78/107] fetching ICICIPRULI.NS …
2026-05-13 06:41:40,121  INFO      [79/107] fetching IOC.NS …
2026-05-13 06:41:40,643  INFO      [80/107] fetching IRCTC.NS …
2026-05-13 06:41:41,175  INFO      [81/107] fetching JINDALSTEL.NS …
2026-05-13 06:41:41,682  INFO      [82/107] fetching LICI.NS …
2026-05-13 06:41:42,212  INFO      [83/107] fetching MARICO.NS …
2026-05-13 06:41:42,723  INFO      [84/107] fetching MOTHERSON.NS …
2026-05-13 06:41:43,233  INFO      [85/107] fetching NAUKRI.NS …
2026-05-13 06:41:43,731  INFO      [86/107] fetching PIDILITIND.NS …
2026-05-13 06:41:44,283  INFO      [87/107] fetching PNB.NS …
2026-05-13 06:41:44,792  INFO      [88/107] fetching PFC.NS …
2026-05-13 06:41:45,294  INFO      [89/107] fetching RECLTD.NS …
2026-05-13 06:41:45,804  INFO      [90/107] fetching SIEMENS.NS …
2026-05-13 06:41:46,366  INFO      [91/107] fetching SRF.NS …
2026-05-13 06:41:46,873  INFO      [92/107] fetching SHREECEM.NS …
2026-05-13 06:41:47,383  INFO      [93/107] fetching SHRIRAMFIN.NS …
2026-05-13 06:41:47,895  INFO      [94/107] fetching TORNTPHARM.NS …
2026-05-13 06:41:48,452  INFO      [95/107] fetching TRENT.NS …
2026-05-13 06:41:48,954  INFO      [96/107] fetching TVSMOTOR.NS …
2026-05-13 06:41:49,472  INFO      [97/107] fetching VEDL.NS …
2026-05-13 06:41:49,983  INFO      [98/107] fetching VBL.NS …
2026-05-13 06:41:50,474  INFO      [99/107] fetching ZOMATO.NS …
2026-05-13 06:41:52,225  WARNING   [ZOMATO.NS] insufficient history (0 rows)
2026-05-13 06:41:52,625  INFO      [100/107] fetching ZYDUSLIFE.NS …
2026-05-13 06:41:53,129  INFO      [101/107] fetching INDIGO.NS …
2026-05-13 06:41:53,614  INFO      [102/107] fetching IDEA.NS …
2026-05-13 06:41:54,097  INFO      [103/107] fetching BANKINDIA.NS …
2026-05-13 06:41:54,626  INFO      [104/107] fetching PAGEIND.NS …
2026-05-13 06:41:55,121  INFO      [105/107] fetching MUTHOOTFIN.NS …
2026-05-13 06:41:55,612  INFO      [106/107] fetching TATAELXSI.NS …
2026-05-13 06:41:56,108  INFO      [107/107] fetching LUPIN.NS …
2026-05-13 06:41:56,207  INFO      Fetched 104/107 symbols successfully.
2026-05-13 06:42:02,135  INFO      Fetched 200 headlines from RSS (Indian + global/geopolitics).
2026-05-13 06:42:05,447  INFO      Macro regime: neutral | bias=-3 | geo-risk=72.9
2026-05-13 06:42:05,655  INFO      NSE corp announcements: 20 filings
2026-05-13 06:42:07,560  INFO      Angel One login successful.
2026-05-13 06:42:08,622  INFO      Saved report → data/stock_reports/2026-05-13_0642.json
2026-05-13 06:42:09,169  INFO      Report image saved → logs/stock_analyzer/2026-05-13/stock_report.png  [1920×1280]
2026-05-13 06:42:09,170  INFO      Dry-run: skipping send. Image + PDF saved locally; console printed.
2026-05-13 06:42:09,171  INFO      == Stock analyzer run complete ==
2026-05-13 06:42:09,174  INFO      [Note] PAPER TRADING -- virtual cash Rs 100,000, max_positions=6 max_pct=15% buckets=('intraday', 'swing') state=data/paper_trader_state.json
2026-05-13 06:42:09,174  INFO      [Note] PAPER TRADING -- virtual cash Rs 100,000, max_positions=6 max_pct=15% buckets=('intraday', 'swing') state=data/paper_trader_state.json
2026-05-13 06:42:09,174  INFO      paper-trader: new day, archived 5 trades (cumulative ₹+1,620)
2026-05-13 06:42:24,557  INFO      [DRY] Angel order would be: {'variety': 'NORMAL', 'tradingsymbol': 'BERGEPAINT-EQ', 'symboltoken': '404', 'transactiontype': 'BUY', 'exchange': 'NSE', 'ordertype': 'MARKET', 'producttype': 'INTRADAY', 'duration': 'DAY', 'price': '0', 'squareoff': '0', 'stoploss': '0', 'quantity': '27'}
2026-05-13 06:42:24,558  INFO      [OPEN] [DRY] BERGEPAINT.NS qty=27 @ Rs 520.60 SL Rs 503.47 TGT Rs 546.33 (order=None)
2026-05-13 06:42:24,558  INFO      [DRY] Angel order would be: {'variety': 'NORMAL', 'tradingsymbol': 'ASIANPAINT-EQ', 'symboltoken': '236', 'transactiontype': 'BUY', 'exchange': 'NSE', 'ordertype': 'MARKET', 'producttype': 'INTRADAY', 'duration': 'DAY', 'price': '0', 'squareoff': '0', 'stoploss': '0', 'quantity': '4'}
2026-05-13 06:42:24,558  INFO      [OPEN] [DRY] ASIANPAINT.NS qty=4 @ Rs 2624.40 SL Rs 2557.91 TGT Rs 2750.11 (order=None)
2026-05-13 06:42:24,558  INFO      [DRY] Angel order would be: {'variety': 'NORMAL', 'tradingsymbol': 'IDEA-EQ', 'symboltoken': '14366', 'transactiontype': 'BUY', 'exchange': 'NSE', 'ordertype': 'MARKET', 'producttype': 'INTRADAY', 'duration': 'DAY', 'price': '0', 'squareoff': '0', 'stoploss': '0', 'quantity': '819'}
2026-05-13 06:42:24,558  INFO      [OPEN] [DRY] IDEA.NS qty=819 @ Rs 12.67 SL Rs 12.16 TGT Rs 13.26 (order=None)
2026-05-13 06:42:24,558  INFO      [DRY] Angel order would be: {'variety': 'NORMAL', 'tradingsymbol': 'DIVISLAB-EQ', 'symboltoken': '10940', 'transactiontype': 'BUY', 'exchange': 'NSE', 'ordertype': 'MARKET', 'producttype': 'INTRADAY', 'duration': 'DAY', 'price': '0', 'squareoff': '0', 'stoploss': '0', 'quantity': '1'}
2026-05-13 06:42:24,558  INFO      [OPEN] [DRY] DIVISLAB.NS qty=1 @ Rs 6796.00 SL Rs 6670.66 TGT Rs 7134.10 (order=None)
2026-05-13 06:42:24,558  INFO      [DRY] Angel order would be: {'variety': 'NORMAL', 'tradingsymbol': 'HAL-EQ', 'symboltoken': '2303', 'transactiontype': 'BUY', 'exchange': 'NSE', 'ordertype': 'MARKET', 'producttype': 'INTRADAY', 'duration': 'DAY', 'price': '0', 'squareoff': '0', 'stoploss': '0', 'quantity': '1'}
2026-05-13 06:42:24,558  INFO      [OPEN] [DRY] HAL.NS qty=1 @ Rs 4682.10 SL Rs 4564.01 TGT Rs 4826.63 (order=None)
2026-05-13 06:42:24,560  INFO      tick result: {'ok': True, 'actions': 5, 'open_trades': 6, 'closed_today': 0, 'realised_pnl': 0.0, 'cumulative_pnl': 1620.17, 'halted': False, 'messages': ['[OPEN] [DRY] BERGEPAINT.NS qty=27 @ Rs 520.60 SL Rs 503.47 TGT Rs 546.33 (order=None)', '[OPEN] [DRY] ASIANPAINT.NS qty=4 @ Rs 2624.40 SL Rs 2557.91 TGT Rs 2750.11 (order=None)', '[OPEN] [DRY] IDEA.NS qty=819 @ Rs 12.67 SL Rs 12.16 TGT Rs 13.26 (order=None)', '[OPEN] [DRY] DIVISLAB.NS qty=1 @ Rs 6796.00 SL Rs 6670.66 TGT Rs 7134.10 (order=None)', '[OPEN] [DRY] HAL.NS qty=1 @ Rs 4682.10 SL Rs 4564.01 TGT Rs 4826.63 (order=None)']}
2026-05-13 06:42:24,560  INFO      tick result: {'ok': True, 'actions': 5, 'open_trades': 6, 'closed_today': 0, 'realised_pnl': 0.0, 'cumulative_pnl': 1620.17, 'halted': False, 'messages': ['[OPEN] [DRY] BERGEPAINT.NS qty=27 @ Rs 520.60 SL Rs 503.47 TGT Rs 546.33 (order=None)', '[OPEN] [DRY] ASIANPAINT.NS qty=4 @ Rs 2624.40 SL Rs 2557.91 TGT Rs 2750.11 (order=None)', '[OPEN] [DRY] IDEA.NS qty=819 @ Rs 12.67 SL Rs 12.16 TGT Rs 13.26 (order=None)', '[OPEN] [DRY] DIVISLAB.NS qty=1 @ Rs 6796.00 SL Rs 6670.66 TGT Rs 7134.10 (order=None)', '[OPEN] [DRY] HAL.NS qty=1 @ Rs 4682.10 SL Rs 4564.01 TGT Rs 4826.63 (order=None)']}
