2026-08-31 10:08:21,704  INFO      angel_one starting ... (cmd=paper-trade)
2026-08-31 10:08:21,704  INFO      angel_one starting ... (cmd=paper-trade)
2026-08-31 10:08:21,720  INFO      refresh: generating today's picks via analyzer (dry-run, no PDF)
2026-08-31 10:08:21,720  INFO      refresh: generating today's picks via analyzer (dry-run, no PDF)
2026-08-31 10:08:22,432  INFO      == Stock analyzer run starting ==
2026-08-31 10:08:22,432  INFO      Watchlist: 11 symbols from data/stock_watchlist.txt
2026-08-31 10:08:22,432  INFO      Universe: 107 symbols (total available: 107)
2026-08-31 10:08:22,834  INFO      [1/107] fetching TATAPOWER.NS …
2026-08-31 10:08:23,431  INFO      [2/107] fetching IRFC.NS …
2026-08-31 10:08:23,920  INFO      [3/107] fetching SUZLON.NS …
2026-08-31 10:08:24,411  INFO      [4/107] fetching IREDA.NS …
2026-08-31 10:08:24,897  INFO      [5/107] fetching BHEL.NS …
2026-08-31 10:08:25,406  INFO      [6/107] fetching KPITTECH.NS …
2026-08-31 10:08:25,900  INFO      [7/107] fetching POLYCAB.NS …
2026-08-31 10:08:26,401  INFO      [8/107] fetching PERSISTENT.NS …
2026-08-31 10:08:26,902  INFO      [9/107] fetching ITC.NS …
2026-08-31 10:08:27,478  INFO      [10/107] fetching POWERGRID.NS …
2026-08-31 10:08:27,989  INFO      [11/107] fetching COALINDIA.NS …
2026-08-31 10:08:28,490  INFO      [12/107] fetching RELIANCE.NS …
2026-08-31 10:08:29,005  INFO      [13/107] fetching TCS.NS …
2026-08-31 10:08:29,511  INFO      [14/107] fetching HDFCBANK.NS …
2026-08-31 10:08:30,027  INFO      [15/107] fetching INFY.NS …
2026-08-31 10:08:30,549  INFO      [16/107] fetching ICICIBANK.NS …
2026-08-31 10:08:31,066  INFO      [17/107] fetching HINDUNILVR.NS …
2026-08-31 10:08:31,580  INFO      [18/107] fetching SBIN.NS …
2026-08-31 10:08:32,092  INFO      [19/107] fetching BHARTIARTL.NS …
2026-08-31 10:08:32,600  INFO      [20/107] fetching KOTAKBANK.NS …
2026-08-31 10:08:33,108  INFO      [21/107] fetching LT.NS …
2026-08-31 10:08:33,609  INFO      [22/107] fetching AXISBANK.NS …
2026-08-31 10:08:34,119  INFO      [23/107] fetching BAJFINANCE.NS …
2026-08-31 10:08:34,627  INFO      [24/107] fetching ASIANPAINT.NS …
2026-08-31 10:08:35,138  INFO      [25/107] fetching MARUTI.NS …
2026-08-31 10:08:35,636  INFO      [26/107] fetching HCLTECH.NS …
2026-08-31 10:08:36,141  INFO      [27/107] fetching SUNPHARMA.NS …
2026-08-31 10:08:36,650  INFO      [28/107] fetching TITAN.NS …
2026-08-31 10:08:37,151  INFO      [29/107] fetching ULTRACEMCO.NS …
2026-08-31 10:08:37,651  INFO      [30/107] fetching WIPRO.NS …
2026-08-31 10:08:38,163  INFO      [31/107] fetching NESTLEIND.NS …
2026-08-31 10:08:38,664  INFO      [32/107] fetching ADANIENT.NS …
2026-08-31 10:08:39,169  INFO      [33/107] fetching NTPC.NS …
2026-08-31 10:08:39,736  INFO      [34/107] fetching TATAMOTORS.NS …
2026-08-31 10:08:42,127  WARNING   [TATAMOTORS.NS] insufficient history (0 rows)
2026-08-31 10:08:42,528  INFO      [35/107] fetching M&M.NS …
2026-08-31 10:08:43,044  INFO      [36/107] fetching TATASTEEL.NS …
2026-08-31 10:08:43,558  INFO      [37/107] fetching JSWSTEEL.NS …
2026-08-31 10:08:44,065  INFO      [38/107] fetching ONGC.NS …
2026-08-31 10:08:44,574  INFO      [39/107] fetching TECHM.NS …
2026-08-31 10:08:45,077  INFO      [40/107] fetching BAJAJFINSV.NS …
2026-08-31 10:08:45,580  INFO      [41/107] fetching HINDALCO.NS …
2026-08-31 10:08:46,144  INFO      [42/107] fetching GRASIM.NS …
2026-08-31 10:08:46,646  INFO      [43/107] fetching DRREDDY.NS …
2026-08-31 10:08:47,150  INFO      [44/107] fetching CIPLA.NS …
2026-08-31 10:08:47,665  INFO      [45/107] fetching DIVISLAB.NS …
2026-08-31 10:08:48,167  INFO      [46/107] fetching EICHERMOT.NS …
2026-08-31 10:08:48,683  INFO      [47/107] fetching BRITANNIA.NS …
2026-08-31 10:08:49,196  INFO      [48/107] fetching HEROMOTOCO.NS …
2026-08-31 10:08:49,701  INFO      [49/107] fetching BAJAJ-AUTO.NS …
2026-08-31 10:08:50,204  INFO      [50/107] fetching INDUSINDBK.NS …
2026-08-31 10:08:50,703  INFO      [51/107] fetching APOLLOHOSP.NS …
2026-08-31 10:08:51,216  INFO      [52/107] fetching TATACONSUM.NS …
2026-08-31 10:08:51,776  INFO      [53/107] fetching UPL.NS …
2026-08-31 10:08:52,282  INFO      [54/107] fetching BPCL.NS …
2026-08-31 10:08:52,794  INFO      [55/107] fetching SBILIFE.NS …
2026-08-31 10:08:53,284  INFO      [56/107] fetching HDFCLIFE.NS …
2026-08-31 10:08:53,778  INFO      [57/107] fetching ADANIPORTS.NS …
2026-08-31 10:08:54,280  INFO      [58/107] fetching LTIM.NS …
2026-08-31 10:08:54,845  WARNING   [LTIM.NS] insufficient history (0 rows)
2026-08-31 10:08:55,246  INFO      [59/107] fetching ABB.NS …
2026-08-31 10:08:55,755  INFO      [60/107] fetching ADANIGREEN.NS …
2026-08-31 10:08:56,238  INFO      [61/107] fetching ADANIPOWER.NS …
2026-08-31 10:08:56,726  INFO      [62/107] fetching AMBUJACEM.NS …
2026-08-31 10:08:57,241  INFO      [63/107] fetching DMART.NS …
2026-08-31 10:08:57,724  INFO      [64/107] fetching BAJAJHLDNG.NS …
2026-08-31 10:08:58,231  INFO      [65/107] fetching BANKBARODA.NS …
2026-08-31 10:08:58,740  INFO      [66/107] fetching BERGEPAINT.NS …
2026-08-31 10:08:59,252  INFO      [67/107] fetching BOSCHLTD.NS …
2026-08-31 10:08:59,758  INFO      [68/107] fetching CANBK.NS …
2026-08-31 10:09:00,270  INFO      [69/107] fetching CHOLAFIN.NS …
2026-08-31 10:09:00,793  INFO      [70/107] fetching COLPAL.NS …
2026-08-31 10:09:01,300  INFO      [71/107] fetching DABUR.NS …
2026-08-31 10:09:01,823  INFO      [72/107] fetching DLF.NS …
2026-08-31 10:09:02,319  INFO      [73/107] fetching GAIL.NS …
2026-08-31 10:09:02,862  INFO      [74/107] fetching GODREJCP.NS …
2026-08-31 10:09:03,367  INFO      [75/107] fetching HAVELLS.NS …
2026-08-31 10:09:03,875  INFO      [76/107] fetching HAL.NS …
2026-08-31 10:09:04,363  INFO      [77/107] fetching ICICIGI.NS …
2026-08-31 10:09:04,853  INFO      [78/107] fetching ICICIPRULI.NS …
2026-08-31 10:09:05,343  INFO      [79/107] fetching IOC.NS …
2026-08-31 10:09:05,848  INFO      [80/107] fetching IRCTC.NS …
2026-08-31 10:09:06,339  INFO      [81/107] fetching JINDALSTEL.NS …
2026-08-31 10:09:06,890  INFO      [82/107] fetching LICI.NS …
2026-08-31 10:09:07,380  INFO      [83/107] fetching MARICO.NS …
2026-08-31 10:09:07,915  INFO      [84/107] fetching MOTHERSON.NS …
2026-08-31 10:09:08,431  INFO      [85/107] fetching NAUKRI.NS …
2026-08-31 10:09:08,937  INFO      [86/107] fetching PIDILITIND.NS …
2026-08-31 10:09:09,453  INFO      [87/107] fetching PNB.NS …
2026-08-31 10:09:09,964  INFO      [88/107] fetching PFC.NS …
2026-08-31 10:09:10,473  INFO      [89/107] fetching RECLTD.NS …
2026-08-31 10:09:10,976  INFO      [90/107] fetching SIEMENS.NS …
2026-08-31 10:09:11,493  INFO      [91/107] fetching SRF.NS …
2026-08-31 10:09:11,998  INFO      [92/107] fetching SHREECEM.NS …
2026-08-31 10:09:12,515  INFO      [93/107] fetching SHRIRAMFIN.NS …
2026-08-31 10:09:13,030  INFO      [94/107] fetching TORNTPHARM.NS …
2026-08-31 10:09:13,875  INFO      [95/107] fetching TRENT.NS …
2026-08-31 10:09:14,382  INFO      [96/107] fetching TVSMOTOR.NS …
2026-08-31 10:09:14,894  INFO      [97/107] fetching VEDL.NS …
2026-08-31 10:09:15,413  INFO      [98/107] fetching VBL.NS …
2026-08-31 10:09:15,957  INFO      [99/107] fetching ZOMATO.NS …
2026-08-31 10:09:16,593  WARNING   [ZOMATO.NS] insufficient history (0 rows)
2026-08-31 10:09:16,994  INFO      [100/107] fetching ZYDUSLIFE.NS …
2026-08-31 10:09:17,511  INFO      [101/107] fetching INDIGO.NS …
2026-08-31 10:09:18,004  INFO      [102/107] fetching IDEA.NS …
2026-08-31 10:09:18,493  INFO      [103/107] fetching BANKINDIA.NS …
2026-08-31 10:09:19,007  INFO      [104/107] fetching PAGEIND.NS …
2026-08-31 10:09:19,510  INFO      [105/107] fetching MUTHOOTFIN.NS …
2026-08-31 10:09:20,014  INFO      [106/107] fetching TATAELXSI.NS …
2026-08-31 10:09:20,518  INFO      [107/107] fetching LUPIN.NS …
2026-08-31 10:09:20,624  INFO      Fetched 104/107 symbols successfully.
2026-08-31 10:09:29,767  WARNING   [MF 119598] fetch failed: 502 Server Error: Bad Gateway for url: https://api.mfapi.in/mf/119598
2026-08-31 10:09:31,367  INFO      Fetched 200 headlines from RSS (Indian + global/geopolitics).
2026-08-31 10:09:33,618  INFO      Macro regime: neutral | bias=-2 | geo-risk=46.9
2026-08-31 10:09:33,648  INFO      NSE corp announcements: 20 filings
2026-08-31 10:09:35,321  INFO      Angel One login successful.
2026-08-31 10:09:36,450  INFO      Saved report → data/stock_reports/2026-08-31_1009.json
2026-08-31 10:09:36,962  INFO      Report image saved → logs/stock_analyzer/2026-08-31/stock_report.png  [1920×1280]
2026-08-31 10:09:36,962  INFO      Dry-run: skipping send. Image + PDF saved locally; console printed.
2026-08-31 10:09:36,963  INFO      == Stock analyzer run complete ==
2026-08-31 10:09:36,966  INFO      [Note] PAPER TRADING -- virtual cash Rs 100,000, max_positions=6 max_pct=15% buckets=('intraday', 'swing') state=data/paper_trader_state.json
2026-08-31 10:09:36,966  INFO      [Note] PAPER TRADING -- virtual cash Rs 100,000, max_positions=6 max_pct=15% buckets=('intraday', 'swing') state=data/paper_trader_state.json
2026-08-31 10:09:36,967  INFO      paper-trader: new day, archived 0 trades (cumulative ₹-4,338)
2026-08-31 10:09:50,994  INFO      [DRY] Angel order would be: {'variety': 'NORMAL', 'tradingsymbol': 'HEROMOTOCO-EQ', 'symboltoken': '1348', 'transactiontype': 'SELL', 'exchange': 'NSE', 'ordertype': 'MARKET', 'producttype': 'INTRADAY', 'duration': 'DAY', 'price': '0', 'squareoff': '0', 'stoploss': '0', 'quantity': '1'}
2026-08-31 10:09:50,994  INFO      [SL] [DRY] CLOSE HEROMOTOCO.NS qty=1 @ Rs 5450.00 P&L Rs -273 (gross Rs -265, cost Rs 8; SL hit @ 5450.00)
2026-08-31 10:09:51,001  INFO      tick result: {'ok': True, 'actions': 1, 'open_trades': 0, 'closed_today': 1, 'realised_pnl': -273.37, 'cumulative_pnl': -4611.11, 'halted': False, 'messages': ['[SL] [DRY] CLOSE HEROMOTOCO.NS qty=1 @ Rs 5450.00 P&L Rs -273 (gross Rs -265, cost Rs 8; SL hit @ 5450.00)']}
2026-08-31 10:09:51,001  INFO      tick result: {'ok': True, 'actions': 1, 'open_trades': 0, 'closed_today': 1, 'realised_pnl': -273.37, 'cumulative_pnl': -4611.11, 'halted': False, 'messages': ['[SL] [DRY] CLOSE HEROMOTOCO.NS qty=1 @ Rs 5450.00 P&L Rs -273 (gross Rs -265, cost Rs 8; SL hit @ 5450.00)']}
