2026-05-28 07:45:03,397  INFO      angel_one starting ... (cmd=paper-trade)
2026-05-28 07:45:03,397  INFO      angel_one starting ... (cmd=paper-trade)
2026-05-28 07:45:03,414  INFO      refresh: generating today's picks via analyzer (dry-run, no PDF)
2026-05-28 07:45:03,414  INFO      refresh: generating today's picks via analyzer (dry-run, no PDF)
2026-05-28 07:45:04,086  INFO      == Stock analyzer run starting ==
2026-05-28 07:45:04,086  INFO      Watchlist: 11 symbols from data/stock_watchlist.txt
2026-05-28 07:45:04,086  INFO      Universe: 107 symbols (total available: 107)
2026-05-28 07:45:04,827  INFO      [1/107] fetching TATAPOWER.NS …
2026-05-28 07:45:05,388  INFO      [2/107] fetching IRFC.NS …
2026-05-28 07:45:05,873  INFO      [3/107] fetching SUZLON.NS …
2026-05-28 07:45:06,354  INFO      [4/107] fetching IREDA.NS …
2026-05-28 07:45:06,853  INFO      [5/107] fetching BHEL.NS …
2026-05-28 07:45:07,354  INFO      [6/107] fetching KPITTECH.NS …
2026-05-28 07:45:07,843  INFO      [7/107] fetching POLYCAB.NS …
2026-05-28 07:45:08,329  INFO      [8/107] fetching PERSISTENT.NS …
2026-05-28 07:45:08,825  INFO      [9/107] fetching ITC.NS …
2026-05-28 07:45:09,347  INFO      [10/107] fetching POWERGRID.NS …
2026-05-28 07:45:09,851  INFO      [11/107] fetching COALINDIA.NS …
2026-05-28 07:45:10,350  INFO      [12/107] fetching RELIANCE.NS …
2026-05-28 07:45:10,862  INFO      [13/107] fetching TCS.NS …
2026-05-28 07:45:11,365  INFO      [14/107] fetching HDFCBANK.NS …
2026-05-28 07:45:11,881  INFO      [15/107] fetching INFY.NS …
2026-05-28 07:45:12,407  INFO      [16/107] fetching ICICIBANK.NS …
2026-05-28 07:45:12,918  INFO      [17/107] fetching HINDUNILVR.NS …
2026-05-28 07:45:13,423  INFO      [18/107] fetching SBIN.NS …
2026-05-28 07:45:13,963  INFO      [19/107] fetching BHARTIARTL.NS …
2026-05-28 07:45:14,463  INFO      [20/107] fetching KOTAKBANK.NS …
2026-05-28 07:45:14,976  INFO      [21/107] fetching LT.NS …
2026-05-28 07:45:15,482  INFO      [22/107] fetching AXISBANK.NS …
2026-05-28 07:45:15,987  INFO      [23/107] fetching BAJFINANCE.NS …
2026-05-28 07:45:16,499  INFO      [24/107] fetching ASIANPAINT.NS …
2026-05-28 07:45:17,015  INFO      [25/107] fetching MARUTI.NS …
2026-05-28 07:45:17,527  INFO      [26/107] fetching HCLTECH.NS …
2026-05-28 07:45:18,033  INFO      [27/107] fetching SUNPHARMA.NS …
2026-05-28 07:45:18,544  INFO      [28/107] fetching TITAN.NS …
2026-05-28 07:45:19,043  INFO      [29/107] fetching ULTRACEMCO.NS …
2026-05-28 07:45:19,546  INFO      [30/107] fetching WIPRO.NS …
2026-05-28 07:45:20,116  INFO      [31/107] fetching NESTLEIND.NS …
2026-05-28 07:45:20,614  INFO      [32/107] fetching ADANIENT.NS …
2026-05-28 07:45:21,127  INFO      [33/107] fetching NTPC.NS …
2026-05-28 07:45:21,633  INFO      [34/107] fetching TATAMOTORS.NS …
2026-05-28 07:45:22,729  WARNING   [TATAMOTORS.NS] insufficient history (0 rows)
2026-05-28 07:45:23,130  INFO      [35/107] fetching M&M.NS …
2026-05-28 07:45:23,639  INFO      [36/107] fetching TATASTEEL.NS …
2026-05-28 07:45:24,148  INFO      [37/107] fetching JSWSTEEL.NS …
2026-05-28 07:45:24,652  INFO      [38/107] fetching ONGC.NS …
2026-05-28 07:45:25,172  INFO      [39/107] fetching TECHM.NS …
2026-05-28 07:45:25,670  INFO      [40/107] fetching BAJAJFINSV.NS …
2026-05-28 07:45:26,175  INFO      [41/107] fetching HINDALCO.NS …
2026-05-28 07:45:26,688  INFO      [42/107] fetching GRASIM.NS …
2026-05-28 07:45:27,198  INFO      [43/107] fetching DRREDDY.NS …
2026-05-28 07:45:27,701  INFO      [44/107] fetching CIPLA.NS …
2026-05-28 07:45:28,231  INFO      [45/107] fetching DIVISLAB.NS …
2026-05-28 07:45:28,741  INFO      [46/107] fetching EICHERMOT.NS …
2026-05-28 07:45:29,250  INFO      [47/107] fetching BRITANNIA.NS …
2026-05-28 07:45:29,782  INFO      [48/107] fetching HEROMOTOCO.NS …
2026-05-28 07:45:30,287  INFO      [49/107] fetching BAJAJ-AUTO.NS …
2026-05-28 07:45:30,785  INFO      [50/107] fetching INDUSINDBK.NS …
2026-05-28 07:45:31,290  INFO      [51/107] fetching APOLLOHOSP.NS …
2026-05-28 07:45:31,801  INFO      [52/107] fetching TATACONSUM.NS …
2026-05-28 07:45:32,319  INFO      [53/107] fetching UPL.NS …
2026-05-28 07:45:32,825  INFO      [54/107] fetching BPCL.NS …
2026-05-28 07:45:33,337  INFO      [55/107] fetching SBILIFE.NS …
2026-05-28 07:45:33,827  INFO      [56/107] fetching HDFCLIFE.NS …
2026-05-28 07:45:34,314  INFO      [57/107] fetching ADANIPORTS.NS …
2026-05-28 07:45:34,856  INFO      [58/107] fetching LTIM.NS …
2026-05-28 07:45:35,408  WARNING   [LTIM.NS] insufficient history (0 rows)
2026-05-28 07:45:35,808  INFO      [59/107] fetching ABB.NS …
2026-05-28 07:45:36,350  INFO      [60/107] fetching ADANIGREEN.NS …
2026-05-28 07:45:36,828  INFO      [61/107] fetching ADANIPOWER.NS …
2026-05-28 07:45:37,307  INFO      [62/107] fetching AMBUJACEM.NS …
2026-05-28 07:45:37,820  INFO      [63/107] fetching DMART.NS …
2026-05-28 07:45:38,309  INFO      [64/107] fetching BAJAJHLDNG.NS …
2026-05-28 07:45:38,816  INFO      [65/107] fetching BANKBARODA.NS …
2026-05-28 07:45:39,334  INFO      [66/107] fetching BERGEPAINT.NS …
2026-05-28 07:45:39,838  INFO      [67/107] fetching BOSCHLTD.NS …
2026-05-28 07:45:40,346  INFO      [68/107] fetching CANBK.NS …
2026-05-28 07:45:40,847  INFO      [69/107] fetching CHOLAFIN.NS …
2026-05-28 07:45:41,356  INFO      [70/107] fetching COLPAL.NS …
2026-05-28 07:45:41,857  INFO      [71/107] fetching DABUR.NS …
2026-05-28 07:45:42,362  INFO      [72/107] fetching DLF.NS …
2026-05-28 07:45:42,910  INFO      [73/107] fetching GAIL.NS …
2026-05-28 07:45:43,422  INFO      [74/107] fetching GODREJCP.NS …
2026-05-28 07:45:43,926  INFO      [75/107] fetching HAVELLS.NS …
2026-05-28 07:45:44,432  INFO      [76/107] fetching HAL.NS …
2026-05-28 07:45:44,921  INFO      [77/107] fetching ICICIGI.NS …
2026-05-28 07:45:45,411  INFO      [78/107] fetching ICICIPRULI.NS …
2026-05-28 07:45:45,904  INFO      [79/107] fetching IOC.NS …
2026-05-28 07:45:46,429  INFO      [80/107] fetching IRCTC.NS …
2026-05-28 07:45:46,914  INFO      [81/107] fetching JINDALSTEL.NS …
2026-05-28 07:45:47,420  INFO      [82/107] fetching LICI.NS …
2026-05-28 07:45:47,901  INFO      [83/107] fetching MARICO.NS …
2026-05-28 07:45:48,408  INFO      [84/107] fetching MOTHERSON.NS …
2026-05-28 07:45:48,920  INFO      [85/107] fetching NAUKRI.NS …
2026-05-28 07:45:49,421  INFO      [86/107] fetching PIDILITIND.NS …
2026-05-28 07:45:49,924  INFO      [87/107] fetching PNB.NS …
2026-05-28 07:45:50,422  INFO      [88/107] fetching PFC.NS …
2026-05-28 07:45:50,942  INFO      [89/107] fetching RECLTD.NS …
2026-05-28 07:45:51,456  INFO      [90/107] fetching SIEMENS.NS …
2026-05-28 07:45:51,967  INFO      [91/107] fetching SRF.NS …
2026-05-28 07:45:52,482  INFO      [92/107] fetching SHREECEM.NS …
2026-05-28 07:45:52,990  INFO      [93/107] fetching SHRIRAMFIN.NS …
2026-05-28 07:45:53,511  INFO      [94/107] fetching TORNTPHARM.NS …
2026-05-28 07:45:54,022  INFO      [95/107] fetching TRENT.NS …
2026-05-28 07:45:54,526  INFO      [96/107] fetching TVSMOTOR.NS …
2026-05-28 07:45:55,040  INFO      [97/107] fetching VEDL.NS …
2026-05-28 07:45:55,554  INFO      [98/107] fetching VBL.NS …
2026-05-28 07:45:56,047  INFO      [99/107] fetching ZOMATO.NS …
2026-05-28 07:45:56,822  WARNING   [ZOMATO.NS] insufficient history (0 rows)
2026-05-28 07:45:57,223  INFO      [100/107] fetching ZYDUSLIFE.NS …
2026-05-28 07:45:57,730  INFO      [101/107] fetching INDIGO.NS …
2026-05-28 07:45:58,220  INFO      [102/107] fetching IDEA.NS …
2026-05-28 07:45:58,738  INFO      [103/107] fetching BANKINDIA.NS …
2026-05-28 07:45:59,245  INFO      [104/107] fetching PAGEIND.NS …
2026-05-28 07:45:59,740  INFO      [105/107] fetching MUTHOOTFIN.NS …
2026-05-28 07:46:00,265  INFO      [106/107] fetching TATAELXSI.NS …
2026-05-28 07:46:00,809  INFO      [107/107] fetching LUPIN.NS …
2026-05-28 07:46:00,922  INFO      Fetched 104/107 symbols successfully.
2026-05-28 07:46:05,707  INFO      Fetched 200 headlines from RSS (Indian + global/geopolitics).
2026-05-28 07:46:08,374  INFO      Macro regime: neutral | bias=0 | geo-risk=55.8
2026-05-28 07:46:08,635  INFO      NSE corp announcements: 20 filings
2026-05-28 07:46:10,170  INFO      Angel One login successful.
2026-05-28 07:46:10,960  INFO      Saved report → data/stock_reports/2026-05-28_0746.json
2026-05-28 07:46:11,445  INFO      Report image saved → logs/stock_analyzer/2026-05-28/stock_report.png  [1920×1280]
2026-05-28 07:46:11,446  INFO      Dry-run: skipping send. Image + PDF saved locally; console printed.
2026-05-28 07:46:11,447  INFO      == Stock analyzer run complete ==
2026-05-28 07:46:11,451  INFO      [Note] PAPER TRADING -- virtual cash Rs 100,000, max_positions=6 max_pct=15% buckets=('intraday', 'swing') state=data/paper_trader_state.json
2026-05-28 07:46:11,451  INFO      [Note] PAPER TRADING -- virtual cash Rs 100,000, max_positions=6 max_pct=15% buckets=('intraday', 'swing') state=data/paper_trader_state.json
2026-05-28 07:46:11,452  INFO      paper-trader: new day, archived 7 trades (cumulative ₹+1,000)
2026-05-28 07:46:27,170  INFO      [DRY] Angel order would be: {'variety': 'NORMAL', 'tradingsymbol': 'MOTHERSON-EQ', 'symboltoken': '4204', 'transactiontype': 'BUY', 'exchange': 'NSE', 'ordertype': 'MARKET', 'producttype': 'INTRADAY', 'duration': 'DAY', 'price': '0', 'squareoff': '0', 'stoploss': '0', 'quantity': '91'}
2026-05-28 07:46:27,171  INFO      [OPEN] [DRY] MOTHERSON.NS qty=91 @ Rs 142.41 SL Rs 137.42 TGT Rs 149.23 (order=None)
2026-05-28 07:46:27,171  INFO      [DRY] Angel order would be: {'variety': 'NORMAL', 'tradingsymbol': 'HINDALCO-EQ', 'symboltoken': '1363', 'transactiontype': 'BUY', 'exchange': 'NSE', 'ordertype': 'MARKET', 'producttype': 'INTRADAY', 'duration': 'DAY', 'price': '0', 'squareoff': '0', 'stoploss': '0', 'quantity': '9'}
2026-05-28 07:46:27,171  INFO      [OPEN] [DRY] HINDALCO.NS qty=9 @ Rs 1149.70 SL Rs 1119.41 TGT Rs 1204.77 (order=None)
2026-05-28 07:46:27,171  INFO      [DRY] Angel order would be: {'variety': 'NORMAL', 'tradingsymbol': 'ABB-EQ', 'symboltoken': '13', 'transactiontype': 'BUY', 'exchange': 'NSE', 'ordertype': 'MARKET', 'producttype': 'INTRADAY', 'duration': 'DAY', 'price': '0', 'squareoff': '0', 'stoploss': '0', 'quantity': '1'}
2026-05-28 07:46:27,171  INFO      [OPEN] [DRY] ABB.NS qty=1 @ Rs 7219.00 SL Rs 7066.49 TGT Rs 7374.22 (order=None)
2026-05-28 07:46:27,171  INFO      [DRY] Angel order would be: {'variety': 'NORMAL', 'tradingsymbol': 'SUZLON-EQ', 'symboltoken': '12018', 'transactiontype': 'BUY', 'exchange': 'NSE', 'ordertype': 'MARKET', 'producttype': 'INTRADAY', 'duration': 'DAY', 'price': '0', 'squareoff': '0', 'stoploss': '0', 'quantity': '146'}
2026-05-28 07:46:27,171  INFO      [OPEN] [DRY] SUZLON.NS qty=146 @ Rs 57.53 SL Rs 55.72 TGT Rs 57.94 (order=None)
2026-05-28 07:46:27,173  INFO      tick result: {'ok': True, 'actions': 4, 'open_trades': 6, 'closed_today': 0, 'realised_pnl': 0.0, 'cumulative_pnl': 1000.42, 'halted': False, 'messages': ['[OPEN] [DRY] MOTHERSON.NS qty=91 @ Rs 142.41 SL Rs 137.42 TGT Rs 149.23 (order=None)', '[OPEN] [DRY] HINDALCO.NS qty=9 @ Rs 1149.70 SL Rs 1119.41 TGT Rs 1204.77 (order=None)', '[OPEN] [DRY] ABB.NS qty=1 @ Rs 7219.00 SL Rs 7066.49 TGT Rs 7374.22 (order=None)', '[OPEN] [DRY] SUZLON.NS qty=146 @ Rs 57.53 SL Rs 55.72 TGT Rs 57.94 (order=None)']}
2026-05-28 07:46:27,173  INFO      tick result: {'ok': True, 'actions': 4, 'open_trades': 6, 'closed_today': 0, 'realised_pnl': 0.0, 'cumulative_pnl': 1000.42, 'halted': False, 'messages': ['[OPEN] [DRY] MOTHERSON.NS qty=91 @ Rs 142.41 SL Rs 137.42 TGT Rs 149.23 (order=None)', '[OPEN] [DRY] HINDALCO.NS qty=9 @ Rs 1149.70 SL Rs 1119.41 TGT Rs 1204.77 (order=None)', '[OPEN] [DRY] ABB.NS qty=1 @ Rs 7219.00 SL Rs 7066.49 TGT Rs 7374.22 (order=None)', '[OPEN] [DRY] SUZLON.NS qty=146 @ Rs 57.53 SL Rs 55.72 TGT Rs 57.94 (order=None)']}
