2026-10-05 10:53:53,508  INFO      angel_one starting ... (cmd=paper-trade)
2026-10-05 10:53:53,508  INFO      angel_one starting ... (cmd=paper-trade)
2026-10-05 10:53:53,525  INFO      refresh: generating today's picks via analyzer (dry-run, no PDF)
2026-10-05 10:53:53,525  INFO      refresh: generating today's picks via analyzer (dry-run, no PDF)
2026-10-05 10:53:54,213  INFO      == Stock analyzer run starting ==
2026-10-05 10:53:54,213  INFO      Watchlist: 11 symbols from data/stock_watchlist.txt
2026-10-05 10:53:54,213  INFO      Universe: 107 symbols (total available: 107)
2026-10-05 10:53:54,695  INFO      [1/107] fetching TATAPOWER.NS …
2026-10-05 10:53:55,270  INFO      [2/107] fetching IRFC.NS …
2026-10-05 10:53:55,759  INFO      [3/107] fetching SUZLON.NS …
2026-10-05 10:53:56,240  INFO      [4/107] fetching IREDA.NS …
2026-10-05 10:53:56,757  INFO      [5/107] fetching BHEL.NS …
2026-10-05 10:53:57,257  INFO      [6/107] fetching KPITTECH.NS …
2026-10-05 10:53:57,743  INFO      [7/107] fetching POLYCAB.NS …
2026-10-05 10:53:58,294  INFO      [8/107] fetching PERSISTENT.NS …
2026-10-05 10:53:58,791  INFO      [9/107] fetching ITC.NS …
2026-10-05 10:53:59,319  INFO      [10/107] fetching POWERGRID.NS …
2026-10-05 10:53:59,822  INFO      [11/107] fetching COALINDIA.NS …
2026-10-05 10:54:00,315  INFO      [12/107] fetching RELIANCE.NS …
2026-10-05 10:54:00,858  INFO      [13/107] fetching TCS.NS …
2026-10-05 10:54:01,349  INFO      [14/107] fetching HDFCBANK.NS …
2026-10-05 10:54:01,872  INFO      [15/107] fetching INFY.NS …
2026-10-05 10:54:02,409  INFO      [16/107] fetching ICICIBANK.NS …
2026-10-05 10:54:02,914  INFO      [17/107] fetching HINDUNILVR.NS …
2026-10-05 10:54:03,447  INFO      [18/107] fetching SBIN.NS …
2026-10-05 10:54:03,950  INFO      [19/107] fetching BHARTIARTL.NS …
2026-10-05 10:54:04,452  INFO      [20/107] fetching KOTAKBANK.NS …
2026-10-05 10:54:04,969  INFO      [21/107] fetching LT.NS …
2026-10-05 10:54:05,468  INFO      [22/107] fetching AXISBANK.NS …
2026-10-05 10:54:05,967  INFO      [23/107] fetching BAJFINANCE.NS …
2026-10-05 10:54:06,507  INFO      [24/107] fetching ASIANPAINT.NS …
2026-10-05 10:54:07,004  INFO      [25/107] fetching MARUTI.NS …
2026-10-05 10:54:07,503  INFO      [26/107] fetching HCLTECH.NS …
2026-10-05 10:54:08,012  INFO      [27/107] fetching SUNPHARMA.NS …
2026-10-05 10:54:08,523  INFO      [28/107] fetching TITAN.NS …
2026-10-05 10:54:09,016  INFO      [29/107] fetching ULTRACEMCO.NS …
2026-10-05 10:54:09,519  INFO      [30/107] fetching WIPRO.NS …
2026-10-05 10:54:10,031  INFO      [31/107] fetching NESTLEIND.NS …
2026-10-05 10:54:10,531  INFO      [32/107] fetching ADANIENT.NS …
2026-10-05 10:54:11,051  INFO      [33/107] fetching NTPC.NS …
2026-10-05 10:54:11,557  INFO      [34/107] fetching TATAMOTORS.NS …
2026-10-05 10:54:20,197  WARNING   [TATAMOTORS.NS] insufficient history (0 rows)
2026-10-05 10:54:20,597  INFO      [35/107] fetching M&M.NS …
2026-10-05 10:54:21,098  INFO      [36/107] fetching TATASTEEL.NS …
2026-10-05 10:54:21,606  INFO      [37/107] fetching JSWSTEEL.NS …
2026-10-05 10:54:22,142  INFO      [38/107] fetching ONGC.NS …
2026-10-05 10:54:22,642  INFO      [39/107] fetching TECHM.NS …
2026-10-05 10:54:23,134  INFO      [40/107] fetching BAJAJFINSV.NS …
2026-10-05 10:54:23,626  INFO      [41/107] fetching HINDALCO.NS …
2026-10-05 10:54:24,132  INFO      [42/107] fetching GRASIM.NS …
2026-10-05 10:54:24,637  INFO      [43/107] fetching DRREDDY.NS …
2026-10-05 10:54:25,141  INFO      [44/107] fetching CIPLA.NS …
2026-10-05 10:54:25,651  INFO      [45/107] fetching DIVISLAB.NS …
2026-10-05 10:54:26,146  INFO      [46/107] fetching EICHERMOT.NS …
2026-10-05 10:54:26,666  INFO      [47/107] fetching BRITANNIA.NS …
2026-10-05 10:54:27,173  INFO      [48/107] fetching HEROMOTOCO.NS …
2026-10-05 10:54:27,712  INFO      [49/107] fetching BAJAJ-AUTO.NS …
2026-10-05 10:54:28,218  INFO      [50/107] fetching INDUSINDBK.NS …
2026-10-05 10:54:28,780  INFO      [51/107] fetching APOLLOHOSP.NS …
2026-10-05 10:54:29,280  INFO      [52/107] fetching TATACONSUM.NS …
2026-10-05 10:54:29,824  INFO      [53/107] fetching UPL.NS …
2026-10-05 10:54:30,330  INFO      [54/107] fetching BPCL.NS …
2026-10-05 10:54:30,833  INFO      [55/107] fetching SBILIFE.NS …
2026-10-05 10:54:31,323  INFO      [56/107] fetching HDFCLIFE.NS …
2026-10-05 10:54:31,822  INFO      [57/107] fetching ADANIPORTS.NS …
2026-10-05 10:54:32,310  INFO      [58/107] fetching LTIM.NS …
2026-10-05 10:54:40,996  WARNING   [LTIM.NS] insufficient history (0 rows)
2026-10-05 10:54:41,396  INFO      [59/107] fetching ABB.NS …
2026-10-05 10:54:41,898  INFO      [60/107] fetching ADANIGREEN.NS …
2026-10-05 10:54:42,426  INFO      [61/107] fetching ADANIPOWER.NS …
2026-10-05 10:54:42,909  INFO      [62/107] fetching AMBUJACEM.NS …
2026-10-05 10:54:43,406  INFO      [63/107] fetching DMART.NS …
2026-10-05 10:54:43,888  INFO      [64/107] fetching BAJAJHLDNG.NS …
2026-10-05 10:54:44,395  INFO      [65/107] fetching BANKBARODA.NS …
2026-10-05 10:54:44,905  INFO      [66/107] fetching BERGEPAINT.NS …
2026-10-05 10:54:45,408  INFO      [67/107] fetching BOSCHLTD.NS …
2026-10-05 10:54:45,912  INFO      [68/107] fetching CANBK.NS …
2026-10-05 10:54:46,410  INFO      [69/107] fetching CHOLAFIN.NS …
2026-10-05 10:54:46,915  INFO      [70/107] fetching COLPAL.NS …
2026-10-05 10:54:47,446  INFO      [71/107] fetching DABUR.NS …
2026-10-05 10:54:47,943  INFO      [72/107] fetching DLF.NS …
2026-10-05 10:54:48,448  INFO      [73/107] fetching GAIL.NS …
2026-10-05 10:54:48,982  INFO      [74/107] fetching GODREJCP.NS …
2026-10-05 10:54:49,477  INFO      [75/107] fetching HAVELLS.NS …
2026-10-05 10:54:49,975  INFO      [76/107] fetching HAL.NS …
2026-10-05 10:54:50,464  INFO      [77/107] fetching ICICIGI.NS …
2026-10-05 10:54:50,953  INFO      [78/107] fetching ICICIPRULI.NS …
2026-10-05 10:54:51,436  INFO      [79/107] fetching IOC.NS …
2026-10-05 10:54:51,939  INFO      [80/107] fetching IRCTC.NS …
2026-10-05 10:54:52,425  INFO      [81/107] fetching JINDALSTEL.NS …
2026-10-05 10:54:52,923  INFO      [82/107] fetching LICI.NS …
2026-10-05 10:54:53,403  INFO      [83/107] fetching MARICO.NS …
2026-10-05 10:54:53,908  INFO      [84/107] fetching MOTHERSON.NS …
2026-10-05 10:54:54,407  INFO      [85/107] fetching NAUKRI.NS …
2026-10-05 10:54:54,933  INFO      [86/107] fetching PIDILITIND.NS …
2026-10-05 10:54:55,432  INFO      [87/107] fetching PNB.NS …
2026-10-05 10:54:55,939  INFO      [88/107] fetching PFC.NS …
2026-10-05 10:54:56,432  INFO      [89/107] fetching RECLTD.NS …
2026-10-05 10:54:56,935  INFO      [90/107] fetching SIEMENS.NS …
2026-10-05 10:54:57,445  INFO      [91/107] fetching SRF.NS …
2026-10-05 10:54:57,943  INFO      [92/107] fetching SHREECEM.NS …
2026-10-05 10:54:58,482  INFO      [93/107] fetching SHRIRAMFIN.NS …
2026-10-05 10:54:58,996  INFO      [94/107] fetching TORNTPHARM.NS …
2026-10-05 10:54:59,534  INFO      [95/107] fetching TRENT.NS …
2026-10-05 10:55:00,035  INFO      [96/107] fetching TVSMOTOR.NS …
2026-10-05 10:55:00,536  INFO      [97/107] fetching VEDL.NS …
2026-10-05 10:55:01,061  INFO      [98/107] fetching VBL.NS …
2026-10-05 10:55:01,608  INFO      [99/107] fetching ZOMATO.NS …
2026-10-05 10:55:10,495  WARNING   [ZOMATO.NS] insufficient history (0 rows)
2026-10-05 10:55:10,895  INFO      [100/107] fetching ZYDUSLIFE.NS …
2026-10-05 10:55:11,429  INFO      [101/107] fetching INDIGO.NS …
2026-10-05 10:55:11,931  INFO      [102/107] fetching IDEA.NS …
2026-10-05 10:55:12,477  INFO      [103/107] fetching BANKINDIA.NS …
2026-10-05 10:55:12,988  INFO      [104/107] fetching PAGEIND.NS …
2026-10-05 10:55:13,520  INFO      [105/107] fetching MUTHOOTFIN.NS …
2026-10-05 10:55:14,012  INFO      [106/107] fetching TATAELXSI.NS …
2026-10-05 10:55:14,512  INFO      [107/107] fetching LUPIN.NS …
2026-10-05 10:55:14,622  INFO      Fetched 104/107 symbols successfully.
2026-10-05 10:55:19,381  INFO      Fetched 200 headlines from RSS (Indian + global/geopolitics).
2026-10-05 10:55:21,991  INFO      Macro regime: risk-on | bias=1 | geo-risk=50.0
2026-10-05 10:55:22,311  INFO      NSE corp announcements: 20 filings
2026-10-05 10:55:23,731  INFO      Angel One login successful.
2026-10-05 10:55:24,838  INFO      Saved report → data/stock_reports/2026-10-05_1055.json
2026-10-05 10:55:25,388  INFO      Report image saved → logs/stock_analyzer/2026-10-05/stock_report.png  [1920×1280]
2026-10-05 10:55:25,389  INFO      Dry-run: skipping send. Image + PDF saved locally; console printed.
2026-10-05 10:55:25,389  INFO      == Stock analyzer run complete ==
2026-10-05 10:55:25,393  INFO      [Note] PAPER TRADING -- virtual cash Rs 100,000, max_positions=6 max_pct=15% buckets=('intraday', 'swing') state=data/paper_trader_state.json
2026-10-05 10:55:25,393  INFO      [Note] PAPER TRADING -- virtual cash Rs 100,000, max_positions=6 max_pct=15% buckets=('intraday', 'swing') state=data/paper_trader_state.json
2026-10-05 10:55:25,395  INFO      paper-trader: new day, archived 0 trades (cumulative ₹-5,782)
2026-10-05 10:55:36,689  INFO      tick result: {'ok': True, 'actions': 0, 'open_trades': 0, 'closed_today': 0, 'realised_pnl': 0.0, 'cumulative_pnl': -5781.86, 'halted': False, 'messages': []}
2026-10-05 10:55:36,689  INFO      tick result: {'ok': True, 'actions': 0, 'open_trades': 0, 'closed_today': 0, 'realised_pnl': 0.0, 'cumulative_pnl': -5781.86, 'halted': False, 'messages': []}
