2026-06-10 07:57:43,049  INFO      angel_one starting ... (cmd=paper-trade)
2026-06-10 07:57:43,049  INFO      angel_one starting ... (cmd=paper-trade)
2026-06-10 07:57:43,066  INFO      refresh: generating today's picks via analyzer (dry-run, no PDF)
2026-06-10 07:57:43,066  INFO      refresh: generating today's picks via analyzer (dry-run, no PDF)
2026-06-10 07:57:43,835  INFO      == Stock analyzer run starting ==
2026-06-10 07:57:43,835  INFO      Watchlist: 11 symbols from data/stock_watchlist.txt
2026-06-10 07:57:43,835  INFO      Universe: 107 symbols (total available: 107)
2026-06-10 07:57:44,315  INFO      [1/107] fetching TATAPOWER.NS …
2026-06-10 07:57:45,012  INFO      [2/107] fetching IRFC.NS …
2026-06-10 07:57:45,526  INFO      [3/107] fetching SUZLON.NS …
2026-06-10 07:57:46,008  INFO      [4/107] fetching IREDA.NS …
2026-06-10 07:57:46,513  INFO      [5/107] fetching BHEL.NS …
2026-06-10 07:57:47,017  INFO      [6/107] fetching KPITTECH.NS …
2026-06-10 07:57:47,504  INFO      [7/107] fetching POLYCAB.NS …
2026-06-10 07:57:47,987  INFO      [8/107] fetching PERSISTENT.NS …
2026-06-10 07:57:48,483  INFO      [9/107] fetching ITC.NS …
2026-06-10 07:57:49,006  INFO      [10/107] fetching POWERGRID.NS …
2026-06-10 07:57:49,500  INFO      [11/107] fetching COALINDIA.NS …
2026-06-10 07:57:49,995  INFO      [12/107] fetching RELIANCE.NS …
2026-06-10 07:57:50,509  INFO      [13/107] fetching TCS.NS …
2026-06-10 07:57:51,011  INFO      [14/107] fetching HDFCBANK.NS …
2026-06-10 07:57:51,520  INFO      [15/107] fetching INFY.NS …
2026-06-10 07:57:52,030  INFO      [16/107] fetching ICICIBANK.NS …
2026-06-10 07:57:52,532  INFO      [17/107] fetching HINDUNILVR.NS …
2026-06-10 07:57:53,064  INFO      [18/107] fetching SBIN.NS …
2026-06-10 07:57:53,629  INFO      [19/107] fetching BHARTIARTL.NS …
2026-06-10 07:57:54,123  INFO      [20/107] fetching KOTAKBANK.NS …
2026-06-10 07:57:54,640  INFO      [21/107] fetching LT.NS …
2026-06-10 07:57:55,149  INFO      [22/107] fetching AXISBANK.NS …
2026-06-10 07:57:55,651  INFO      [23/107] fetching BAJFINANCE.NS …
2026-06-10 07:57:56,151  INFO      [24/107] fetching ASIANPAINT.NS …
2026-06-10 07:57:56,650  INFO      [25/107] fetching MARUTI.NS …
2026-06-10 07:57:57,153  INFO      [26/107] fetching HCLTECH.NS …
2026-06-10 07:57:57,662  INFO      [27/107] fetching SUNPHARMA.NS …
2026-06-10 07:57:58,173  INFO      [28/107] fetching TITAN.NS …
2026-06-10 07:57:58,679  INFO      [29/107] fetching ULTRACEMCO.NS …
2026-06-10 07:57:59,178  INFO      [30/107] fetching WIPRO.NS …
2026-06-10 07:57:59,697  INFO      [31/107] fetching NESTLEIND.NS …
2026-06-10 07:58:00,220  INFO      [32/107] fetching ADANIENT.NS …
2026-06-10 07:58:00,721  INFO      [33/107] fetching NTPC.NS …
2026-06-10 07:58:01,224  INFO      [34/107] fetching TATAMOTORS.NS …
2026-06-10 07:58:02,347  WARNING   [TATAMOTORS.NS] insufficient history (0 rows)
2026-06-10 07:58:02,747  INFO      [35/107] fetching M&M.NS …
2026-06-10 07:58:03,262  INFO      [36/107] fetching TATASTEEL.NS …
2026-06-10 07:58:03,767  INFO      [37/107] fetching JSWSTEEL.NS …
2026-06-10 07:58:04,264  INFO      [38/107] fetching ONGC.NS …
2026-06-10 07:58:04,767  INFO      [39/107] fetching TECHM.NS …
2026-06-10 07:58:05,263  INFO      [40/107] fetching BAJAJFINSV.NS …
2026-06-10 07:58:05,762  INFO      [41/107] fetching HINDALCO.NS …
2026-06-10 07:58:06,268  INFO      [42/107] fetching GRASIM.NS …
2026-06-10 07:58:06,770  INFO      [43/107] fetching DRREDDY.NS …
2026-06-10 07:58:07,325  INFO      [44/107] fetching CIPLA.NS …
2026-06-10 07:58:07,846  INFO      [45/107] fetching DIVISLAB.NS …
2026-06-10 07:58:08,360  INFO      [46/107] fetching EICHERMOT.NS …
2026-06-10 07:58:08,863  INFO      [47/107] fetching BRITANNIA.NS …
2026-06-10 07:58:09,367  INFO      [48/107] fetching HEROMOTOCO.NS …
2026-06-10 07:58:09,868  INFO      [49/107] fetching BAJAJ-AUTO.NS …
2026-06-10 07:58:10,366  INFO      [50/107] fetching INDUSINDBK.NS …
2026-06-10 07:58:10,865  INFO      [51/107] fetching APOLLOHOSP.NS …
2026-06-10 07:58:11,379  INFO      [52/107] fetching TATACONSUM.NS …
2026-06-10 07:58:11,904  INFO      [53/107] fetching UPL.NS …
2026-06-10 07:58:12,402  INFO      [54/107] fetching BPCL.NS …
2026-06-10 07:58:13,442  INFO      [55/107] fetching SBILIFE.NS …
2026-06-10 07:58:13,959  INFO      [56/107] fetching HDFCLIFE.NS …
2026-06-10 07:58:14,444  INFO      [57/107] fetching ADANIPORTS.NS …
2026-06-10 07:58:14,939  INFO      [58/107] fetching LTIM.NS …
2026-06-10 07:58:15,385  WARNING   [LTIM.NS] insufficient history (0 rows)
2026-06-10 07:58:15,786  INFO      [59/107] fetching ABB.NS …
2026-06-10 07:58:16,289  INFO      [60/107] fetching ADANIGREEN.NS …
2026-06-10 07:58:16,796  INFO      [61/107] fetching ADANIPOWER.NS …
2026-06-10 07:58:17,300  INFO      [62/107] fetching AMBUJACEM.NS …
2026-06-10 07:58:17,801  INFO      [63/107] fetching DMART.NS …
2026-06-10 07:58:18,270  INFO      [64/107] fetching BAJAJHLDNG.NS …
2026-06-10 07:58:18,775  INFO      [65/107] fetching BANKBARODA.NS …
2026-06-10 07:58:19,281  INFO      [66/107] fetching BERGEPAINT.NS …
2026-06-10 07:58:19,782  INFO      [67/107] fetching BOSCHLTD.NS …
2026-06-10 07:58:20,276  INFO      [68/107] fetching CANBK.NS …
2026-06-10 07:58:20,795  INFO      [69/107] fetching CHOLAFIN.NS …
2026-06-10 07:58:21,312  INFO      [70/107] fetching COLPAL.NS …
2026-06-10 07:58:21,814  INFO      [71/107] fetching DABUR.NS …
2026-06-10 07:58:22,345  INFO      [72/107] fetching DLF.NS …
2026-06-10 07:58:22,844  INFO      [73/107] fetching GAIL.NS …
2026-06-10 07:58:23,349  INFO      [74/107] fetching GODREJCP.NS …
2026-06-10 07:58:23,854  INFO      [75/107] fetching HAVELLS.NS …
2026-06-10 07:58:24,357  INFO      [76/107] fetching HAL.NS …
2026-06-10 07:58:24,842  INFO      [77/107] fetching ICICIGI.NS …
2026-06-10 07:58:25,329  INFO      [78/107] fetching ICICIPRULI.NS …
2026-06-10 07:58:25,815  INFO      [79/107] fetching IOC.NS …
2026-06-10 07:58:26,334  INFO      [80/107] fetching IRCTC.NS …
2026-06-10 07:58:26,819  INFO      [81/107] fetching JINDALSTEL.NS …
2026-06-10 07:58:27,327  INFO      [82/107] fetching LICI.NS …
2026-06-10 07:58:27,808  INFO      [83/107] fetching MARICO.NS …
2026-06-10 07:58:28,320  INFO      [84/107] fetching MOTHERSON.NS …
2026-06-10 07:58:28,915  INFO      [85/107] fetching NAUKRI.NS …
2026-06-10 07:58:29,413  INFO      [86/107] fetching PIDILITIND.NS …
2026-06-10 07:58:29,918  INFO      [87/107] fetching PNB.NS …
2026-06-10 07:58:30,424  INFO      [88/107] fetching PFC.NS …
2026-06-10 07:58:30,936  INFO      [89/107] fetching RECLTD.NS …
2026-06-10 07:58:31,429  INFO      [90/107] fetching SIEMENS.NS …
2026-06-10 07:58:31,937  INFO      [91/107] fetching SRF.NS …
2026-06-10 07:58:32,465  INFO      [92/107] fetching SHREECEM.NS …
2026-06-10 07:58:32,995  INFO      [93/107] fetching SHRIRAMFIN.NS …
2026-06-10 07:58:33,503  INFO      [94/107] fetching TORNTPHARM.NS …
2026-06-10 07:58:34,002  INFO      [95/107] fetching TRENT.NS …
2026-06-10 07:58:34,503  INFO      [96/107] fetching TVSMOTOR.NS …
2026-06-10 07:58:35,034  INFO      [97/107] fetching VEDL.NS …
2026-06-10 07:58:35,548  INFO      [98/107] fetching VBL.NS …
2026-06-10 07:58:36,033  INFO      [99/107] fetching ZOMATO.NS …
2026-06-10 07:58:36,491  WARNING   [ZOMATO.NS] insufficient history (0 rows)
2026-06-10 07:58:36,891  INFO      [100/107] fetching ZYDUSLIFE.NS …
2026-06-10 07:58:37,397  INFO      [101/107] fetching INDIGO.NS …
2026-06-10 07:58:37,883  INFO      [102/107] fetching IDEA.NS …
2026-06-10 07:58:38,370  INFO      [103/107] fetching BANKINDIA.NS …
2026-06-10 07:58:38,877  INFO      [104/107] fetching PAGEIND.NS …
2026-06-10 07:58:39,399  INFO      [105/107] fetching MUTHOOTFIN.NS …
2026-06-10 07:58:39,888  INFO      [106/107] fetching TATAELXSI.NS …
2026-06-10 07:58:40,404  INFO      [107/107] fetching LUPIN.NS …
2026-06-10 07:58:40,506  INFO      Fetched 104/107 symbols successfully.
2026-06-10 07:58:42,876  WARNING   [MF 120503] fetch failed: HTTPSConnectionPool(host='api.mfapi.in', port=443): Read timed out. (read timeout=2)
2026-06-10 07:58:43,228  INFO      Fetched 200 headlines from RSS (Indian + global/geopolitics).
2026-06-10 07:58:45,863  INFO      Macro regime: neutral | bias=-1 | geo-risk=48.1
2026-06-10 07:58:45,893  INFO      NSE corp announcements: 20 filings
2026-06-10 07:58:47,541  INFO      Angel One login successful.
2026-06-10 07:58:48,342  INFO      Saved report → data/stock_reports/2026-06-10_0758.json
2026-06-10 07:58:48,906  INFO      Report image saved → logs/stock_analyzer/2026-06-10/stock_report.png  [1920×1280]
2026-06-10 07:58:48,907  INFO      Dry-run: skipping send. Image + PDF saved locally; console printed.
2026-06-10 07:58:48,907  INFO      == Stock analyzer run complete ==
2026-06-10 07:58:48,910  INFO      [Note] PAPER TRADING -- virtual cash Rs 100,000, max_positions=6 max_pct=15% buckets=('intraday', 'swing') state=data/paper_trader_state.json
2026-06-10 07:58:48,910  INFO      [Note] PAPER TRADING -- virtual cash Rs 100,000, max_positions=6 max_pct=15% buckets=('intraday', 'swing') state=data/paper_trader_state.json
2026-06-10 07:58:48,911  INFO      paper-trader: new day, archived 5 trades (cumulative ₹-395)
2026-06-10 07:59:02,241  INFO      [DRY] Angel order would be: {'variety': 'NORMAL', 'tradingsymbol': 'COLPAL-EQ', 'symboltoken': '15141', 'transactiontype': 'BUY', 'exchange': 'NSE', 'ordertype': 'MARKET', 'producttype': 'INTRADAY', 'duration': 'DAY', 'price': '0', 'squareoff': '0', 'stoploss': '0', 'quantity': '6'}
2026-06-10 07:59:02,242  INFO      [OPEN] [DRY] COLPAL.NS qty=6 @ Rs 2073.50 SL Rs 2047.31 TGT Rs 2104.68 (order=None)
2026-06-10 07:59:02,242  INFO      [DRY] Angel order would be: {'variety': 'NORMAL', 'tradingsymbol': 'AXISBANK-EQ', 'symboltoken': '5900', 'transactiontype': 'BUY', 'exchange': 'NSE', 'ordertype': 'MARKET', 'producttype': 'INTRADAY', 'duration': 'DAY', 'price': '0', 'squareoff': '0', 'stoploss': '0', 'quantity': '9'}
2026-06-10 07:59:02,242  INFO      [OPEN] [DRY] AXISBANK.NS qty=9 @ Rs 1319.90 SL Rs 1292.75 TGT Rs 1381.73 (order=None)
2026-06-10 07:59:02,242  INFO      [DRY] Angel order would be: {'variety': 'NORMAL', 'tradingsymbol': 'ICICIBANK-EQ', 'symboltoken': '4963', 'transactiontype': 'BUY', 'exchange': 'NSE', 'ordertype': 'MARKET', 'producttype': 'INTRADAY', 'duration': 'DAY', 'price': '0', 'squareoff': '0', 'stoploss': '0', 'quantity': '7'}
2026-06-10 07:59:02,242  INFO      [OPEN] [DRY] ICICIBANK.NS qty=7 @ Rs 1300.10 SL Rs 1275.11 TGT Rs 1299.20 (order=None)
2026-06-10 07:59:02,242  INFO      [DRY] Angel order would be: {'variety': 'NORMAL', 'tradingsymbol': 'GODREJCP-EQ', 'symboltoken': '10099', 'transactiontype': 'BUY', 'exchange': 'NSE', 'ordertype': 'MARKET', 'producttype': 'INTRADAY', 'duration': 'DAY', 'price': '0', 'squareoff': '0', 'stoploss': '0', 'quantity': '8'}
2026-06-10 07:59:02,242  INFO      [OPEN] [DRY] GODREJCP.NS qty=8 @ Rs 1033.00 SL Rs 1007.13 TGT Rs 1044.81 (order=None)
2026-06-10 07:59:02,242  INFO      [DRY] Angel order would be: {'variety': 'NORMAL', 'tradingsymbol': 'GAIL-EQ', 'symboltoken': '4717', 'transactiontype': 'BUY', 'exchange': 'NSE', 'ordertype': 'MARKET', 'producttype': 'INTRADAY', 'duration': 'DAY', 'price': '0', 'squareoff': '0', 'stoploss': '0', 'quantity': '44'}
2026-06-10 07:59:02,242  INFO      [OPEN] [DRY] GAIL.NS qty=44 @ Rs 168.60 SL Rs 164.64 TGT Rs 169.66 (order=None)
2026-06-10 07:59:02,245  INFO      tick result: {'ok': True, 'actions': 5, 'open_trades': 6, 'closed_today': 0, 'realised_pnl': 0.0, 'cumulative_pnl': -394.69, 'halted': False, 'messages': ['[OPEN] [DRY] COLPAL.NS qty=6 @ Rs 2073.50 SL Rs 2047.31 TGT Rs 2104.68 (order=None)', '[OPEN] [DRY] AXISBANK.NS qty=9 @ Rs 1319.90 SL Rs 1292.75 TGT Rs 1381.73 (order=None)', '[OPEN] [DRY] ICICIBANK.NS qty=7 @ Rs 1300.10 SL Rs 1275.11 TGT Rs 1299.20 (order=None)', '[OPEN] [DRY] GODREJCP.NS qty=8 @ Rs 1033.00 SL Rs 1007.13 TGT Rs 1044.81 (order=None)', '[OPEN] [DRY] GAIL.NS qty=44 @ Rs 168.60 SL Rs 164.64 TGT Rs 169.66 (order=None)']}
2026-06-10 07:59:02,245  INFO      tick result: {'ok': True, 'actions': 5, 'open_trades': 6, 'closed_today': 0, 'realised_pnl': 0.0, 'cumulative_pnl': -394.69, 'halted': False, 'messages': ['[OPEN] [DRY] COLPAL.NS qty=6 @ Rs 2073.50 SL Rs 2047.31 TGT Rs 2104.68 (order=None)', '[OPEN] [DRY] AXISBANK.NS qty=9 @ Rs 1319.90 SL Rs 1292.75 TGT Rs 1381.73 (order=None)', '[OPEN] [DRY] ICICIBANK.NS qty=7 @ Rs 1300.10 SL Rs 1275.11 TGT Rs 1299.20 (order=None)', '[OPEN] [DRY] GODREJCP.NS qty=8 @ Rs 1033.00 SL Rs 1007.13 TGT Rs 1044.81 (order=None)', '[OPEN] [DRY] GAIL.NS qty=44 @ Rs 168.60 SL Rs 164.64 TGT Rs 169.66 (order=None)']}
