2026-08-06 06:19:08,327  INFO      angel_one starting ... (cmd=paper-trade)
2026-08-06 06:19:08,327  INFO      angel_one starting ... (cmd=paper-trade)
2026-08-06 06:19:08,340  INFO      refresh: generating today's picks via analyzer (dry-run, no PDF)
2026-08-06 06:19:08,340  INFO      refresh: generating today's picks via analyzer (dry-run, no PDF)
2026-08-06 06:19:08,955  INFO      == Stock analyzer run starting ==
2026-08-06 06:19:08,955  INFO      Watchlist: 11 symbols from data/stock_watchlist.txt
2026-08-06 06:19:08,955  INFO      Universe: 107 symbols (total available: 107)
2026-08-06 06:19:09,647  INFO      [1/107] fetching TATAPOWER.NS …
2026-08-06 06:19:10,335  INFO      [2/107] fetching IRFC.NS …
2026-08-06 06:19:10,870  INFO      [3/107] fetching SUZLON.NS …
2026-08-06 06:19:11,463  INFO      [4/107] fetching IREDA.NS …
2026-08-06 06:19:11,992  INFO      [5/107] fetching BHEL.NS …
2026-08-06 06:19:12,544  INFO      [6/107] fetching KPITTECH.NS …
2026-08-06 06:19:13,077  INFO      [7/107] fetching POLYCAB.NS …
2026-08-06 06:19:13,614  INFO      [8/107] fetching PERSISTENT.NS …
2026-08-06 06:19:14,172  INFO      [9/107] fetching ITC.NS …
2026-08-06 06:19:14,723  INFO      [10/107] fetching POWERGRID.NS …
2026-08-06 06:19:15,274  INFO      [11/107] fetching COALINDIA.NS …
2026-08-06 06:19:15,820  INFO      [12/107] fetching RELIANCE.NS …
2026-08-06 06:19:16,382  INFO      [13/107] fetching TCS.NS …
2026-08-06 06:19:16,926  INFO      [14/107] fetching HDFCBANK.NS …
2026-08-06 06:19:17,490  INFO      [15/107] fetching INFY.NS …
2026-08-06 06:19:18,087  INFO      [16/107] fetching ICICIBANK.NS …
2026-08-06 06:19:18,636  INFO      [17/107] fetching HINDUNILVR.NS …
2026-08-06 06:19:19,198  INFO      [18/107] fetching SBIN.NS …
2026-08-06 06:19:19,757  INFO      [19/107] fetching BHARTIARTL.NS …
2026-08-06 06:19:20,304  INFO      [20/107] fetching KOTAKBANK.NS …
2026-08-06 06:19:20,860  INFO      [21/107] fetching LT.NS …
2026-08-06 06:19:21,415  INFO      [22/107] fetching AXISBANK.NS …
2026-08-06 06:19:21,975  INFO      [23/107] fetching BAJFINANCE.NS …
2026-08-06 06:19:22,525  INFO      [24/107] fetching ASIANPAINT.NS …
2026-08-06 06:19:23,082  INFO      [25/107] fetching MARUTI.NS …
2026-08-06 06:19:23,626  INFO      [26/107] fetching HCLTECH.NS …
2026-08-06 06:19:24,176  INFO      [27/107] fetching SUNPHARMA.NS …
2026-08-06 06:19:24,739  INFO      [28/107] fetching TITAN.NS …
2026-08-06 06:19:25,292  INFO      [29/107] fetching ULTRACEMCO.NS …
2026-08-06 06:19:25,840  INFO      [30/107] fetching WIPRO.NS …
2026-08-06 06:19:26,401  INFO      [31/107] fetching NESTLEIND.NS …
2026-08-06 06:19:26,951  INFO      [32/107] fetching ADANIENT.NS …
2026-08-06 06:19:27,496  INFO      [33/107] fetching NTPC.NS …
2026-08-06 06:19:28,052  INFO      [34/107] fetching TATAMOTORS.NS …
2026-08-06 06:19:29,449  WARNING   [TATAMOTORS.NS] insufficient history (0 rows)
2026-08-06 06:19:29,849  INFO      [35/107] fetching M&M.NS …
2026-08-06 06:19:30,413  INFO      [36/107] fetching TATASTEEL.NS …
2026-08-06 06:19:30,971  INFO      [37/107] fetching JSWSTEEL.NS …
2026-08-06 06:19:31,525  INFO      [38/107] fetching ONGC.NS …
2026-08-06 06:19:32,081  INFO      [39/107] fetching TECHM.NS …
2026-08-06 06:19:32,629  INFO      [40/107] fetching BAJAJFINSV.NS …
2026-08-06 06:19:33,172  INFO      [41/107] fetching HINDALCO.NS …
2026-08-06 06:19:33,735  INFO      [42/107] fetching GRASIM.NS …
2026-08-06 06:19:34,284  INFO      [43/107] fetching DRREDDY.NS …
2026-08-06 06:19:34,899  INFO      [44/107] fetching CIPLA.NS …
2026-08-06 06:19:35,452  INFO      [45/107] fetching DIVISLAB.NS …
2026-08-06 06:19:35,996  INFO      [46/107] fetching EICHERMOT.NS …
2026-08-06 06:19:36,547  INFO      [47/107] fetching BRITANNIA.NS …
2026-08-06 06:19:37,105  INFO      [48/107] fetching HEROMOTOCO.NS …
2026-08-06 06:19:37,700  INFO      [49/107] fetching BAJAJ-AUTO.NS …
2026-08-06 06:19:38,253  INFO      [50/107] fetching INDUSINDBK.NS …
2026-08-06 06:19:38,801  INFO      [51/107] fetching APOLLOHOSP.NS …
2026-08-06 06:19:39,349  INFO      [52/107] fetching TATACONSUM.NS …
2026-08-06 06:19:39,899  INFO      [53/107] fetching UPL.NS …
2026-08-06 06:19:40,454  INFO      [54/107] fetching BPCL.NS …
2026-08-06 06:19:41,010  INFO      [55/107] fetching SBILIFE.NS …
2026-08-06 06:19:41,543  INFO      [56/107] fetching HDFCLIFE.NS …
2026-08-06 06:19:42,082  INFO      [57/107] fetching ADANIPORTS.NS …
2026-08-06 06:19:42,629  INFO      [58/107] fetching LTIM.NS …
2026-08-06 06:19:43,606  WARNING   [LTIM.NS] insufficient history (0 rows)
2026-08-06 06:19:44,007  INFO      [59/107] fetching ABB.NS …
2026-08-06 06:19:44,556  INFO      [60/107] fetching ADANIGREEN.NS …
2026-08-06 06:19:45,081  INFO      [61/107] fetching ADANIPOWER.NS …
2026-08-06 06:19:45,607  INFO      [62/107] fetching AMBUJACEM.NS …
2026-08-06 06:19:46,235  INFO      [63/107] fetching DMART.NS …
2026-08-06 06:19:46,827  INFO      [64/107] fetching BAJAJHLDNG.NS …
2026-08-06 06:19:47,388  INFO      [65/107] fetching BANKBARODA.NS …
2026-08-06 06:19:47,951  INFO      [66/107] fetching BERGEPAINT.NS …
2026-08-06 06:19:48,505  INFO      [67/107] fetching BOSCHLTD.NS …
2026-08-06 06:19:49,050  INFO      [68/107] fetching CANBK.NS …
2026-08-06 06:19:49,606  INFO      [69/107] fetching CHOLAFIN.NS …
2026-08-06 06:19:50,166  INFO      [70/107] fetching COLPAL.NS …
2026-08-06 06:19:50,711  INFO      [71/107] fetching DABUR.NS …
2026-08-06 06:19:51,273  INFO      [72/107] fetching DLF.NS …
2026-08-06 06:19:51,824  INFO      [73/107] fetching GAIL.NS …
2026-08-06 06:19:52,373  INFO      [74/107] fetching GODREJCP.NS …
2026-08-06 06:19:52,922  INFO      [75/107] fetching HAVELLS.NS …
2026-08-06 06:19:53,868  INFO      [76/107] fetching HAL.NS …
2026-08-06 06:19:54,402  INFO      [77/107] fetching ICICIGI.NS …
2026-08-06 06:19:54,937  INFO      [78/107] fetching ICICIPRULI.NS …
2026-08-06 06:19:55,475  INFO      [79/107] fetching IOC.NS …
2026-08-06 06:19:56,090  INFO      [80/107] fetching IRCTC.NS …
2026-08-06 06:19:56,623  INFO      [81/107] fetching JINDALSTEL.NS …
2026-08-06 06:19:57,174  INFO      [82/107] fetching LICI.NS …
2026-08-06 06:19:57,715  INFO      [83/107] fetching MARICO.NS …
2026-08-06 06:19:58,267  INFO      [84/107] fetching MOTHERSON.NS …
2026-08-06 06:19:58,830  INFO      [85/107] fetching NAUKRI.NS …
2026-08-06 06:19:59,378  INFO      [86/107] fetching PIDILITIND.NS …
2026-08-06 06:19:59,932  INFO      [87/107] fetching PNB.NS …
2026-08-06 06:20:00,477  INFO      [88/107] fetching PFC.NS …
2026-08-06 06:20:01,022  INFO      [89/107] fetching RECLTD.NS …
2026-08-06 06:20:01,577  INFO      [90/107] fetching SIEMENS.NS …
2026-08-06 06:20:02,131  INFO      [91/107] fetching SRF.NS …
2026-08-06 06:20:02,682  INFO      [92/107] fetching SHREECEM.NS …
2026-08-06 06:20:03,242  INFO      [93/107] fetching SHRIRAMFIN.NS …
2026-08-06 06:20:03,791  INFO      [94/107] fetching TORNTPHARM.NS …
2026-08-06 06:20:04,339  INFO      [95/107] fetching TRENT.NS …
2026-08-06 06:20:04,888  INFO      [96/107] fetching TVSMOTOR.NS …
2026-08-06 06:20:05,449  INFO      [97/107] fetching VEDL.NS …
2026-08-06 06:20:06,066  INFO      [98/107] fetching VBL.NS …
2026-08-06 06:20:06,603  INFO      [99/107] fetching ZOMATO.NS …
2026-08-06 06:20:07,334  WARNING   [ZOMATO.NS] insufficient history (0 rows)
2026-08-06 06:20:07,734  INFO      [100/107] fetching ZYDUSLIFE.NS …
2026-08-06 06:20:08,290  INFO      [101/107] fetching INDIGO.NS …
2026-08-06 06:20:08,832  INFO      [102/107] fetching IDEA.NS …
2026-08-06 06:20:09,359  INFO      [103/107] fetching BANKINDIA.NS …
2026-08-06 06:20:09,921  INFO      [104/107] fetching PAGEIND.NS …
2026-08-06 06:20:10,469  INFO      [105/107] fetching MUTHOOTFIN.NS …
2026-08-06 06:20:11,014  INFO      [106/107] fetching TATAELXSI.NS …
2026-08-06 06:20:11,564  INFO      [107/107] fetching LUPIN.NS …
2026-08-06 06:20:11,713  INFO      Fetched 104/107 symbols successfully.
2026-08-06 06:20:20,547  INFO      Fetched 200 headlines from RSS (Indian + global/geopolitics).
2026-08-06 06:20:24,940  INFO      Macro regime: neutral | bias=0 | geo-risk=45.2
2026-08-06 06:20:25,184  INFO      NSE corp announcements: 20 filings
2026-08-06 06:20:26,863  INFO      Angel One login successful.
2026-08-06 06:20:27,462  INFO      Saved report → data/stock_reports/2026-08-06_0620.json
2026-08-06 06:20:27,876  INFO      Report image saved → logs/stock_analyzer/2026-08-06/stock_report.png  [1920×1280]
2026-08-06 06:20:27,876  INFO      Dry-run: skipping send. Image + PDF saved locally; console printed.
2026-08-06 06:20:27,877  INFO      == Stock analyzer run complete ==
2026-08-06 06:20:27,880  INFO      [Note] PAPER TRADING -- virtual cash Rs 100,000, max_positions=6 max_pct=15% buckets=('intraday', 'swing') state=data/paper_trader_state.json
2026-08-06 06:20:27,880  INFO      [Note] PAPER TRADING -- virtual cash Rs 100,000, max_positions=6 max_pct=15% buckets=('intraday', 'swing') state=data/paper_trader_state.json
2026-08-06 06:20:27,881  INFO      paper-trader: new day, archived 4 trades (cumulative ₹-3,515)
2026-08-06 06:20:41,785  INFO      [DRY] Angel order would be: {'variety': 'NORMAL', 'tradingsymbol': 'BERGEPAINT-EQ', 'symboltoken': '404', 'transactiontype': 'BUY', 'exchange': 'NSE', 'ordertype': 'MARKET', 'producttype': 'INTRADAY', 'duration': 'DAY', 'price': '0', 'squareoff': '0', 'stoploss': '0', 'quantity': '23'}
2026-08-06 06:20:41,786  INFO      [OPEN] [DRY] BERGEPAINT.NS qty=23 @ Rs 542.75 SL Rs 526.42 TGT Rs 558.58 (order=None)
2026-08-06 06:20:41,786  INFO      [DRY] Angel order would be: {'variety': 'NORMAL', 'tradingsymbol': 'SHRIRAMFIN-EQ', 'symboltoken': '4306', 'transactiontype': 'BUY', 'exchange': 'NSE', 'ordertype': 'MARKET', 'producttype': 'INTRADAY', 'duration': 'DAY', 'price': '0', 'squareoff': '0', 'stoploss': '0', 'quantity': '9'}
2026-08-06 06:20:41,786  INFO      [OPEN] [DRY] SHRIRAMFIN.NS qty=9 @ Rs 1144.80 SL Rs 1115.03 TGT Rs 1200.37 (order=None)
2026-08-06 06:20:41,786  INFO      [DRY] Angel order would be: {'variety': 'NORMAL', 'tradingsymbol': 'CHOLAFIN-EQ', 'symboltoken': '685', 'transactiontype': 'BUY', 'exchange': 'NSE', 'ordertype': 'MARKET', 'producttype': 'INTRADAY', 'duration': 'DAY', 'price': '0', 'squareoff': '0', 'stoploss': '0', 'quantity': '4'}
2026-08-06 06:20:41,786  INFO      [OPEN] [DRY] CHOLAFIN.NS qty=4 @ Rs 1936.60 SL Rs 1880.04 TGT Rs 2028.94 (order=None)
2026-08-06 06:20:41,786  INFO      [DRY] Angel order would be: {'variety': 'NORMAL', 'tradingsymbol': 'MOTHERSON-EQ', 'symboltoken': '4204', 'transactiontype': 'BUY', 'exchange': 'NSE', 'ordertype': 'MARKET', 'producttype': 'INTRADAY', 'duration': 'DAY', 'price': '0', 'squareoff': '0', 'stoploss': '0', 'quantity': '52'}
2026-08-06 06:20:41,786  INFO      [OPEN] [DRY] MOTHERSON.NS qty=52 @ Rs 156.41 SL Rs 151.02 TGT Rs 162.89 (order=None)
2026-08-06 06:20:41,790  INFO      tick result: {'ok': True, 'actions': 4, 'open_trades': 6, 'closed_today': 0, 'realised_pnl': 0.0, 'cumulative_pnl': -3514.91, 'halted': False, 'messages': ['[OPEN] [DRY] BERGEPAINT.NS qty=23 @ Rs 542.75 SL Rs 526.42 TGT Rs 558.58 (order=None)', '[OPEN] [DRY] SHRIRAMFIN.NS qty=9 @ Rs 1144.80 SL Rs 1115.03 TGT Rs 1200.37 (order=None)', '[OPEN] [DRY] CHOLAFIN.NS qty=4 @ Rs 1936.60 SL Rs 1880.04 TGT Rs 2028.94 (order=None)', '[OPEN] [DRY] MOTHERSON.NS qty=52 @ Rs 156.41 SL Rs 151.02 TGT Rs 162.89 (order=None)']}
2026-08-06 06:20:41,790  INFO      tick result: {'ok': True, 'actions': 4, 'open_trades': 6, 'closed_today': 0, 'realised_pnl': 0.0, 'cumulative_pnl': -3514.91, 'halted': False, 'messages': ['[OPEN] [DRY] BERGEPAINT.NS qty=23 @ Rs 542.75 SL Rs 526.42 TGT Rs 558.58 (order=None)', '[OPEN] [DRY] SHRIRAMFIN.NS qty=9 @ Rs 1144.80 SL Rs 1115.03 TGT Rs 1200.37 (order=None)', '[OPEN] [DRY] CHOLAFIN.NS qty=4 @ Rs 1936.60 SL Rs 1880.04 TGT Rs 2028.94 (order=None)', '[OPEN] [DRY] MOTHERSON.NS qty=52 @ Rs 156.41 SL Rs 151.02 TGT Rs 162.89 (order=None)']}
