2026-09-08 08:22:10,010  INFO      angel_one starting ... (cmd=paper-trade)
2026-09-08 08:22:10,010  INFO      angel_one starting ... (cmd=paper-trade)
2026-09-08 08:22:10,025  INFO      refresh: generating today's picks via analyzer (dry-run, no PDF)
2026-09-08 08:22:10,025  INFO      refresh: generating today's picks via analyzer (dry-run, no PDF)
2026-09-08 08:22:10,723  INFO      == Stock analyzer run starting ==
2026-09-08 08:22:10,723  INFO      Watchlist: 11 symbols from data/stock_watchlist.txt
2026-09-08 08:22:10,723  INFO      Universe: 107 symbols (total available: 107)
2026-09-08 08:22:11,473  INFO      [1/107] fetching TATAPOWER.NS …
2026-09-08 08:22:12,134  INFO      [2/107] fetching IRFC.NS …
2026-09-08 08:22:12,591  INFO      [3/107] fetching SUZLON.NS …
2026-09-08 08:22:13,047  INFO      [4/107] fetching IREDA.NS …
2026-09-08 08:22:13,501  INFO      [5/107] fetching BHEL.NS …
2026-09-08 08:22:13,967  INFO      [6/107] fetching KPITTECH.NS …
2026-09-08 08:22:14,424  INFO      [7/107] fetching POLYCAB.NS …
2026-09-08 08:22:14,879  INFO      [8/107] fetching PERSISTENT.NS …
2026-09-08 08:22:15,348  INFO      [9/107] fetching ITC.NS …
2026-09-08 08:22:15,821  INFO      [10/107] fetching POWERGRID.NS …
2026-09-08 08:22:16,292  INFO      [11/107] fetching COALINDIA.NS …
2026-09-08 08:22:16,772  INFO      [12/107] fetching RELIANCE.NS …
2026-09-08 08:22:17,256  INFO      [13/107] fetching TCS.NS …
2026-09-08 08:22:17,732  INFO      [14/107] fetching HDFCBANK.NS …
2026-09-08 08:22:18,210  INFO      [15/107] fetching INFY.NS …
2026-09-08 08:22:18,697  INFO      [16/107] fetching ICICIBANK.NS …
2026-09-08 08:22:19,166  INFO      [17/107] fetching HINDUNILVR.NS …
2026-09-08 08:22:19,646  INFO      [18/107] fetching SBIN.NS …
2026-09-08 08:22:20,125  INFO      [19/107] fetching BHARTIARTL.NS …
2026-09-08 08:22:20,593  INFO      [20/107] fetching KOTAKBANK.NS …
2026-09-08 08:22:21,065  INFO      [21/107] fetching LT.NS …
2026-09-08 08:22:21,533  INFO      [22/107] fetching AXISBANK.NS …
2026-09-08 08:22:22,010  INFO      [23/107] fetching BAJFINANCE.NS …
2026-09-08 08:22:22,482  INFO      [24/107] fetching ASIANPAINT.NS …
2026-09-08 08:22:22,958  INFO      [25/107] fetching MARUTI.NS …
2026-09-08 08:22:23,436  INFO      [26/107] fetching HCLTECH.NS …
2026-09-08 08:22:23,911  INFO      [27/107] fetching SUNPHARMA.NS …
2026-09-08 08:22:24,395  INFO      [28/107] fetching TITAN.NS …
2026-09-08 08:22:24,864  INFO      [29/107] fetching ULTRACEMCO.NS …
2026-09-08 08:22:25,336  INFO      [30/107] fetching WIPRO.NS …
2026-09-08 08:22:25,810  INFO      [31/107] fetching NESTLEIND.NS …
2026-09-08 08:22:26,273  INFO      [32/107] fetching ADANIENT.NS …
2026-09-08 08:22:26,772  INFO      [33/107] fetching NTPC.NS …
2026-09-08 08:22:27,238  INFO      [34/107] fetching TATAMOTORS.NS …
2026-09-08 08:22:28,400  WARNING   [TATAMOTORS.NS] insufficient history (0 rows)
2026-09-08 08:22:28,800  INFO      [35/107] fetching M&M.NS …
2026-09-08 08:22:29,280  INFO      [36/107] fetching TATASTEEL.NS …
2026-09-08 08:22:29,764  INFO      [37/107] fetching JSWSTEEL.NS …
2026-09-08 08:22:30,230  INFO      [38/107] fetching ONGC.NS …
2026-09-08 08:22:30,711  INFO      [39/107] fetching TECHM.NS …
2026-09-08 08:22:31,180  INFO      [40/107] fetching BAJAJFINSV.NS …
2026-09-08 08:22:31,646  INFO      [41/107] fetching HINDALCO.NS …
2026-09-08 08:22:32,128  INFO      [42/107] fetching GRASIM.NS …
2026-09-08 08:22:32,608  INFO      [43/107] fetching DRREDDY.NS …
2026-09-08 08:22:33,080  INFO      [44/107] fetching CIPLA.NS …
2026-09-08 08:22:33,559  INFO      [45/107] fetching DIVISLAB.NS …
2026-09-08 08:22:34,030  INFO      [46/107] fetching EICHERMOT.NS …
2026-09-08 08:22:34,507  INFO      [47/107] fetching BRITANNIA.NS …
2026-09-08 08:22:34,985  INFO      [48/107] fetching HEROMOTOCO.NS …
2026-09-08 08:22:35,469  INFO      [49/107] fetching BAJAJ-AUTO.NS …
2026-09-08 08:22:35,933  INFO      [50/107] fetching INDUSINDBK.NS …
2026-09-08 08:22:36,409  INFO      [51/107] fetching APOLLOHOSP.NS …
2026-09-08 08:22:36,883  INFO      [52/107] fetching TATACONSUM.NS …
2026-09-08 08:22:37,358  INFO      [53/107] fetching UPL.NS …
2026-09-08 08:22:37,825  INFO      [54/107] fetching BPCL.NS …
2026-09-08 08:22:38,299  INFO      [55/107] fetching SBILIFE.NS …
2026-09-08 08:22:38,758  INFO      [56/107] fetching HDFCLIFE.NS …
2026-09-08 08:22:39,217  INFO      [57/107] fetching ADANIPORTS.NS …
2026-09-08 08:22:39,683  INFO      [58/107] fetching LTIM.NS …
2026-09-08 08:22:40,457  WARNING   [LTIM.NS] insufficient history (0 rows)
2026-09-08 08:22:40,858  INFO      [59/107] fetching ABB.NS …
2026-09-08 08:22:41,329  INFO      [60/107] fetching ADANIGREEN.NS …
2026-09-08 08:22:41,781  INFO      [61/107] fetching ADANIPOWER.NS …
2026-09-08 08:22:42,233  INFO      [62/107] fetching AMBUJACEM.NS …
2026-09-08 08:22:42,704  INFO      [63/107] fetching DMART.NS …
2026-09-08 08:22:43,154  INFO      [64/107] fetching BAJAJHLDNG.NS …
2026-09-08 08:22:43,643  INFO      [65/107] fetching BANKBARODA.NS …
2026-09-08 08:22:44,147  INFO      [66/107] fetching BERGEPAINT.NS …
2026-09-08 08:22:44,627  INFO      [67/107] fetching BOSCHLTD.NS …
2026-09-08 08:22:45,099  INFO      [68/107] fetching CANBK.NS …
2026-09-08 08:22:45,574  INFO      [69/107] fetching CHOLAFIN.NS …
2026-09-08 08:22:46,051  INFO      [70/107] fetching COLPAL.NS …
2026-09-08 08:22:46,526  INFO      [71/107] fetching DABUR.NS …
2026-09-08 08:22:47,024  INFO      [72/107] fetching DLF.NS …
2026-09-08 08:22:47,492  INFO      [73/107] fetching GAIL.NS …
2026-09-08 08:22:47,968  INFO      [74/107] fetching GODREJCP.NS …
2026-09-08 08:22:48,443  INFO      [75/107] fetching HAVELLS.NS …
2026-09-08 08:22:48,912  INFO      [76/107] fetching HAL.NS …
2026-09-08 08:22:49,382  INFO      [77/107] fetching ICICIGI.NS …
2026-09-08 08:22:49,841  INFO      [78/107] fetching ICICIPRULI.NS …
2026-09-08 08:22:50,302  INFO      [79/107] fetching IOC.NS …
2026-09-08 08:22:50,773  INFO      [80/107] fetching IRCTC.NS …
2026-09-08 08:22:51,231  INFO      [81/107] fetching JINDALSTEL.NS …
2026-09-08 08:22:51,706  INFO      [82/107] fetching LICI.NS …
2026-09-08 08:22:52,162  INFO      [83/107] fetching MARICO.NS …
2026-09-08 08:22:52,648  INFO      [84/107] fetching MOTHERSON.NS …
2026-09-08 08:22:53,121  INFO      [85/107] fetching NAUKRI.NS …
2026-09-08 08:22:53,593  INFO      [86/107] fetching PIDILITIND.NS …
2026-09-08 08:22:54,067  INFO      [87/107] fetching PNB.NS …
2026-09-08 08:22:54,543  INFO      [88/107] fetching PFC.NS …
2026-09-08 08:22:55,014  INFO      [89/107] fetching RECLTD.NS …
2026-09-08 08:22:55,481  INFO      [90/107] fetching SIEMENS.NS …
2026-09-08 08:22:55,950  INFO      [91/107] fetching SRF.NS …
2026-09-08 08:22:56,418  INFO      [92/107] fetching SHREECEM.NS …
2026-09-08 08:22:56,890  INFO      [93/107] fetching SHRIRAMFIN.NS …
2026-09-08 08:22:57,370  INFO      [94/107] fetching TORNTPHARM.NS …
2026-09-08 08:22:57,841  INFO      [95/107] fetching TRENT.NS …
2026-09-08 08:22:58,309  INFO      [96/107] fetching TVSMOTOR.NS …
2026-09-08 08:22:58,780  INFO      [97/107] fetching VEDL.NS …
2026-09-08 08:22:59,253  INFO      [98/107] fetching VBL.NS …
2026-09-08 08:22:59,711  INFO      [99/107] fetching ZOMATO.NS …
2026-09-08 08:23:00,434  WARNING   [ZOMATO.NS] insufficient history (0 rows)
2026-09-08 08:23:00,834  INFO      [100/107] fetching ZYDUSLIFE.NS …
2026-09-08 08:23:01,307  INFO      [101/107] fetching INDIGO.NS …
2026-09-08 08:23:01,767  INFO      [102/107] fetching IDEA.NS …
2026-09-08 08:23:02,229  INFO      [103/107] fetching BANKINDIA.NS …
2026-09-08 08:23:02,697  INFO      [104/107] fetching PAGEIND.NS …
2026-09-08 08:23:03,161  INFO      [105/107] fetching MUTHOOTFIN.NS …
2026-09-08 08:23:03,624  INFO      [106/107] fetching TATAELXSI.NS …
2026-09-08 08:23:04,099  INFO      [107/107] fetching LUPIN.NS …
2026-09-08 08:23:04,180  INFO      Fetched 104/107 symbols successfully.
2026-09-08 08:23:09,017  INFO      Fetched 200 headlines from RSS (Indian + global/geopolitics).
2026-09-08 08:23:11,022  INFO      Macro regime: neutral | bias=0 | geo-risk=18.5
2026-09-08 08:23:11,228  INFO      NSE corp announcements: 20 filings
2026-09-08 08:23:12,936  INFO      Angel One login successful.
2026-09-08 08:23:13,738  INFO      Saved report → data/stock_reports/2026-09-08_0823.json
2026-09-08 08:23:14,171  INFO      Report image saved → logs/stock_analyzer/2026-09-08/stock_report.png  [1920×1280]
2026-09-08 08:23:14,171  INFO      Dry-run: skipping send. Image + PDF saved locally; console printed.
2026-09-08 08:23:14,172  INFO      == Stock analyzer run complete ==
2026-09-08 08:23:14,176  INFO      [Note] PAPER TRADING -- virtual cash Rs 100,000, max_positions=6 max_pct=15% buckets=('intraday', 'swing') state=data/paper_trader_state.json
2026-09-08 08:23:14,176  INFO      [Note] PAPER TRADING -- virtual cash Rs 100,000, max_positions=6 max_pct=15% buckets=('intraday', 'swing') state=data/paper_trader_state.json
2026-09-08 08:23:14,177  INFO      paper-trader: new day, archived 5 trades (cumulative ₹-4,646)
2026-09-08 08:23:47,535  INFO      [DRY] Angel order would be: {'variety': 'NORMAL', 'tradingsymbol': 'IDEA-EQ', 'symboltoken': '14366', 'transactiontype': 'SELL', 'exchange': 'NSE', 'ordertype': 'MARKET', 'producttype': 'INTRADAY', 'duration': 'DAY', 'price': '0', 'squareoff': '0', 'stoploss': '0', 'quantity': '577'}
2026-09-08 08:23:47,535  INFO      [SL] [DRY] CLOSE IDEA.NS qty=577 @ Rs 15.41 P&L Rs +801 (gross Rs +814, cost Rs 13; trailing-SL hit @ 15.41 (peak 15.65))
2026-09-08 08:23:47,536  INFO      [DRY] Angel order would be: {'variety': 'NORMAL', 'tradingsymbol': 'DIVISLAB-EQ', 'symboltoken': '10940', 'transactiontype': 'BUY', 'exchange': 'NSE', 'ordertype': 'MARKET', 'producttype': 'INTRADAY', 'duration': 'DAY', 'price': '0', 'squareoff': '0', 'stoploss': '0', 'quantity': '1'}
2026-09-08 08:23:47,536  INFO      [OPEN] [DRY] DIVISLAB.NS qty=1 @ Rs 9505.00 SL Rs 9306.25 TGT Rs 9961.87 (order=None)
2026-09-08 08:23:47,536  INFO      [DRY] Angel order would be: {'variety': 'NORMAL', 'tradingsymbol': 'HAL-EQ', 'symboltoken': '2303', 'transactiontype': 'BUY', 'exchange': 'NSE', 'ordertype': 'MARKET', 'producttype': 'INTRADAY', 'duration': 'DAY', 'price': '0', 'squareoff': '0', 'stoploss': '0', 'quantity': '1'}
2026-09-08 08:23:47,536  INFO      [OPEN] [DRY] HAL.NS qty=1 @ Rs 5052.50 SL Rs 4941.32 TGT Rs 5139.60 (order=None)
2026-09-08 08:23:47,536  INFO      [DRY] Angel order would be: {'variety': 'NORMAL', 'tradingsymbol': 'ADANIPOWER-EQ', 'symboltoken': '17388', 'transactiontype': 'BUY', 'exchange': 'NSE', 'ordertype': 'MARKET', 'producttype': 'INTRADAY', 'duration': 'DAY', 'price': '0', 'squareoff': '0', 'stoploss': '0', 'quantity': '40'}
2026-09-08 08:23:47,536  INFO      [OPEN] [DRY] ADANIPOWER.NS qty=40 @ Rs 206.93 SL Rs 205.67 TGT Rs 213.37 (order=None)
2026-09-08 08:23:47,543  INFO      tick result: {'ok': True, 'actions': 4, 'open_trades': 5, 'closed_today': 1, 'realised_pnl': 800.84, 'cumulative_pnl': -3844.71, 'halted': False, 'messages': ['[SL] [DRY] CLOSE IDEA.NS qty=577 @ Rs 15.41 P&L Rs +801 (gross Rs +814, cost Rs 13; trailing-SL hit @ 15.41 (peak 15.65))', '[OPEN] [DRY] DIVISLAB.NS qty=1 @ Rs 9505.00 SL Rs 9306.25 TGT Rs 9961.87 (order=None)', '[OPEN] [DRY] HAL.NS qty=1 @ Rs 5052.50 SL Rs 4941.32 TGT Rs 5139.60 (order=None)', '[OPEN] [DRY] ADANIPOWER.NS qty=40 @ Rs 206.93 SL Rs 205.67 TGT Rs 213.37 (order=None)']}
2026-09-08 08:23:47,543  INFO      tick result: {'ok': True, 'actions': 4, 'open_trades': 5, 'closed_today': 1, 'realised_pnl': 800.84, 'cumulative_pnl': -3844.71, 'halted': False, 'messages': ['[SL] [DRY] CLOSE IDEA.NS qty=577 @ Rs 15.41 P&L Rs +801 (gross Rs +814, cost Rs 13; trailing-SL hit @ 15.41 (peak 15.65))', '[OPEN] [DRY] DIVISLAB.NS qty=1 @ Rs 9505.00 SL Rs 9306.25 TGT Rs 9961.87 (order=None)', '[OPEN] [DRY] HAL.NS qty=1 @ Rs 5052.50 SL Rs 4941.32 TGT Rs 5139.60 (order=None)', '[OPEN] [DRY] ADANIPOWER.NS qty=40 @ Rs 206.93 SL Rs 205.67 TGT Rs 213.37 (order=None)']}
