2026-05-18 07:52:14,479  INFO      angel_one starting ... (cmd=paper-trade)
2026-05-18 07:52:14,479  INFO      angel_one starting ... (cmd=paper-trade)
2026-05-18 07:52:14,494  INFO      refresh: generating today's picks via analyzer (dry-run, no PDF)
2026-05-18 07:52:14,494  INFO      refresh: generating today's picks via analyzer (dry-run, no PDF)
2026-05-18 07:52:15,647  INFO      == Stock analyzer run starting ==
2026-05-18 07:52:15,648  INFO      Watchlist: 11 symbols from data/stock_watchlist.txt
2026-05-18 07:52:15,648  INFO      Universe: 107 symbols (total available: 107)
2026-05-18 07:52:16,726  INFO      [1/107] fetching TATAPOWER.NS …
2026-05-18 07:52:17,407  INFO      [2/107] fetching IRFC.NS …
2026-05-18 07:52:17,978  INFO      [3/107] fetching SUZLON.NS …
2026-05-18 07:52:18,586  INFO      [4/107] fetching IREDA.NS …
2026-05-18 07:52:19,184  INFO      [5/107] fetching BHEL.NS …
2026-05-18 07:52:19,735  INFO      [6/107] fetching KPITTECH.NS …
2026-05-18 07:52:20,298  INFO      [7/107] fetching POLYCAB.NS …
2026-05-18 07:52:20,870  INFO      [8/107] fetching PERSISTENT.NS …
2026-05-18 07:52:21,433  INFO      [9/107] fetching ITC.NS …
2026-05-18 07:52:22,072  INFO      [10/107] fetching POWERGRID.NS …
2026-05-18 07:52:22,696  INFO      [11/107] fetching COALINDIA.NS …
2026-05-18 07:52:23,289  INFO      [12/107] fetching RELIANCE.NS …
2026-05-18 07:52:23,892  INFO      [13/107] fetching TCS.NS …
2026-05-18 07:52:24,490  INFO      [14/107] fetching HDFCBANK.NS …
2026-05-18 07:52:25,085  INFO      [15/107] fetching INFY.NS …
2026-05-18 07:52:25,722  INFO      [16/107] fetching ICICIBANK.NS …
2026-05-18 07:52:26,319  INFO      [17/107] fetching HINDUNILVR.NS …
2026-05-18 07:52:26,972  INFO      [18/107] fetching SBIN.NS …
2026-05-18 07:52:27,540  INFO      [19/107] fetching BHARTIARTL.NS …
2026-05-18 07:52:28,136  INFO      [20/107] fetching KOTAKBANK.NS …
2026-05-18 07:52:28,782  INFO      [21/107] fetching LT.NS …
2026-05-18 07:52:29,406  INFO      [22/107] fetching AXISBANK.NS …
2026-05-18 07:52:30,001  INFO      [23/107] fetching BAJFINANCE.NS …
2026-05-18 07:52:30,624  INFO      [24/107] fetching ASIANPAINT.NS …
2026-05-18 07:52:31,228  INFO      [25/107] fetching MARUTI.NS …
2026-05-18 07:52:31,832  INFO      [26/107] fetching HCLTECH.NS …
2026-05-18 07:52:32,444  INFO      [27/107] fetching SUNPHARMA.NS …
2026-05-18 07:52:33,096  INFO      [28/107] fetching TITAN.NS …
2026-05-18 07:52:33,719  INFO      [29/107] fetching ULTRACEMCO.NS …
2026-05-18 07:52:34,281  INFO      [30/107] fetching WIPRO.NS …
2026-05-18 07:52:34,919  INFO      [31/107] fetching NESTLEIND.NS …
2026-05-18 07:52:35,513  INFO      [32/107] fetching ADANIENT.NS …
2026-05-18 07:52:36,100  INFO      [33/107] fetching NTPC.NS …
2026-05-18 07:52:36,730  INFO      [34/107] fetching TATAMOTORS.NS …
2026-05-18 07:52:38,845  WARNING   [TATAMOTORS.NS] insufficient history (0 rows)
2026-05-18 07:52:39,246  INFO      [35/107] fetching M&M.NS …
2026-05-18 07:52:39,895  INFO      [36/107] fetching TATASTEEL.NS …
2026-05-18 07:52:40,489  INFO      [37/107] fetching JSWSTEEL.NS …
2026-05-18 07:52:41,083  INFO      [38/107] fetching ONGC.NS …
2026-05-18 07:52:41,674  INFO      [39/107] fetching TECHM.NS …
2026-05-18 07:52:42,257  INFO      [40/107] fetching BAJAJFINSV.NS …
2026-05-18 07:52:42,846  INFO      [41/107] fetching HINDALCO.NS …
2026-05-18 07:52:43,423  INFO      [42/107] fetching GRASIM.NS …
2026-05-18 07:52:44,022  INFO      [43/107] fetching DRREDDY.NS …
2026-05-18 07:52:44,592  INFO      [44/107] fetching CIPLA.NS …
2026-05-18 07:52:45,196  INFO      [45/107] fetching DIVISLAB.NS …
2026-05-18 07:52:45,824  INFO      [46/107] fetching EICHERMOT.NS …
2026-05-18 07:52:46,453  INFO      [47/107] fetching BRITANNIA.NS …
2026-05-18 07:52:47,054  INFO      [48/107] fetching HEROMOTOCO.NS …
2026-05-18 07:52:47,635  INFO      [49/107] fetching BAJAJ-AUTO.NS …
2026-05-18 07:52:48,229  INFO      [50/107] fetching INDUSINDBK.NS …
2026-05-18 07:52:48,806  INFO      [51/107] fetching APOLLOHOSP.NS …
2026-05-18 07:52:49,366  INFO      [52/107] fetching TATACONSUM.NS …
2026-05-18 07:52:49,987  INFO      [53/107] fetching UPL.NS …
2026-05-18 07:52:50,545  INFO      [54/107] fetching BPCL.NS …
2026-05-18 07:52:51,157  INFO      [55/107] fetching SBILIFE.NS …
2026-05-18 07:52:51,696  INFO      [56/107] fetching HDFCLIFE.NS …
2026-05-18 07:52:52,304  INFO      [57/107] fetching ADANIPORTS.NS …
2026-05-18 07:52:52,879  INFO      [58/107] fetching LTIM.NS …
2026-05-18 07:52:54,135  WARNING   [LTIM.NS] insufficient history (0 rows)
2026-05-18 07:52:54,536  INFO      [59/107] fetching ABB.NS …
2026-05-18 07:52:55,156  INFO      [60/107] fetching ADANIGREEN.NS …
2026-05-18 07:52:55,688  INFO      [61/107] fetching ADANIPOWER.NS …
2026-05-18 07:52:56,224  INFO      [62/107] fetching AMBUJACEM.NS …
2026-05-18 07:52:56,819  INFO      [63/107] fetching DMART.NS …
2026-05-18 07:52:57,419  INFO      [64/107] fetching BAJAJHLDNG.NS …
2026-05-18 07:52:58,027  INFO      [65/107] fetching BANKBARODA.NS …
2026-05-18 07:52:58,618  INFO      [66/107] fetching BERGEPAINT.NS …
2026-05-18 07:52:59,237  INFO      [67/107] fetching BOSCHLTD.NS …
2026-05-18 07:52:59,876  INFO      [68/107] fetching CANBK.NS …
2026-05-18 07:53:00,435  INFO      [69/107] fetching CHOLAFIN.NS …
2026-05-18 07:53:01,053  INFO      [70/107] fetching COLPAL.NS …
2026-05-18 07:53:01,654  INFO      [71/107] fetching DABUR.NS …
2026-05-18 07:53:02,239  INFO      [72/107] fetching DLF.NS …
2026-05-18 07:53:02,873  INFO      [73/107] fetching GAIL.NS …
2026-05-18 07:53:03,478  INFO      [74/107] fetching GODREJCP.NS …
2026-05-18 07:53:04,076  INFO      [75/107] fetching HAVELLS.NS …
2026-05-18 07:53:04,714  INFO      [76/107] fetching HAL.NS …
2026-05-18 07:53:05,323  INFO      [77/107] fetching ICICIGI.NS …
2026-05-18 07:53:05,936  INFO      [78/107] fetching ICICIPRULI.NS …
2026-05-18 07:53:06,616  INFO      [79/107] fetching IOC.NS …
2026-05-18 07:53:07,187  INFO      [80/107] fetching IRCTC.NS …
2026-05-18 07:53:07,767  INFO      [81/107] fetching JINDALSTEL.NS …
2026-05-18 07:53:08,366  INFO      [82/107] fetching LICI.NS …
2026-05-18 07:53:08,909  INFO      [83/107] fetching MARICO.NS …
2026-05-18 07:53:09,512  INFO      [84/107] fetching MOTHERSON.NS …
2026-05-18 07:53:10,139  INFO      [85/107] fetching NAUKRI.NS …
2026-05-18 07:53:10,754  INFO      [86/107] fetching PIDILITIND.NS …
2026-05-18 07:53:11,314  INFO      [87/107] fetching PNB.NS …
2026-05-18 07:53:11,882  INFO      [88/107] fetching PFC.NS …
2026-05-18 07:53:12,472  INFO      [89/107] fetching RECLTD.NS …
2026-05-18 07:53:13,059  INFO      [90/107] fetching SIEMENS.NS …
2026-05-18 07:53:13,697  INFO      [91/107] fetching SRF.NS …
2026-05-18 07:53:14,330  INFO      [92/107] fetching SHREECEM.NS …
2026-05-18 07:53:14,959  INFO      [93/107] fetching SHRIRAMFIN.NS …
2026-05-18 07:53:15,568  INFO      [94/107] fetching TORNTPHARM.NS …
2026-05-18 07:53:16,186  INFO      [95/107] fetching TRENT.NS …
2026-05-18 07:53:16,807  INFO      [96/107] fetching TVSMOTOR.NS …
2026-05-18 07:53:17,441  INFO      [97/107] fetching VEDL.NS …
2026-05-18 07:53:18,059  INFO      [98/107] fetching VBL.NS …
2026-05-18 07:53:18,663  INFO      [99/107] fetching ZOMATO.NS …
2026-05-18 07:53:20,023  WARNING   [ZOMATO.NS] insufficient history (0 rows)
2026-05-18 07:53:20,424  INFO      [100/107] fetching ZYDUSLIFE.NS …
2026-05-18 07:53:20,999  INFO      [101/107] fetching INDIGO.NS …
2026-05-18 07:53:21,602  INFO      [102/107] fetching IDEA.NS …
2026-05-18 07:53:22,146  INFO      [103/107] fetching BANKINDIA.NS …
2026-05-18 07:53:22,751  INFO      [104/107] fetching PAGEIND.NS …
2026-05-18 07:53:23,371  INFO      [105/107] fetching MUTHOOTFIN.NS …
2026-05-18 07:53:23,982  INFO      [106/107] fetching TATAELXSI.NS …
2026-05-18 07:53:24,542  INFO      [107/107] fetching LUPIN.NS …
2026-05-18 07:53:24,717  INFO      Fetched 104/107 symbols successfully.
2026-05-18 07:53:31,199  INFO      Fetched 200 headlines from RSS (Indian + global/geopolitics).
2026-05-18 07:53:36,221  INFO      Macro regime: risk-off | bias=-3 | geo-risk=52.9
2026-05-18 07:53:36,493  INFO      NSE corp announcements: 20 filings
2026-05-18 07:53:38,222  INFO      Angel One login successful.
2026-05-18 07:53:39,152  INFO      Saved report → data/stock_reports/2026-05-18_0753.json
2026-05-18 07:53:39,568  INFO      Report image saved → logs/stock_analyzer/2026-05-18/stock_report.png  [1920×1280]
2026-05-18 07:53:39,568  INFO      Dry-run: skipping send. Image + PDF saved locally; console printed.
2026-05-18 07:53:39,569  INFO      == Stock analyzer run complete ==
2026-05-18 07:53:39,572  INFO      [Note] PAPER TRADING -- virtual cash Rs 100,000, max_positions=6 max_pct=15% buckets=('intraday', 'swing') state=data/paper_trader_state.json
2026-05-18 07:53:39,572  INFO      [Note] PAPER TRADING -- virtual cash Rs 100,000, max_positions=6 max_pct=15% buckets=('intraday', 'swing') state=data/paper_trader_state.json
2026-05-18 07:53:39,572  INFO      paper-trader: new day, archived 6 trades (cumulative ₹+1,252)
2026-05-18 07:53:52,787  INFO      [DRY] Angel order would be: {'variety': 'NORMAL', 'tradingsymbol': 'TECHM-EQ', 'symboltoken': '13538', 'transactiontype': 'BUY', 'exchange': 'NSE', 'ordertype': 'MARKET', 'producttype': 'INTRADAY', 'duration': 'DAY', 'price': '0', 'squareoff': '0', 'stoploss': '0', 'quantity': '9'}
2026-05-18 07:53:52,788  INFO      [OPEN] [DRY] TECHM.NS qty=9 @ Rs 1427.90 SL Rs 1405.84 TGT Rs 1436.32 (order=None)
2026-05-18 07:53:52,788  INFO      [DRY] Angel order would be: {'variety': 'NORMAL', 'tradingsymbol': 'BHARTIARTL-EQ', 'symboltoken': '10604', 'transactiontype': 'BUY', 'exchange': 'NSE', 'ordertype': 'MARKET', 'producttype': 'INTRADAY', 'duration': 'DAY', 'price': '0', 'squareoff': '0', 'stoploss': '0', 'quantity': '6'}
2026-05-18 07:53:52,788  INFO      [OPEN] [DRY] BHARTIARTL.NS qty=6 @ Rs 1944.40 SL Rs 1897.74 TGT Rs 2036.91 (order=None)
2026-05-18 07:53:52,788  INFO      [DRY] Angel order would be: {'variety': 'NORMAL', 'tradingsymbol': 'TORNTPHARM-EQ', 'symboltoken': '3518', 'transactiontype': 'BUY', 'exchange': 'NSE', 'ordertype': 'MARKET', 'producttype': 'INTRADAY', 'duration': 'DAY', 'price': '0', 'squareoff': '0', 'stoploss': '0', 'quantity': '2'}
2026-05-18 07:53:52,788  INFO      [OPEN] [DRY] TORNTPHARM.NS qty=2 @ Rs 4418.10 SL Rs 4311.20 TGT Rs 4461.06 (order=None)
2026-05-18 07:53:52,788  INFO      [DRY] Angel order would be: {'variety': 'NORMAL', 'tradingsymbol': 'DIVISLAB-EQ', 'symboltoken': '10940', 'transactiontype': 'BUY', 'exchange': 'NSE', 'ordertype': 'MARKET', 'producttype': 'INTRADAY', 'duration': 'DAY', 'price': '0', 'squareoff': '0', 'stoploss': '0', 'quantity': '1'}
2026-05-18 07:53:52,788  INFO      [OPEN] [DRY] DIVISLAB.NS qty=1 @ Rs 6810.00 SL Rs 6652.04 TGT Rs 7123.62 (order=None)
2026-05-18 07:53:52,788  INFO      [DRY] Angel order would be: {'variety': 'NORMAL', 'tradingsymbol': 'HDFCBANK-EQ', 'symboltoken': '1333', 'transactiontype': 'BUY', 'exchange': 'NSE', 'ordertype': 'MARKET', 'producttype': 'INTRADAY', 'duration': 'DAY', 'price': '0', 'squareoff': '0', 'stoploss': '0', 'quantity': '10'}
2026-05-18 07:53:52,788  INFO      [OPEN] [DRY] HDFCBANK.NS qty=10 @ Rs 772.35 SL Rs 758.44 TGT Rs 793.21 (order=None)
2026-05-18 07:53:52,790  INFO      tick result: {'ok': True, 'actions': 5, 'open_trades': 6, 'closed_today': 0, 'realised_pnl': 0.0, 'cumulative_pnl': 1251.94, 'halted': False, 'messages': ['[OPEN] [DRY] TECHM.NS qty=9 @ Rs 1427.90 SL Rs 1405.84 TGT Rs 1436.32 (order=None)', '[OPEN] [DRY] BHARTIARTL.NS qty=6 @ Rs 1944.40 SL Rs 1897.74 TGT Rs 2036.91 (order=None)', '[OPEN] [DRY] TORNTPHARM.NS qty=2 @ Rs 4418.10 SL Rs 4311.20 TGT Rs 4461.06 (order=None)', '[OPEN] [DRY] DIVISLAB.NS qty=1 @ Rs 6810.00 SL Rs 6652.04 TGT Rs 7123.62 (order=None)', '[OPEN] [DRY] HDFCBANK.NS qty=10 @ Rs 772.35 SL Rs 758.44 TGT Rs 793.21 (order=None)']}
2026-05-18 07:53:52,790  INFO      tick result: {'ok': True, 'actions': 5, 'open_trades': 6, 'closed_today': 0, 'realised_pnl': 0.0, 'cumulative_pnl': 1251.94, 'halted': False, 'messages': ['[OPEN] [DRY] TECHM.NS qty=9 @ Rs 1427.90 SL Rs 1405.84 TGT Rs 1436.32 (order=None)', '[OPEN] [DRY] BHARTIARTL.NS qty=6 @ Rs 1944.40 SL Rs 1897.74 TGT Rs 2036.91 (order=None)', '[OPEN] [DRY] TORNTPHARM.NS qty=2 @ Rs 4418.10 SL Rs 4311.20 TGT Rs 4461.06 (order=None)', '[OPEN] [DRY] DIVISLAB.NS qty=1 @ Rs 6810.00 SL Rs 6652.04 TGT Rs 7123.62 (order=None)', '[OPEN] [DRY] HDFCBANK.NS qty=10 @ Rs 772.35 SL Rs 758.44 TGT Rs 793.21 (order=None)']}
