2026-07-23 06:21:38,084  INFO      angel_one starting ... (cmd=paper-trade)
2026-07-23 06:21:38,084  INFO      angel_one starting ... (cmd=paper-trade)
2026-07-23 06:21:38,101  INFO      refresh: generating today's picks via analyzer (dry-run, no PDF)
2026-07-23 06:21:38,101  INFO      refresh: generating today's picks via analyzer (dry-run, no PDF)
2026-07-23 06:21:39,075  INFO      == Stock analyzer run starting ==
2026-07-23 06:21:39,076  INFO      Watchlist: 11 symbols from data/stock_watchlist.txt
2026-07-23 06:21:39,076  INFO      Universe: 107 symbols (total available: 107)
2026-07-23 06:21:39,614  INFO      [1/107] fetching TATAPOWER.NS …
2026-07-23 06:21:40,146  INFO      [2/107] fetching IRFC.NS …
2026-07-23 06:21:40,617  INFO      [3/107] fetching SUZLON.NS …
2026-07-23 06:21:41,087  INFO      [4/107] fetching IREDA.NS …
2026-07-23 06:21:41,551  INFO      [5/107] fetching BHEL.NS …
2026-07-23 06:21:42,041  INFO      [6/107] fetching KPITTECH.NS …
2026-07-23 06:21:42,515  INFO      [7/107] fetching POLYCAB.NS …
2026-07-23 06:21:42,992  INFO      [8/107] fetching PERSISTENT.NS …
2026-07-23 06:21:43,470  INFO      [9/107] fetching ITC.NS …
2026-07-23 06:21:43,974  INFO      [10/107] fetching POWERGRID.NS …
2026-07-23 06:21:44,476  INFO      [11/107] fetching COALINDIA.NS …
2026-07-23 06:21:44,962  INFO      [12/107] fetching RELIANCE.NS …
2026-07-23 06:21:45,459  INFO      [13/107] fetching TCS.NS …
2026-07-23 06:21:45,949  INFO      [14/107] fetching HDFCBANK.NS …
2026-07-23 06:21:46,441  INFO      [15/107] fetching INFY.NS …
2026-07-23 06:21:46,936  INFO      [16/107] fetching ICICIBANK.NS …
2026-07-23 06:21:47,436  INFO      [17/107] fetching HINDUNILVR.NS …
2026-07-23 06:21:47,936  INFO      [18/107] fetching SBIN.NS …
2026-07-23 06:21:48,450  INFO      [19/107] fetching BHARTIARTL.NS …
2026-07-23 06:21:48,933  INFO      [20/107] fetching KOTAKBANK.NS …
2026-07-23 06:21:49,429  INFO      [21/107] fetching LT.NS …
2026-07-23 06:21:49,918  INFO      [22/107] fetching AXISBANK.NS …
2026-07-23 06:21:50,416  INFO      [23/107] fetching BAJFINANCE.NS …
2026-07-23 06:21:50,922  INFO      [24/107] fetching ASIANPAINT.NS …
2026-07-23 06:21:51,419  INFO      [25/107] fetching MARUTI.NS …
2026-07-23 06:21:51,908  INFO      [26/107] fetching HCLTECH.NS …
2026-07-23 06:21:52,405  INFO      [27/107] fetching SUNPHARMA.NS …
2026-07-23 06:21:52,910  INFO      [28/107] fetching TITAN.NS …
2026-07-23 06:21:53,397  INFO      [29/107] fetching ULTRACEMCO.NS …
2026-07-23 06:21:53,882  INFO      [30/107] fetching WIPRO.NS …
2026-07-23 06:21:54,379  INFO      [31/107] fetching NESTLEIND.NS …
2026-07-23 06:21:54,867  INFO      [32/107] fetching ADANIENT.NS …
2026-07-23 06:21:55,358  INFO      [33/107] fetching NTPC.NS …
2026-07-23 06:21:55,848  INFO      [34/107] fetching TATAMOTORS.NS …
2026-07-23 06:21:57,144  WARNING   [TATAMOTORS.NS] insufficient history (0 rows)
2026-07-23 06:21:57,544  INFO      [35/107] fetching M&M.NS …
2026-07-23 06:21:58,055  INFO      [36/107] fetching TATASTEEL.NS …
2026-07-23 06:21:58,553  INFO      [37/107] fetching JSWSTEEL.NS …
2026-07-23 06:21:59,039  INFO      [38/107] fetching ONGC.NS …
2026-07-23 06:21:59,546  INFO      [39/107] fetching TECHM.NS …
2026-07-23 06:22:00,037  INFO      [40/107] fetching BAJAJFINSV.NS …
2026-07-23 06:22:00,528  INFO      [41/107] fetching HINDALCO.NS …
2026-07-23 06:22:01,040  INFO      [42/107] fetching GRASIM.NS …
2026-07-23 06:22:01,536  INFO      [43/107] fetching DRREDDY.NS …
2026-07-23 06:22:02,030  INFO      [44/107] fetching CIPLA.NS …
2026-07-23 06:22:02,535  INFO      [45/107] fetching DIVISLAB.NS …
2026-07-23 06:22:03,031  INFO      [46/107] fetching EICHERMOT.NS …
2026-07-23 06:22:03,538  INFO      [47/107] fetching BRITANNIA.NS …
2026-07-23 06:22:04,051  INFO      [48/107] fetching HEROMOTOCO.NS …
2026-07-23 06:22:04,543  INFO      [49/107] fetching BAJAJ-AUTO.NS …
2026-07-23 06:22:05,035  INFO      [50/107] fetching INDUSINDBK.NS …
2026-07-23 06:22:05,531  INFO      [51/107] fetching APOLLOHOSP.NS …
2026-07-23 06:22:06,058  INFO      [52/107] fetching TATACONSUM.NS …
2026-07-23 06:22:06,575  INFO      [53/107] fetching UPL.NS …
2026-07-23 06:22:07,059  INFO      [54/107] fetching BPCL.NS …
2026-07-23 06:22:07,554  INFO      [55/107] fetching SBILIFE.NS …
2026-07-23 06:22:08,035  INFO      [56/107] fetching HDFCLIFE.NS …
2026-07-23 06:22:08,508  INFO      [57/107] fetching ADANIPORTS.NS …
2026-07-23 06:22:08,996  INFO      [58/107] fetching LTIM.NS …
2026-07-23 06:22:09,492  WARNING   [LTIM.NS] insufficient history (0 rows)
2026-07-23 06:22:09,893  INFO      [59/107] fetching ABB.NS …
2026-07-23 06:22:10,382  INFO      [60/107] fetching ADANIGREEN.NS …
2026-07-23 06:22:10,853  INFO      [61/107] fetching ADANIPOWER.NS …
2026-07-23 06:22:11,322  INFO      [62/107] fetching AMBUJACEM.NS …
2026-07-23 06:22:11,818  INFO      [63/107] fetching DMART.NS …
2026-07-23 06:22:12,281  INFO      [64/107] fetching BAJAJHLDNG.NS …
2026-07-23 06:22:12,777  INFO      [65/107] fetching BANKBARODA.NS …
2026-07-23 06:22:13,275  INFO      [66/107] fetching BERGEPAINT.NS …
2026-07-23 06:22:13,784  INFO      [67/107] fetching BOSCHLTD.NS …
2026-07-23 06:22:14,271  INFO      [68/107] fetching CANBK.NS …
2026-07-23 06:22:14,764  INFO      [69/107] fetching CHOLAFIN.NS …
2026-07-23 06:22:15,255  INFO      [70/107] fetching COLPAL.NS …
2026-07-23 06:22:15,745  INFO      [71/107] fetching DABUR.NS …
2026-07-23 06:22:16,233  INFO      [72/107] fetching DLF.NS …
2026-07-23 06:22:16,717  INFO      [73/107] fetching GAIL.NS …
2026-07-23 06:22:17,214  INFO      [74/107] fetching GODREJCP.NS …
2026-07-23 06:22:17,728  INFO      [75/107] fetching HAVELLS.NS …
2026-07-23 06:22:18,223  INFO      [76/107] fetching HAL.NS …
2026-07-23 06:22:18,696  INFO      [77/107] fetching ICICIGI.NS …
2026-07-23 06:22:19,173  INFO      [78/107] fetching ICICIPRULI.NS …
2026-07-23 06:22:19,659  INFO      [79/107] fetching IOC.NS …
2026-07-23 06:22:20,177  INFO      [80/107] fetching IRCTC.NS …
2026-07-23 06:22:20,646  INFO      [81/107] fetching JINDALSTEL.NS …
2026-07-23 06:22:21,140  INFO      [82/107] fetching LICI.NS …
2026-07-23 06:22:21,604  INFO      [83/107] fetching MARICO.NS …
2026-07-23 06:22:22,104  INFO      [84/107] fetching MOTHERSON.NS …
2026-07-23 06:22:22,596  INFO      [85/107] fetching NAUKRI.NS …
2026-07-23 06:22:23,090  INFO      [86/107] fetching PIDILITIND.NS …
2026-07-23 06:22:23,581  INFO      [87/107] fetching PNB.NS …
2026-07-23 06:22:24,080  INFO      [88/107] fetching PFC.NS …
2026-07-23 06:22:24,566  INFO      [89/107] fetching RECLTD.NS …
2026-07-23 06:22:25,066  INFO      [90/107] fetching SIEMENS.NS …
2026-07-23 06:22:25,554  INFO      [91/107] fetching SRF.NS …
2026-07-23 06:22:26,043  INFO      [92/107] fetching SHREECEM.NS …
2026-07-23 06:22:26,578  INFO      [93/107] fetching SHRIRAMFIN.NS …
2026-07-23 06:22:27,084  INFO      [94/107] fetching TORNTPHARM.NS …
2026-07-23 06:22:27,572  INFO      [95/107] fetching TRENT.NS …
2026-07-23 06:22:28,058  INFO      [96/107] fetching TVSMOTOR.NS …
2026-07-23 06:22:28,554  INFO      [97/107] fetching VEDL.NS …
2026-07-23 06:22:29,065  INFO      [98/107] fetching VBL.NS …
2026-07-23 06:22:29,540  INFO      [99/107] fetching ZOMATO.NS …
2026-07-23 06:22:30,242  WARNING   [ZOMATO.NS] insufficient history (0 rows)
2026-07-23 06:22:30,642  INFO      [100/107] fetching ZYDUSLIFE.NS …
2026-07-23 06:22:31,137  INFO      [101/107] fetching INDIGO.NS …
2026-07-23 06:22:31,615  INFO      [102/107] fetching IDEA.NS …
2026-07-23 06:22:32,109  INFO      [103/107] fetching BANKINDIA.NS …
2026-07-23 06:22:32,600  INFO      [104/107] fetching PAGEIND.NS …
2026-07-23 06:22:33,091  INFO      [105/107] fetching MUTHOOTFIN.NS …
2026-07-23 06:22:33,573  INFO      [106/107] fetching TATAELXSI.NS …
2026-07-23 06:22:34,067  INFO      [107/107] fetching LUPIN.NS …
2026-07-23 06:22:34,168  INFO      Fetched 104/107 symbols successfully.
2026-07-23 06:22:40,621  WARNING   [MF 118834] fetch failed: HTTPSConnectionPool(host='api.mfapi.in', port=443): Read timed out. (read timeout=5)
2026-07-23 06:22:41,793  INFO      Fetched 200 headlines from RSS (Indian + global/geopolitics).
2026-07-23 06:22:43,978  INFO      Macro regime: neutral | bias=0 | geo-risk=29.4
2026-07-23 06:22:44,001  INFO      NSE corp announcements: 20 filings
2026-07-23 06:22:45,622  INFO      Angel One login successful.
2026-07-23 06:22:46,720  INFO      Saved report → data/stock_reports/2026-07-23_0622.json
2026-07-23 06:22:47,320  INFO      Report image saved → logs/stock_analyzer/2026-07-23/stock_report.png  [1920×1280]
2026-07-23 06:22:47,321  INFO      Dry-run: skipping send. Image + PDF saved locally; console printed.
2026-07-23 06:22:47,322  INFO      == Stock analyzer run complete ==
2026-07-23 06:22:47,324  INFO      [Note] PAPER TRADING -- virtual cash Rs 100,000, max_positions=6 max_pct=15% buckets=('intraday', 'swing') state=data/paper_trader_state.json
2026-07-23 06:22:47,324  INFO      [Note] PAPER TRADING -- virtual cash Rs 100,000, max_positions=6 max_pct=15% buckets=('intraday', 'swing') state=data/paper_trader_state.json
2026-07-23 06:22:47,326  INFO      paper-trader: new day, archived 3 trades (cumulative ₹-3,267)
2026-07-23 06:22:59,828  INFO      [DRY] Angel order would be: {'variety': 'NORMAL', 'tradingsymbol': 'SHRIRAMFIN-EQ', 'symboltoken': '4306', 'transactiontype': 'SELL', 'exchange': 'NSE', 'ordertype': 'MARKET', 'producttype': 'INTRADAY', 'duration': 'DAY', 'price': '0', 'squareoff': '0', 'stoploss': '0', 'quantity': '7'}
2026-07-23 06:22:59,828  INFO      [SL] [DRY] CLOSE SHRIRAMFIN.NS qty=7 @ Rs 1041.00 P&L Rs -42 (gross Rs -31, cost Rs 11; trailing-SL hit @ 1041.00 (peak 1062.80))
2026-07-23 06:22:59,828  INFO      [DRY] Angel order would be: {'variety': 'NORMAL', 'tradingsymbol': 'NESTLEIND-EQ', 'symboltoken': '17963', 'transactiontype': 'SELL', 'exchange': 'NSE', 'ordertype': 'MARKET', 'producttype': 'INTRADAY', 'duration': 'DAY', 'price': '0', 'squareoff': '0', 'stoploss': '0', 'quantity': '5'}
2026-07-23 06:22:59,828  INFO      [SL] [DRY] CLOSE NESTLEIND.NS qty=5 @ Rs 1457.90 P&L Rs +99 (gross Rs +110, cost Rs 11; trailing-SL hit @ 1457.90 (peak 1494.00))
2026-07-23 06:22:59,829  INFO      [DRY] Angel order would be: {'variety': 'NORMAL', 'tradingsymbol': 'HEROMOTOCO-EQ', 'symboltoken': '1348', 'transactiontype': 'BUY', 'exchange': 'NSE', 'ordertype': 'MARKET', 'producttype': 'INTRADAY', 'duration': 'DAY', 'price': '0', 'squareoff': '0', 'stoploss': '0', 'quantity': '2'}
2026-07-23 06:22:59,829  INFO      [OPEN] [DRY] HEROMOTOCO.NS qty=2 @ Rs 5180.00 SL Rs 5073.78 TGT Rs 5445.21 (order=None)
2026-07-23 06:22:59,829  INFO      [DRY] Angel order would be: {'variety': 'NORMAL', 'tradingsymbol': 'BPCL-EQ', 'symboltoken': '526', 'transactiontype': 'BUY', 'exchange': 'NSE', 'ordertype': 'MARKET', 'producttype': 'INTRADAY', 'duration': 'DAY', 'price': '0', 'squareoff': '0', 'stoploss': '0', 'quantity': '30'}
2026-07-23 06:22:59,829  INFO      [OPEN] [DRY] BPCL.NS qty=30 @ Rs 314.20 SL Rs 306.49 TGT Rs 315.22 (order=None)
2026-07-23 06:22:59,829  INFO      [DRY] Angel order would be: {'variety': 'NORMAL', 'tradingsymbol': 'TVSMOTOR-EQ', 'symboltoken': '8479', 'transactiontype': 'BUY', 'exchange': 'NSE', 'ordertype': 'MARKET', 'producttype': 'INTRADAY', 'duration': 'DAY', 'price': '0', 'squareoff': '0', 'stoploss': '0', 'quantity': '2'}
2026-07-23 06:22:59,829  INFO      [OPEN] [DRY] TVSMOTOR.NS qty=2 @ Rs 3951.80 SL Rs 3848.45 TGT Rs 4136.90 (order=None)
2026-07-23 06:22:59,834  INFO      tick result: {'ok': True, 'actions': 5, 'open_trades': 4, 'closed_today': 2, 'realised_pnl': 56.9, 'cumulative_pnl': -3210.4, 'halted': False, 'messages': ['[SL] [DRY] CLOSE SHRIRAMFIN.NS qty=7 @ Rs 1041.00 P&L Rs -42 (gross Rs -31, cost Rs 11; trailing-SL hit @ 1041.00 (peak 1062.80))', '[SL] [DRY] CLOSE NESTLEIND.NS qty=5 @ Rs 1457.90 P&L Rs +99 (gross Rs +110, cost Rs 11; trailing-SL hit @ 1457.90 (peak 1494.00))', '[OPEN] [DRY] HEROMOTOCO.NS qty=2 @ Rs 5180.00 SL Rs 5073.78 TGT Rs 5445.21 (order=None)', '[OPEN] [DRY] BPCL.NS qty=30 @ Rs 314.20 SL Rs 306.49 TGT Rs 315.22 (order=None)', '[OPEN] [DRY] TVSMOTOR.NS qty=2 @ Rs 3951.80 SL Rs 3848.45 TGT Rs 4136.90 (order=None)']}
2026-07-23 06:22:59,834  INFO      tick result: {'ok': True, 'actions': 5, 'open_trades': 4, 'closed_today': 2, 'realised_pnl': 56.9, 'cumulative_pnl': -3210.4, 'halted': False, 'messages': ['[SL] [DRY] CLOSE SHRIRAMFIN.NS qty=7 @ Rs 1041.00 P&L Rs -42 (gross Rs -31, cost Rs 11; trailing-SL hit @ 1041.00 (peak 1062.80))', '[SL] [DRY] CLOSE NESTLEIND.NS qty=5 @ Rs 1457.90 P&L Rs +99 (gross Rs +110, cost Rs 11; trailing-SL hit @ 1457.90 (peak 1494.00))', '[OPEN] [DRY] HEROMOTOCO.NS qty=2 @ Rs 5180.00 SL Rs 5073.78 TGT Rs 5445.21 (order=None)', '[OPEN] [DRY] BPCL.NS qty=30 @ Rs 314.20 SL Rs 306.49 TGT Rs 315.22 (order=None)', '[OPEN] [DRY] TVSMOTOR.NS qty=2 @ Rs 3951.80 SL Rs 3848.45 TGT Rs 4136.90 (order=None)']}
