2026-07-21 06:20:01,642  INFO      angel_one starting ... (cmd=paper-trade)
2026-07-21 06:20:01,642  INFO      angel_one starting ... (cmd=paper-trade)
2026-07-21 06:20:01,659  INFO      refresh: generating today's picks via analyzer (dry-run, no PDF)
2026-07-21 06:20:01,659  INFO      refresh: generating today's picks via analyzer (dry-run, no PDF)
2026-07-21 06:20:02,531  INFO      == Stock analyzer run starting ==
2026-07-21 06:20:02,531  INFO      Watchlist: 11 symbols from data/stock_watchlist.txt
2026-07-21 06:20:02,531  INFO      Universe: 107 symbols (total available: 107)
2026-07-21 06:20:03,257  INFO      [1/107] fetching TATAPOWER.NS …
2026-07-21 06:20:03,892  INFO      [2/107] fetching IRFC.NS …
2026-07-21 06:20:04,503  INFO      [3/107] fetching SUZLON.NS …
2026-07-21 06:20:05,078  INFO      [4/107] fetching IREDA.NS …
2026-07-21 06:20:05,623  INFO      [5/107] fetching BHEL.NS …
2026-07-21 06:20:06,241  INFO      [6/107] fetching KPITTECH.NS …
2026-07-21 06:20:06,821  INFO      [7/107] fetching POLYCAB.NS …
2026-07-21 06:20:07,420  INFO      [8/107] fetching PERSISTENT.NS …
2026-07-21 06:20:08,022  INFO      [9/107] fetching ITC.NS …
2026-07-21 06:20:08,635  INFO      [10/107] fetching POWERGRID.NS …
2026-07-21 06:20:09,249  INFO      [11/107] fetching COALINDIA.NS …
2026-07-21 06:20:09,809  INFO      [12/107] fetching RELIANCE.NS …
2026-07-21 06:20:10,378  INFO      [13/107] fetching TCS.NS …
2026-07-21 06:20:10,995  INFO      [14/107] fetching HDFCBANK.NS …
2026-07-21 06:20:11,595  INFO      [15/107] fetching INFY.NS …
2026-07-21 06:20:12,177  INFO      [16/107] fetching ICICIBANK.NS …
2026-07-21 06:20:12,788  INFO      [17/107] fetching HINDUNILVR.NS …
2026-07-21 06:20:13,390  INFO      [18/107] fetching SBIN.NS …
2026-07-21 06:20:14,013  INFO      [19/107] fetching BHARTIARTL.NS …
2026-07-21 06:20:14,582  INFO      [20/107] fetching KOTAKBANK.NS …
2026-07-21 06:20:15,182  INFO      [21/107] fetching LT.NS …
2026-07-21 06:20:15,806  INFO      [22/107] fetching AXISBANK.NS …
2026-07-21 06:20:16,473  INFO      [23/107] fetching BAJFINANCE.NS …
2026-07-21 06:20:17,070  INFO      [24/107] fetching ASIANPAINT.NS …
2026-07-21 06:20:17,654  INFO      [25/107] fetching MARUTI.NS …
2026-07-21 06:20:18,247  INFO      [26/107] fetching HCLTECH.NS …
2026-07-21 06:20:18,847  INFO      [27/107] fetching SUNPHARMA.NS …
2026-07-21 06:20:19,426  INFO      [28/107] fetching TITAN.NS …
2026-07-21 06:20:20,045  INFO      [29/107] fetching ULTRACEMCO.NS …
2026-07-21 06:20:20,632  INFO      [30/107] fetching WIPRO.NS …
2026-07-21 06:20:21,240  INFO      [31/107] fetching NESTLEIND.NS …
2026-07-21 06:20:21,840  INFO      [32/107] fetching ADANIENT.NS …
2026-07-21 06:20:22,430  INFO      [33/107] fetching NTPC.NS …
2026-07-21 06:20:23,001  INFO      [34/107] fetching TATAMOTORS.NS …
2026-07-21 06:20:24,371  WARNING   [TATAMOTORS.NS] insufficient history (0 rows)
2026-07-21 06:20:24,771  INFO      [35/107] fetching M&M.NS …
2026-07-21 06:20:25,406  INFO      [36/107] fetching TATASTEEL.NS …
2026-07-21 06:20:26,076  INFO      [37/107] fetching JSWSTEEL.NS …
2026-07-21 06:20:26,676  INFO      [38/107] fetching ONGC.NS …
2026-07-21 06:20:27,287  INFO      [39/107] fetching TECHM.NS …
2026-07-21 06:20:27,903  INFO      [40/107] fetching BAJAJFINSV.NS …
2026-07-21 06:20:28,468  INFO      [41/107] fetching HINDALCO.NS …
2026-07-21 06:20:29,120  INFO      [42/107] fetching GRASIM.NS …
2026-07-21 06:20:29,719  INFO      [43/107] fetching DRREDDY.NS …
2026-07-21 06:20:30,295  INFO      [44/107] fetching CIPLA.NS …
2026-07-21 06:20:30,862  INFO      [45/107] fetching DIVISLAB.NS …
2026-07-21 06:20:31,508  INFO      [46/107] fetching EICHERMOT.NS …
2026-07-21 06:20:32,105  INFO      [47/107] fetching BRITANNIA.NS …
2026-07-21 06:20:32,685  INFO      [48/107] fetching HEROMOTOCO.NS …
2026-07-21 06:20:33,272  INFO      [49/107] fetching BAJAJ-AUTO.NS …
2026-07-21 06:20:33,894  INFO      [50/107] fetching INDUSINDBK.NS …
2026-07-21 06:20:34,501  INFO      [51/107] fetching APOLLOHOSP.NS …
2026-07-21 06:20:35,122  INFO      [52/107] fetching TATACONSUM.NS …
2026-07-21 06:20:35,748  INFO      [53/107] fetching UPL.NS …
2026-07-21 06:20:36,322  INFO      [54/107] fetching BPCL.NS …
2026-07-21 06:20:36,927  INFO      [55/107] fetching SBILIFE.NS …
2026-07-21 06:20:37,508  INFO      [56/107] fetching HDFCLIFE.NS …
2026-07-21 06:20:38,110  INFO      [57/107] fetching ADANIPORTS.NS …
2026-07-21 06:20:38,734  INFO      [58/107] fetching LTIM.NS …
2026-07-21 06:20:39,448  WARNING   [LTIM.NS] insufficient history (0 rows)
2026-07-21 06:20:39,848  INFO      [59/107] fetching ABB.NS …
2026-07-21 06:20:40,443  INFO      [60/107] fetching ADANIGREEN.NS …
2026-07-21 06:20:41,044  INFO      [61/107] fetching ADANIPOWER.NS …
2026-07-21 06:20:41,611  INFO      [62/107] fetching AMBUJACEM.NS …
2026-07-21 06:20:42,216  INFO      [63/107] fetching DMART.NS …
2026-07-21 06:20:42,812  INFO      [64/107] fetching BAJAJHLDNG.NS …
2026-07-21 06:20:43,437  INFO      [65/107] fetching BANKBARODA.NS …
2026-07-21 06:20:44,027  INFO      [66/107] fetching BERGEPAINT.NS …
2026-07-21 06:20:44,616  INFO      [67/107] fetching BOSCHLTD.NS …
2026-07-21 06:20:45,206  INFO      [68/107] fetching CANBK.NS …
2026-07-21 06:20:45,838  INFO      [69/107] fetching CHOLAFIN.NS …
2026-07-21 06:20:46,448  INFO      [70/107] fetching COLPAL.NS …
2026-07-21 06:20:47,015  INFO      [71/107] fetching DABUR.NS …
2026-07-21 06:20:47,659  INFO      [72/107] fetching DLF.NS …
2026-07-21 06:20:48,265  INFO      [73/107] fetching GAIL.NS …
2026-07-21 06:20:48,844  INFO      [74/107] fetching GODREJCP.NS …
2026-07-21 06:20:49,415  INFO      [75/107] fetching HAVELLS.NS …
2026-07-21 06:20:50,016  INFO      [76/107] fetching HAL.NS …
2026-07-21 06:20:50,599  INFO      [77/107] fetching ICICIGI.NS …
2026-07-21 06:20:51,182  INFO      [78/107] fetching ICICIPRULI.NS …
2026-07-21 06:20:51,791  INFO      [79/107] fetching IOC.NS …
2026-07-21 06:20:52,370  INFO      [80/107] fetching IRCTC.NS …
2026-07-21 06:20:53,041  INFO      [81/107] fetching JINDALSTEL.NS …
2026-07-21 06:20:53,614  INFO      [82/107] fetching LICI.NS …
2026-07-21 06:20:54,190  INFO      [83/107] fetching MARICO.NS …
2026-07-21 06:20:54,815  INFO      [84/107] fetching MOTHERSON.NS …
2026-07-21 06:20:55,413  INFO      [85/107] fetching NAUKRI.NS …
2026-07-21 06:20:56,041  INFO      [86/107] fetching PIDILITIND.NS …
2026-07-21 06:20:56,632  INFO      [87/107] fetching PNB.NS …
2026-07-21 06:20:57,225  INFO      [88/107] fetching PFC.NS …
2026-07-21 06:20:57,791  INFO      [89/107] fetching RECLTD.NS …
2026-07-21 06:20:58,412  INFO      [90/107] fetching SIEMENS.NS …
2026-07-21 06:20:58,973  INFO      [91/107] fetching SRF.NS …
2026-07-21 06:20:59,591  INFO      [92/107] fetching SHREECEM.NS …
2026-07-21 06:21:00,197  INFO      [93/107] fetching SHRIRAMFIN.NS …
2026-07-21 06:21:00,838  INFO      [94/107] fetching TORNTPHARM.NS …
2026-07-21 06:21:01,511  INFO      [95/107] fetching TRENT.NS …
2026-07-21 06:21:02,118  INFO      [96/107] fetching TVSMOTOR.NS …
2026-07-21 06:21:02,693  INFO      [97/107] fetching VEDL.NS …
2026-07-21 06:21:03,273  INFO      [98/107] fetching VBL.NS …
2026-07-21 06:21:03,863  INFO      [99/107] fetching ZOMATO.NS …
2026-07-21 06:21:04,797  WARNING   [ZOMATO.NS] insufficient history (0 rows)
2026-07-21 06:21:05,197  INFO      [100/107] fetching ZYDUSLIFE.NS …
2026-07-21 06:21:05,826  INFO      [101/107] fetching INDIGO.NS …
2026-07-21 06:21:06,408  INFO      [102/107] fetching IDEA.NS …
2026-07-21 06:21:06,978  INFO      [103/107] fetching BANKINDIA.NS …
2026-07-21 06:21:07,582  INFO      [104/107] fetching PAGEIND.NS …
2026-07-21 06:21:08,205  INFO      [105/107] fetching MUTHOOTFIN.NS …
2026-07-21 06:21:08,796  INFO      [106/107] fetching TATAELXSI.NS …
2026-07-21 06:21:09,387  INFO      [107/107] fetching LUPIN.NS …
2026-07-21 06:21:09,597  INFO      Fetched 104/107 symbols successfully.
2026-07-21 06:21:11,935  WARNING   [MF 120503] fetch failed: HTTPSConnectionPool(host='api.mfapi.in', port=443): Read timed out. (read timeout=2)
2026-07-21 06:21:14,136  INFO      Fetched 200 headlines from RSS (Indian + global/geopolitics).
2026-07-21 06:21:20,618  INFO      Macro regime: neutral | bias=0 | geo-risk=26.5
2026-07-21 06:21:20,979  INFO      NSE corp announcements: 20 filings
2026-07-21 06:21:22,778  INFO      Angel One login successful.
2026-07-21 06:21:23,890  INFO      Saved report → data/stock_reports/2026-07-21_0621.json
2026-07-21 06:21:24,454  INFO      Report image saved → logs/stock_analyzer/2026-07-21/stock_report.png  [1920×1280]
2026-07-21 06:21:24,454  INFO      Dry-run: skipping send. Image + PDF saved locally; console printed.
2026-07-21 06:21:24,455  INFO      == Stock analyzer run complete ==
2026-07-21 06:21:24,457  INFO      [Note] PAPER TRADING -- virtual cash Rs 100,000, max_positions=6 max_pct=15% buckets=('intraday', 'swing') state=data/paper_trader_state.json
2026-07-21 06:21:24,457  INFO      [Note] PAPER TRADING -- virtual cash Rs 100,000, max_positions=6 max_pct=15% buckets=('intraday', 'swing') state=data/paper_trader_state.json
2026-07-21 06:21:24,459  INFO      paper-trader: new day, archived 6 trades (cumulative ₹-3,182)
2026-07-21 06:22:40,376  INFO      [DRY] Angel order would be: {'variety': 'NORMAL', 'tradingsymbol': 'INDUSINDBK-EQ', 'symboltoken': '5258', 'transactiontype': 'BUY', 'exchange': 'NSE', 'ordertype': 'MARKET', 'producttype': 'INTRADAY', 'duration': 'DAY', 'price': '0', 'squareoff': '0', 'stoploss': '0', 'quantity': '11'}
2026-07-21 06:22:40,376  INFO      [OPEN] [DRY] INDUSINDBK.NS qty=11 @ Rs 1058.00 SL Rs 1032.64 TGT Rs 1108.58 (order=None)
2026-07-21 06:22:40,376  INFO      [DRY] Angel order would be: {'variety': 'NORMAL', 'tradingsymbol': 'TORNTPHARM-EQ', 'symboltoken': '3518', 'transactiontype': 'BUY', 'exchange': 'NSE', 'ordertype': 'MARKET', 'producttype': 'INTRADAY', 'duration': 'DAY', 'price': '0', 'squareoff': '0', 'stoploss': '0', 'quantity': '2'}
2026-07-21 06:22:40,376  INFO      [OPEN] [DRY] TORNTPHARM.NS qty=2 @ Rs 5003.50 SL Rs 4865.41 TGT Rs 5241.91 (order=None)
2026-07-21 06:22:40,376  INFO      [DRY] Angel order would be: {'variety': 'NORMAL', 'tradingsymbol': 'HAVELLS-EQ', 'symboltoken': '9819', 'transactiontype': 'BUY', 'exchange': 'NSE', 'ordertype': 'MARKET', 'producttype': 'INTRADAY', 'duration': 'DAY', 'price': '0', 'squareoff': '0', 'stoploss': '0', 'quantity': '7'}
2026-07-21 06:22:40,376  INFO      [OPEN] [DRY] HAVELLS.NS qty=7 @ Rs 1212.60 SL Rs 1182.41 TGT Rs 1215.76 (order=None)
2026-07-21 06:22:40,376  INFO      [DRY] Angel order would be: {'variety': 'NORMAL', 'tradingsymbol': 'UPL-EQ', 'symboltoken': '11287', 'transactiontype': 'BUY', 'exchange': 'NSE', 'ordertype': 'MARKET', 'producttype': 'INTRADAY', 'duration': 'DAY', 'price': '0', 'squareoff': '0', 'stoploss': '0', 'quantity': '12'}
2026-07-21 06:22:40,376  INFO      [OPEN] [DRY] UPL.NS qty=12 @ Rs 616.10 SL Rs 600.21 TGT Rs 627.74 (order=None)
2026-07-21 06:22:40,381  INFO      tick result: {'ok': True, 'actions': 4, 'open_trades': 6, 'closed_today': 0, 'realised_pnl': 0.0, 'cumulative_pnl': -3182.18, 'halted': False, 'messages': ['[OPEN] [DRY] INDUSINDBK.NS qty=11 @ Rs 1058.00 SL Rs 1032.64 TGT Rs 1108.58 (order=None)', '[OPEN] [DRY] TORNTPHARM.NS qty=2 @ Rs 5003.50 SL Rs 4865.41 TGT Rs 5241.91 (order=None)', '[OPEN] [DRY] HAVELLS.NS qty=7 @ Rs 1212.60 SL Rs 1182.41 TGT Rs 1215.76 (order=None)', '[OPEN] [DRY] UPL.NS qty=12 @ Rs 616.10 SL Rs 600.21 TGT Rs 627.74 (order=None)']}
2026-07-21 06:22:40,381  INFO      tick result: {'ok': True, 'actions': 4, 'open_trades': 6, 'closed_today': 0, 'realised_pnl': 0.0, 'cumulative_pnl': -3182.18, 'halted': False, 'messages': ['[OPEN] [DRY] INDUSINDBK.NS qty=11 @ Rs 1058.00 SL Rs 1032.64 TGT Rs 1108.58 (order=None)', '[OPEN] [DRY] TORNTPHARM.NS qty=2 @ Rs 5003.50 SL Rs 4865.41 TGT Rs 5241.91 (order=None)', '[OPEN] [DRY] HAVELLS.NS qty=7 @ Rs 1212.60 SL Rs 1182.41 TGT Rs 1215.76 (order=None)', '[OPEN] [DRY] UPL.NS qty=12 @ Rs 616.10 SL Rs 600.21 TGT Rs 627.74 (order=None)']}
