2026-05-21 07:38:54,689  INFO      angel_one starting ... (cmd=paper-trade)
2026-05-21 07:38:54,689  INFO      angel_one starting ... (cmd=paper-trade)
2026-05-21 07:38:54,703  INFO      refresh: generating today's picks via analyzer (dry-run, no PDF)
2026-05-21 07:38:54,703  INFO      refresh: generating today's picks via analyzer (dry-run, no PDF)
2026-05-21 07:38:56,152  INFO      == Stock analyzer run starting ==
2026-05-21 07:38:56,153  INFO      Watchlist: 11 symbols from data/stock_watchlist.txt
2026-05-21 07:38:56,153  INFO      Universe: 107 symbols (total available: 107)
2026-05-21 07:38:56,962  INFO      [1/107] fetching TATAPOWER.NS …
2026-05-21 07:38:57,486  INFO      [2/107] fetching IRFC.NS …
2026-05-21 07:38:57,977  INFO      [3/107] fetching SUZLON.NS …
2026-05-21 07:38:58,458  INFO      [4/107] fetching IREDA.NS …
2026-05-21 07:38:58,936  INFO      [5/107] fetching BHEL.NS …
2026-05-21 07:38:59,446  INFO      [6/107] fetching KPITTECH.NS …
2026-05-21 07:38:59,932  INFO      [7/107] fetching POLYCAB.NS …
2026-05-21 07:39:00,417  INFO      [8/107] fetching PERSISTENT.NS …
2026-05-21 07:39:00,910  INFO      [9/107] fetching ITC.NS …
2026-05-21 07:39:01,421  INFO      [10/107] fetching POWERGRID.NS …
2026-05-21 07:39:01,925  INFO      [11/107] fetching COALINDIA.NS …
2026-05-21 07:39:02,423  INFO      [12/107] fetching RELIANCE.NS …
2026-05-21 07:39:02,988  INFO      [13/107] fetching TCS.NS …
2026-05-21 07:39:03,495  INFO      [14/107] fetching HDFCBANK.NS …
2026-05-21 07:39:04,001  INFO      [15/107] fetching INFY.NS …
2026-05-21 07:39:04,512  INFO      [16/107] fetching ICICIBANK.NS …
2026-05-21 07:39:05,030  INFO      [17/107] fetching HINDUNILVR.NS …
2026-05-21 07:39:05,548  INFO      [18/107] fetching SBIN.NS …
2026-05-21 07:39:06,059  INFO      [19/107] fetching BHARTIARTL.NS …
2026-05-21 07:39:06,561  INFO      [20/107] fetching KOTAKBANK.NS …
2026-05-21 07:39:07,066  INFO      [21/107] fetching LT.NS …
2026-05-21 07:39:07,560  INFO      [22/107] fetching AXISBANK.NS …
2026-05-21 07:39:08,306  INFO      [23/107] fetching BAJFINANCE.NS …
2026-05-21 07:39:08,808  INFO      [24/107] fetching ASIANPAINT.NS …
2026-05-21 07:39:09,360  INFO      [25/107] fetching MARUTI.NS …
2026-05-21 07:39:09,861  INFO      [26/107] fetching HCLTECH.NS …
2026-05-21 07:39:10,376  INFO      [27/107] fetching SUNPHARMA.NS …
2026-05-21 07:39:10,892  INFO      [28/107] fetching TITAN.NS …
2026-05-21 07:39:11,392  INFO      [29/107] fetching ULTRACEMCO.NS …
2026-05-21 07:39:11,897  INFO      [30/107] fetching WIPRO.NS …
2026-05-21 07:39:12,413  INFO      [31/107] fetching NESTLEIND.NS …
2026-05-21 07:39:12,914  INFO      [32/107] fetching ADANIENT.NS …
2026-05-21 07:39:13,409  INFO      [33/107] fetching NTPC.NS …
2026-05-21 07:39:13,921  INFO      [34/107] fetching TATAMOTORS.NS …
2026-05-21 07:39:15,636  WARNING   [TATAMOTORS.NS] insufficient history (0 rows)
2026-05-21 07:39:16,036  INFO      [35/107] fetching M&M.NS …
2026-05-21 07:39:16,553  INFO      [36/107] fetching TATASTEEL.NS …
2026-05-21 07:39:17,062  INFO      [37/107] fetching JSWSTEEL.NS …
2026-05-21 07:39:17,559  INFO      [38/107] fetching ONGC.NS …
2026-05-21 07:39:18,072  INFO      [39/107] fetching TECHM.NS …
2026-05-21 07:39:18,576  INFO      [40/107] fetching BAJAJFINSV.NS …
2026-05-21 07:39:19,076  INFO      [41/107] fetching HINDALCO.NS …
2026-05-21 07:39:19,592  INFO      [42/107] fetching GRASIM.NS …
2026-05-21 07:39:20,101  INFO      [43/107] fetching DRREDDY.NS …
2026-05-21 07:39:20,607  INFO      [44/107] fetching CIPLA.NS …
2026-05-21 07:39:21,115  INFO      [45/107] fetching DIVISLAB.NS …
2026-05-21 07:39:21,667  INFO      [46/107] fetching EICHERMOT.NS …
2026-05-21 07:39:22,177  INFO      [47/107] fetching BRITANNIA.NS …
2026-05-21 07:39:22,678  INFO      [48/107] fetching HEROMOTOCO.NS …
2026-05-21 07:39:23,186  INFO      [49/107] fetching BAJAJ-AUTO.NS …
2026-05-21 07:39:23,681  INFO      [50/107] fetching INDUSINDBK.NS …
2026-05-21 07:39:24,177  INFO      [51/107] fetching APOLLOHOSP.NS …
2026-05-21 07:39:24,680  INFO      [52/107] fetching TATACONSUM.NS …
2026-05-21 07:39:25,188  INFO      [53/107] fetching UPL.NS …
2026-05-21 07:39:25,687  INFO      [54/107] fetching BPCL.NS …
2026-05-21 07:39:26,203  INFO      [55/107] fetching SBILIFE.NS …
2026-05-21 07:39:26,687  INFO      [56/107] fetching HDFCLIFE.NS …
2026-05-21 07:39:27,177  INFO      [57/107] fetching ADANIPORTS.NS …
2026-05-21 07:39:27,679  INFO      [58/107] fetching LTIM.NS …
2026-05-21 07:39:28,732  WARNING   [LTIM.NS] insufficient history (0 rows)
2026-05-21 07:39:29,132  INFO      [59/107] fetching ABB.NS …
2026-05-21 07:39:29,630  INFO      [60/107] fetching ADANIGREEN.NS …
2026-05-21 07:39:30,105  INFO      [61/107] fetching ADANIPOWER.NS …
2026-05-21 07:39:30,580  INFO      [62/107] fetching AMBUJACEM.NS …
2026-05-21 07:39:31,084  INFO      [63/107] fetching DMART.NS …
2026-05-21 07:39:31,564  INFO      [64/107] fetching BAJAJHLDNG.NS …
2026-05-21 07:39:32,064  INFO      [65/107] fetching BANKBARODA.NS …
2026-05-21 07:39:32,571  INFO      [66/107] fetching BERGEPAINT.NS …
2026-05-21 07:39:33,072  INFO      [67/107] fetching BOSCHLTD.NS …
2026-05-21 07:39:33,573  INFO      [68/107] fetching CANBK.NS …
2026-05-21 07:39:34,082  INFO      [69/107] fetching CHOLAFIN.NS …
2026-05-21 07:39:34,586  INFO      [70/107] fetching COLPAL.NS …
2026-05-21 07:39:35,089  INFO      [71/107] fetching DABUR.NS …
2026-05-21 07:39:35,589  INFO      [72/107] fetching DLF.NS …
2026-05-21 07:39:36,083  INFO      [73/107] fetching GAIL.NS …
2026-05-21 07:39:36,589  INFO      [74/107] fetching GODREJCP.NS …
2026-05-21 07:39:37,095  INFO      [75/107] fetching HAVELLS.NS …
2026-05-21 07:39:37,613  INFO      [76/107] fetching HAL.NS …
2026-05-21 07:39:38,097  INFO      [77/107] fetching ICICIGI.NS …
2026-05-21 07:39:38,585  INFO      [78/107] fetching ICICIPRULI.NS …
2026-05-21 07:39:39,122  INFO      [79/107] fetching IOC.NS …
2026-05-21 07:39:39,632  INFO      [80/107] fetching IRCTC.NS …
2026-05-21 07:39:40,119  INFO      [81/107] fetching JINDALSTEL.NS …
2026-05-21 07:39:40,633  INFO      [82/107] fetching LICI.NS …
2026-05-21 07:39:41,163  INFO      [83/107] fetching MARICO.NS …
2026-05-21 07:39:41,672  INFO      [84/107] fetching MOTHERSON.NS …
2026-05-21 07:39:42,178  INFO      [85/107] fetching NAUKRI.NS …
2026-05-21 07:39:42,670  INFO      [86/107] fetching PIDILITIND.NS …
2026-05-21 07:39:43,173  INFO      [87/107] fetching PNB.NS …
2026-05-21 07:39:43,679  INFO      [88/107] fetching PFC.NS …
2026-05-21 07:39:44,174  INFO      [89/107] fetching RECLTD.NS …
2026-05-21 07:39:44,675  INFO      [90/107] fetching SIEMENS.NS …
2026-05-21 07:39:45,176  INFO      [91/107] fetching SRF.NS …
2026-05-21 07:39:45,674  INFO      [92/107] fetching SHREECEM.NS …
2026-05-21 07:39:46,178  INFO      [93/107] fetching SHRIRAMFIN.NS …
2026-05-21 07:39:46,682  INFO      [94/107] fetching TORNTPHARM.NS …
2026-05-21 07:39:47,185  INFO      [95/107] fetching TRENT.NS …
2026-05-21 07:39:47,687  INFO      [96/107] fetching TVSMOTOR.NS …
2026-05-21 07:39:48,191  INFO      [97/107] fetching VEDL.NS …
2026-05-21 07:39:48,700  INFO      [98/107] fetching VBL.NS …
2026-05-21 07:39:49,189  INFO      [99/107] fetching ZOMATO.NS …
2026-05-21 07:39:50,216  WARNING   [ZOMATO.NS] insufficient history (0 rows)
2026-05-21 07:39:50,617  INFO      [100/107] fetching ZYDUSLIFE.NS …
2026-05-21 07:39:51,114  INFO      [101/107] fetching INDIGO.NS …
2026-05-21 07:39:51,599  INFO      [102/107] fetching IDEA.NS …
2026-05-21 07:39:52,079  INFO      [103/107] fetching BANKINDIA.NS …
2026-05-21 07:39:52,586  INFO      [104/107] fetching PAGEIND.NS …
2026-05-21 07:39:53,084  INFO      [105/107] fetching MUTHOOTFIN.NS …
2026-05-21 07:39:53,577  INFO      [106/107] fetching TATAELXSI.NS …
2026-05-21 07:39:54,095  INFO      [107/107] fetching LUPIN.NS …
2026-05-21 07:39:54,192  INFO      Fetched 104/107 symbols successfully.
2026-05-21 07:39:59,865  INFO      Fetched 200 headlines from RSS (Indian + global/geopolitics).
2026-05-21 07:40:03,298  INFO      Macro regime: risk-on | bias=2 | geo-risk=52.1
2026-05-21 07:40:03,493  INFO      NSE corp announcements: 20 filings
2026-05-21 07:40:05,179  INFO      Angel One login successful.
2026-05-21 07:40:05,791  INFO      Saved report → data/stock_reports/2026-05-21_0740.json
2026-05-21 07:40:06,179  INFO      Report image saved → logs/stock_analyzer/2026-05-21/stock_report.png  [1920×1280]
2026-05-21 07:40:06,180  INFO      Dry-run: skipping send. Image + PDF saved locally; console printed.
2026-05-21 07:40:06,180  INFO      == Stock analyzer run complete ==
2026-05-21 07:40:06,183  INFO      [Note] PAPER TRADING -- virtual cash Rs 100,000, max_positions=6 max_pct=15% buckets=('intraday', 'swing') state=data/paper_trader_state.json
2026-05-21 07:40:06,183  INFO      [Note] PAPER TRADING -- virtual cash Rs 100,000, max_positions=6 max_pct=15% buckets=('intraday', 'swing') state=data/paper_trader_state.json
2026-05-21 07:40:06,184  INFO      paper-trader: new day, archived 5 trades (cumulative ₹+740)
2026-05-21 07:40:20,703  INFO      [DRY] Angel order would be: {'variety': 'NORMAL', 'tradingsymbol': 'MOTHERSON-EQ', 'symboltoken': '4204', 'transactiontype': 'BUY', 'exchange': 'NSE', 'ordertype': 'MARKET', 'producttype': 'INTRADAY', 'duration': 'DAY', 'price': '0', 'squareoff': '0', 'stoploss': '0', 'quantity': '102'}
2026-05-21 07:40:20,703  INFO      [OPEN] [DRY] MOTHERSON.NS qty=102 @ Rs 136.03 SL Rs 131.35 TGT Rs 135.88 (order=None)
2026-05-21 07:40:20,703  INFO      [DRY] Angel order would be: {'variety': 'NORMAL', 'tradingsymbol': 'APOLLOHOSP-EQ', 'symboltoken': '157', 'transactiontype': 'BUY', 'exchange': 'NSE', 'ordertype': 'MARKET', 'producttype': 'INTRADAY', 'duration': 'DAY', 'price': '0', 'squareoff': '0', 'stoploss': '0', 'quantity': '1'}
2026-05-21 07:40:20,703  INFO      [OPEN] [DRY] APOLLOHOSP.NS qty=1 @ Rs 8320.00 SL Rs 8150.18 TGT Rs 8715.38 (order=None)
2026-05-21 07:40:20,703  INFO      [DRY] Angel order would be: {'variety': 'NORMAL', 'tradingsymbol': 'GRASIM-EQ', 'symboltoken': '1232', 'transactiontype': 'BUY', 'exchange': 'NSE', 'ordertype': 'MARKET', 'producttype': 'INTRADAY', 'duration': 'DAY', 'price': '0', 'squareoff': '0', 'stoploss': '0', 'quantity': '3'}
2026-05-21 07:40:20,703  INFO      [OPEN] [DRY] GRASIM.NS qty=3 @ Rs 3130.00 SL Rs 3049.40 TGT Rs 3270.50 (order=None)
2026-05-21 07:40:20,703  INFO      [DRY] Angel order would be: {'variety': 'NORMAL', 'tradingsymbol': 'LICI-EQ', 'symboltoken': '9480', 'transactiontype': 'BUY', 'exchange': 'NSE', 'ordertype': 'MARKET', 'producttype': 'INTRADAY', 'duration': 'DAY', 'price': '0', 'squareoff': '0', 'stoploss': '0', 'quantity': '11'}
2026-05-21 07:40:20,704  INFO      [OPEN] [DRY] LICI.NS qty=11 @ Rs 805.25 SL Rs 800.03 TGT Rs 814.07 (order=None)
2026-05-21 07:40:20,704  INFO      [DRY] Angel order would be: {'variety': 'NORMAL', 'tradingsymbol': 'DRREDDY-EQ', 'symboltoken': '881', 'transactiontype': 'BUY', 'exchange': 'NSE', 'ordertype': 'MARKET', 'producttype': 'INTRADAY', 'duration': 'DAY', 'price': '0', 'squareoff': '0', 'stoploss': '0', 'quantity': '5'}
2026-05-21 07:40:20,704  INFO      [OPEN] [DRY] DRREDDY.NS qty=5 @ Rs 1325.30 SL Rs 1264.44 TGT Rs 1457.33 (order=None)
2026-05-21 07:40:20,705  INFO      tick result: {'ok': True, 'actions': 5, 'open_trades': 6, 'closed_today': 0, 'realised_pnl': 0.0, 'cumulative_pnl': 739.75, 'halted': False, 'messages': ['[OPEN] [DRY] MOTHERSON.NS qty=102 @ Rs 136.03 SL Rs 131.35 TGT Rs 135.88 (order=None)', '[OPEN] [DRY] APOLLOHOSP.NS qty=1 @ Rs 8320.00 SL Rs 8150.18 TGT Rs 8715.38 (order=None)', '[OPEN] [DRY] GRASIM.NS qty=3 @ Rs 3130.00 SL Rs 3049.40 TGT Rs 3270.50 (order=None)', '[OPEN] [DRY] LICI.NS qty=11 @ Rs 805.25 SL Rs 800.03 TGT Rs 814.07 (order=None)', '[OPEN] [DRY] DRREDDY.NS qty=5 @ Rs 1325.30 SL Rs 1264.44 TGT Rs 1457.33 (order=None)']}
2026-05-21 07:40:20,705  INFO      tick result: {'ok': True, 'actions': 5, 'open_trades': 6, 'closed_today': 0, 'realised_pnl': 0.0, 'cumulative_pnl': 739.75, 'halted': False, 'messages': ['[OPEN] [DRY] MOTHERSON.NS qty=102 @ Rs 136.03 SL Rs 131.35 TGT Rs 135.88 (order=None)', '[OPEN] [DRY] APOLLOHOSP.NS qty=1 @ Rs 8320.00 SL Rs 8150.18 TGT Rs 8715.38 (order=None)', '[OPEN] [DRY] GRASIM.NS qty=3 @ Rs 3130.00 SL Rs 3049.40 TGT Rs 3270.50 (order=None)', '[OPEN] [DRY] LICI.NS qty=11 @ Rs 805.25 SL Rs 800.03 TGT Rs 814.07 (order=None)', '[OPEN] [DRY] DRREDDY.NS qty=5 @ Rs 1325.30 SL Rs 1264.44 TGT Rs 1457.33 (order=None)']}
