2026-10-01 10:29:57,784  INFO      angel_one starting ... (cmd=paper-trade)
2026-10-01 10:29:57,784  INFO      angel_one starting ... (cmd=paper-trade)
2026-10-01 10:29:57,800  INFO      refresh: generating today's picks via analyzer (dry-run, no PDF)
2026-10-01 10:29:57,800  INFO      refresh: generating today's picks via analyzer (dry-run, no PDF)
2026-10-01 10:29:58,445  INFO      == Stock analyzer run starting ==
2026-10-01 10:29:58,446  INFO      Watchlist: 11 symbols from data/stock_watchlist.txt
2026-10-01 10:29:58,446  INFO      Universe: 107 symbols (total available: 107)
2026-10-01 10:29:58,907  INFO      [1/107] fetching TATAPOWER.NS …
2026-10-01 10:29:59,462  INFO      [2/107] fetching IRFC.NS …
2026-10-01 10:29:59,949  INFO      [3/107] fetching SUZLON.NS …
2026-10-01 10:30:00,443  INFO      [4/107] fetching IREDA.NS …
2026-10-01 10:30:00,917  INFO      [5/107] fetching BHEL.NS …
2026-10-01 10:30:01,448  INFO      [6/107] fetching KPITTECH.NS …
2026-10-01 10:30:01,932  INFO      [7/107] fetching POLYCAB.NS …
2026-10-01 10:30:02,428  INFO      [8/107] fetching PERSISTENT.NS …
2026-10-01 10:30:02,919  INFO      [9/107] fetching ITC.NS …
2026-10-01 10:30:03,421  INFO      [10/107] fetching POWERGRID.NS …
2026-10-01 10:30:03,913  INFO      [11/107] fetching COALINDIA.NS …
2026-10-01 10:30:04,400  INFO      [12/107] fetching RELIANCE.NS …
2026-10-01 10:30:04,900  INFO      [13/107] fetching TCS.NS …
2026-10-01 10:30:05,418  INFO      [14/107] fetching HDFCBANK.NS …
2026-10-01 10:30:05,947  INFO      [15/107] fetching INFY.NS …
2026-10-01 10:30:06,446  INFO      [16/107] fetching ICICIBANK.NS …
2026-10-01 10:30:06,940  INFO      [17/107] fetching HINDUNILVR.NS …
2026-10-01 10:30:07,441  INFO      [18/107] fetching SBIN.NS …
2026-10-01 10:30:07,966  INFO      [19/107] fetching BHARTIARTL.NS …
2026-10-01 10:30:08,457  INFO      [20/107] fetching KOTAKBANK.NS …
2026-10-01 10:30:08,992  INFO      [21/107] fetching LT.NS …
2026-10-01 10:30:09,497  INFO      [22/107] fetching AXISBANK.NS …
2026-10-01 10:30:10,007  INFO      [23/107] fetching BAJFINANCE.NS …
2026-10-01 10:30:10,499  INFO      [24/107] fetching ASIANPAINT.NS …
2026-10-01 10:30:11,005  INFO      [25/107] fetching MARUTI.NS …
2026-10-01 10:30:11,525  INFO      [26/107] fetching HCLTECH.NS …
2026-10-01 10:30:12,027  INFO      [27/107] fetching SUNPHARMA.NS …
2026-10-01 10:30:12,539  INFO      [28/107] fetching TITAN.NS …
2026-10-01 10:30:13,029  INFO      [29/107] fetching ULTRACEMCO.NS …
2026-10-01 10:30:13,517  INFO      [30/107] fetching WIPRO.NS …
2026-10-01 10:30:14,030  INFO      [31/107] fetching NESTLEIND.NS …
2026-10-01 10:30:14,568  INFO      [32/107] fetching ADANIENT.NS …
2026-10-01 10:30:15,074  INFO      [33/107] fetching NTPC.NS …
2026-10-01 10:30:15,574  INFO      [34/107] fetching TATAMOTORS.NS …
2026-10-01 10:30:24,358  WARNING   [TATAMOTORS.NS] insufficient history (0 rows)
2026-10-01 10:30:24,758  INFO      [35/107] fetching M&M.NS …
2026-10-01 10:30:25,260  INFO      [36/107] fetching TATASTEEL.NS …
2026-10-01 10:30:25,757  INFO      [37/107] fetching JSWSTEEL.NS …
2026-10-01 10:30:26,252  INFO      [38/107] fetching ONGC.NS …
2026-10-01 10:30:26,758  INFO      [39/107] fetching TECHM.NS …
2026-10-01 10:30:27,245  INFO      [40/107] fetching BAJAJFINSV.NS …
2026-10-01 10:30:27,750  INFO      [41/107] fetching HINDALCO.NS …
2026-10-01 10:30:28,283  INFO      [42/107] fetching GRASIM.NS …
2026-10-01 10:30:28,782  INFO      [43/107] fetching DRREDDY.NS …
2026-10-01 10:30:29,290  INFO      [44/107] fetching CIPLA.NS …
2026-10-01 10:30:29,809  INFO      [45/107] fetching DIVISLAB.NS …
2026-10-01 10:30:30,298  INFO      [46/107] fetching EICHERMOT.NS …
2026-10-01 10:30:30,806  INFO      [47/107] fetching BRITANNIA.NS …
2026-10-01 10:30:31,305  INFO      [48/107] fetching HEROMOTOCO.NS …
2026-10-01 10:30:31,811  INFO      [49/107] fetching BAJAJ-AUTO.NS …
2026-10-01 10:30:32,330  INFO      [50/107] fetching INDUSINDBK.NS …
2026-10-01 10:30:32,827  INFO      [51/107] fetching APOLLOHOSP.NS …
2026-10-01 10:30:33,327  INFO      [52/107] fetching TATACONSUM.NS …
2026-10-01 10:30:33,834  INFO      [53/107] fetching UPL.NS …
2026-10-01 10:30:34,335  INFO      [54/107] fetching BPCL.NS …
2026-10-01 10:30:34,844  INFO      [55/107] fetching SBILIFE.NS …
2026-10-01 10:30:35,354  INFO      [56/107] fetching HDFCLIFE.NS …
2026-10-01 10:30:35,837  INFO      [57/107] fetching ADANIPORTS.NS …
2026-10-01 10:30:36,350  INFO      [58/107] fetching LTIM.NS …
2026-10-01 10:30:45,006  WARNING   [LTIM.NS] insufficient history (0 rows)
2026-10-01 10:30:45,406  INFO      [59/107] fetching ABB.NS …
2026-10-01 10:30:45,901  INFO      [60/107] fetching ADANIGREEN.NS …
2026-10-01 10:30:46,379  INFO      [61/107] fetching ADANIPOWER.NS …
2026-10-01 10:30:46,891  INFO      [62/107] fetching AMBUJACEM.NS …
2026-10-01 10:30:47,395  INFO      [63/107] fetching DMART.NS …
2026-10-01 10:30:47,876  INFO      [64/107] fetching BAJAJHLDNG.NS …
2026-10-01 10:30:48,367  INFO      [65/107] fetching BANKBARODA.NS …
2026-10-01 10:30:48,871  INFO      [66/107] fetching BERGEPAINT.NS …
2026-10-01 10:30:49,377  INFO      [67/107] fetching BOSCHLTD.NS …
2026-10-01 10:30:49,924  INFO      [68/107] fetching CANBK.NS …
2026-10-01 10:30:50,413  INFO      [69/107] fetching CHOLAFIN.NS …
2026-10-01 10:30:50,912  INFO      [70/107] fetching COLPAL.NS …
2026-10-01 10:30:51,433  INFO      [71/107] fetching DABUR.NS …
2026-10-01 10:30:51,928  INFO      [72/107] fetching DLF.NS …
2026-10-01 10:30:52,423  INFO      [73/107] fetching GAIL.NS …
2026-10-01 10:30:52,925  INFO      [74/107] fetching GODREJCP.NS …
2026-10-01 10:30:53,431  INFO      [75/107] fetching HAVELLS.NS …
2026-10-01 10:30:53,948  INFO      [76/107] fetching HAL.NS …
2026-10-01 10:30:54,431  INFO      [77/107] fetching ICICIGI.NS …
2026-10-01 10:30:54,910  INFO      [78/107] fetching ICICIPRULI.NS …
2026-10-01 10:30:55,390  INFO      [79/107] fetching IOC.NS …
2026-10-01 10:30:55,887  INFO      [80/107] fetching IRCTC.NS …
2026-10-01 10:30:56,376  INFO      [81/107] fetching JINDALSTEL.NS …
2026-10-01 10:30:56,901  INFO      [82/107] fetching LICI.NS …
2026-10-01 10:30:57,391  INFO      [83/107] fetching MARICO.NS …
2026-10-01 10:30:57,884  INFO      [84/107] fetching MOTHERSON.NS …
2026-10-01 10:30:58,376  INFO      [85/107] fetching NAUKRI.NS …
2026-10-01 10:30:58,861  INFO      [86/107] fetching PIDILITIND.NS …
2026-10-01 10:30:59,359  INFO      [87/107] fetching PNB.NS …
2026-10-01 10:30:59,888  INFO      [88/107] fetching PFC.NS …
2026-10-01 10:31:00,382  INFO      [89/107] fetching RECLTD.NS …
2026-10-01 10:31:00,898  INFO      [90/107] fetching SIEMENS.NS …
2026-10-01 10:31:01,405  INFO      [91/107] fetching SRF.NS …
2026-10-01 10:31:01,904  INFO      [92/107] fetching SHREECEM.NS …
2026-10-01 10:31:02,400  INFO      [93/107] fetching SHRIRAMFIN.NS …
2026-10-01 10:31:02,902  INFO      [94/107] fetching TORNTPHARM.NS …
2026-10-01 10:31:03,391  INFO      [95/107] fetching TRENT.NS …
2026-10-01 10:31:03,887  INFO      [96/107] fetching TVSMOTOR.NS …
2026-10-01 10:31:04,374  INFO      [97/107] fetching VEDL.NS …
2026-10-01 10:31:04,872  INFO      [98/107] fetching VBL.NS …
2026-10-01 10:31:05,358  INFO      [99/107] fetching ZOMATO.NS …
2026-10-01 10:31:13,878  WARNING   [ZOMATO.NS] insufficient history (0 rows)
2026-10-01 10:31:14,278  INFO      [100/107] fetching ZYDUSLIFE.NS …
2026-10-01 10:31:14,773  INFO      [101/107] fetching INDIGO.NS …
2026-10-01 10:31:15,278  INFO      [102/107] fetching IDEA.NS …
2026-10-01 10:31:15,786  INFO      [103/107] fetching BANKINDIA.NS …
2026-10-01 10:31:16,284  INFO      [104/107] fetching PAGEIND.NS …
2026-10-01 10:31:16,777  INFO      [105/107] fetching MUTHOOTFIN.NS …
2026-10-01 10:31:17,272  INFO      [106/107] fetching TATAELXSI.NS …
2026-10-01 10:31:17,763  INFO      [107/107] fetching LUPIN.NS …
2026-10-01 10:31:17,857  INFO      Fetched 104/107 symbols successfully.
2026-10-01 10:31:22,114  INFO      Fetched 200 headlines from RSS (Indian + global/geopolitics).
2026-10-01 10:31:24,688  INFO      Macro regime: neutral | bias=-1 | geo-risk=54.8
2026-10-01 10:31:24,953  INFO      NSE corp announcements: 20 filings
2026-10-01 10:31:26,554  INFO      Angel One login successful.
2026-10-01 10:31:27,650  INFO      Saved report → data/stock_reports/2026-10-01_1031.json
2026-10-01 10:31:28,366  INFO      Report image saved → logs/stock_analyzer/2026-10-01/stock_report.png  [1920×1280]
2026-10-01 10:31:28,367  INFO      Dry-run: skipping send. Image + PDF saved locally; console printed.
2026-10-01 10:31:28,368  INFO      == Stock analyzer run complete ==
2026-10-01 10:31:28,371  INFO      [Note] PAPER TRADING -- virtual cash Rs 100,000, max_positions=6 max_pct=15% buckets=('intraday', 'swing') state=data/paper_trader_state.json
2026-10-01 10:31:28,371  INFO      [Note] PAPER TRADING -- virtual cash Rs 100,000, max_positions=6 max_pct=15% buckets=('intraday', 'swing') state=data/paper_trader_state.json
2026-10-01 10:31:28,373  INFO      paper-trader: new day, archived 0 trades (cumulative ₹-5,782)
2026-10-01 10:31:40,762  INFO      tick result: {'ok': True, 'actions': 0, 'open_trades': 0, 'closed_today': 0, 'realised_pnl': 0.0, 'cumulative_pnl': -5781.86, 'halted': False, 'messages': []}
2026-10-01 10:31:40,762  INFO      tick result: {'ok': True, 'actions': 0, 'open_trades': 0, 'closed_today': 0, 'realised_pnl': 0.0, 'cumulative_pnl': -5781.86, 'halted': False, 'messages': []}
