2026-08-28 20:17:20,739  INFO      angel_one starting ... (cmd=paper-trade-and-report)
2026-08-28 20:17:20,739  INFO      angel_one starting ... (cmd=paper-trade-and-report)
2026-08-28 20:17:20,756  INFO      refresh: generating today's picks via analyzer (dry-run, no PDF)
2026-08-28 20:17:20,756  INFO      refresh: generating today's picks via analyzer (dry-run, no PDF)
2026-08-28 20:17:21,524  INFO      == Stock analyzer run starting ==
2026-08-28 20:17:21,524  INFO      Watchlist: 11 symbols from data/stock_watchlist.txt
2026-08-28 20:17:21,524  INFO      Universe: 107 symbols (total available: 107)
2026-08-28 20:17:22,113  INFO      [1/107] fetching TATAPOWER.NS …
2026-08-28 20:17:22,675  INFO      [2/107] fetching IRFC.NS …
2026-08-28 20:17:23,191  INFO      [3/107] fetching SUZLON.NS …
2026-08-28 20:17:23,699  INFO      [4/107] fetching IREDA.NS …
2026-08-28 20:17:24,246  INFO      [5/107] fetching BHEL.NS …
2026-08-28 20:17:24,778  INFO      [6/107] fetching KPITTECH.NS …
2026-08-28 20:17:25,283  INFO      [7/107] fetching POLYCAB.NS …
2026-08-28 20:17:25,818  INFO      [8/107] fetching PERSISTENT.NS …
2026-08-28 20:17:26,374  INFO      [9/107] fetching ITC.NS …
2026-08-28 20:17:26,941  INFO      [10/107] fetching POWERGRID.NS …
2026-08-28 20:17:27,450  INFO      [11/107] fetching COALINDIA.NS …
2026-08-28 20:17:27,991  INFO      [12/107] fetching RELIANCE.NS …
2026-08-28 20:17:28,504  INFO      [13/107] fetching TCS.NS …
2026-08-28 20:17:29,034  INFO      [14/107] fetching HDFCBANK.NS …
2026-08-28 20:17:29,556  INFO      [15/107] fetching INFY.NS …
2026-08-28 20:17:30,080  INFO      [16/107] fetching ICICIBANK.NS …
2026-08-28 20:17:30,623  INFO      [17/107] fetching HINDUNILVR.NS …
2026-08-28 20:17:31,200  INFO      [18/107] fetching SBIN.NS …
2026-08-28 20:17:31,724  INFO      [19/107] fetching BHARTIARTL.NS …
2026-08-28 20:17:32,261  INFO      [20/107] fetching KOTAKBANK.NS …
2026-08-28 20:17:32,778  INFO      [21/107] fetching LT.NS …
2026-08-28 20:17:33,293  INFO      [22/107] fetching AXISBANK.NS …
2026-08-28 20:17:33,839  INFO      [23/107] fetching BAJFINANCE.NS …
2026-08-28 20:17:34,434  INFO      [24/107] fetching ASIANPAINT.NS …
2026-08-28 20:17:34,958  INFO      [25/107] fetching MARUTI.NS …
2026-08-28 20:17:35,480  INFO      [26/107] fetching HCLTECH.NS …
2026-08-28 20:17:35,998  INFO      [27/107] fetching SUNPHARMA.NS …
2026-08-28 20:17:36,546  INFO      [28/107] fetching TITAN.NS …
2026-08-28 20:17:37,097  INFO      [29/107] fetching ULTRACEMCO.NS …
2026-08-28 20:17:37,617  INFO      [30/107] fetching WIPRO.NS …
2026-08-28 20:17:38,172  INFO      [31/107] fetching NESTLEIND.NS …
2026-08-28 20:17:38,719  INFO      [32/107] fetching ADANIENT.NS …
2026-08-28 20:17:39,247  INFO      [33/107] fetching NTPC.NS …
2026-08-28 20:17:39,773  INFO      [34/107] fetching TATAMOTORS.NS …
2026-08-28 20:17:40,708  WARNING   [TATAMOTORS.NS] insufficient history (0 rows)
2026-08-28 20:17:41,108  INFO      [35/107] fetching M&M.NS …
2026-08-28 20:17:41,626  INFO      [36/107] fetching TATASTEEL.NS …
2026-08-28 20:17:42,145  INFO      [37/107] fetching JSWSTEEL.NS …
2026-08-28 20:17:42,660  INFO      [38/107] fetching ONGC.NS …
2026-08-28 20:17:43,186  INFO      [39/107] fetching TECHM.NS …
2026-08-28 20:17:43,701  INFO      [40/107] fetching BAJAJFINSV.NS …
2026-08-28 20:17:44,258  INFO      [41/107] fetching HINDALCO.NS …
2026-08-28 20:17:44,830  INFO      [42/107] fetching GRASIM.NS …
2026-08-28 20:17:45,349  INFO      [43/107] fetching DRREDDY.NS …
2026-08-28 20:17:45,863  INFO      [44/107] fetching CIPLA.NS …
2026-08-28 20:17:46,420  INFO      [45/107] fetching DIVISLAB.NS …
2026-08-28 20:17:46,951  INFO      [46/107] fetching EICHERMOT.NS …
2026-08-28 20:17:47,470  INFO      [47/107] fetching BRITANNIA.NS …
2026-08-28 20:17:48,008  INFO      [48/107] fetching HEROMOTOCO.NS …
2026-08-28 20:17:48,562  INFO      [49/107] fetching BAJAJ-AUTO.NS …
2026-08-28 20:17:49,124  INFO      [50/107] fetching INDUSINDBK.NS …
2026-08-28 20:17:49,674  INFO      [51/107] fetching APOLLOHOSP.NS …
2026-08-28 20:17:50,233  INFO      [52/107] fetching TATACONSUM.NS …
2026-08-28 20:17:50,749  INFO      [53/107] fetching UPL.NS …
2026-08-28 20:17:51,298  INFO      [54/107] fetching BPCL.NS …
2026-08-28 20:17:51,817  INFO      [55/107] fetching SBILIFE.NS …
2026-08-28 20:17:52,325  INFO      [56/107] fetching HDFCLIFE.NS …
2026-08-28 20:17:52,829  INFO      [57/107] fetching ADANIPORTS.NS …
2026-08-28 20:17:53,343  INFO      [58/107] fetching LTIM.NS …
2026-08-28 20:17:55,071  WARNING   [LTIM.NS] insufficient history (0 rows)
2026-08-28 20:17:55,472  INFO      [59/107] fetching ABB.NS …
2026-08-28 20:17:56,025  INFO      [60/107] fetching ADANIGREEN.NS …
2026-08-28 20:17:56,590  INFO      [61/107] fetching ADANIPOWER.NS …
2026-08-28 20:17:57,094  INFO      [62/107] fetching AMBUJACEM.NS …
2026-08-28 20:17:57,605  INFO      [63/107] fetching DMART.NS …
2026-08-28 20:17:58,136  INFO      [64/107] fetching BAJAJHLDNG.NS …
2026-08-28 20:17:58,664  INFO      [65/107] fetching BANKBARODA.NS …
2026-08-28 20:17:59,184  INFO      [66/107] fetching BERGEPAINT.NS …
2026-08-28 20:17:59,730  INFO      [67/107] fetching BOSCHLTD.NS …
2026-08-28 20:18:00,281  INFO      [68/107] fetching CANBK.NS …
2026-08-28 20:18:00,797  INFO      [69/107] fetching CHOLAFIN.NS …
2026-08-28 20:18:01,304  INFO      [70/107] fetching COLPAL.NS …
2026-08-28 20:18:01,830  INFO      [71/107] fetching DABUR.NS …
2026-08-28 20:18:02,353  INFO      [72/107] fetching DLF.NS …
2026-08-28 20:18:02,863  INFO      [73/107] fetching GAIL.NS …
2026-08-28 20:18:03,393  INFO      [74/107] fetching GODREJCP.NS …
2026-08-28 20:18:03,987  INFO      [75/107] fetching HAVELLS.NS …
2026-08-28 20:18:04,510  INFO      [76/107] fetching HAL.NS …
2026-08-28 20:18:05,016  INFO      [77/107] fetching ICICIGI.NS …
2026-08-28 20:18:05,518  INFO      [78/107] fetching ICICIPRULI.NS …
2026-08-28 20:18:06,020  INFO      [79/107] fetching IOC.NS …
2026-08-28 20:18:06,555  INFO      [80/107] fetching IRCTC.NS …
2026-08-28 20:18:07,134  INFO      [81/107] fetching JINDALSTEL.NS …
2026-08-28 20:18:07,750  INFO      [82/107] fetching LICI.NS …
2026-08-28 20:18:08,294  INFO      [83/107] fetching MARICO.NS …
2026-08-28 20:18:08,817  INFO      [84/107] fetching MOTHERSON.NS …
2026-08-28 20:18:09,365  INFO      [85/107] fetching NAUKRI.NS …
2026-08-28 20:18:09,878  INFO      [86/107] fetching PIDILITIND.NS …
2026-08-28 20:18:10,403  INFO      [87/107] fetching PNB.NS …
2026-08-28 20:18:10,950  INFO      [88/107] fetching PFC.NS …
2026-08-28 20:18:11,485  INFO      [89/107] fetching RECLTD.NS …
2026-08-28 20:18:12,047  INFO      [90/107] fetching SIEMENS.NS …
2026-08-28 20:18:12,603  INFO      [91/107] fetching SRF.NS …
2026-08-28 20:18:13,147  INFO      [92/107] fetching SHREECEM.NS …
2026-08-28 20:18:13,660  INFO      [93/107] fetching SHRIRAMFIN.NS …
2026-08-28 20:18:14,186  INFO      [94/107] fetching TORNTPHARM.NS …
2026-08-28 20:18:14,729  INFO      [95/107] fetching TRENT.NS …
2026-08-28 20:18:15,283  INFO      [96/107] fetching TVSMOTOR.NS …
2026-08-28 20:18:15,798  INFO      [97/107] fetching VEDL.NS …
2026-08-28 20:18:16,327  INFO      [98/107] fetching VBL.NS …
2026-08-28 20:18:16,830  INFO      [99/107] fetching ZOMATO.NS …
2026-08-28 20:18:17,367  WARNING   [ZOMATO.NS] insufficient history (0 rows)
2026-08-28 20:18:17,767  INFO      [100/107] fetching ZYDUSLIFE.NS …
2026-08-28 20:18:18,321  INFO      [101/107] fetching INDIGO.NS …
2026-08-28 20:18:18,829  INFO      [102/107] fetching IDEA.NS …
2026-08-28 20:18:19,329  INFO      [103/107] fetching BANKINDIA.NS …
2026-08-28 20:18:19,861  INFO      [104/107] fetching PAGEIND.NS …
2026-08-28 20:18:20,373  INFO      [105/107] fetching MUTHOOTFIN.NS …
2026-08-28 20:18:20,901  INFO      [106/107] fetching TATAELXSI.NS …
2026-08-28 20:18:21,428  INFO      [107/107] fetching LUPIN.NS …
2026-08-28 20:18:21,564  INFO      Fetched 104/107 symbols successfully.
2026-08-28 20:18:25,633  INFO      Fetched 200 headlines from RSS (Indian + global/geopolitics).
2026-08-28 20:18:28,671  INFO      Macro regime: neutral | bias=0 | geo-risk=43.2
2026-08-28 20:18:28,916  INFO      NSE corp announcements: 20 filings
2026-08-28 20:18:30,406  INFO      Angel One login successful.
2026-08-28 20:18:31,196  INFO      Saved report → data/stock_reports/2026-08-28_2018.json
2026-08-28 20:18:31,745  INFO      Report image saved → logs/stock_analyzer/2026-08-29/stock_report.png  [1920×1280]
2026-08-28 20:18:31,746  INFO      Dry-run: skipping send. Image + PDF saved locally; console printed.
2026-08-28 20:18:31,746  INFO      == Stock analyzer run complete ==
2026-08-28 20:18:31,750  INFO      [Note] PAPER TRADING -- virtual cash Rs 100,000, max_positions=6 max_pct=15% buckets=('intraday', 'swing') state=data/paper_trader_state.json
2026-08-28 20:18:31,750  INFO      [Note] PAPER TRADING -- virtual cash Rs 100,000, max_positions=6 max_pct=15% buckets=('intraday', 'swing') state=data/paper_trader_state.json
2026-08-28 20:18:31,752  INFO      paper-trader: new day, archived 0 trades (cumulative ₹-4,338)
2026-08-28 20:18:42,049  INFO      tick result: {'ok': True, 'actions': 0, 'open_trades': 1, 'closed_today': 0, 'realised_pnl': 0.0, 'cumulative_pnl': -4337.74, 'halted': False, 'messages': []}
2026-08-28 20:18:42,049  INFO      tick result: {'ok': True, 'actions': 0, 'open_trades': 1, 'closed_today': 0, 'realised_pnl': 0.0, 'cumulative_pnl': -4337.74, 'halted': False, 'messages': []}
2026-08-28 20:18:42,061  INFO      paper report saved to data/paper_reports/2026-08-29_0148.txt
2026-08-28 20:18:42,061  INFO      paper report saved to data/paper_reports/2026-08-29_0148.txt
2026-08-28 20:18:42,199  INFO      paper report image saved to data/paper_reports/2026-08-29_0148.png
2026-08-28 20:18:42,199  INFO      paper report image saved to data/paper_reports/2026-08-29_0148.png
2026-08-28 20:18:42,199  INFO      Sending image to 919790967892 via Green API (2026-08-29_0148.png, 66 KB, caption 108 chars) …
2026-08-28 20:18:42,982  INFO      Image sent (id: 3EB0180C4977FFB9F24E12).
2026-08-28 20:18:42,984  INFO      Sending image to 919789990096 via Green API (2026-08-29_0148.png, 66 KB, caption 108 chars) …
2026-08-28 20:18:43,612  INFO      Image sent (id: 3EB0EADBF112C2515F0B3B).
2026-08-28 20:18:43,613  INFO      paper report sent via whatsapp: image+caption (2 image / 0 text of 2 recipient(s))
2026-08-28 20:18:43,613  INFO      paper report sent via whatsapp: image+caption (2 image / 0 text of 2 recipient(s))
