2026-09-18 08:31:49,414  INFO      angel_one starting ... (cmd=paper-trade)
2026-09-18 08:31:49,414  INFO      angel_one starting ... (cmd=paper-trade)
2026-09-18 08:31:49,431  INFO      refresh: generating today's picks via analyzer (dry-run, no PDF)
2026-09-18 08:31:49,431  INFO      refresh: generating today's picks via analyzer (dry-run, no PDF)
2026-09-18 08:31:50,045  INFO      == Stock analyzer run starting ==
2026-09-18 08:31:50,046  INFO      Watchlist: 11 symbols from data/stock_watchlist.txt
2026-09-18 08:31:50,046  INFO      Universe: 107 symbols (total available: 107)
2026-09-18 08:31:50,460  INFO      [1/107] fetching TATAPOWER.NS …
2026-09-18 08:31:51,049  INFO      [2/107] fetching IRFC.NS …
2026-09-18 08:31:51,537  INFO      [3/107] fetching SUZLON.NS …
2026-09-18 08:31:52,022  INFO      [4/107] fetching IREDA.NS …
2026-09-18 08:31:52,506  INFO      [5/107] fetching BHEL.NS …
2026-09-18 08:31:53,009  INFO      [6/107] fetching KPITTECH.NS …
2026-09-18 08:31:53,557  INFO      [7/107] fetching POLYCAB.NS …
2026-09-18 08:31:54,043  INFO      [8/107] fetching PERSISTENT.NS …
2026-09-18 08:31:54,544  INFO      [9/107] fetching ITC.NS …
2026-09-18 08:31:55,068  INFO      [10/107] fetching POWERGRID.NS …
2026-09-18 08:31:55,568  INFO      [11/107] fetching COALINDIA.NS …
2026-09-18 08:31:56,064  INFO      [12/107] fetching RELIANCE.NS …
2026-09-18 08:31:56,569  INFO      [13/107] fetching TCS.NS …
2026-09-18 08:31:57,075  INFO      [14/107] fetching HDFCBANK.NS …
2026-09-18 08:31:57,588  INFO      [15/107] fetching INFY.NS …
2026-09-18 08:31:58,091  INFO      [16/107] fetching ICICIBANK.NS …
2026-09-18 08:31:58,593  INFO      [17/107] fetching HINDUNILVR.NS …
2026-09-18 08:31:59,103  INFO      [18/107] fetching SBIN.NS …
2026-09-18 08:31:59,667  INFO      [19/107] fetching BHARTIARTL.NS …
2026-09-18 08:32:00,170  INFO      [20/107] fetching KOTAKBANK.NS …
2026-09-18 08:32:00,679  INFO      [21/107] fetching LT.NS …
2026-09-18 08:32:01,178  INFO      [22/107] fetching AXISBANK.NS …
2026-09-18 08:32:01,684  INFO      [23/107] fetching BAJFINANCE.NS …
2026-09-18 08:32:02,190  INFO      [24/107] fetching ASIANPAINT.NS …
2026-09-18 08:32:02,740  INFO      [25/107] fetching MARUTI.NS …
2026-09-18 08:32:03,244  INFO      [26/107] fetching HCLTECH.NS …
2026-09-18 08:32:03,745  INFO      [27/107] fetching SUNPHARMA.NS …
2026-09-18 08:32:04,253  INFO      [28/107] fetching TITAN.NS …
2026-09-18 08:32:04,755  INFO      [29/107] fetching ULTRACEMCO.NS …
2026-09-18 08:32:05,254  INFO      [30/107] fetching WIPRO.NS …
2026-09-18 08:32:05,765  INFO      [31/107] fetching NESTLEIND.NS …
2026-09-18 08:32:06,267  INFO      [32/107] fetching ADANIENT.NS …
2026-09-18 08:32:06,771  INFO      [33/107] fetching NTPC.NS …
2026-09-18 08:32:07,269  INFO      [34/107] fetching TATAMOTORS.NS …
2026-09-18 08:32:08,409  WARNING   [TATAMOTORS.NS] insufficient history (0 rows)
2026-09-18 08:32:08,809  INFO      [35/107] fetching M&M.NS …
2026-09-18 08:32:09,313  INFO      [36/107] fetching TATASTEEL.NS …
2026-09-18 08:32:09,822  INFO      [37/107] fetching JSWSTEEL.NS …
2026-09-18 08:32:10,325  INFO      [38/107] fetching ONGC.NS …
2026-09-18 08:32:10,830  INFO      [39/107] fetching TECHM.NS …
2026-09-18 08:32:11,338  INFO      [40/107] fetching BAJAJFINSV.NS …
2026-09-18 08:32:11,836  INFO      [41/107] fetching HINDALCO.NS …
2026-09-18 08:32:12,396  INFO      [42/107] fetching GRASIM.NS …
2026-09-18 08:32:12,907  INFO      [43/107] fetching DRREDDY.NS …
2026-09-18 08:32:13,408  INFO      [44/107] fetching CIPLA.NS …
2026-09-18 08:32:13,922  INFO      [45/107] fetching DIVISLAB.NS …
2026-09-18 08:32:14,430  INFO      [46/107] fetching EICHERMOT.NS …
2026-09-18 08:32:14,939  INFO      [47/107] fetching BRITANNIA.NS …
2026-09-18 08:32:15,453  INFO      [48/107] fetching HEROMOTOCO.NS …
2026-09-18 08:32:15,988  INFO      [49/107] fetching BAJAJ-AUTO.NS …
2026-09-18 08:32:16,549  INFO      [50/107] fetching INDUSINDBK.NS …
2026-09-18 08:32:17,053  INFO      [51/107] fetching APOLLOHOSP.NS …
2026-09-18 08:32:17,623  INFO      [52/107] fetching TATACONSUM.NS …
2026-09-18 08:32:18,136  INFO      [53/107] fetching UPL.NS …
2026-09-18 08:32:18,639  INFO      [54/107] fetching BPCL.NS …
2026-09-18 08:32:19,155  INFO      [55/107] fetching SBILIFE.NS …
2026-09-18 08:32:19,644  INFO      [56/107] fetching HDFCLIFE.NS …
2026-09-18 08:32:20,131  INFO      [57/107] fetching ADANIPORTS.NS …
2026-09-18 08:32:20,640  INFO      [58/107] fetching LTIM.NS …
2026-09-18 08:32:21,146  WARNING   [LTIM.NS] insufficient history (0 rows)
2026-09-18 08:32:21,547  INFO      [59/107] fetching ABB.NS …
2026-09-18 08:32:22,050  INFO      [60/107] fetching ADANIGREEN.NS …
2026-09-18 08:32:22,537  INFO      [61/107] fetching ADANIPOWER.NS …
2026-09-18 08:32:23,025  INFO      [62/107] fetching AMBUJACEM.NS …
2026-09-18 08:32:23,536  INFO      [63/107] fetching DMART.NS …
2026-09-18 08:32:24,021  INFO      [64/107] fetching BAJAJHLDNG.NS …
2026-09-18 08:32:24,529  INFO      [65/107] fetching BANKBARODA.NS …
2026-09-18 08:32:25,038  INFO      [66/107] fetching BERGEPAINT.NS …
2026-09-18 08:32:25,545  INFO      [67/107] fetching BOSCHLTD.NS …
2026-09-18 08:32:26,049  INFO      [68/107] fetching CANBK.NS …
2026-09-18 08:32:26,550  INFO      [69/107] fetching CHOLAFIN.NS …
2026-09-18 08:32:27,050  INFO      [70/107] fetching COLPAL.NS …
2026-09-18 08:32:27,553  INFO      [71/107] fetching DABUR.NS …
2026-09-18 08:32:28,053  INFO      [72/107] fetching DLF.NS …
2026-09-18 08:32:28,557  INFO      [73/107] fetching GAIL.NS …
2026-09-18 08:32:29,068  INFO      [74/107] fetching GODREJCP.NS …
2026-09-18 08:32:29,575  INFO      [75/107] fetching HAVELLS.NS …
2026-09-18 08:32:30,080  INFO      [76/107] fetching HAL.NS …
2026-09-18 08:32:30,571  INFO      [77/107] fetching ICICIGI.NS …
2026-09-18 08:32:31,059  INFO      [78/107] fetching ICICIPRULI.NS …
2026-09-18 08:32:31,558  INFO      [79/107] fetching IOC.NS …
2026-09-18 08:32:32,068  INFO      [80/107] fetching IRCTC.NS …
2026-09-18 08:32:32,560  INFO      [81/107] fetching JINDALSTEL.NS …
2026-09-18 08:32:33,068  INFO      [82/107] fetching LICI.NS …
2026-09-18 08:32:33,557  INFO      [83/107] fetching MARICO.NS …
2026-09-18 08:32:34,068  INFO      [84/107] fetching MOTHERSON.NS …
2026-09-18 08:32:34,573  INFO      [85/107] fetching NAUKRI.NS …
2026-09-18 08:32:35,072  INFO      [86/107] fetching PIDILITIND.NS …
2026-09-18 08:32:35,579  INFO      [87/107] fetching PNB.NS …
2026-09-18 08:32:36,084  INFO      [88/107] fetching PFC.NS …
2026-09-18 08:32:36,588  INFO      [89/107] fetching RECLTD.NS …
2026-09-18 08:32:37,092  INFO      [90/107] fetching SIEMENS.NS …
2026-09-18 08:32:37,596  INFO      [91/107] fetching SRF.NS …
2026-09-18 08:32:38,098  INFO      [92/107] fetching SHREECEM.NS …
2026-09-18 08:32:38,603  INFO      [93/107] fetching SHRIRAMFIN.NS …
2026-09-18 08:32:39,109  INFO      [94/107] fetching TORNTPHARM.NS …
2026-09-18 08:32:39,616  INFO      [95/107] fetching TRENT.NS …
2026-09-18 08:32:40,117  INFO      [96/107] fetching TVSMOTOR.NS …
2026-09-18 08:32:40,619  INFO      [97/107] fetching VEDL.NS …
2026-09-18 08:32:41,126  INFO      [98/107] fetching VBL.NS …
2026-09-18 08:32:41,624  INFO      [99/107] fetching ZOMATO.NS …
2026-09-18 08:32:42,365  WARNING   [ZOMATO.NS] insufficient history (0 rows)
2026-09-18 08:32:42,765  INFO      [100/107] fetching ZYDUSLIFE.NS …
2026-09-18 08:32:43,270  INFO      [101/107] fetching INDIGO.NS …
2026-09-18 08:32:43,761  INFO      [102/107] fetching IDEA.NS …
2026-09-18 08:32:44,248  INFO      [103/107] fetching BANKINDIA.NS …
2026-09-18 08:32:44,749  INFO      [104/107] fetching PAGEIND.NS …
2026-09-18 08:32:45,248  INFO      [105/107] fetching MUTHOOTFIN.NS …
2026-09-18 08:32:45,793  INFO      [106/107] fetching TATAELXSI.NS …
2026-09-18 08:32:46,302  INFO      [107/107] fetching LUPIN.NS …
2026-09-18 08:32:46,406  INFO      Fetched 104/107 symbols successfully.
2026-09-18 08:32:52,246  INFO      Fetched 200 headlines from RSS (Indian + global/geopolitics).
2026-09-18 08:32:56,230  INFO      Macro regime: risk-on | bias=3 | geo-risk=55.6
2026-09-18 08:32:56,418  INFO      NSE corp announcements: 20 filings
2026-09-18 08:32:58,160  INFO      Angel One login successful.
2026-09-18 08:32:59,292  INFO      Saved report → data/stock_reports/2026-09-18_0832.json
2026-09-18 08:32:59,795  INFO      Report image saved → logs/stock_analyzer/2026-09-18/stock_report.png  [1920×1280]
2026-09-18 08:32:59,796  INFO      Dry-run: skipping send. Image + PDF saved locally; console printed.
2026-09-18 08:32:59,796  INFO      == Stock analyzer run complete ==
2026-09-18 08:32:59,800  INFO      [Note] PAPER TRADING -- virtual cash Rs 100,000, max_positions=6 max_pct=15% buckets=('intraday', 'swing') state=data/paper_trader_state.json
2026-09-18 08:32:59,800  INFO      [Note] PAPER TRADING -- virtual cash Rs 100,000, max_positions=6 max_pct=15% buckets=('intraday', 'swing') state=data/paper_trader_state.json
2026-09-18 08:32:59,801  INFO      paper-trader: new day, archived 4 trades (cumulative ₹-5,097)
2026-09-18 08:35:06,334  INFO      [DRY] Angel order would be: {'variety': 'NORMAL', 'tradingsymbol': 'ADANIGREEN-EQ', 'symboltoken': '3563', 'transactiontype': 'BUY', 'exchange': 'NSE', 'ordertype': 'MARKET', 'producttype': 'INTRADAY', 'duration': 'DAY', 'price': '0', 'squareoff': '0', 'stoploss': '0', 'quantity': '9'}
2026-09-18 08:35:06,335  INFO      [OPEN] [DRY] ADANIGREEN.NS qty=9 @ Rs 1319.40 SL Rs 1281.98 TGT Rs 1337.02 (order=None)
2026-09-18 08:35:06,335  INFO      [DRY] Angel order would be: {'variety': 'NORMAL', 'tradingsymbol': 'DRREDDY-EQ', 'symboltoken': '881', 'transactiontype': 'BUY', 'exchange': 'NSE', 'ordertype': 'MARKET', 'producttype': 'INTRADAY', 'duration': 'DAY', 'price': '0', 'squareoff': '0', 'stoploss': '0', 'quantity': '8'}
2026-09-18 08:35:06,335  INFO      [OPEN] [DRY] DRREDDY.NS qty=8 @ Rs 1188.50 SL Rs 1165.22 TGT Rs 1194.81 (order=None)
2026-09-18 08:35:06,335  INFO      [DRY] Angel order would be: {'variety': 'NORMAL', 'tradingsymbol': 'ICICIPRULI-EQ', 'symboltoken': '18652', 'transactiontype': 'BUY', 'exchange': 'NSE', 'ordertype': 'MARKET', 'producttype': 'INTRADAY', 'duration': 'DAY', 'price': '0', 'squareoff': '0', 'stoploss': '0', 'quantity': '17'}
2026-09-18 08:35:06,335  INFO      [OPEN] [DRY] ICICIPRULI.NS qty=17 @ Rs 500.40 SL Rs 491.38 TGT Rs 510.98 (order=None)
2026-09-18 08:35:06,335  INFO      [DRY] Angel order would be: {'variety': 'NORMAL', 'tradingsymbol': 'HDFCLIFE-EQ', 'symboltoken': '467', 'transactiontype': 'BUY', 'exchange': 'NSE', 'ordertype': 'MARKET', 'producttype': 'INTRADAY', 'duration': 'DAY', 'price': '0', 'squareoff': '0', 'stoploss': '0', 'quantity': '13'}
2026-09-18 08:35:06,335  INFO      [OPEN] [DRY] HDFCLIFE.NS qty=13 @ Rs 559.60 SL Rs 548.25 TGT Rs 560.83 (order=None)
2026-09-18 08:35:06,342  INFO      tick result: {'ok': True, 'actions': 4, 'open_trades': 6, 'closed_today': 0, 'realised_pnl': 0.0, 'cumulative_pnl': -5097.27, 'halted': False, 'messages': ['[OPEN] [DRY] ADANIGREEN.NS qty=9 @ Rs 1319.40 SL Rs 1281.98 TGT Rs 1337.02 (order=None)', '[OPEN] [DRY] DRREDDY.NS qty=8 @ Rs 1188.50 SL Rs 1165.22 TGT Rs 1194.81 (order=None)', '[OPEN] [DRY] ICICIPRULI.NS qty=17 @ Rs 500.40 SL Rs 491.38 TGT Rs 510.98 (order=None)', '[OPEN] [DRY] HDFCLIFE.NS qty=13 @ Rs 559.60 SL Rs 548.25 TGT Rs 560.83 (order=None)']}
2026-09-18 08:35:06,342  INFO      tick result: {'ok': True, 'actions': 4, 'open_trades': 6, 'closed_today': 0, 'realised_pnl': 0.0, 'cumulative_pnl': -5097.27, 'halted': False, 'messages': ['[OPEN] [DRY] ADANIGREEN.NS qty=9 @ Rs 1319.40 SL Rs 1281.98 TGT Rs 1337.02 (order=None)', '[OPEN] [DRY] DRREDDY.NS qty=8 @ Rs 1188.50 SL Rs 1165.22 TGT Rs 1194.81 (order=None)', '[OPEN] [DRY] ICICIPRULI.NS qty=17 @ Rs 500.40 SL Rs 491.38 TGT Rs 510.98 (order=None)', '[OPEN] [DRY] HDFCLIFE.NS qty=13 @ Rs 559.60 SL Rs 548.25 TGT Rs 560.83 (order=None)']}
