2026-08-18 04:21:55,674  INFO      angel_one starting ... (cmd=paper-trade)
2026-08-18 04:21:55,674  INFO      angel_one starting ... (cmd=paper-trade)
2026-08-18 04:21:55,691  INFO      refresh: generating today's picks via analyzer (dry-run, no PDF)
2026-08-18 04:21:55,691  INFO      refresh: generating today's picks via analyzer (dry-run, no PDF)
2026-08-18 04:21:56,287  INFO      == Stock analyzer run starting ==
2026-08-18 04:21:56,287  INFO      Watchlist: 11 symbols from data/stock_watchlist.txt
2026-08-18 04:21:56,287  INFO      Universe: 107 symbols (total available: 107)
2026-08-18 04:21:56,894  INFO      [1/107] fetching TATAPOWER.NS …
2026-08-18 04:21:57,480  INFO      [2/107] fetching IRFC.NS …
2026-08-18 04:21:57,981  INFO      [3/107] fetching SUZLON.NS …
2026-08-18 04:21:58,513  INFO      [4/107] fetching IREDA.NS …
2026-08-18 04:21:59,046  INFO      [5/107] fetching BHEL.NS …
2026-08-18 04:21:59,560  INFO      [6/107] fetching KPITTECH.NS …
2026-08-18 04:22:00,047  INFO      [7/107] fetching POLYCAB.NS …
2026-08-18 04:22:00,546  INFO      [8/107] fetching PERSISTENT.NS …
2026-08-18 04:22:01,058  INFO      [9/107] fetching ITC.NS …
2026-08-18 04:22:01,565  INFO      [10/107] fetching POWERGRID.NS …
2026-08-18 04:22:02,067  INFO      [11/107] fetching COALINDIA.NS …
2026-08-18 04:22:02,585  INFO      [12/107] fetching RELIANCE.NS …
2026-08-18 04:22:03,107  INFO      [13/107] fetching TCS.NS …
2026-08-18 04:22:03,662  INFO      [14/107] fetching HDFCBANK.NS …
2026-08-18 04:22:04,170  INFO      [15/107] fetching INFY.NS …
2026-08-18 04:22:04,692  INFO      [16/107] fetching ICICIBANK.NS …
2026-08-18 04:22:05,200  INFO      [17/107] fetching HINDUNILVR.NS …
2026-08-18 04:22:05,720  INFO      [18/107] fetching SBIN.NS …
2026-08-18 04:22:06,240  INFO      [19/107] fetching BHARTIARTL.NS …
2026-08-18 04:22:06,798  INFO      [20/107] fetching KOTAKBANK.NS …
2026-08-18 04:22:07,316  INFO      [21/107] fetching LT.NS …
2026-08-18 04:22:07,822  INFO      [22/107] fetching AXISBANK.NS …
2026-08-18 04:22:08,388  INFO      [23/107] fetching BAJFINANCE.NS …
2026-08-18 04:22:09,005  INFO      [24/107] fetching ASIANPAINT.NS …
2026-08-18 04:22:09,578  INFO      [25/107] fetching MARUTI.NS …
2026-08-18 04:22:10,085  INFO      [26/107] fetching HCLTECH.NS …
2026-08-18 04:22:10,645  INFO      [27/107] fetching SUNPHARMA.NS …
2026-08-18 04:22:11,159  INFO      [28/107] fetching TITAN.NS …
2026-08-18 04:22:11,669  INFO      [29/107] fetching ULTRACEMCO.NS …
2026-08-18 04:22:12,233  INFO      [30/107] fetching WIPRO.NS …
2026-08-18 04:22:12,805  INFO      [31/107] fetching NESTLEIND.NS …
2026-08-18 04:22:13,311  INFO      [32/107] fetching ADANIENT.NS …
2026-08-18 04:22:13,833  INFO      [33/107] fetching NTPC.NS …
2026-08-18 04:22:14,340  INFO      [34/107] fetching TATAMOTORS.NS …
2026-08-18 04:22:16,073  WARNING   [TATAMOTORS.NS] insufficient history (0 rows)
2026-08-18 04:22:16,473  INFO      [35/107] fetching M&M.NS …
2026-08-18 04:22:16,987  INFO      [36/107] fetching TATASTEEL.NS …
2026-08-18 04:22:17,503  INFO      [37/107] fetching JSWSTEEL.NS …
2026-08-18 04:22:18,004  INFO      [38/107] fetching ONGC.NS …
2026-08-18 04:22:18,560  INFO      [39/107] fetching TECHM.NS …
2026-08-18 04:22:19,087  INFO      [40/107] fetching BAJAJFINSV.NS …
2026-08-18 04:22:19,638  INFO      [41/107] fetching HINDALCO.NS …
2026-08-18 04:22:20,153  INFO      [42/107] fetching GRASIM.NS …
2026-08-18 04:22:20,666  INFO      [43/107] fetching DRREDDY.NS …
2026-08-18 04:22:21,202  INFO      [44/107] fetching CIPLA.NS …
2026-08-18 04:22:21,706  INFO      [45/107] fetching DIVISLAB.NS …
2026-08-18 04:22:22,216  INFO      [46/107] fetching EICHERMOT.NS …
2026-08-18 04:22:22,727  INFO      [47/107] fetching BRITANNIA.NS …
2026-08-18 04:22:23,238  INFO      [48/107] fetching HEROMOTOCO.NS …
2026-08-18 04:22:23,742  INFO      [49/107] fetching BAJAJ-AUTO.NS …
2026-08-18 04:22:24,285  INFO      [50/107] fetching INDUSINDBK.NS …
2026-08-18 04:22:24,798  INFO      [51/107] fetching APOLLOHOSP.NS …
2026-08-18 04:22:25,303  INFO      [52/107] fetching TATACONSUM.NS …
2026-08-18 04:22:25,812  INFO      [53/107] fetching UPL.NS …
2026-08-18 04:22:26,383  INFO      [54/107] fetching BPCL.NS …
2026-08-18 04:22:26,892  INFO      [55/107] fetching SBILIFE.NS …
2026-08-18 04:22:27,385  INFO      [56/107] fetching HDFCLIFE.NS …
2026-08-18 04:22:27,873  INFO      [57/107] fetching ADANIPORTS.NS …
2026-08-18 04:22:28,421  INFO      [58/107] fetching LTIM.NS …
2026-08-18 04:22:28,956  WARNING   [LTIM.NS] insufficient history (0 rows)
2026-08-18 04:22:29,357  INFO      [59/107] fetching ABB.NS …
2026-08-18 04:22:29,864  INFO      [60/107] fetching ADANIGREEN.NS …
2026-08-18 04:22:30,348  INFO      [61/107] fetching ADANIPOWER.NS …
2026-08-18 04:22:30,883  INFO      [62/107] fetching AMBUJACEM.NS …
2026-08-18 04:22:31,381  INFO      [63/107] fetching DMART.NS …
2026-08-18 04:22:31,866  INFO      [64/107] fetching BAJAJHLDNG.NS …
2026-08-18 04:22:32,381  INFO      [65/107] fetching BANKBARODA.NS …
2026-08-18 04:22:32,889  INFO      [66/107] fetching BERGEPAINT.NS …
2026-08-18 04:22:33,393  INFO      [67/107] fetching BOSCHLTD.NS …
2026-08-18 04:22:33,956  INFO      [68/107] fetching CANBK.NS …
2026-08-18 04:22:34,459  INFO      [69/107] fetching CHOLAFIN.NS …
2026-08-18 04:22:34,980  INFO      [70/107] fetching COLPAL.NS …
2026-08-18 04:22:35,527  INFO      [71/107] fetching DABUR.NS …
2026-08-18 04:22:36,041  INFO      [72/107] fetching DLF.NS …
2026-08-18 04:22:36,549  INFO      [73/107] fetching GAIL.NS …
2026-08-18 04:22:37,130  INFO      [74/107] fetching GODREJCP.NS …
2026-08-18 04:22:37,643  INFO      [75/107] fetching HAVELLS.NS …
2026-08-18 04:22:38,155  INFO      [76/107] fetching HAL.NS …
2026-08-18 04:22:38,645  INFO      [77/107] fetching ICICIGI.NS …
2026-08-18 04:22:39,140  INFO      [78/107] fetching ICICIPRULI.NS …
2026-08-18 04:22:39,630  INFO      [79/107] fetching IOC.NS …
2026-08-18 04:22:40,199  INFO      [80/107] fetching IRCTC.NS …
2026-08-18 04:22:40,700  INFO      [81/107] fetching JINDALSTEL.NS …
2026-08-18 04:22:41,255  INFO      [82/107] fetching LICI.NS …
2026-08-18 04:22:41,794  INFO      [83/107] fetching MARICO.NS …
2026-08-18 04:22:42,305  INFO      [84/107] fetching MOTHERSON.NS …
2026-08-18 04:22:42,817  INFO      [85/107] fetching NAUKRI.NS …
2026-08-18 04:22:43,313  INFO      [86/107] fetching PIDILITIND.NS …
2026-08-18 04:22:43,869  INFO      [87/107] fetching PNB.NS …
2026-08-18 04:22:44,434  INFO      [88/107] fetching PFC.NS …
2026-08-18 04:22:44,944  INFO      [89/107] fetching RECLTD.NS …
2026-08-18 04:22:45,451  INFO      [90/107] fetching SIEMENS.NS …
2026-08-18 04:22:46,006  INFO      [91/107] fetching SRF.NS …
2026-08-18 04:22:46,513  INFO      [92/107] fetching SHREECEM.NS …
2026-08-18 04:22:47,027  INFO      [93/107] fetching SHRIRAMFIN.NS …
2026-08-18 04:22:47,545  INFO      [94/107] fetching TORNTPHARM.NS …
2026-08-18 04:22:48,113  INFO      [95/107] fetching TRENT.NS …
2026-08-18 04:22:48,711  INFO      [96/107] fetching TVSMOTOR.NS …
2026-08-18 04:22:49,218  INFO      [97/107] fetching VEDL.NS …
2026-08-18 04:22:49,730  INFO      [98/107] fetching VBL.NS …
2026-08-18 04:22:50,329  INFO      [99/107] fetching ZOMATO.NS …
2026-08-18 04:22:50,882  WARNING   [ZOMATO.NS] insufficient history (0 rows)
2026-08-18 04:22:51,282  INFO      [100/107] fetching ZYDUSLIFE.NS …
2026-08-18 04:22:51,809  INFO      [101/107] fetching INDIGO.NS …
2026-08-18 04:22:52,353  INFO      [102/107] fetching IDEA.NS …
2026-08-18 04:22:52,942  INFO      [103/107] fetching BANKINDIA.NS …
2026-08-18 04:22:53,500  INFO      [104/107] fetching PAGEIND.NS …
2026-08-18 04:22:54,067  INFO      [105/107] fetching MUTHOOTFIN.NS …
2026-08-18 04:22:54,558  INFO      [106/107] fetching TATAELXSI.NS …
2026-08-18 04:22:55,104  INFO      [107/107] fetching LUPIN.NS …
2026-08-18 04:22:55,208  INFO      Fetched 104/107 symbols successfully.
2026-08-18 04:23:00,828  INFO      Fetched 200 headlines from RSS (Indian + global/geopolitics).
2026-08-18 04:23:03,473  INFO      Macro regime: neutral | bias=-1 | geo-risk=39.5
2026-08-18 04:23:03,704  INFO      NSE corp announcements: 20 filings
2026-08-18 04:23:05,427  INFO      Angel One login successful.
2026-08-18 04:23:06,576  INFO      Saved report → data/stock_reports/2026-08-18_0423.json
2026-08-18 04:23:07,184  INFO      Report image saved → logs/stock_analyzer/2026-08-18/stock_report.png  [1920×1280]
2026-08-18 04:23:07,184  INFO      Dry-run: skipping send. Image + PDF saved locally; console printed.
2026-08-18 04:23:07,185  INFO      == Stock analyzer run complete ==
2026-08-18 04:23:07,188  INFO      [Note] PAPER TRADING -- virtual cash Rs 100,000, max_positions=6 max_pct=15% buckets=('intraday', 'swing') state=data/paper_trader_state.json
2026-08-18 04:23:07,188  INFO      [Note] PAPER TRADING -- virtual cash Rs 100,000, max_positions=6 max_pct=15% buckets=('intraday', 'swing') state=data/paper_trader_state.json
2026-08-18 04:23:07,190  INFO      paper-trader: new day, archived 5 trades (cumulative ₹-4,175)
2026-08-18 04:23:22,471  INFO      [DRY] Angel order would be: {'variety': 'NORMAL', 'tradingsymbol': 'IDEA-EQ', 'symboltoken': '14366', 'transactiontype': 'BUY', 'exchange': 'NSE', 'ordertype': 'MARKET', 'producttype': 'INTRADAY', 'duration': 'DAY', 'price': '0', 'squareoff': '0', 'stoploss': '0', 'quantity': '915'}
2026-08-18 04:23:22,472  INFO      [OPEN] [DRY] IDEA.NS qty=915 @ Rs 13.76 SL Rs 13.66 TGT Rs 14.30 (order=None)
2026-08-18 04:23:22,472  INFO      [DRY] Angel order would be: {'variety': 'NORMAL', 'tradingsymbol': 'DIVISLAB-EQ', 'symboltoken': '10940', 'transactiontype': 'BUY', 'exchange': 'NSE', 'ordertype': 'MARKET', 'producttype': 'INTRADAY', 'duration': 'DAY', 'price': '0', 'squareoff': '0', 'stoploss': '0', 'quantity': '1'}
2026-08-18 04:23:22,472  INFO      [OPEN] [DRY] DIVISLAB.NS qty=1 @ Rs 8611.50 SL Rs 8430.18 TGT Rs 8656.65 (order=None)
2026-08-18 04:23:22,472  INFO      [DRY] Angel order would be: {'variety': 'NORMAL', 'tradingsymbol': 'JINDALSTEL-EQ', 'symboltoken': '6733', 'transactiontype': 'BUY', 'exchange': 'NSE', 'ordertype': 'MARKET', 'producttype': 'INTRADAY', 'duration': 'DAY', 'price': '0', 'squareoff': '0', 'stoploss': '0', 'quantity': '8'}
2026-08-18 04:23:22,472  INFO      [OPEN] [DRY] JINDALSTEL.NS qty=8 @ Rs 1112.30 SL Rs 1103.95 TGT Rs 1126.04 (order=None)
2026-08-18 04:23:22,472  INFO      [DRY] Angel order would be: {'variety': 'NORMAL', 'tradingsymbol': 'GRASIM-EQ', 'symboltoken': '1232', 'transactiontype': 'BUY', 'exchange': 'NSE', 'ordertype': 'MARKET', 'producttype': 'INTRADAY', 'duration': 'DAY', 'price': '0', 'squareoff': '0', 'stoploss': '0', 'quantity': '2'}
2026-08-18 04:23:22,472  INFO      [OPEN] [DRY] GRASIM.NS qty=2 @ Rs 3277.80 SL Rs 3200.17 TGT Rs 3404.28 (order=None)
2026-08-18 04:23:22,478  INFO      tick result: {'ok': True, 'actions': 4, 'open_trades': 6, 'closed_today': 0, 'realised_pnl': 0.0, 'cumulative_pnl': -4175.1, 'halted': False, 'messages': ['[OPEN] [DRY] IDEA.NS qty=915 @ Rs 13.76 SL Rs 13.66 TGT Rs 14.30 (order=None)', '[OPEN] [DRY] DIVISLAB.NS qty=1 @ Rs 8611.50 SL Rs 8430.18 TGT Rs 8656.65 (order=None)', '[OPEN] [DRY] JINDALSTEL.NS qty=8 @ Rs 1112.30 SL Rs 1103.95 TGT Rs 1126.04 (order=None)', '[OPEN] [DRY] GRASIM.NS qty=2 @ Rs 3277.80 SL Rs 3200.17 TGT Rs 3404.28 (order=None)']}
2026-08-18 04:23:22,478  INFO      tick result: {'ok': True, 'actions': 4, 'open_trades': 6, 'closed_today': 0, 'realised_pnl': 0.0, 'cumulative_pnl': -4175.1, 'halted': False, 'messages': ['[OPEN] [DRY] IDEA.NS qty=915 @ Rs 13.76 SL Rs 13.66 TGT Rs 14.30 (order=None)', '[OPEN] [DRY] DIVISLAB.NS qty=1 @ Rs 8611.50 SL Rs 8430.18 TGT Rs 8656.65 (order=None)', '[OPEN] [DRY] JINDALSTEL.NS qty=8 @ Rs 1112.30 SL Rs 1103.95 TGT Rs 1126.04 (order=None)', '[OPEN] [DRY] GRASIM.NS qty=2 @ Rs 3277.80 SL Rs 3200.17 TGT Rs 3404.28 (order=None)']}
