2026-08-07 05:25:34,202  INFO      angel_one starting ... (cmd=paper-trade)
2026-08-07 05:25:34,202  INFO      angel_one starting ... (cmd=paper-trade)
2026-08-07 05:25:34,220  INFO      refresh: generating today's picks via analyzer (dry-run, no PDF)
2026-08-07 05:25:34,220  INFO      refresh: generating today's picks via analyzer (dry-run, no PDF)
2026-08-07 05:25:34,848  INFO      == Stock analyzer run starting ==
2026-08-07 05:25:34,848  INFO      Watchlist: 11 symbols from data/stock_watchlist.txt
2026-08-07 05:25:34,848  INFO      Universe: 107 symbols (total available: 107)
2026-08-07 05:25:35,555  INFO      [1/107] fetching TATAPOWER.NS …
2026-08-07 05:25:36,122  INFO      [2/107] fetching IRFC.NS …
2026-08-07 05:25:36,618  INFO      [3/107] fetching SUZLON.NS …
2026-08-07 05:25:37,109  INFO      [4/107] fetching IREDA.NS …
2026-08-07 05:25:37,596  INFO      [5/107] fetching BHEL.NS …
2026-08-07 05:25:38,102  INFO      [6/107] fetching KPITTECH.NS …
2026-08-07 05:25:38,599  INFO      [7/107] fetching POLYCAB.NS …
2026-08-07 05:25:39,095  INFO      [8/107] fetching PERSISTENT.NS …
2026-08-07 05:25:39,606  INFO      [9/107] fetching ITC.NS …
2026-08-07 05:25:40,124  INFO      [10/107] fetching POWERGRID.NS …
2026-08-07 05:25:40,631  INFO      [11/107] fetching COALINDIA.NS …
2026-08-07 05:25:41,132  INFO      [12/107] fetching RELIANCE.NS …
2026-08-07 05:25:41,653  INFO      [13/107] fetching TCS.NS …
2026-08-07 05:25:42,165  INFO      [14/107] fetching HDFCBANK.NS …
2026-08-07 05:25:42,692  INFO      [15/107] fetching INFY.NS …
2026-08-07 05:25:43,224  INFO      [16/107] fetching ICICIBANK.NS …
2026-08-07 05:25:43,741  INFO      [17/107] fetching HINDUNILVR.NS …
2026-08-07 05:25:44,266  INFO      [18/107] fetching SBIN.NS …
2026-08-07 05:25:44,785  INFO      [19/107] fetching BHARTIARTL.NS …
2026-08-07 05:25:45,299  INFO      [20/107] fetching KOTAKBANK.NS …
2026-08-07 05:25:45,818  INFO      [21/107] fetching LT.NS …
2026-08-07 05:25:46,329  INFO      [22/107] fetching AXISBANK.NS …
2026-08-07 05:25:46,846  INFO      [23/107] fetching BAJFINANCE.NS …
2026-08-07 05:25:47,367  INFO      [24/107] fetching ASIANPAINT.NS …
2026-08-07 05:25:47,884  INFO      [25/107] fetching MARUTI.NS …
2026-08-07 05:25:48,392  INFO      [26/107] fetching HCLTECH.NS …
2026-08-07 05:25:48,917  INFO      [27/107] fetching SUNPHARMA.NS …
2026-08-07 05:25:49,436  INFO      [28/107] fetching TITAN.NS …
2026-08-07 05:25:49,942  INFO      [29/107] fetching ULTRACEMCO.NS …
2026-08-07 05:25:50,449  INFO      [30/107] fetching WIPRO.NS …
2026-08-07 05:25:50,967  INFO      [31/107] fetching NESTLEIND.NS …
2026-08-07 05:25:51,476  INFO      [32/107] fetching ADANIENT.NS …
2026-08-07 05:25:52,005  INFO      [33/107] fetching NTPC.NS …
2026-08-07 05:25:52,519  INFO      [34/107] fetching TATAMOTORS.NS …
2026-08-07 05:25:53,716  WARNING   [TATAMOTORS.NS] insufficient history (0 rows)
2026-08-07 05:25:54,116  INFO      [35/107] fetching M&M.NS …
2026-08-07 05:25:54,643  INFO      [36/107] fetching TATASTEEL.NS …
2026-08-07 05:25:55,157  INFO      [37/107] fetching JSWSTEEL.NS …
2026-08-07 05:25:55,678  INFO      [38/107] fetching ONGC.NS …
2026-08-07 05:25:56,207  INFO      [39/107] fetching TECHM.NS …
2026-08-07 05:25:56,714  INFO      [40/107] fetching BAJAJFINSV.NS …
2026-08-07 05:25:57,241  INFO      [41/107] fetching HINDALCO.NS …
2026-08-07 05:25:57,761  INFO      [42/107] fetching GRASIM.NS …
2026-08-07 05:25:58,274  INFO      [43/107] fetching DRREDDY.NS …
2026-08-07 05:25:58,786  INFO      [44/107] fetching CIPLA.NS …
2026-08-07 05:25:59,304  INFO      [45/107] fetching DIVISLAB.NS …
2026-08-07 05:25:59,819  INFO      [46/107] fetching EICHERMOT.NS …
2026-08-07 05:26:00,345  INFO      [47/107] fetching BRITANNIA.NS …
2026-08-07 05:26:00,865  INFO      [48/107] fetching HEROMOTOCO.NS …
2026-08-07 05:26:01,387  INFO      [49/107] fetching BAJAJ-AUTO.NS …
2026-08-07 05:26:01,901  INFO      [50/107] fetching INDUSINDBK.NS …
2026-08-07 05:26:02,411  INFO      [51/107] fetching APOLLOHOSP.NS …
2026-08-07 05:26:02,919  INFO      [52/107] fetching TATACONSUM.NS …
2026-08-07 05:26:03,429  INFO      [53/107] fetching UPL.NS …
2026-08-07 05:26:03,953  INFO      [54/107] fetching BPCL.NS …
2026-08-07 05:26:04,583  INFO      [55/107] fetching SBILIFE.NS …
2026-08-07 05:26:05,166  INFO      [56/107] fetching HDFCLIFE.NS …
2026-08-07 05:26:05,689  INFO      [57/107] fetching ADANIPORTS.NS …
2026-08-07 05:26:06,246  INFO      [58/107] fetching LTIM.NS …
2026-08-07 05:26:06,799  WARNING   [LTIM.NS] insufficient history (0 rows)
2026-08-07 05:26:07,200  INFO      [59/107] fetching ABB.NS …
2026-08-07 05:26:07,714  INFO      [60/107] fetching ADANIGREEN.NS …
2026-08-07 05:26:08,209  INFO      [61/107] fetching ADANIPOWER.NS …
2026-08-07 05:26:08,941  INFO      [62/107] fetching AMBUJACEM.NS …
2026-08-07 05:26:09,488  INFO      [63/107] fetching DMART.NS …
2026-08-07 05:26:09,980  INFO      [64/107] fetching BAJAJHLDNG.NS …
2026-08-07 05:26:10,516  INFO      [65/107] fetching BANKBARODA.NS …
2026-08-07 05:26:11,038  INFO      [66/107] fetching BERGEPAINT.NS …
2026-08-07 05:26:11,556  INFO      [67/107] fetching BOSCHLTD.NS …
2026-08-07 05:26:12,081  INFO      [68/107] fetching CANBK.NS …
2026-08-07 05:26:12,591  INFO      [69/107] fetching CHOLAFIN.NS …
2026-08-07 05:26:13,114  INFO      [70/107] fetching COLPAL.NS …
2026-08-07 05:26:13,657  INFO      [71/107] fetching DABUR.NS …
2026-08-07 05:26:14,173  INFO      [72/107] fetching DLF.NS …
2026-08-07 05:26:14,685  INFO      [73/107] fetching GAIL.NS …
2026-08-07 05:26:15,239  INFO      [74/107] fetching GODREJCP.NS …
2026-08-07 05:26:15,756  INFO      [75/107] fetching HAVELLS.NS …
2026-08-07 05:26:16,266  INFO      [76/107] fetching HAL.NS …
2026-08-07 05:26:16,764  INFO      [77/107] fetching ICICIGI.NS …
2026-08-07 05:26:17,303  INFO      [78/107] fetching ICICIPRULI.NS …
2026-08-07 05:26:17,806  INFO      [79/107] fetching IOC.NS …
2026-08-07 05:26:18,326  INFO      [80/107] fetching IRCTC.NS …
2026-08-07 05:26:18,826  INFO      [81/107] fetching JINDALSTEL.NS …
2026-08-07 05:26:19,346  INFO      [82/107] fetching LICI.NS …
2026-08-07 05:26:19,844  INFO      [83/107] fetching MARICO.NS …
2026-08-07 05:26:20,374  INFO      [84/107] fetching MOTHERSON.NS …
2026-08-07 05:26:20,901  INFO      [85/107] fetching NAUKRI.NS …
2026-08-07 05:26:21,409  INFO      [86/107] fetching PIDILITIND.NS …
2026-08-07 05:26:21,918  INFO      [87/107] fetching PNB.NS …
2026-08-07 05:26:22,432  INFO      [88/107] fetching PFC.NS …
2026-08-07 05:26:22,946  INFO      [89/107] fetching RECLTD.NS …
2026-08-07 05:26:23,464  INFO      [90/107] fetching SIEMENS.NS …
2026-08-07 05:26:23,982  INFO      [91/107] fetching SRF.NS …
2026-08-07 05:26:24,492  INFO      [92/107] fetching SHREECEM.NS …
2026-08-07 05:26:25,011  INFO      [93/107] fetching SHRIRAMFIN.NS …
2026-08-07 05:26:25,531  INFO      [94/107] fetching TORNTPHARM.NS …
2026-08-07 05:26:26,042  INFO      [95/107] fetching TRENT.NS …
2026-08-07 05:26:26,770  INFO      [96/107] fetching TVSMOTOR.NS …
2026-08-07 05:26:27,285  INFO      [97/107] fetching VEDL.NS …
2026-08-07 05:26:27,810  INFO      [98/107] fetching VBL.NS …
2026-08-07 05:26:28,312  INFO      [99/107] fetching ZOMATO.NS …
2026-08-07 05:26:28,765  WARNING   [ZOMATO.NS] insufficient history (0 rows)
2026-08-07 05:26:29,165  INFO      [100/107] fetching ZYDUSLIFE.NS …
2026-08-07 05:26:29,749  INFO      [101/107] fetching INDIGO.NS …
2026-08-07 05:26:30,249  INFO      [102/107] fetching IDEA.NS …
2026-08-07 05:26:30,740  INFO      [103/107] fetching BANKINDIA.NS …
2026-08-07 05:26:31,248  INFO      [104/107] fetching PAGEIND.NS …
2026-08-07 05:26:31,764  INFO      [105/107] fetching MUTHOOTFIN.NS …
2026-08-07 05:26:32,265  INFO      [106/107] fetching TATAELXSI.NS …
2026-08-07 05:26:32,775  INFO      [107/107] fetching LUPIN.NS …
2026-08-07 05:26:32,901  INFO      Fetched 104/107 symbols successfully.
2026-08-07 05:26:35,209  WARNING   [MF 120503] fetch failed: HTTPSConnectionPool(host='api.mfapi.in', port=443): Read timed out. (read timeout=2)
2026-08-07 05:26:36,307  INFO      Fetched 200 headlines from RSS (Indian + global/geopolitics).
2026-08-07 05:26:38,576  INFO      Macro regime: neutral | bias=1 | geo-risk=50.0
2026-08-07 05:26:38,801  INFO      NSE corp announcements: 20 filings
2026-08-07 05:26:40,403  INFO      Angel One login successful.
2026-08-07 05:26:41,206  INFO      Saved report → data/stock_reports/2026-08-07_0526.json
2026-08-07 05:26:41,754  INFO      Report image saved → logs/stock_analyzer/2026-08-07/stock_report.png  [1920×1280]
2026-08-07 05:26:41,755  INFO      Dry-run: skipping send. Image + PDF saved locally; console printed.
2026-08-07 05:26:41,755  INFO      == Stock analyzer run complete ==
2026-08-07 05:26:41,758  INFO      [Note] PAPER TRADING -- virtual cash Rs 100,000, max_positions=6 max_pct=15% buckets=('intraday', 'swing') state=data/paper_trader_state.json
2026-08-07 05:26:41,758  INFO      [Note] PAPER TRADING -- virtual cash Rs 100,000, max_positions=6 max_pct=15% buckets=('intraday', 'swing') state=data/paper_trader_state.json
2026-08-07 05:26:41,759  INFO      paper-trader: new day, archived 5 trades (cumulative ₹-3,679)
2026-08-07 05:26:57,625  INFO      [DRY] Angel order would be: {'variety': 'NORMAL', 'tradingsymbol': 'BRITANNIA-EQ', 'symboltoken': '547', 'transactiontype': 'BUY', 'exchange': 'NSE', 'ordertype': 'MARKET', 'producttype': 'INTRADAY', 'duration': 'DAY', 'price': '0', 'squareoff': '0', 'stoploss': '0', 'quantity': '2'}
2026-08-07 05:26:57,625  INFO      [OPEN] [DRY] BRITANNIA.NS qty=2 @ Rs 5605.50 SL Rs 5486.61 TGT Rs 5868.77 (order=None)
2026-08-07 05:26:57,625  INFO      [DRY] Angel order would be: {'variety': 'NORMAL', 'tradingsymbol': 'HEROMOTOCO-EQ', 'symboltoken': '1348', 'transactiontype': 'BUY', 'exchange': 'NSE', 'ordertype': 'MARKET', 'producttype': 'INTRADAY', 'duration': 'DAY', 'price': '0', 'squareoff': '0', 'stoploss': '0', 'quantity': '2'}
2026-08-07 05:26:57,626  INFO      [OPEN] [DRY] HEROMOTOCO.NS qty=2 @ Rs 5787.00 SL Rs 5646.38 TGT Rs 6057.39 (order=None)
2026-08-07 05:26:57,626  INFO      [DRY] Angel order would be: {'variety': 'NORMAL', 'tradingsymbol': 'MOTHERSON-EQ', 'symboltoken': '4204', 'transactiontype': 'BUY', 'exchange': 'NSE', 'ordertype': 'MARKET', 'producttype': 'INTRADAY', 'duration': 'DAY', 'price': '0', 'squareoff': '0', 'stoploss': '0', 'quantity': '61'}
2026-08-07 05:26:57,626  INFO      [OPEN] [DRY] MOTHERSON.NS qty=61 @ Rs 168.22 SL Rs 162.70 TGT Rs 175.84 (order=None)
2026-08-07 05:26:57,626  INFO      [DRY] Angel order would be: {'variety': 'NORMAL', 'tradingsymbol': 'TECHM-EQ', 'symboltoken': '13538', 'transactiontype': 'BUY', 'exchange': 'NSE', 'ordertype': 'MARKET', 'producttype': 'INTRADAY', 'duration': 'DAY', 'price': '0', 'squareoff': '0', 'stoploss': '0', 'quantity': '5'}
2026-08-07 05:26:57,626  INFO      [OPEN] [DRY] TECHM.NS qty=5 @ Rs 1647.00 SL Rs 1605.14 TGT Rs 1683.23 (order=None)
2026-08-07 05:26:57,626  INFO      [DRY] Angel order would be: {'variety': 'NORMAL', 'tradingsymbol': 'TCS-EQ', 'symboltoken': '11536', 'transactiontype': 'BUY', 'exchange': 'NSE', 'ordertype': 'MARKET', 'producttype': 'INTRADAY', 'duration': 'DAY', 'price': '0', 'squareoff': '0', 'stoploss': '0', 'quantity': '3'}
2026-08-07 05:26:57,626  INFO      [OPEN] [DRY] TCS.NS qty=3 @ Rs 2424.90 SL Rs 2358.79 TGT Rs 2452.49 (order=None)
2026-08-07 05:26:57,631  INFO      tick result: {'ok': True, 'actions': 5, 'open_trades': 6, 'closed_today': 0, 'realised_pnl': 0.0, 'cumulative_pnl': -3679.38, 'halted': False, 'messages': ['[OPEN] [DRY] BRITANNIA.NS qty=2 @ Rs 5605.50 SL Rs 5486.61 TGT Rs 5868.77 (order=None)', '[OPEN] [DRY] HEROMOTOCO.NS qty=2 @ Rs 5787.00 SL Rs 5646.38 TGT Rs 6057.39 (order=None)', '[OPEN] [DRY] MOTHERSON.NS qty=61 @ Rs 168.22 SL Rs 162.70 TGT Rs 175.84 (order=None)', '[OPEN] [DRY] TECHM.NS qty=5 @ Rs 1647.00 SL Rs 1605.14 TGT Rs 1683.23 (order=None)', '[OPEN] [DRY] TCS.NS qty=3 @ Rs 2424.90 SL Rs 2358.79 TGT Rs 2452.49 (order=None)']}
2026-08-07 05:26:57,631  INFO      tick result: {'ok': True, 'actions': 5, 'open_trades': 6, 'closed_today': 0, 'realised_pnl': 0.0, 'cumulative_pnl': -3679.38, 'halted': False, 'messages': ['[OPEN] [DRY] BRITANNIA.NS qty=2 @ Rs 5605.50 SL Rs 5486.61 TGT Rs 5868.77 (order=None)', '[OPEN] [DRY] HEROMOTOCO.NS qty=2 @ Rs 5787.00 SL Rs 5646.38 TGT Rs 6057.39 (order=None)', '[OPEN] [DRY] MOTHERSON.NS qty=61 @ Rs 168.22 SL Rs 162.70 TGT Rs 175.84 (order=None)', '[OPEN] [DRY] TECHM.NS qty=5 @ Rs 1647.00 SL Rs 1605.14 TGT Rs 1683.23 (order=None)', '[OPEN] [DRY] TCS.NS qty=3 @ Rs 2424.90 SL Rs 2358.79 TGT Rs 2452.49 (order=None)']}
