2026-09-14 09:17:39,593  INFO      angel_one starting ... (cmd=paper-trade)
2026-09-14 09:17:39,593  INFO      angel_one starting ... (cmd=paper-trade)
2026-09-14 09:17:39,610  INFO      refresh: generating today's picks via analyzer (dry-run, no PDF)
2026-09-14 09:17:39,610  INFO      refresh: generating today's picks via analyzer (dry-run, no PDF)
2026-09-14 09:17:40,148  INFO      == Stock analyzer run starting ==
2026-09-14 09:17:40,148  INFO      Watchlist: 11 symbols from data/stock_watchlist.txt
2026-09-14 09:17:40,148  INFO      Universe: 107 symbols (total available: 107)
2026-09-14 09:17:40,552  INFO      [1/107] fetching TATAPOWER.NS …
2026-09-14 09:17:41,099  INFO      [2/107] fetching IRFC.NS …
2026-09-14 09:17:41,605  INFO      [3/107] fetching SUZLON.NS …
2026-09-14 09:17:42,102  INFO      [4/107] fetching IREDA.NS …
2026-09-14 09:17:42,607  INFO      [5/107] fetching BHEL.NS …
2026-09-14 09:17:43,111  INFO      [6/107] fetching KPITTECH.NS …
2026-09-14 09:17:43,605  INFO      [7/107] fetching POLYCAB.NS …
2026-09-14 09:17:44,103  INFO      [8/107] fetching PERSISTENT.NS …
2026-09-14 09:17:44,611  INFO      [9/107] fetching ITC.NS …
2026-09-14 09:17:45,127  INFO      [10/107] fetching POWERGRID.NS …
2026-09-14 09:17:45,626  INFO      [11/107] fetching COALINDIA.NS …
2026-09-14 09:17:46,125  INFO      [12/107] fetching RELIANCE.NS …
2026-09-14 09:17:46,637  INFO      [13/107] fetching TCS.NS …
2026-09-14 09:17:47,140  INFO      [14/107] fetching HDFCBANK.NS …
2026-09-14 09:17:47,658  INFO      [15/107] fetching INFY.NS …
2026-09-14 09:17:48,167  INFO      [16/107] fetching ICICIBANK.NS …
2026-09-14 09:17:48,671  INFO      [17/107] fetching HINDUNILVR.NS …
2026-09-14 09:17:49,191  INFO      [18/107] fetching SBIN.NS …
2026-09-14 09:17:49,701  INFO      [19/107] fetching BHARTIARTL.NS …
2026-09-14 09:17:50,231  INFO      [20/107] fetching KOTAKBANK.NS …
2026-09-14 09:17:50,737  INFO      [21/107] fetching LT.NS …
2026-09-14 09:17:51,240  INFO      [22/107] fetching AXISBANK.NS …
2026-09-14 09:17:51,754  INFO      [23/107] fetching BAJFINANCE.NS …
2026-09-14 09:17:52,274  INFO      [24/107] fetching ASIANPAINT.NS …
2026-09-14 09:17:52,786  INFO      [25/107] fetching MARUTI.NS …
2026-09-14 09:17:53,286  INFO      [26/107] fetching HCLTECH.NS …
2026-09-14 09:17:53,791  INFO      [27/107] fetching SUNPHARMA.NS …
2026-09-14 09:17:54,315  INFO      [28/107] fetching TITAN.NS …
2026-09-14 09:17:54,817  INFO      [29/107] fetching ULTRACEMCO.NS …
2026-09-14 09:17:55,319  INFO      [30/107] fetching WIPRO.NS …
2026-09-14 09:17:55,839  INFO      [31/107] fetching NESTLEIND.NS …
2026-09-14 09:17:56,349  INFO      [32/107] fetching ADANIENT.NS …
2026-09-14 09:17:56,889  INFO      [33/107] fetching NTPC.NS …
2026-09-14 09:17:57,393  INFO      [34/107] fetching TATAMOTORS.NS …
2026-09-14 09:17:59,516  WARNING   [TATAMOTORS.NS] insufficient history (0 rows)
2026-09-14 09:17:59,916  INFO      [35/107] fetching M&M.NS …
2026-09-14 09:18:00,445  INFO      [36/107] fetching TATASTEEL.NS …
2026-09-14 09:18:00,967  INFO      [37/107] fetching JSWSTEEL.NS …
2026-09-14 09:18:01,469  INFO      [38/107] fetching ONGC.NS …
2026-09-14 09:18:01,979  INFO      [39/107] fetching TECHM.NS …
2026-09-14 09:18:02,485  INFO      [40/107] fetching BAJAJFINSV.NS …
2026-09-14 09:18:02,990  INFO      [41/107] fetching HINDALCO.NS …
2026-09-14 09:18:03,497  INFO      [42/107] fetching GRASIM.NS …
2026-09-14 09:18:04,043  INFO      [43/107] fetching DRREDDY.NS …
2026-09-14 09:18:04,556  INFO      [44/107] fetching CIPLA.NS …
2026-09-14 09:18:05,071  INFO      [45/107] fetching DIVISLAB.NS …
2026-09-14 09:18:05,576  INFO      [46/107] fetching EICHERMOT.NS …
2026-09-14 09:18:06,083  INFO      [47/107] fetching BRITANNIA.NS …
2026-09-14 09:18:06,594  INFO      [48/107] fetching HEROMOTOCO.NS …
2026-09-14 09:18:07,139  INFO      [49/107] fetching BAJAJ-AUTO.NS …
2026-09-14 09:18:07,639  INFO      [50/107] fetching INDUSINDBK.NS …
2026-09-14 09:18:08,139  INFO      [51/107] fetching APOLLOHOSP.NS …
2026-09-14 09:18:08,657  INFO      [52/107] fetching TATACONSUM.NS …
2026-09-14 09:18:09,168  INFO      [53/107] fetching UPL.NS …
2026-09-14 09:18:09,674  INFO      [54/107] fetching BPCL.NS …
2026-09-14 09:18:10,186  INFO      [55/107] fetching SBILIFE.NS …
2026-09-14 09:18:10,679  INFO      [56/107] fetching HDFCLIFE.NS …
2026-09-14 09:18:11,174  INFO      [57/107] fetching ADANIPORTS.NS …
2026-09-14 09:18:11,676  INFO      [58/107] fetching LTIM.NS …
2026-09-14 09:18:12,163  WARNING   [LTIM.NS] insufficient history (0 rows)
2026-09-14 09:18:12,563  INFO      [59/107] fetching ABB.NS …
2026-09-14 09:18:13,072  INFO      [60/107] fetching ADANIGREEN.NS …
2026-09-14 09:18:13,588  INFO      [61/107] fetching ADANIPOWER.NS …
2026-09-14 09:18:14,107  INFO      [62/107] fetching AMBUJACEM.NS …
2026-09-14 09:18:14,624  INFO      [63/107] fetching DMART.NS …
2026-09-14 09:18:15,110  INFO      [64/107] fetching BAJAJHLDNG.NS …
2026-09-14 09:18:15,620  INFO      [65/107] fetching BANKBARODA.NS …
2026-09-14 09:18:16,136  INFO      [66/107] fetching BERGEPAINT.NS …
2026-09-14 09:18:16,641  INFO      [67/107] fetching BOSCHLTD.NS …
2026-09-14 09:18:17,151  INFO      [68/107] fetching CANBK.NS …
2026-09-14 09:18:17,654  INFO      [69/107] fetching CHOLAFIN.NS …
2026-09-14 09:18:18,165  INFO      [70/107] fetching COLPAL.NS …
2026-09-14 09:18:18,667  INFO      [71/107] fetching DABUR.NS …
2026-09-14 09:18:19,176  INFO      [72/107] fetching DLF.NS …
2026-09-14 09:18:19,678  INFO      [73/107] fetching GAIL.NS …
2026-09-14 09:18:20,205  INFO      [74/107] fetching GODREJCP.NS …
2026-09-14 09:18:20,707  INFO      [75/107] fetching HAVELLS.NS …
2026-09-14 09:18:21,214  INFO      [76/107] fetching HAL.NS …
2026-09-14 09:18:21,711  INFO      [77/107] fetching ICICIGI.NS …
2026-09-14 09:18:22,217  INFO      [78/107] fetching ICICIPRULI.NS …
2026-09-14 09:18:22,710  INFO      [79/107] fetching IOC.NS …
2026-09-14 09:18:23,215  INFO      [80/107] fetching IRCTC.NS …
2026-09-14 09:18:23,706  INFO      [81/107] fetching JINDALSTEL.NS …
2026-09-14 09:18:24,213  INFO      [82/107] fetching LICI.NS …
2026-09-14 09:18:24,705  INFO      [83/107] fetching MARICO.NS …
2026-09-14 09:18:25,221  INFO      [84/107] fetching MOTHERSON.NS …
2026-09-14 09:18:25,731  INFO      [85/107] fetching NAUKRI.NS …
2026-09-14 09:18:26,258  INFO      [86/107] fetching PIDILITIND.NS …
2026-09-14 09:18:26,769  INFO      [87/107] fetching PNB.NS …
2026-09-14 09:18:27,316  INFO      [88/107] fetching PFC.NS …
2026-09-14 09:18:27,814  INFO      [89/107] fetching RECLTD.NS …
2026-09-14 09:18:28,317  INFO      [90/107] fetching SIEMENS.NS …
2026-09-14 09:18:28,828  INFO      [91/107] fetching SRF.NS …
2026-09-14 09:18:29,334  INFO      [92/107] fetching SHREECEM.NS …
2026-09-14 09:18:29,850  INFO      [93/107] fetching SHRIRAMFIN.NS …
2026-09-14 09:18:30,358  INFO      [94/107] fetching TORNTPHARM.NS …
2026-09-14 09:18:30,862  INFO      [95/107] fetching TRENT.NS …
2026-09-14 09:18:31,372  INFO      [96/107] fetching TVSMOTOR.NS …
2026-09-14 09:18:31,907  INFO      [97/107] fetching VEDL.NS …
2026-09-14 09:18:32,420  INFO      [98/107] fetching VBL.NS …
2026-09-14 09:18:32,911  INFO      [99/107] fetching ZOMATO.NS …
2026-09-14 09:18:33,499  WARNING   [ZOMATO.NS] insufficient history (0 rows)
2026-09-14 09:18:33,899  INFO      [100/107] fetching ZYDUSLIFE.NS …
2026-09-14 09:18:34,435  INFO      [101/107] fetching INDIGO.NS …
2026-09-14 09:18:34,932  INFO      [102/107] fetching IDEA.NS …
2026-09-14 09:18:35,427  INFO      [103/107] fetching BANKINDIA.NS …
2026-09-14 09:18:35,943  INFO      [104/107] fetching PAGEIND.NS …
2026-09-14 09:18:36,448  INFO      [105/107] fetching MUTHOOTFIN.NS …
2026-09-14 09:18:36,947  INFO      [106/107] fetching TATAELXSI.NS …
2026-09-14 09:18:37,452  INFO      [107/107] fetching LUPIN.NS …
2026-09-14 09:18:37,561  INFO      Fetched 104/107 symbols successfully.
2026-09-14 09:18:42,387  INFO      Fetched 200 headlines from RSS (Indian + global/geopolitics).
2026-09-14 09:18:44,956  INFO      Macro regime: risk-on | bias=1 | geo-risk=41.4
2026-09-14 09:18:45,221  INFO      NSE corp announcements: 20 filings
2026-09-14 09:18:46,731  INFO      Angel One login successful.
2026-09-14 09:18:47,524  INFO      Saved report → data/stock_reports/2026-09-14_0918.json
2026-09-14 09:18:48,002  INFO      Report image saved → logs/stock_analyzer/2026-09-14/stock_report.png  [1920×1280]
2026-09-14 09:18:48,002  INFO      Dry-run: skipping send. Image + PDF saved locally; console printed.
2026-09-14 09:18:48,003  INFO      == Stock analyzer run complete ==
2026-09-14 09:18:48,007  INFO      [Note] PAPER TRADING -- virtual cash Rs 100,000, max_positions=6 max_pct=15% buckets=('intraday', 'swing') state=data/paper_trader_state.json
2026-09-14 09:18:48,007  INFO      [Note] PAPER TRADING -- virtual cash Rs 100,000, max_positions=6 max_pct=15% buckets=('intraday', 'swing') state=data/paper_trader_state.json
2026-09-14 09:18:48,009  INFO      paper-trader: new day, archived 7 trades (cumulative ₹-4,375)
2026-09-14 09:18:59,252  INFO      [DRY] Angel order would be: {'variety': 'NORMAL', 'tradingsymbol': 'DRREDDY-EQ', 'symboltoken': '881', 'transactiontype': 'BUY', 'exchange': 'NSE', 'ordertype': 'MARKET', 'producttype': 'INTRADAY', 'duration': 'DAY', 'price': '0', 'squareoff': '0', 'stoploss': '0', 'quantity': '12'}
2026-09-14 09:18:59,252  INFO      [OPEN] [DRY] DRREDDY.NS qty=12 @ Rs 1165.50 SL Rs 1149.32 TGT Rs 1179.64 (order=None)
2026-09-14 09:18:59,252  INFO      [DRY] Angel order would be: {'variety': 'NORMAL', 'tradingsymbol': 'IDEA-EQ', 'symboltoken': '14366', 'transactiontype': 'BUY', 'exchange': 'NSE', 'ordertype': 'MARKET', 'producttype': 'INTRADAY', 'duration': 'DAY', 'price': '0', 'squareoff': '0', 'stoploss': '0', 'quantity': '818'}
2026-09-14 09:18:59,252  INFO      [OPEN] [DRY] IDEA.NS qty=818 @ Rs 14.97 SL Rs 14.46 TGT Rs 15.34 (order=None)
2026-09-14 09:18:59,252  INFO      [DRY] Angel order would be: {'variety': 'NORMAL', 'tradingsymbol': 'ADANIENT-EQ', 'symboltoken': '25', 'transactiontype': 'BUY', 'exchange': 'NSE', 'ordertype': 'MARKET', 'producttype': 'INTRADAY', 'duration': 'DAY', 'price': '0', 'squareoff': '0', 'stoploss': '0', 'quantity': '3'}
2026-09-14 09:18:59,253  INFO      [OPEN] [DRY] ADANIENT.NS qty=3 @ Rs 3060.00 SL Rs 3011.67 TGT Rs 3085.32 (order=None)
2026-09-14 09:18:59,253  INFO      [DRY] Angel order would be: {'variety': 'NORMAL', 'tradingsymbol': 'VBL-EQ', 'symboltoken': '18921', 'transactiontype': 'BUY', 'exchange': 'NSE', 'ordertype': 'MARKET', 'producttype': 'INTRADAY', 'duration': 'DAY', 'price': '0', 'squareoff': '0', 'stoploss': '0', 'quantity': '21'}
2026-09-14 09:18:59,253  INFO      [OPEN] [DRY] VBL.NS qty=21 @ Rs 416.50 SL Rs 405.93 TGT Rs 442.41 (order=None)
2026-09-14 09:18:59,253  INFO      [DRY] Angel order would be: {'variety': 'NORMAL', 'tradingsymbol': 'POWERGRID-EQ', 'symboltoken': '14977', 'transactiontype': 'BUY', 'exchange': 'NSE', 'ordertype': 'MARKET', 'producttype': 'INTRADAY', 'duration': 'DAY', 'price': '0', 'squareoff': '0', 'stoploss': '0', 'quantity': '28'}
2026-09-14 09:18:59,253  INFO      [OPEN] [DRY] POWERGRID.NS qty=28 @ Rs 269.10 SL Rs 264.33 TGT Rs 270.21 (order=None)
2026-09-14 09:18:59,253  INFO      [DRY] Angel order would be: {'variety': 'NORMAL', 'tradingsymbol': 'IDEA-EQ', 'symboltoken': '14366', 'transactiontype': 'BUY', 'exchange': 'NSE', 'ordertype': 'MARKET', 'producttype': 'INTRADAY', 'duration': 'DAY', 'price': '0', 'squareoff': '0', 'stoploss': '0', 'quantity': '440'}
2026-09-14 09:18:59,253  INFO      [OPEN] [DRY] IDEA.NS qty=440 @ Rs 14.97 SL Rs 14.05 TGT Rs 17.01 (order=None)
2026-09-14 09:18:59,260  INFO      tick result: {'ok': True, 'actions': 6, 'open_trades': 6, 'closed_today': 0, 'realised_pnl': 0.0, 'cumulative_pnl': -4374.97, 'halted': False, 'messages': ['[OPEN] [DRY] DRREDDY.NS qty=12 @ Rs 1165.50 SL Rs 1149.32 TGT Rs 1179.64 (order=None)', '[OPEN] [DRY] IDEA.NS qty=818 @ Rs 14.97 SL Rs 14.46 TGT Rs 15.34 (order=None)', '[OPEN] [DRY] ADANIENT.NS qty=3 @ Rs 3060.00 SL Rs 3011.67 TGT Rs 3085.32 (order=None)', '[OPEN] [DRY] VBL.NS qty=21 @ Rs 416.50 SL Rs 405.93 TGT Rs 442.41 (order=None)', '[OPEN] [DRY] POWERGRID.NS qty=28 @ Rs 269.10 SL Rs 264.33 TGT Rs 270.21 (order=None)', '[OPEN] [DRY] IDEA.NS qty=440 @ Rs 14.97 SL Rs 14.05 TGT Rs 17.01 (order=None)']}
2026-09-14 09:18:59,260  INFO      tick result: {'ok': True, 'actions': 6, 'open_trades': 6, 'closed_today': 0, 'realised_pnl': 0.0, 'cumulative_pnl': -4374.97, 'halted': False, 'messages': ['[OPEN] [DRY] DRREDDY.NS qty=12 @ Rs 1165.50 SL Rs 1149.32 TGT Rs 1179.64 (order=None)', '[OPEN] [DRY] IDEA.NS qty=818 @ Rs 14.97 SL Rs 14.46 TGT Rs 15.34 (order=None)', '[OPEN] [DRY] ADANIENT.NS qty=3 @ Rs 3060.00 SL Rs 3011.67 TGT Rs 3085.32 (order=None)', '[OPEN] [DRY] VBL.NS qty=21 @ Rs 416.50 SL Rs 405.93 TGT Rs 442.41 (order=None)', '[OPEN] [DRY] POWERGRID.NS qty=28 @ Rs 269.10 SL Rs 264.33 TGT Rs 270.21 (order=None)', '[OPEN] [DRY] IDEA.NS qty=440 @ Rs 14.97 SL Rs 14.05 TGT Rs 17.01 (order=None)']}
