2026-08-04 06:17:10,379  INFO      angel_one starting ... (cmd=paper-trade)
2026-08-04 06:17:10,379  INFO      angel_one starting ... (cmd=paper-trade)
2026-08-04 06:17:10,396  INFO      refresh: generating today's picks via analyzer (dry-run, no PDF)
2026-08-04 06:17:10,396  INFO      refresh: generating today's picks via analyzer (dry-run, no PDF)
2026-08-04 06:17:11,009  INFO      == Stock analyzer run starting ==
2026-08-04 06:17:11,009  INFO      Watchlist: 11 symbols from data/stock_watchlist.txt
2026-08-04 06:17:11,010  INFO      Universe: 107 symbols (total available: 107)
2026-08-04 06:17:11,578  INFO      [1/107] fetching TATAPOWER.NS …
2026-08-04 06:17:12,106  INFO      [2/107] fetching IRFC.NS …
2026-08-04 06:17:12,563  INFO      [3/107] fetching SUZLON.NS …
2026-08-04 06:17:13,016  INFO      [4/107] fetching IREDA.NS …
2026-08-04 06:17:13,466  INFO      [5/107] fetching BHEL.NS …
2026-08-04 06:17:13,938  INFO      [6/107] fetching KPITTECH.NS …
2026-08-04 06:17:14,397  INFO      [7/107] fetching POLYCAB.NS …
2026-08-04 06:17:14,857  INFO      [8/107] fetching PERSISTENT.NS …
2026-08-04 06:17:15,327  INFO      [9/107] fetching ITC.NS …
2026-08-04 06:17:15,807  INFO      [10/107] fetching POWERGRID.NS …
2026-08-04 06:17:16,272  INFO      [11/107] fetching COALINDIA.NS …
2026-08-04 06:17:16,739  INFO      [12/107] fetching RELIANCE.NS …
2026-08-04 06:17:17,220  INFO      [13/107] fetching TCS.NS …
2026-08-04 06:17:17,691  INFO      [14/107] fetching HDFCBANK.NS …
2026-08-04 06:17:18,176  INFO      [15/107] fetching INFY.NS …
2026-08-04 06:17:18,662  INFO      [16/107] fetching ICICIBANK.NS …
2026-08-04 06:17:19,145  INFO      [17/107] fetching HINDUNILVR.NS …
2026-08-04 06:17:19,629  INFO      [18/107] fetching SBIN.NS …
2026-08-04 06:17:20,108  INFO      [19/107] fetching BHARTIARTL.NS …
2026-08-04 06:17:20,576  INFO      [20/107] fetching KOTAKBANK.NS …
2026-08-04 06:17:21,068  INFO      [21/107] fetching LT.NS …
2026-08-04 06:17:21,542  INFO      [22/107] fetching AXISBANK.NS …
2026-08-04 06:17:22,017  INFO      [23/107] fetching BAJFINANCE.NS …
2026-08-04 06:17:22,490  INFO      [24/107] fetching ASIANPAINT.NS …
2026-08-04 06:17:22,966  INFO      [25/107] fetching MARUTI.NS …
2026-08-04 06:17:23,436  INFO      [26/107] fetching HCLTECH.NS …
2026-08-04 06:17:23,917  INFO      [27/107] fetching SUNPHARMA.NS …
2026-08-04 06:17:24,396  INFO      [28/107] fetching TITAN.NS …
2026-08-04 06:17:24,864  INFO      [29/107] fetching ULTRACEMCO.NS …
2026-08-04 06:17:25,339  INFO      [30/107] fetching WIPRO.NS …
2026-08-04 06:17:25,821  INFO      [31/107] fetching NESTLEIND.NS …
2026-08-04 06:17:26,294  INFO      [32/107] fetching ADANIENT.NS …
2026-08-04 06:17:26,771  INFO      [33/107] fetching NTPC.NS …
2026-08-04 06:17:27,257  INFO      [34/107] fetching TATAMOTORS.NS …
2026-08-04 06:17:28,388  WARNING   [TATAMOTORS.NS] insufficient history (0 rows)
2026-08-04 06:17:28,789  INFO      [35/107] fetching M&M.NS …
2026-08-04 06:17:29,267  INFO      [36/107] fetching TATASTEEL.NS …
2026-08-04 06:17:29,742  INFO      [37/107] fetching JSWSTEEL.NS …
2026-08-04 06:17:30,233  INFO      [38/107] fetching ONGC.NS …
2026-08-04 06:17:30,729  INFO      [39/107] fetching TECHM.NS …
2026-08-04 06:17:31,201  INFO      [40/107] fetching BAJAJFINSV.NS …
2026-08-04 06:17:31,677  INFO      [41/107] fetching HINDALCO.NS …
2026-08-04 06:17:32,158  INFO      [42/107] fetching GRASIM.NS …
2026-08-04 06:17:32,650  INFO      [43/107] fetching DRREDDY.NS …
2026-08-04 06:17:33,123  INFO      [44/107] fetching CIPLA.NS …
2026-08-04 06:17:33,631  INFO      [45/107] fetching DIVISLAB.NS …
2026-08-04 06:17:34,111  INFO      [46/107] fetching EICHERMOT.NS …
2026-08-04 06:17:34,597  INFO      [47/107] fetching BRITANNIA.NS …
2026-08-04 06:17:35,070  INFO      [48/107] fetching HEROMOTOCO.NS …
2026-08-04 06:17:35,547  INFO      [49/107] fetching BAJAJ-AUTO.NS …
2026-08-04 06:17:36,022  INFO      [50/107] fetching INDUSINDBK.NS …
2026-08-04 06:17:36,502  INFO      [51/107] fetching APOLLOHOSP.NS …
2026-08-04 06:17:36,978  INFO      [52/107] fetching TATACONSUM.NS …
2026-08-04 06:17:37,467  INFO      [53/107] fetching UPL.NS …
2026-08-04 06:17:37,945  INFO      [54/107] fetching BPCL.NS …
2026-08-04 06:17:38,443  INFO      [55/107] fetching SBILIFE.NS …
2026-08-04 06:17:38,904  INFO      [56/107] fetching HDFCLIFE.NS …
2026-08-04 06:17:39,387  INFO      [57/107] fetching ADANIPORTS.NS …
2026-08-04 06:17:39,855  INFO      [58/107] fetching LTIM.NS …
2026-08-04 06:17:40,339  WARNING   [LTIM.NS] insufficient history (0 rows)
2026-08-04 06:17:40,740  INFO      [59/107] fetching ABB.NS …
2026-08-04 06:17:41,227  INFO      [60/107] fetching ADANIGREEN.NS …
2026-08-04 06:17:41,676  INFO      [61/107] fetching ADANIPOWER.NS …
2026-08-04 06:17:42,126  INFO      [62/107] fetching AMBUJACEM.NS …
2026-08-04 06:17:42,600  INFO      [63/107] fetching DMART.NS …
2026-08-04 06:17:43,048  INFO      [64/107] fetching BAJAJHLDNG.NS …
2026-08-04 06:17:43,523  INFO      [65/107] fetching BANKBARODA.NS …
2026-08-04 06:17:43,998  INFO      [66/107] fetching BERGEPAINT.NS …
2026-08-04 06:17:44,470  INFO      [67/107] fetching BOSCHLTD.NS …
2026-08-04 06:17:44,941  INFO      [68/107] fetching CANBK.NS …
2026-08-04 06:17:45,423  INFO      [69/107] fetching CHOLAFIN.NS …
2026-08-04 06:17:45,907  INFO      [70/107] fetching COLPAL.NS …
2026-08-04 06:17:46,378  INFO      [71/107] fetching DABUR.NS …
2026-08-04 06:17:46,856  INFO      [72/107] fetching DLF.NS …
2026-08-04 06:17:47,330  INFO      [73/107] fetching GAIL.NS …
2026-08-04 06:17:47,824  INFO      [74/107] fetching GODREJCP.NS …
2026-08-04 06:17:48,308  INFO      [75/107] fetching HAVELLS.NS …
2026-08-04 06:17:48,787  INFO      [76/107] fetching HAL.NS …
2026-08-04 06:17:49,253  INFO      [77/107] fetching ICICIGI.NS …
2026-08-04 06:17:49,713  INFO      [78/107] fetching ICICIPRULI.NS …
2026-08-04 06:17:50,174  INFO      [79/107] fetching IOC.NS …
2026-08-04 06:17:50,663  INFO      [80/107] fetching IRCTC.NS …
2026-08-04 06:17:51,118  INFO      [81/107] fetching JINDALSTEL.NS …
2026-08-04 06:17:51,612  INFO      [82/107] fetching LICI.NS …
2026-08-04 06:17:52,064  INFO      [83/107] fetching MARICO.NS …
2026-08-04 06:17:52,545  INFO      [84/107] fetching MOTHERSON.NS …
2026-08-04 06:17:53,021  INFO      [85/107] fetching NAUKRI.NS …
2026-08-04 06:17:53,490  INFO      [86/107] fetching PIDILITIND.NS …
2026-08-04 06:17:53,971  INFO      [87/107] fetching PNB.NS …
2026-08-04 06:17:54,451  INFO      [88/107] fetching PFC.NS …
2026-08-04 06:17:54,924  INFO      [89/107] fetching RECLTD.NS …
2026-08-04 06:17:55,390  INFO      [90/107] fetching SIEMENS.NS …
2026-08-04 06:17:55,871  INFO      [91/107] fetching SRF.NS …
2026-08-04 06:17:56,346  INFO      [92/107] fetching SHREECEM.NS …
2026-08-04 06:17:56,818  INFO      [93/107] fetching SHRIRAMFIN.NS …
2026-08-04 06:17:57,298  INFO      [94/107] fetching TORNTPHARM.NS …
2026-08-04 06:17:57,776  INFO      [95/107] fetching TRENT.NS …
2026-08-04 06:17:58,252  INFO      [96/107] fetching TVSMOTOR.NS …
2026-08-04 06:17:58,750  INFO      [97/107] fetching VEDL.NS …
2026-08-04 06:17:59,263  INFO      [98/107] fetching VBL.NS …
2026-08-04 06:17:59,735  INFO      [99/107] fetching ZOMATO.NS …
2026-08-04 06:18:00,217  WARNING   [ZOMATO.NS] insufficient history (0 rows)
2026-08-04 06:18:00,617  INFO      [100/107] fetching ZYDUSLIFE.NS …
2026-08-04 06:18:01,094  INFO      [101/107] fetching INDIGO.NS …
2026-08-04 06:18:01,549  INFO      [102/107] fetching IDEA.NS …
2026-08-04 06:18:02,011  INFO      [103/107] fetching BANKINDIA.NS …
2026-08-04 06:18:02,489  INFO      [104/107] fetching PAGEIND.NS …
2026-08-04 06:18:02,963  INFO      [105/107] fetching MUTHOOTFIN.NS …
2026-08-04 06:18:03,423  INFO      [106/107] fetching TATAELXSI.NS …
2026-08-04 06:18:03,912  INFO      [107/107] fetching LUPIN.NS …
2026-08-04 06:18:03,996  INFO      Fetched 104/107 symbols successfully.
2026-08-04 06:18:06,281  WARNING   [MF 120503] fetch failed: HTTPSConnectionPool(host='api.mfapi.in', port=443): Read timed out. (read timeout=2)
2026-08-04 06:18:07,217  INFO      Fetched 200 headlines from RSS (Indian + global/geopolitics).
2026-08-04 06:18:09,482  INFO      Macro regime: risk-on | bias=5 | geo-risk=50.0
2026-08-04 06:18:09,735  INFO      NSE corp announcements: 20 filings
2026-08-04 06:18:11,423  INFO      Angel One login successful.
2026-08-04 06:18:12,572  INFO      Saved report → data/stock_reports/2026-08-04_0618.json
2026-08-04 06:18:13,128  INFO      Report image saved → logs/stock_analyzer/2026-08-04/stock_report.png  [1920×1280]
2026-08-04 06:18:13,129  INFO      Dry-run: skipping send. Image + PDF saved locally; console printed.
2026-08-04 06:18:13,130  INFO      == Stock analyzer run complete ==
2026-08-04 06:18:13,131  INFO      [Note] PAPER TRADING -- virtual cash Rs 100,000, max_positions=6 max_pct=15% buckets=('intraday', 'swing') state=data/paper_trader_state.json
2026-08-04 06:18:13,131  INFO      [Note] PAPER TRADING -- virtual cash Rs 100,000, max_positions=6 max_pct=15% buckets=('intraday', 'swing') state=data/paper_trader_state.json
2026-08-04 06:18:13,133  INFO      paper-trader: new day, archived 6 trades (cumulative ₹-3,406)
2026-08-04 06:18:27,234  INFO      [DRY] Angel order would be: {'variety': 'NORMAL', 'tradingsymbol': 'ABB-EQ', 'symboltoken': '13', 'transactiontype': 'BUY', 'exchange': 'NSE', 'ordertype': 'MARKET', 'producttype': 'INTRADAY', 'duration': 'DAY', 'price': '0', 'squareoff': '0', 'stoploss': '0', 'quantity': '1'}
2026-08-04 06:18:27,235  INFO      [OPEN] [DRY] ABB.NS qty=1 @ Rs 7775.50 SL Rs 7533.82 TGT Rs 7908.65 (order=None)
2026-08-04 06:18:27,235  INFO      [DRY] Angel order would be: {'variety': 'NORMAL', 'tradingsymbol': 'SIEMENS-EQ', 'symboltoken': '3150', 'transactiontype': 'BUY', 'exchange': 'NSE', 'ordertype': 'MARKET', 'producttype': 'INTRADAY', 'duration': 'DAY', 'price': '0', 'squareoff': '0', 'stoploss': '0', 'quantity': '3'}
2026-08-04 06:18:27,235  INFO      [OPEN] [DRY] SIEMENS.NS qty=3 @ Rs 4037.20 SL Rs 3920.80 TGT Rs 4231.10 (order=None)
2026-08-04 06:18:27,235  INFO      [DRY] Angel order would be: {'variety': 'NORMAL', 'tradingsymbol': 'BERGEPAINT-EQ', 'symboltoken': '404', 'transactiontype': 'BUY', 'exchange': 'NSE', 'ordertype': 'MARKET', 'producttype': 'INTRADAY', 'duration': 'DAY', 'price': '0', 'squareoff': '0', 'stoploss': '0', 'quantity': '21'}
2026-08-04 06:18:27,235  INFO      [OPEN] [DRY] BERGEPAINT.NS qty=21 @ Rs 538.80 SL Rs 523.20 TGT Rs 539.27 (order=None)
2026-08-04 06:18:27,235  INFO      [DRY] Angel order would be: {'variety': 'NORMAL', 'tradingsymbol': 'HINDALCO-EQ', 'symboltoken': '1363', 'transactiontype': 'BUY', 'exchange': 'NSE', 'ordertype': 'MARKET', 'producttype': 'INTRADAY', 'duration': 'DAY', 'price': '0', 'squareoff': '0', 'stoploss': '0', 'quantity': '9'}
2026-08-04 06:18:27,235  INFO      [OPEN] [DRY] HINDALCO.NS qty=9 @ Rs 1004.50 SL Rs 983.47 TGT Rs 1016.06 (order=None)
2026-08-04 06:18:27,235  INFO      [DRY] Angel order would be: {'variety': 'NORMAL', 'tradingsymbol': 'TRENT-EQ', 'symboltoken': '1964', 'transactiontype': 'BUY', 'exchange': 'NSE', 'ordertype': 'MARKET', 'producttype': 'INTRADAY', 'duration': 'DAY', 'price': '0', 'squareoff': '0', 'stoploss': '0', 'quantity': '2'}
2026-08-04 06:18:27,235  INFO      [OPEN] [DRY] TRENT.NS qty=2 @ Rs 3081.20 SL Rs 3004.91 TGT Rs 3271.23 (order=None)
2026-08-04 06:18:27,235  INFO      [DRY] Angel order would be: {'variety': 'NORMAL', 'tradingsymbol': 'JSWSTEEL-EQ', 'symboltoken': '11723', 'transactiontype': 'BUY', 'exchange': 'NSE', 'ordertype': 'MARKET', 'producttype': 'INTRADAY', 'duration': 'DAY', 'price': '0', 'squareoff': '0', 'stoploss': '0', 'quantity': '5'}
2026-08-04 06:18:27,236  INFO      [OPEN] [DRY] JSWSTEEL.NS qty=5 @ Rs 1289.80 SL Rs 1263.95 TGT Rs 1390.25 (order=None)
2026-08-04 06:18:27,241  INFO      tick result: {'ok': True, 'actions': 6, 'open_trades': 6, 'closed_today': 0, 'realised_pnl': 0.0, 'cumulative_pnl': -3405.98, 'halted': False, 'messages': ['[OPEN] [DRY] ABB.NS qty=1 @ Rs 7775.50 SL Rs 7533.82 TGT Rs 7908.65 (order=None)', '[OPEN] [DRY] SIEMENS.NS qty=3 @ Rs 4037.20 SL Rs 3920.80 TGT Rs 4231.10 (order=None)', '[OPEN] [DRY] BERGEPAINT.NS qty=21 @ Rs 538.80 SL Rs 523.20 TGT Rs 539.27 (order=None)', '[OPEN] [DRY] HINDALCO.NS qty=9 @ Rs 1004.50 SL Rs 983.47 TGT Rs 1016.06 (order=None)', '[OPEN] [DRY] TRENT.NS qty=2 @ Rs 3081.20 SL Rs 3004.91 TGT Rs 3271.23 (order=None)', '[OPEN] [DRY] JSWSTEEL.NS qty=5 @ Rs 1289.80 SL Rs 1263.95 TGT Rs 1390.25 (order=None)']}
2026-08-04 06:18:27,241  INFO      tick result: {'ok': True, 'actions': 6, 'open_trades': 6, 'closed_today': 0, 'realised_pnl': 0.0, 'cumulative_pnl': -3405.98, 'halted': False, 'messages': ['[OPEN] [DRY] ABB.NS qty=1 @ Rs 7775.50 SL Rs 7533.82 TGT Rs 7908.65 (order=None)', '[OPEN] [DRY] SIEMENS.NS qty=3 @ Rs 4037.20 SL Rs 3920.80 TGT Rs 4231.10 (order=None)', '[OPEN] [DRY] BERGEPAINT.NS qty=21 @ Rs 538.80 SL Rs 523.20 TGT Rs 539.27 (order=None)', '[OPEN] [DRY] HINDALCO.NS qty=9 @ Rs 1004.50 SL Rs 983.47 TGT Rs 1016.06 (order=None)', '[OPEN] [DRY] TRENT.NS qty=2 @ Rs 3081.20 SL Rs 3004.91 TGT Rs 3271.23 (order=None)', '[OPEN] [DRY] JSWSTEEL.NS qty=5 @ Rs 1289.80 SL Rs 1263.95 TGT Rs 1390.25 (order=None)']}
