2026-04-27 05:51:17,393  INFO      stock_analyzer starting … (channel=whatsapp, theme=light)
2026-04-27 05:51:17,393  INFO      stock_analyzer starting … (channel=whatsapp, theme=light)
2026-04-27 05:51:17,399  INFO      angel_one starting … (cmd=paper-trade)
2026-04-27 05:51:17,399  INFO      angel_one starting … (cmd=paper-trade)
2026-04-27 05:51:17,399  INFO      angel_one starting … (cmd=paper-trade)
2026-04-27 05:51:17,405  INFO      refresh: generating today's picks via analyzer (dry-run, no PDF)
2026-04-27 05:51:17,405  INFO      refresh: generating today's picks via analyzer (dry-run, no PDF)
2026-04-27 05:51:17,405  INFO      refresh: generating today's picks via analyzer (dry-run, no PDF)
2026-04-27 05:51:17,406  INFO      == Stock analyzer run starting ==
2026-04-27 05:51:17,406  INFO      == Stock analyzer run starting ==
2026-04-27 05:51:17,406  INFO      Watchlist: 11 symbols from data/stock_watchlist.txt
2026-04-27 05:51:17,406  INFO      Watchlist: 11 symbols from data/stock_watchlist.txt
2026-04-27 05:51:17,406  INFO      Universe: 107 symbols (total available: 107)
2026-04-27 05:51:17,406  INFO      Universe: 107 symbols (total available: 107)
2026-04-27 05:51:18,082  INFO      [1/107] fetching TATAPOWER.NS …
2026-04-27 05:51:18,082  INFO      [1/107] fetching TATAPOWER.NS …
2026-04-27 05:51:18,617  INFO      [2/107] fetching IRFC.NS …
2026-04-27 05:51:18,617  INFO      [2/107] fetching IRFC.NS …
2026-04-27 05:51:19,093  INFO      [3/107] fetching SUZLON.NS …
2026-04-27 05:51:19,093  INFO      [3/107] fetching SUZLON.NS …
2026-04-27 05:51:19,574  INFO      [4/107] fetching IREDA.NS …
2026-04-27 05:51:19,574  INFO      [4/107] fetching IREDA.NS …
2026-04-27 05:51:20,046  INFO      [5/107] fetching BHEL.NS …
2026-04-27 05:51:20,046  INFO      [5/107] fetching BHEL.NS …
2026-04-27 05:51:20,546  INFO      [6/107] fetching KPITTECH.NS …
2026-04-27 05:51:20,546  INFO      [6/107] fetching KPITTECH.NS …
2026-04-27 05:51:21,091  INFO      [7/107] fetching POLYCAB.NS …
2026-04-27 05:51:21,091  INFO      [7/107] fetching POLYCAB.NS …
2026-04-27 05:51:21,607  INFO      [8/107] fetching PERSISTENT.NS …
2026-04-27 05:51:21,607  INFO      [8/107] fetching PERSISTENT.NS …
2026-04-27 05:51:22,152  INFO      [9/107] fetching ITC.NS …
2026-04-27 05:51:22,152  INFO      [9/107] fetching ITC.NS …
2026-04-27 05:51:22,723  INFO      [10/107] fetching POWERGRID.NS …
2026-04-27 05:51:22,723  INFO      [10/107] fetching POWERGRID.NS …
2026-04-27 05:51:23,353  INFO      [11/107] fetching COALINDIA.NS …
2026-04-27 05:51:23,353  INFO      [11/107] fetching COALINDIA.NS …
2026-04-27 05:51:23,911  INFO      [12/107] fetching RELIANCE.NS …
2026-04-27 05:51:23,911  INFO      [12/107] fetching RELIANCE.NS …
2026-04-27 05:51:24,474  INFO      [13/107] fetching TCS.NS …
2026-04-27 05:51:24,474  INFO      [13/107] fetching TCS.NS …
2026-04-27 05:51:25,025  INFO      [14/107] fetching HDFCBANK.NS …
2026-04-27 05:51:25,025  INFO      [14/107] fetching HDFCBANK.NS …
2026-04-27 05:51:25,591  INFO      [15/107] fetching INFY.NS …
2026-04-27 05:51:25,591  INFO      [15/107] fetching INFY.NS …
2026-04-27 05:51:26,129  INFO      [16/107] fetching ICICIBANK.NS …
2026-04-27 05:51:26,129  INFO      [16/107] fetching ICICIBANK.NS …
2026-04-27 05:51:26,686  INFO      [17/107] fetching HINDUNILVR.NS …
2026-04-27 05:51:26,686  INFO      [17/107] fetching HINDUNILVR.NS …
2026-04-27 05:51:27,246  INFO      [18/107] fetching SBIN.NS …
2026-04-27 05:51:27,246  INFO      [18/107] fetching SBIN.NS …
2026-04-27 05:51:27,794  INFO      [19/107] fetching BHARTIARTL.NS …
2026-04-27 05:51:27,794  INFO      [19/107] fetching BHARTIARTL.NS …
2026-04-27 05:51:28,365  INFO      [20/107] fetching KOTAKBANK.NS …
2026-04-27 05:51:28,365  INFO      [20/107] fetching KOTAKBANK.NS …
2026-04-27 05:51:28,957  INFO      [21/107] fetching LT.NS …
2026-04-27 05:51:28,957  INFO      [21/107] fetching LT.NS …
2026-04-27 05:51:29,577  INFO      [22/107] fetching AXISBANK.NS …
2026-04-27 05:51:29,577  INFO      [22/107] fetching AXISBANK.NS …
2026-04-27 05:51:30,078  INFO      [23/107] fetching BAJFINANCE.NS …
2026-04-27 05:51:30,078  INFO      [23/107] fetching BAJFINANCE.NS …
2026-04-27 05:51:30,574  INFO      [24/107] fetching ASIANPAINT.NS …
2026-04-27 05:51:30,574  INFO      [24/107] fetching ASIANPAINT.NS …
2026-04-27 05:51:31,160  INFO      [25/107] fetching MARUTI.NS …
2026-04-27 05:51:31,160  INFO      [25/107] fetching MARUTI.NS …
2026-04-27 05:51:31,728  INFO      [26/107] fetching HCLTECH.NS …
2026-04-27 05:51:31,728  INFO      [26/107] fetching HCLTECH.NS …
2026-04-27 05:51:32,319  INFO      [27/107] fetching SUNPHARMA.NS …
2026-04-27 05:51:32,319  INFO      [27/107] fetching SUNPHARMA.NS …
2026-04-27 05:51:32,893  INFO      [28/107] fetching TITAN.NS …
2026-04-27 05:51:32,893  INFO      [28/107] fetching TITAN.NS …
2026-04-27 05:51:33,472  INFO      [29/107] fetching ULTRACEMCO.NS …
2026-04-27 05:51:33,472  INFO      [29/107] fetching ULTRACEMCO.NS …
2026-04-27 05:51:34,033  INFO      [30/107] fetching WIPRO.NS …
2026-04-27 05:51:34,033  INFO      [30/107] fetching WIPRO.NS …
2026-04-27 05:51:34,645  INFO      [31/107] fetching NESTLEIND.NS …
2026-04-27 05:51:34,645  INFO      [31/107] fetching NESTLEIND.NS …
2026-04-27 05:51:35,221  INFO      [32/107] fetching ADANIENT.NS …
2026-04-27 05:51:35,221  INFO      [32/107] fetching ADANIENT.NS …
2026-04-27 05:51:35,749  INFO      [33/107] fetching NTPC.NS …
2026-04-27 05:51:35,749  INFO      [33/107] fetching NTPC.NS …
2026-04-27 05:51:36,251  INFO      [34/107] fetching TATAMOTORS.NS …
2026-04-27 05:51:36,251  INFO      [34/107] fetching TATAMOTORS.NS …
2026-04-27 05:51:37,390  WARNING   [TATAMOTORS.NS] insufficient history (0 rows)
2026-04-27 05:51:37,390  WARNING   [TATAMOTORS.NS] insufficient history (0 rows)
2026-04-27 05:51:37,790  INFO      [35/107] fetching M&M.NS …
2026-04-27 05:51:37,790  INFO      [35/107] fetching M&M.NS …
2026-04-27 05:51:38,380  INFO      [36/107] fetching TATASTEEL.NS …
2026-04-27 05:51:38,380  INFO      [36/107] fetching TATASTEEL.NS …
2026-04-27 05:51:38,886  INFO      [37/107] fetching JSWSTEEL.NS …
2026-04-27 05:51:38,886  INFO      [37/107] fetching JSWSTEEL.NS …
2026-04-27 05:51:39,394  INFO      [38/107] fetching ONGC.NS …
2026-04-27 05:51:39,394  INFO      [38/107] fetching ONGC.NS …
2026-04-27 05:51:39,936  INFO      [39/107] fetching TECHM.NS …
2026-04-27 05:51:39,936  INFO      [39/107] fetching TECHM.NS …
2026-04-27 05:51:40,489  INFO      [40/107] fetching BAJAJFINSV.NS …
2026-04-27 05:51:40,489  INFO      [40/107] fetching BAJAJFINSV.NS …
2026-04-27 05:51:41,049  INFO      [41/107] fetching HINDALCO.NS …
2026-04-27 05:51:41,049  INFO      [41/107] fetching HINDALCO.NS …
2026-04-27 05:51:41,621  INFO      [42/107] fetching GRASIM.NS …
2026-04-27 05:51:41,621  INFO      [42/107] fetching GRASIM.NS …
2026-04-27 05:51:42,153  INFO      [43/107] fetching DRREDDY.NS …
2026-04-27 05:51:42,153  INFO      [43/107] fetching DRREDDY.NS …
2026-04-27 05:51:42,719  INFO      [44/107] fetching CIPLA.NS …
2026-04-27 05:51:42,719  INFO      [44/107] fetching CIPLA.NS …
2026-04-27 05:51:43,310  INFO      [45/107] fetching DIVISLAB.NS …
2026-04-27 05:51:43,310  INFO      [45/107] fetching DIVISLAB.NS …
2026-04-27 05:51:43,876  INFO      [46/107] fetching EICHERMOT.NS …
2026-04-27 05:51:43,876  INFO      [46/107] fetching EICHERMOT.NS …
2026-04-27 05:51:44,375  INFO      [47/107] fetching BRITANNIA.NS …
2026-04-27 05:51:44,375  INFO      [47/107] fetching BRITANNIA.NS …
2026-04-27 05:51:44,970  INFO      [48/107] fetching HEROMOTOCO.NS …
2026-04-27 05:51:44,970  INFO      [48/107] fetching HEROMOTOCO.NS …
2026-04-27 05:51:45,505  INFO      [49/107] fetching BAJAJ-AUTO.NS …
2026-04-27 05:51:45,505  INFO      [49/107] fetching BAJAJ-AUTO.NS …
2026-04-27 05:51:46,034  INFO      [50/107] fetching INDUSINDBK.NS …
2026-04-27 05:51:46,034  INFO      [50/107] fetching INDUSINDBK.NS …
2026-04-27 05:51:46,528  INFO      [51/107] fetching APOLLOHOSP.NS …
2026-04-27 05:51:46,528  INFO      [51/107] fetching APOLLOHOSP.NS …
2026-04-27 05:51:47,086  INFO      [52/107] fetching TATACONSUM.NS …
2026-04-27 05:51:47,086  INFO      [52/107] fetching TATACONSUM.NS …
2026-04-27 05:51:47,627  INFO      [53/107] fetching UPL.NS …
2026-04-27 05:51:47,627  INFO      [53/107] fetching UPL.NS …
2026-04-27 05:51:48,119  INFO      [54/107] fetching BPCL.NS …
2026-04-27 05:51:48,119  INFO      [54/107] fetching BPCL.NS …
2026-04-27 05:51:48,661  INFO      [55/107] fetching SBILIFE.NS …
2026-04-27 05:51:48,661  INFO      [55/107] fetching SBILIFE.NS …
2026-04-27 05:51:49,180  INFO      [56/107] fetching HDFCLIFE.NS …
2026-04-27 05:51:49,180  INFO      [56/107] fetching HDFCLIFE.NS …
2026-04-27 05:51:49,662  INFO      [57/107] fetching ADANIPORTS.NS …
2026-04-27 05:51:49,662  INFO      [57/107] fetching ADANIPORTS.NS …
2026-04-27 05:51:50,179  INFO      [58/107] fetching LTIM.NS …
2026-04-27 05:51:50,179  INFO      [58/107] fetching LTIM.NS …
2026-04-27 05:51:50,666  INFO      [59/107] fetching ABB.NS …
2026-04-27 05:51:50,666  INFO      [59/107] fetching ABB.NS …
2026-04-27 05:51:51,229  INFO      [60/107] fetching ADANIGREEN.NS …
2026-04-27 05:51:51,229  INFO      [60/107] fetching ADANIGREEN.NS …
2026-04-27 05:51:51,790  INFO      [61/107] fetching ADANIPOWER.NS …
2026-04-27 05:51:51,790  INFO      [61/107] fetching ADANIPOWER.NS …
2026-04-27 05:51:52,397  INFO      [62/107] fetching AMBUJACEM.NS …
2026-04-27 05:51:52,397  INFO      [62/107] fetching AMBUJACEM.NS …
2026-04-27 05:51:52,965  INFO      [63/107] fetching DMART.NS …
2026-04-27 05:51:52,965  INFO      [63/107] fetching DMART.NS …
2026-04-27 05:51:53,502  INFO      [64/107] fetching BAJAJHLDNG.NS …
2026-04-27 05:51:53,502  INFO      [64/107] fetching BAJAJHLDNG.NS …
2026-04-27 05:51:54,008  INFO      [65/107] fetching BANKBARODA.NS …
2026-04-27 05:51:54,008  INFO      [65/107] fetching BANKBARODA.NS …
2026-04-27 05:51:54,502  INFO      [66/107] fetching BERGEPAINT.NS …
2026-04-27 05:51:54,502  INFO      [66/107] fetching BERGEPAINT.NS …
2026-04-27 05:51:55,003  INFO      [67/107] fetching BOSCHLTD.NS …
2026-04-27 05:51:55,003  INFO      [67/107] fetching BOSCHLTD.NS …
2026-04-27 05:51:55,499  INFO      [68/107] fetching CANBK.NS …
2026-04-27 05:51:55,499  INFO      [68/107] fetching CANBK.NS …
2026-04-27 05:51:56,003  INFO      [69/107] fetching CHOLAFIN.NS …
2026-04-27 05:51:56,003  INFO      [69/107] fetching CHOLAFIN.NS …
2026-04-27 05:51:56,529  INFO      [70/107] fetching COLPAL.NS …
2026-04-27 05:51:56,529  INFO      [70/107] fetching COLPAL.NS …
2026-04-27 05:51:57,024  INFO      [71/107] fetching DABUR.NS …
2026-04-27 05:51:57,024  INFO      [71/107] fetching DABUR.NS …
2026-04-27 05:51:57,527  INFO      [72/107] fetching DLF.NS …
2026-04-27 05:51:57,527  INFO      [72/107] fetching DLF.NS …
2026-04-27 05:51:58,027  INFO      [73/107] fetching GAIL.NS …
2026-04-27 05:51:58,027  INFO      [73/107] fetching GAIL.NS …
2026-04-27 05:51:58,539  INFO      [74/107] fetching GODREJCP.NS …
2026-04-27 05:51:58,539  INFO      [74/107] fetching GODREJCP.NS …
2026-04-27 05:51:59,049  INFO      [75/107] fetching HAVELLS.NS …
2026-04-27 05:51:59,049  INFO      [75/107] fetching HAVELLS.NS …
2026-04-27 05:51:59,557  INFO      [76/107] fetching HAL.NS …
2026-04-27 05:51:59,557  INFO      [76/107] fetching HAL.NS …
2026-04-27 05:52:00,126  INFO      [77/107] fetching ICICIGI.NS …
2026-04-27 05:52:00,126  INFO      [77/107] fetching ICICIGI.NS …
2026-04-27 05:52:00,607  INFO      [78/107] fetching ICICIPRULI.NS …
2026-04-27 05:52:00,607  INFO      [78/107] fetching ICICIPRULI.NS …
2026-04-27 05:52:01,150  INFO      [79/107] fetching IOC.NS …
2026-04-27 05:52:01,150  INFO      [79/107] fetching IOC.NS …
2026-04-27 05:52:01,697  INFO      [80/107] fetching IRCTC.NS …
2026-04-27 05:52:01,697  INFO      [80/107] fetching IRCTC.NS …
2026-04-27 05:52:02,244  INFO      [81/107] fetching JINDALSTEL.NS …
2026-04-27 05:52:02,244  INFO      [81/107] fetching JINDALSTEL.NS …
2026-04-27 05:52:02,819  INFO      [82/107] fetching LICI.NS …
2026-04-27 05:52:02,819  INFO      [82/107] fetching LICI.NS …
2026-04-27 05:52:03,356  INFO      [83/107] fetching MARICO.NS …
2026-04-27 05:52:03,356  INFO      [83/107] fetching MARICO.NS …
2026-04-27 05:52:03,920  INFO      [84/107] fetching MOTHERSON.NS …
2026-04-27 05:52:03,920  INFO      [84/107] fetching MOTHERSON.NS …
2026-04-27 05:52:04,509  INFO      [85/107] fetching NAUKRI.NS …
2026-04-27 05:52:04,509  INFO      [85/107] fetching NAUKRI.NS …
2026-04-27 05:52:05,048  INFO      [86/107] fetching PIDILITIND.NS …
2026-04-27 05:52:05,048  INFO      [86/107] fetching PIDILITIND.NS …
2026-04-27 05:52:05,593  INFO      [87/107] fetching PNB.NS …
2026-04-27 05:52:05,593  INFO      [87/107] fetching PNB.NS …
2026-04-27 05:52:06,149  INFO      [88/107] fetching PFC.NS …
2026-04-27 05:52:06,149  INFO      [88/107] fetching PFC.NS …
2026-04-27 05:52:06,639  INFO      [89/107] fetching RECLTD.NS …
2026-04-27 05:52:06,639  INFO      [89/107] fetching RECLTD.NS …
2026-04-27 05:52:07,132  INFO      [90/107] fetching SIEMENS.NS …
2026-04-27 05:52:07,132  INFO      [90/107] fetching SIEMENS.NS …
2026-04-27 05:52:07,694  INFO      [91/107] fetching SRF.NS …
2026-04-27 05:52:07,694  INFO      [91/107] fetching SRF.NS …
2026-04-27 05:52:08,199  INFO      [92/107] fetching SHREECEM.NS …
2026-04-27 05:52:08,199  INFO      [92/107] fetching SHREECEM.NS …
2026-04-27 05:52:08,742  INFO      [93/107] fetching SHRIRAMFIN.NS …
2026-04-27 05:52:08,742  INFO      [93/107] fetching SHRIRAMFIN.NS …
2026-04-27 05:52:09,305  INFO      [94/107] fetching TORNTPHARM.NS …
2026-04-27 05:52:09,305  INFO      [94/107] fetching TORNTPHARM.NS …
2026-04-27 05:52:09,840  INFO      [95/107] fetching TRENT.NS …
2026-04-27 05:52:09,840  INFO      [95/107] fetching TRENT.NS …
2026-04-27 05:52:10,346  INFO      [96/107] fetching TVSMOTOR.NS …
2026-04-27 05:52:10,346  INFO      [96/107] fetching TVSMOTOR.NS …
2026-04-27 05:52:10,897  INFO      [97/107] fetching VEDL.NS …
2026-04-27 05:52:10,897  INFO      [97/107] fetching VEDL.NS …
2026-04-27 05:52:11,461  INFO      [98/107] fetching VBL.NS …
2026-04-27 05:52:11,461  INFO      [98/107] fetching VBL.NS …
2026-04-27 05:52:11,976  INFO      [99/107] fetching ZOMATO.NS …
2026-04-27 05:52:11,976  INFO      [99/107] fetching ZOMATO.NS …
2026-04-27 05:52:13,231  WARNING   [ZOMATO.NS] insufficient history (0 rows)
2026-04-27 05:52:13,231  WARNING   [ZOMATO.NS] insufficient history (0 rows)
2026-04-27 05:52:13,631  INFO      [100/107] fetching ZYDUSLIFE.NS …
2026-04-27 05:52:13,631  INFO      [100/107] fetching ZYDUSLIFE.NS …
2026-04-27 05:52:14,233  INFO      [101/107] fetching INDIGO.NS …
2026-04-27 05:52:14,233  INFO      [101/107] fetching INDIGO.NS …
2026-04-27 05:52:14,792  INFO      [102/107] fetching IDEA.NS …
2026-04-27 05:52:14,792  INFO      [102/107] fetching IDEA.NS …
2026-04-27 05:52:15,267  INFO      [103/107] fetching BANKINDIA.NS …
2026-04-27 05:52:15,267  INFO      [103/107] fetching BANKINDIA.NS …
2026-04-27 05:52:15,777  INFO      [104/107] fetching PAGEIND.NS …
2026-04-27 05:52:15,777  INFO      [104/107] fetching PAGEIND.NS …
2026-04-27 05:52:16,328  INFO      [105/107] fetching MUTHOOTFIN.NS …
2026-04-27 05:52:16,328  INFO      [105/107] fetching MUTHOOTFIN.NS …
2026-04-27 05:52:16,879  INFO      [106/107] fetching TATAELXSI.NS …
2026-04-27 05:52:16,879  INFO      [106/107] fetching TATAELXSI.NS …
2026-04-27 05:52:17,403  INFO      [107/107] fetching LUPIN.NS …
2026-04-27 05:52:17,403  INFO      [107/107] fetching LUPIN.NS …
2026-04-27 05:52:17,541  INFO      Fetched 105/107 symbols successfully.
2026-04-27 05:52:17,541  INFO      Fetched 105/107 symbols successfully.
2026-04-27 05:52:22,670  INFO      Fetched 200 headlines from RSS (Indian + global/geopolitics).
2026-04-27 05:52:22,670  INFO      Fetched 200 headlines from RSS (Indian + global/geopolitics).
2026-04-27 05:52:25,207  INFO      Macro regime: neutral | bias=-1 | geo-risk=58.6
2026-04-27 05:52:25,207  INFO      Macro regime: neutral | bias=-1 | geo-risk=58.6
2026-04-27 05:52:25,445  INFO      NSE corp announcements: 20 filings
2026-04-27 05:52:25,445  INFO      NSE corp announcements: 20 filings
2026-04-27 05:52:26,992  INFO      Angel One login successful.
2026-04-27 05:52:26,992  INFO      Angel One login successful.
2026-04-27 05:52:28,121  INFO      Saved report → data/stock_reports/2026-04-27_0552.json
2026-04-27 05:52:28,121  INFO      Saved report → data/stock_reports/2026-04-27_0552.json
2026-04-27 05:52:28,641  INFO      Report image saved → data/stock_report.png  [1920×1280]
2026-04-27 05:52:28,641  INFO      Report image saved → data/stock_report.png  [1920×1280]
2026-04-27 05:52:28,642  INFO      Dry-run: skipping send. Image + PDF saved locally; console printed.
2026-04-27 05:52:28,642  INFO      Dry-run: skipping send. Image + PDF saved locally; console printed.
2026-04-27 05:52:28,642  INFO      == Stock analyzer run complete ==
2026-04-27 05:52:28,642  INFO      == Stock analyzer run complete ==
2026-04-27 05:52:28,646  INFO      📝 PAPER TRADING — virtual cash ₹100,000, max_positions=5 max_pct=10% buckets=('intraday', 'swing') state=data/paper_trader_state.json
2026-04-27 05:52:28,646  INFO      📝 PAPER TRADING — virtual cash ₹100,000, max_positions=5 max_pct=10% buckets=('intraday', 'swing') state=data/paper_trader_state.json
2026-04-27 05:52:28,646  INFO      📝 PAPER TRADING — virtual cash ₹100,000, max_positions=5 max_pct=10% buckets=('intraday', 'swing') state=data/paper_trader_state.json
2026-04-27 05:52:41,929  INFO      [DRY] Angel order would be: {'variety': 'NORMAL', 'tradingsymbol': 'SUNPHARMA-EQ', 'symboltoken': '3351', 'transactiontype': 'BUY', 'exchange': 'NSE', 'ordertype': 'MARKET', 'producttype': 'INTRADAY', 'duration': 'DAY', 'price': '0', 'squareoff': '0', 'stoploss': '0', 'quantity': '5'}
2026-04-27 05:52:41,929  INFO      [DRY] Angel order would be: {'variety': 'NORMAL', 'tradingsymbol': 'SUNPHARMA-EQ', 'symboltoken': '3351', 'transactiontype': 'BUY', 'exchange': 'NSE', 'ordertype': 'MARKET', 'producttype': 'INTRADAY', 'duration': 'DAY', 'price': '0', 'squareoff': '0', 'stoploss': '0', 'quantity': '5'}
2026-04-27 05:52:41,930  INFO      ✅ [DRY] OPEN SUNPHARMA.NS qty=5 @ ₹1728.50 SL₹1703.44 TGT₹1725.54 (order=None)
2026-04-27 05:52:41,930  INFO      ✅ [DRY] OPEN SUNPHARMA.NS qty=5 @ ₹1728.50 SL₹1703.44 TGT₹1725.54 (order=None)
2026-04-27 05:52:41,930  INFO      [DRY] Angel order would be: {'variety': 'NORMAL', 'tradingsymbol': 'INDUSINDBK-EQ', 'symboltoken': '5258', 'transactiontype': 'BUY', 'exchange': 'NSE', 'ordertype': 'MARKET', 'producttype': 'INTRADAY', 'duration': 'DAY', 'price': '0', 'squareoff': '0', 'stoploss': '0', 'quantity': '10'}
2026-04-27 05:52:41,930  INFO      [DRY] Angel order would be: {'variety': 'NORMAL', 'tradingsymbol': 'INDUSINDBK-EQ', 'symboltoken': '5258', 'transactiontype': 'BUY', 'exchange': 'NSE', 'ordertype': 'MARKET', 'producttype': 'INTRADAY', 'duration': 'DAY', 'price': '0', 'squareoff': '0', 'stoploss': '0', 'quantity': '10'}
2026-04-27 05:52:41,930  INFO      ✅ [DRY] OPEN INDUSINDBK.NS qty=10 @ ₹876.90 SL₹849.74 TGT₹919.64 (order=None)
2026-04-27 05:52:41,930  INFO      ✅ [DRY] OPEN INDUSINDBK.NS qty=10 @ ₹876.90 SL₹849.74 TGT₹919.64 (order=None)
2026-04-27 05:52:41,930  INFO      [DRY] Angel order would be: {'variety': 'NORMAL', 'tradingsymbol': 'ADANIPORTS-EQ', 'symboltoken': '15083', 'transactiontype': 'BUY', 'exchange': 'NSE', 'ordertype': 'MARKET', 'producttype': 'INTRADAY', 'duration': 'DAY', 'price': '0', 'squareoff': '0', 'stoploss': '0', 'quantity': '5'}
2026-04-27 05:52:41,930  INFO      [DRY] Angel order would be: {'variety': 'NORMAL', 'tradingsymbol': 'ADANIPORTS-EQ', 'symboltoken': '15083', 'transactiontype': 'BUY', 'exchange': 'NSE', 'ordertype': 'MARKET', 'producttype': 'INTRADAY', 'duration': 'DAY', 'price': '0', 'squareoff': '0', 'stoploss': '0', 'quantity': '5'}
2026-04-27 05:52:41,930  INFO      ✅ [DRY] OPEN ADANIPORTS.NS qty=5 @ ₹1645.60 SL₹1597.45 TGT₹1717.33 (order=None)
2026-04-27 05:52:41,930  INFO      ✅ [DRY] OPEN ADANIPORTS.NS qty=5 @ ₹1645.60 SL₹1597.45 TGT₹1717.33 (order=None)
2026-04-27 05:52:41,930  INFO      [DRY] Angel order would be: {'variety': 'NORMAL', 'tradingsymbol': 'HAVELLS-EQ', 'symboltoken': '9819', 'transactiontype': 'BUY', 'exchange': 'NSE', 'ordertype': 'MARKET', 'producttype': 'INTRADAY', 'duration': 'DAY', 'price': '0', 'squareoff': '0', 'stoploss': '0', 'quantity': '5'}
2026-04-27 05:52:41,930  INFO      [DRY] Angel order would be: {'variety': 'NORMAL', 'tradingsymbol': 'HAVELLS-EQ', 'symboltoken': '9819', 'transactiontype': 'BUY', 'exchange': 'NSE', 'ordertype': 'MARKET', 'producttype': 'INTRADAY', 'duration': 'DAY', 'price': '0', 'squareoff': '0', 'stoploss': '0', 'quantity': '5'}
2026-04-27 05:52:41,930  INFO      ✅ [DRY] OPEN HAVELLS.NS qty=5 @ ₹1274.70 SL₹1266.63 TGT₹1342.96 (order=None)
2026-04-27 05:52:41,930  INFO      ✅ [DRY] OPEN HAVELLS.NS qty=5 @ ₹1274.70 SL₹1266.63 TGT₹1342.96 (order=None)
2026-04-27 05:52:41,930  INFO      [DRY] Angel order would be: {'variety': 'NORMAL', 'tradingsymbol': 'ZYDUSLIFE-EQ', 'symboltoken': '7929', 'transactiontype': 'BUY', 'exchange': 'NSE', 'ordertype': 'MARKET', 'producttype': 'INTRADAY', 'duration': 'DAY', 'price': '0', 'squareoff': '0', 'stoploss': '0', 'quantity': '7'}
2026-04-27 05:52:41,930  INFO      [DRY] Angel order would be: {'variety': 'NORMAL', 'tradingsymbol': 'ZYDUSLIFE-EQ', 'symboltoken': '7929', 'transactiontype': 'BUY', 'exchange': 'NSE', 'ordertype': 'MARKET', 'producttype': 'INTRADAY', 'duration': 'DAY', 'price': '0', 'squareoff': '0', 'stoploss': '0', 'quantity': '7'}
2026-04-27 05:52:41,931  INFO      ✅ [DRY] OPEN ZYDUSLIFE.NS qty=7 @ ₹945.45 SL₹923.03 TGT₹945.65 (order=None)
2026-04-27 05:52:41,931  INFO      ✅ [DRY] OPEN ZYDUSLIFE.NS qty=7 @ ₹945.45 SL₹923.03 TGT₹945.65 (order=None)
2026-04-27 05:52:41,931  INFO      tick result: {'ok': True, 'actions': 5, 'open_trades': 5, 'closed_today': 0, 'realised_pnl': 0.0, 'cumulative_pnl': 0.0, 'halted': False, 'messages': ['✅ [DRY] OPEN SUNPHARMA.NS qty=5 @ ₹1728.50 SL₹1703.44 TGT₹1725.54 (order=None)', '✅ [DRY] OPEN INDUSINDBK.NS qty=10 @ ₹876.90 SL₹849.74 TGT₹919.64 (order=None)', '✅ [DRY] OPEN ADANIPORTS.NS qty=5 @ ₹1645.60 SL₹1597.45 TGT₹1717.33 (order=None)', '✅ [DRY] OPEN HAVELLS.NS qty=5 @ ₹1274.70 SL₹1266.63 TGT₹1342.96 (order=None)', '✅ [DRY] OPEN ZYDUSLIFE.NS qty=7 @ ₹945.45 SL₹923.03 TGT₹945.65 (order=None)']}
2026-04-27 05:52:41,931  INFO      tick result: {'ok': True, 'actions': 5, 'open_trades': 5, 'closed_today': 0, 'realised_pnl': 0.0, 'cumulative_pnl': 0.0, 'halted': False, 'messages': ['✅ [DRY] OPEN SUNPHARMA.NS qty=5 @ ₹1728.50 SL₹1703.44 TGT₹1725.54 (order=None)', '✅ [DRY] OPEN INDUSINDBK.NS qty=10 @ ₹876.90 SL₹849.74 TGT₹919.64 (order=None)', '✅ [DRY] OPEN ADANIPORTS.NS qty=5 @ ₹1645.60 SL₹1597.45 TGT₹1717.33 (order=None)', '✅ [DRY] OPEN HAVELLS.NS qty=5 @ ₹1274.70 SL₹1266.63 TGT₹1342.96 (order=None)', '✅ [DRY] OPEN ZYDUSLIFE.NS qty=7 @ ₹945.45 SL₹923.03 TGT₹945.65 (order=None)']}
2026-04-27 05:52:41,931  INFO      tick result: {'ok': True, 'actions': 5, 'open_trades': 5, 'closed_today': 0, 'realised_pnl': 0.0, 'cumulative_pnl': 0.0, 'halted': False, 'messages': ['✅ [DRY] OPEN SUNPHARMA.NS qty=5 @ ₹1728.50 SL₹1703.44 TGT₹1725.54 (order=None)', '✅ [DRY] OPEN INDUSINDBK.NS qty=10 @ ₹876.90 SL₹849.74 TGT₹919.64 (order=None)', '✅ [DRY] OPEN ADANIPORTS.NS qty=5 @ ₹1645.60 SL₹1597.45 TGT₹1717.33 (order=None)', '✅ [DRY] OPEN HAVELLS.NS qty=5 @ ₹1274.70 SL₹1266.63 TGT₹1342.96 (order=None)', '✅ [DRY] OPEN ZYDUSLIFE.NS qty=7 @ ₹945.45 SL₹923.03 TGT₹945.65 (order=None)']}
